	.text
	.syntax unified
	.eabi_attribute	67, "2.09"	@ Tag_conformance
	.cpu	cortex-m7
	.eabi_attribute	6, 13	@ Tag_CPU_arch
	.eabi_attribute	7, 77	@ Tag_CPU_arch_profile
	.eabi_attribute	8, 0	@ Tag_ARM_ISA_use
	.eabi_attribute	9, 2	@ Tag_THUMB_ISA_use
	.fpu	fpv5-d16
	.eabi_attribute	36, 1	@ Tag_FP_HP_extension
	.eabi_attribute	34, 1	@ Tag_CPU_unaligned_access
	.eabi_attribute	17, 1	@ Tag_ABI_PCS_GOT_use
	.eabi_attribute	20, 2	@ Tag_ABI_FP_denormal
	.eabi_attribute	21, 0	@ Tag_ABI_FP_exceptions
	.eabi_attribute	23, 1	@ Tag_ABI_FP_number_model
	.eabi_attribute	24, 1	@ Tag_ABI_align_needed
	.eabi_attribute	25, 1	@ Tag_ABI_align_preserved
	.eabi_attribute	28, 1	@ Tag_ABI_VFP_args
	.eabi_attribute	38, 1	@ Tag_ABI_FP_16bit_format
	.eabi_attribute	18, 2	@ Tag_ABI_PCS_wchar_t
	.eabi_attribute	26, 1	@ Tag_ABI_enum_size
	.eabi_attribute	14, 0	@ Tag_ABI_PCS_R9_use
	.file	"Bmi088.c"
	.file	1 "D:\\stm32_project\\daily_work\\new_bubing\\cod_update_2.0\\COD_H7_Template\\MDK-ARM" "../Device/Inc\\Bmi088.h"
	.file	2 "D:\\keil5_app\\Keil_v5\\ARM\\ARMCLANG\\bin\\..\\include" "stdint.h"
	.file	3 "D:\\stm32_project\\daily_work\\new_bubing\\cod_update_2.0\\COD_H7_Template\\MDK-ARM" "../Device/Src/Bmi088.c"
	.section	.text.BMI088_Init,"ax",%progbits
	.hidden	BMI088_Init                     @ -- Begin function BMI088_Init
	.globl	BMI088_Init
	.p2align	3
	.type	BMI088_Init,%function
	.code	16                              @ @BMI088_Init
	.thumb_func
BMI088_Init:
.Lfunc_begin0:
	.loc	3 270 0                         @ ../Device/Src/Bmi088.c:270:0
	.fnstart
	.cfi_sections .debug_frame
	.cfi_startproc
@ %bb.0:
	.save	{r7, lr}
	push	{r7, lr}
	.cfi_def_cfa_offset 8
	.cfi_offset lr, -4
	.cfi_offset r7, -8
	.pad	#8
	sub	sp, #8
	.cfi_def_cfa_offset 16
	movs	r0, #0
.Ltmp0:
	.loc	3 271 19 prologue_end           @ ../Device/Src/Bmi088.c:271:19
	strb.w	r0, [sp, #7]
	.loc	3 275 2                         @ ../Device/Src/Bmi088.c:275:2
	b	.LBB0_1
.LBB0_1:                                @ =>This Inner Loop Header: Depth=1
.Ltmp1:
	.loc	3 276 15                        @ ../Device/Src/Bmi088.c:276:15
	bl	BMI088_Accel_Init
	mov	r1, r0
	.loc	3 276 12 is_stmt 0              @ ../Device/Src/Bmi088.c:276:12
	ldrb.w	r0, [sp, #7]
	orrs	r0, r1
	strb.w	r0, [sp, #7]
	.loc	3 278 15 is_stmt 1              @ ../Device/Src/Bmi088.c:278:15
	bl	BMI088_Gyro_Init
	mov	r1, r0
	.loc	3 278 12 is_stmt 0              @ ../Device/Src/Bmi088.c:278:12
	ldrb.w	r0, [sp, #7]
	orrs	r0, r1
	strb.w	r0, [sp, #7]
	movs	r0, #2
	.loc	3 280 5 is_stmt 1               @ ../Device/Src/Bmi088.c:280:5
	bl	Delay_ms
	.loc	3 282 2                         @ ../Device/Src/Bmi088.c:282:2
	b	.LBB0_2
.Ltmp2:
.LBB0_2:                                @   in Loop: Header=BB0_1 Depth=1
	.loc	3 282 9 is_stmt 0               @ ../Device/Src/Bmi088.c:282:9
	ldrb.w	r0, [sp, #7]
.Ltmp3:
	.loc	3 282 2                         @ ../Device/Src/Bmi088.c:282:2
	cmp	r0, #0
	bne	.LBB0_1
	b	.LBB0_3
.Ltmp4:
.LBB0_3:
	.loc	3 284 2 is_stmt 1               @ ../Device/Src/Bmi088.c:284:2
	movw	r0, :lower16:BMI088_Info
	movt	r0, :upper16:BMI088_Info
	bl	BMI088_Offset_Update
	.loc	3 286 1 epilogue_begin          @ ../Device/Src/Bmi088.c:286:1
	add	sp, #8
	pop	{r7, pc}
.Ltmp5:
.Lfunc_end0:
	.size	BMI088_Init, .Lfunc_end0-BMI088_Init
	.cfi_endproc
	.cantunwind
	.fnend
                                        @ -- End function
	.section	.text.BMI088_Accel_Init,"ax",%progbits
	.p2align	3                               @ -- Begin function BMI088_Accel_Init
	.type	BMI088_Accel_Init,%function
	.code	16                              @ @BMI088_Accel_Init
	.thumb_func
BMI088_Accel_Init:
.Lfunc_begin1:
	.loc	3 108 0                         @ ../Device/Src/Bmi088.c:108:0
	.fnstart
	.cfi_startproc
@ %bb.0:
	.save	{r7, lr}
	push	{r7, lr}
	.cfi_def_cfa_offset 8
	.cfi_offset lr, -4
	.cfi_offset r7, -8
	.pad	#32
	sub	sp, #32
	.cfi_def_cfa_offset 40
	movs	r0, #0
.Ltmp6:
	.loc	3 110 13 prologue_end           @ ../Device/Src/Bmi088.c:110:13
	strb.w	r0, [sp, #30]
.Ltmp7:
	.loc	3 114 4                         @ ../Device/Src/Bmi088.c:114:4
	bl	BMI088_ACCEL_NS_L
	movs	r0, #128
	str	r0, [sp, #16]                   @ 4-byte Spill
	bl	BMI088_Read_Write_Byte
	movs	r0, #85
	str	r0, [sp, #20]                   @ 4-byte Spill
	bl	BMI088_Read_Write_Byte
                                        @ kill: def $r1 killed $r0
	ldr	r0, [sp, #20]                   @ 4-byte Reload
	bl	BMI088_Read_Write_Byte
	strb.w	r0, [sp, #30]
	bl	BMI088_ACCEL_NS_H
	movs	r0, #150
.Ltmp8:
	.loc	3 116 5                         @ ../Device/Src/Bmi088.c:116:5
	str	r0, [sp, #24]                   @ 4-byte Spill
	bl	Delay_us
.Ltmp9:
	.loc	3 118 5                         @ ../Device/Src/Bmi088.c:118:5
	bl	BMI088_ACCEL_NS_L
	ldr	r0, [sp, #16]                   @ 4-byte Reload
	bl	BMI088_Read_Write_Byte
                                        @ kill: def $r1 killed $r0
	ldr	r0, [sp, #20]                   @ 4-byte Reload
	bl	BMI088_Read_Write_Byte
                                        @ kill: def $r1 killed $r0
	ldr	r0, [sp, #20]                   @ 4-byte Reload
	bl	BMI088_Read_Write_Byte
	strb.w	r0, [sp, #30]
	bl	BMI088_ACCEL_NS_H
	ldr	r0, [sp, #24]                   @ 4-byte Reload
.Ltmp10:
	.loc	3 120 5                         @ ../Device/Src/Bmi088.c:120:5
	bl	Delay_us
.Ltmp11:
	.loc	3 124 5                         @ ../Device/Src/Bmi088.c:124:5
	bl	BMI088_ACCEL_NS_L
	movs	r0, #126
	movs	r1, #182
	bl	BMI088_Write_Single_Reg
	bl	BMI088_ACCEL_NS_H
	movs	r0, #80
.Ltmp12:
	.loc	3 126 5                         @ ../Device/Src/Bmi088.c:126:5
	bl	Delay_ms
.Ltmp13:
	.loc	3 129 5                         @ ../Device/Src/Bmi088.c:129:5
	bl	BMI088_ACCEL_NS_L
	ldr	r0, [sp, #16]                   @ 4-byte Reload
	bl	BMI088_Read_Write_Byte
                                        @ kill: def $r1 killed $r0
	ldr	r0, [sp, #20]                   @ 4-byte Reload
	bl	BMI088_Read_Write_Byte
                                        @ kill: def $r1 killed $r0
	ldr	r0, [sp, #20]                   @ 4-byte Reload
	bl	BMI088_Read_Write_Byte
	strb.w	r0, [sp, #30]
	bl	BMI088_ACCEL_NS_H
	ldr	r0, [sp, #24]                   @ 4-byte Reload
.Ltmp14:
	.loc	3 130 5                         @ ../Device/Src/Bmi088.c:130:5
	bl	Delay_us
.Ltmp15:
	.loc	3 131 5                         @ ../Device/Src/Bmi088.c:131:5
	bl	BMI088_ACCEL_NS_L
	ldr	r0, [sp, #16]                   @ 4-byte Reload
	bl	BMI088_Read_Write_Byte
                                        @ kill: def $r1 killed $r0
	ldr	r0, [sp, #20]                   @ 4-byte Reload
	bl	BMI088_Read_Write_Byte
                                        @ kill: def $r1 killed $r0
	ldr	r0, [sp, #20]                   @ 4-byte Reload
	bl	BMI088_Read_Write_Byte
	strb.w	r0, [sp, #30]
	bl	BMI088_ACCEL_NS_H
	ldr	r0, [sp, #24]                   @ 4-byte Reload
.Ltmp16:
	.loc	3 132 5                         @ ../Device/Src/Bmi088.c:132:5
	bl	Delay_us
.Ltmp17:
	.loc	3 135 9                         @ ../Device/Src/Bmi088.c:135:9
	ldrb.w	r0, [sp, #30]
.Ltmp18:
	.loc	3 135 9 is_stmt 0               @ ../Device/Src/Bmi088.c:135:9
	cmp	r0, #30
	beq	.LBB1_2
	b	.LBB1_1
.LBB1_1:
	.loc	3 0 9                           @ ../Device/Src/Bmi088.c:0:9
	movs	r0, #255
.Ltmp19:
	.loc	3 137 9 is_stmt 1               @ ../Device/Src/Bmi088.c:137:9
	strb.w	r0, [sp, #31]
	b	.LBB1_9
.Ltmp20:
.LBB1_2:
	.loc	3 0 9 is_stmt 0                 @ ../Device/Src/Bmi088.c:0:9
	movs	r0, #0
.Ltmp21:
	.loc	3 141 18 is_stmt 1              @ ../Device/Src/Bmi088.c:141:18
	strb.w	r0, [sp, #29]
	.loc	3 141 10 is_stmt 0              @ ../Device/Src/Bmi088.c:141:10
	b	.LBB1_3
.LBB1_3:                                @ =>This Inner Loop Header: Depth=1
.Ltmp22:
	.loc	3 141 37                        @ ../Device/Src/Bmi088.c:141:37
	ldrb.w	r0, [sp, #29]
.Ltmp23:
	.loc	3 141 5                         @ ../Device/Src/Bmi088.c:141:5
	cmp	r0, #5
	bgt	.LBB1_8
	b	.LBB1_4
.LBB1_4:                                @   in Loop: Header=BB1_3 Depth=1
.Ltmp24:
	.loc	3 144 9 is_stmt 1               @ ../Device/Src/Bmi088.c:144:9
	bl	BMI088_ACCEL_NS_L
	ldrb.w	r0, [sp, #29]
	add.w	r2, r0, r0, lsl #1
	movw	r0, :lower16:Accel_Register_ConfigurationData_ErrorStatus
	movt	r0, :upper16:Accel_Register_ConfigurationData_ErrorStatus
	str	r0, [sp, #12]                   @ 4-byte Spill
	adds	r1, r0, r2
	ldrb	r0, [r0, r2]
	ldrb	r1, [r1, #1]
	bl	BMI088_Write_Single_Reg
	bl	BMI088_ACCEL_NS_H
	movs	r0, #150
.Ltmp25:
	.loc	3 146 9                         @ ../Device/Src/Bmi088.c:146:9
	str	r0, [sp, #8]                    @ 4-byte Spill
	bl	Delay_us
.Ltmp26:
	.loc	3 149 9                         @ ../Device/Src/Bmi088.c:149:9
	bl	BMI088_ACCEL_NS_L
	ldr	r0, [sp, #12]                   @ 4-byte Reload
	ldrb.w	r1, [sp, #29]
	add.w	r1, r1, r1, lsl #1
	ldrb	r0, [r0, r1]
	orr	r0, r0, #128
	bl	BMI088_Read_Write_Byte
	movs	r0, #85
	str	r0, [sp, #4]                    @ 4-byte Spill
	bl	BMI088_Read_Write_Byte
                                        @ kill: def $r1 killed $r0
	ldr	r0, [sp, #4]                    @ 4-byte Reload
	bl	BMI088_Read_Write_Byte
	strb.w	r0, [sp, #30]
	bl	BMI088_ACCEL_NS_H
	ldr	r0, [sp, #8]                    @ 4-byte Reload
.Ltmp27:
	.loc	3 151 9                         @ ../Device/Src/Bmi088.c:151:9
	bl	Delay_us
	ldr	r1, [sp, #12]                   @ 4-byte Reload
.Ltmp28:
	.loc	3 154 13                        @ ../Device/Src/Bmi088.c:154:13
	ldrb.w	r0, [sp, #30]
	.loc	3 154 65 is_stmt 0              @ ../Device/Src/Bmi088.c:154:65
	ldrb.w	r2, [sp, #29]
	.loc	3 154 20                        @ ../Device/Src/Bmi088.c:154:20
	add.w	r2, r2, r2, lsl #1
	add	r1, r2
	ldrb	r1, [r1, #1]
.Ltmp29:
	.loc	3 154 13                        @ ../Device/Src/Bmi088.c:154:13
	cmp	r0, r1
	beq	.LBB1_6
	b	.LBB1_5
.LBB1_5:
.Ltmp30:
	.loc	3 156 82 is_stmt 1              @ ../Device/Src/Bmi088.c:156:82
	ldrb.w	r0, [sp, #29]
	.loc	3 156 37 is_stmt 0              @ ../Device/Src/Bmi088.c:156:37
	add.w	r1, r0, r0, lsl #1
	movw	r0, :lower16:Accel_Register_ConfigurationData_ErrorStatus
	movt	r0, :upper16:Accel_Register_ConfigurationData_ErrorStatus
	add	r0, r1
	ldrb	r0, [r0, #2]
	.loc	3 156 13                        @ ../Device/Src/Bmi088.c:156:13
	strb.w	r0, [sp, #31]
	b	.LBB1_9
.Ltmp31:
.LBB1_6:                                @   in Loop: Header=BB1_3 Depth=1
	.loc	3 158 5 is_stmt 1               @ ../Device/Src/Bmi088.c:158:5
	b	.LBB1_7
.Ltmp32:
.LBB1_7:                                @   in Loop: Header=BB1_3 Depth=1
	.loc	3 141 94                        @ ../Device/Src/Bmi088.c:141:94
	ldrb.w	r0, [sp, #29]
	adds	r0, #1
	strb.w	r0, [sp, #29]
	.loc	3 141 5 is_stmt 0               @ ../Device/Src/Bmi088.c:141:5
	b	.LBB1_3
.Ltmp33:
.LBB1_8:
	.loc	3 0 5                           @ ../Device/Src/Bmi088.c:0:5
	movs	r0, #0
	.loc	3 161 5 is_stmt 1               @ ../Device/Src/Bmi088.c:161:5
	strb.w	r0, [sp, #31]
	b	.LBB1_9
.LBB1_9:
	.loc	3 162 1                         @ ../Device/Src/Bmi088.c:162:1
	ldrb.w	r0, [sp, #31]
	.loc	3 162 1 epilogue_begin is_stmt 0 @ ../Device/Src/Bmi088.c:162:1
	add	sp, #32
	pop	{r7, pc}
.Ltmp34:
.Lfunc_end1:
	.size	BMI088_Accel_Init, .Lfunc_end1-BMI088_Accel_Init
	.cfi_endproc
	.cantunwind
	.fnend
                                        @ -- End function
	.section	.text.BMI088_Gyro_Init,"ax",%progbits
	.p2align	3                               @ -- Begin function BMI088_Gyro_Init
	.type	BMI088_Gyro_Init,%function
	.code	16                              @ @BMI088_Gyro_Init
	.thumb_func
BMI088_Gyro_Init:
.Lfunc_begin2:
	.loc	3 165 0 is_stmt 1               @ ../Device/Src/Bmi088.c:165:0
	.fnstart
	.cfi_startproc
@ %bb.0:
	.save	{r7, lr}
	push	{r7, lr}
	.cfi_def_cfa_offset 8
	.cfi_offset lr, -4
	.cfi_offset r7, -8
	.pad	#24
	sub	sp, #24
	.cfi_def_cfa_offset 32
	movs	r0, #0
.Ltmp35:
	.loc	3 166 13 prologue_end           @ ../Device/Src/Bmi088.c:166:13
	str	r0, [sp, #8]                    @ 4-byte Spill
	strb.w	r0, [sp, #22]
.Ltmp36:
	.loc	3 170 5                         @ ../Device/Src/Bmi088.c:170:5
	bl	BMI088_GYRO_NS_L
	ldr	r0, [sp, #8]                    @ 4-byte Reload
	add.w	r1, sp, #22
	str	r1, [sp, #12]                   @ 4-byte Spill
	bl	BMI088_Read_Single_Reg
	bl	BMI088_GYRO_NS_H
	movs	r0, #150
.Ltmp37:
	.loc	3 172 5                         @ ../Device/Src/Bmi088.c:172:5
	str	r0, [sp, #16]                   @ 4-byte Spill
	bl	Delay_us
.Ltmp38:
	.loc	3 174 5                         @ ../Device/Src/Bmi088.c:174:5
	bl	BMI088_GYRO_NS_L
	ldr	r0, [sp, #8]                    @ 4-byte Reload
	ldr	r1, [sp, #12]                   @ 4-byte Reload
	bl	BMI088_Read_Single_Reg
	bl	BMI088_GYRO_NS_H
	ldr	r0, [sp, #16]                   @ 4-byte Reload
.Ltmp39:
	.loc	3 176 5                         @ ../Device/Src/Bmi088.c:176:5
	bl	Delay_us
.Ltmp40:
	.loc	3 180 5                         @ ../Device/Src/Bmi088.c:180:5
	bl	BMI088_GYRO_NS_L
	movs	r0, #20
	movs	r1, #182
	bl	BMI088_Write_Single_Reg
	bl	BMI088_GYRO_NS_H
	movs	r0, #80
.Ltmp41:
	.loc	3 182 5                         @ ../Device/Src/Bmi088.c:182:5
	bl	Delay_ms
.Ltmp42:
	.loc	3 185 5                         @ ../Device/Src/Bmi088.c:185:5
	bl	BMI088_GYRO_NS_L
	ldr	r0, [sp, #8]                    @ 4-byte Reload
	ldr	r1, [sp, #12]                   @ 4-byte Reload
	bl	BMI088_Read_Single_Reg
	bl	BMI088_GYRO_NS_H
	ldr	r0, [sp, #16]                   @ 4-byte Reload
.Ltmp43:
	.loc	3 186 5                         @ ../Device/Src/Bmi088.c:186:5
	bl	Delay_us
.Ltmp44:
	.loc	3 187 5                         @ ../Device/Src/Bmi088.c:187:5
	bl	BMI088_GYRO_NS_L
	ldr	r0, [sp, #8]                    @ 4-byte Reload
	ldr	r1, [sp, #12]                   @ 4-byte Reload
	bl	BMI088_Read_Single_Reg
	bl	BMI088_GYRO_NS_H
	ldr	r0, [sp, #16]                   @ 4-byte Reload
.Ltmp45:
	.loc	3 188 5                         @ ../Device/Src/Bmi088.c:188:5
	bl	Delay_us
.Ltmp46:
	.loc	3 191 9                         @ ../Device/Src/Bmi088.c:191:9
	ldrb.w	r0, [sp, #22]
.Ltmp47:
	.loc	3 191 9 is_stmt 0               @ ../Device/Src/Bmi088.c:191:9
	cmp	r0, #15
	beq	.LBB2_2
	b	.LBB2_1
.LBB2_1:
	.loc	3 0 9                           @ ../Device/Src/Bmi088.c:0:9
	movs	r0, #255
.Ltmp48:
	.loc	3 193 9 is_stmt 1               @ ../Device/Src/Bmi088.c:193:9
	strb.w	r0, [sp, #23]
	b	.LBB2_9
.Ltmp49:
.LBB2_2:
	.loc	3 0 9 is_stmt 0                 @ ../Device/Src/Bmi088.c:0:9
	movs	r0, #0
.Ltmp50:
	.loc	3 197 18 is_stmt 1              @ ../Device/Src/Bmi088.c:197:18
	strb.w	r0, [sp, #21]
	.loc	3 197 10 is_stmt 0              @ ../Device/Src/Bmi088.c:197:10
	b	.LBB2_3
.LBB2_3:                                @ =>This Inner Loop Header: Depth=1
.Ltmp51:
	.loc	3 197 37                        @ ../Device/Src/Bmi088.c:197:37
	ldrb.w	r0, [sp, #21]
.Ltmp52:
	.loc	3 197 5                         @ ../Device/Src/Bmi088.c:197:5
	cmp	r0, #5
	bgt	.LBB2_8
	b	.LBB2_4
.LBB2_4:                                @   in Loop: Header=BB2_3 Depth=1
.Ltmp53:
	.loc	3 200 9 is_stmt 1               @ ../Device/Src/Bmi088.c:200:9
	bl	BMI088_GYRO_NS_L
	ldrb.w	r0, [sp, #21]
	add.w	r2, r0, r0, lsl #1
	movw	r0, :lower16:Gyro_Register_ConfigurationData_ErrorStatus
	movt	r0, :upper16:Gyro_Register_ConfigurationData_ErrorStatus
	str	r0, [sp, #4]                    @ 4-byte Spill
	adds	r1, r0, r2
	ldrb	r0, [r0, r2]
	ldrb	r1, [r1, #1]
	bl	BMI088_Write_Single_Reg
	bl	BMI088_GYRO_NS_H
	movs	r0, #150
.Ltmp54:
	.loc	3 202 9                         @ ../Device/Src/Bmi088.c:202:9
	str	r0, [sp]                        @ 4-byte Spill
	bl	Delay_us
.Ltmp55:
	.loc	3 205 9                         @ ../Device/Src/Bmi088.c:205:9
	bl	BMI088_GYRO_NS_L
	ldr	r0, [sp, #4]                    @ 4-byte Reload
	ldrb.w	r1, [sp, #21]
	add.w	r1, r1, r1, lsl #1
	ldrb	r0, [r0, r1]
	add.w	r1, sp, #22
	bl	BMI088_Read_Single_Reg
	bl	BMI088_GYRO_NS_H
	ldr	r0, [sp]                        @ 4-byte Reload
.Ltmp56:
	.loc	3 207 9                         @ ../Device/Src/Bmi088.c:207:9
	bl	Delay_us
	ldr	r1, [sp, #4]                    @ 4-byte Reload
.Ltmp57:
	.loc	3 210 13                        @ ../Device/Src/Bmi088.c:210:13
	ldrb.w	r0, [sp, #22]
	.loc	3 210 64 is_stmt 0              @ ../Device/Src/Bmi088.c:210:64
	ldrb.w	r2, [sp, #21]
	.loc	3 210 20                        @ ../Device/Src/Bmi088.c:210:20
	add.w	r2, r2, r2, lsl #1
	add	r1, r2
	ldrb	r1, [r1, #1]
.Ltmp58:
	.loc	3 210 13                        @ ../Device/Src/Bmi088.c:210:13
	cmp	r0, r1
	beq	.LBB2_6
	b	.LBB2_5
.LBB2_5:
.Ltmp59:
	.loc	3 212 81 is_stmt 1              @ ../Device/Src/Bmi088.c:212:81
	ldrb.w	r0, [sp, #21]
	.loc	3 212 37 is_stmt 0              @ ../Device/Src/Bmi088.c:212:37
	add.w	r1, r0, r0, lsl #1
	movw	r0, :lower16:Gyro_Register_ConfigurationData_ErrorStatus
	movt	r0, :upper16:Gyro_Register_ConfigurationData_ErrorStatus
	add	r0, r1
	ldrb	r0, [r0, #2]
	.loc	3 212 13                        @ ../Device/Src/Bmi088.c:212:13
	strb.w	r0, [sp, #23]
	b	.LBB2_9
.Ltmp60:
.LBB2_6:                                @   in Loop: Header=BB2_3 Depth=1
	.loc	3 214 5 is_stmt 1               @ ../Device/Src/Bmi088.c:214:5
	b	.LBB2_7
.Ltmp61:
.LBB2_7:                                @   in Loop: Header=BB2_3 Depth=1
	.loc	3 197 93                        @ ../Device/Src/Bmi088.c:197:93
	ldrb.w	r0, [sp, #21]
	adds	r0, #1
	strb.w	r0, [sp, #21]
	.loc	3 197 5 is_stmt 0               @ ../Device/Src/Bmi088.c:197:5
	b	.LBB2_3
.Ltmp62:
.LBB2_8:
	.loc	3 0 5                           @ ../Device/Src/Bmi088.c:0:5
	movs	r0, #0
	.loc	3 217 5 is_stmt 1               @ ../Device/Src/Bmi088.c:217:5
	strb.w	r0, [sp, #23]
	b	.LBB2_9
.LBB2_9:
	.loc	3 218 1                         @ ../Device/Src/Bmi088.c:218:1
	ldrb.w	r0, [sp, #23]
	.loc	3 218 1 epilogue_begin is_stmt 0 @ ../Device/Src/Bmi088.c:218:1
	add	sp, #24
	pop	{r7, pc}
.Ltmp63:
.Lfunc_end2:
	.size	BMI088_Gyro_Init, .Lfunc_end2-BMI088_Gyro_Init
	.cfi_endproc
	.cantunwind
	.fnend
                                        @ -- End function
	.section	.text.BMI088_Offset_Update,"ax",%progbits
	.p2align	3                               @ -- Begin function BMI088_Offset_Update
	.type	BMI088_Offset_Update,%function
	.code	16                              @ @BMI088_Offset_Update
	.thumb_func
BMI088_Offset_Update:
.Lfunc_begin3:
	.loc	3 223 0 is_stmt 1               @ ../Device/Src/Bmi088.c:223:0
	.fnstart
	.cfi_startproc
@ %bb.0:
	.pad	#4
	sub	sp, #4
	.cfi_def_cfa_offset 4
	str	r0, [sp]
.Ltmp64:
	.loc	3 260 3 prologue_end            @ ../Device/Src/Bmi088.c:260:3
	ldr	r1, [sp]
	movw	r0, #45714
	movt	r0, #15176
	.loc	3 260 31 is_stmt 0              @ ../Device/Src/Bmi088.c:260:31
	str	r0, [r1, #48]
	.loc	3 261 3 is_stmt 1               @ ../Device/Src/Bmi088.c:261:3
	ldr	r1, [sp]
	movw	r0, #14300
	movt	r0, #15104
	.loc	3 261 31 is_stmt 0              @ ../Device/Src/Bmi088.c:261:31
	str	r0, [r1, #52]
	.loc	3 262 3 is_stmt 1               @ ../Device/Src/Bmi088.c:262:3
	ldr	r1, [sp]
	movw	r0, #59959
	movt	r0, #15222
	.loc	3 262 31 is_stmt 0              @ ../Device/Src/Bmi088.c:262:31
	str	r0, [r1, #56]
	.loc	3 266 3 is_stmt 1               @ ../Device/Src/Bmi088.c:266:3
	ldr	r1, [sp]
	movs	r0, #1
	.loc	3 266 29 is_stmt 0              @ ../Device/Src/Bmi088.c:266:29
	strb	r0, [r1]
	.loc	3 267 1 epilogue_begin is_stmt 1 @ ../Device/Src/Bmi088.c:267:1
	add	sp, #4
	bx	lr
.Ltmp65:
.Lfunc_end3:
	.size	BMI088_Offset_Update, .Lfunc_end3-BMI088_Offset_Update
	.cfi_endproc
	.cantunwind
	.fnend
                                        @ -- End function
	.section	.text.BMI088_Info_Update,"ax",%progbits
	.hidden	BMI088_Info_Update              @ -- Begin function BMI088_Info_Update
	.globl	BMI088_Info_Update
	.p2align	3
	.type	BMI088_Info_Update,%function
	.code	16                              @ @BMI088_Info_Update
	.thumb_func
BMI088_Info_Update:
.Lfunc_begin4:
	.loc	3 289 0                         @ ../Device/Src/Bmi088.c:289:0
	.fnstart
	.cfi_startproc
@ %bb.0:
	.save	{r7, lr}
	push	{r7, lr}
	.cfi_def_cfa_offset 8
	.cfi_offset lr, -4
	.cfi_offset r7, -8
	.pad	#16
	sub	sp, #16
	.cfi_def_cfa_offset 24
	str	r0, [sp, #12]
	movs	r0, #0
.Ltmp66:
	.loc	3 290 13 prologue_end           @ ../Device/Src/Bmi088.c:290:13
	str	r0, [sp, #8]
	str	r0, [sp, #4]
.Ltmp67:
	.loc	3 293 3                         @ ../Device/Src/Bmi088.c:293:3
	bl	BMI088_ACCEL_NS_L
	movs	r0, #146
	bl	BMI088_Read_Write_Byte
	movs	r0, #18
	add	r1, sp, #4
	str	r1, [sp]                        @ 4-byte Spill
	movs	r2, #6
	bl	BMI088_Read_Multi_Reg
	bl	BMI088_ACCEL_NS_H
.Ltmp68:
	.loc	3 294 63                        @ ../Device/Src/Bmi088.c:294:63
	ldrb.w	r0, [sp, #4]
	.loc	3 294 48 is_stmt 0              @ ../Device/Src/Bmi088.c:294:48
	ldrb.w	r1, [sp, #5]
	.loc	3 294 61                        @ ../Device/Src/Bmi088.c:294:61
	orr.w	r0, r0, r1, lsl #8
	.loc	3 294 5                         @ ../Device/Src/Bmi088.c:294:5
	ldr	r1, [sp, #12]
	.loc	3 294 35                        @ ../Device/Src/Bmi088.c:294:35
	strh	r0, [r1, #32]
	.loc	3 295 63 is_stmt 1              @ ../Device/Src/Bmi088.c:295:63
	ldrb.w	r0, [sp, #6]
	.loc	3 295 48 is_stmt 0              @ ../Device/Src/Bmi088.c:295:48
	ldrb.w	r1, [sp, #7]
	.loc	3 295 61                        @ ../Device/Src/Bmi088.c:295:61
	orr.w	r0, r0, r1, lsl #8
	.loc	3 295 5                         @ ../Device/Src/Bmi088.c:295:5
	ldr	r1, [sp, #12]
	.loc	3 295 35                        @ ../Device/Src/Bmi088.c:295:35
	strh	r0, [r1, #34]
	.loc	3 296 63 is_stmt 1              @ ../Device/Src/Bmi088.c:296:63
	ldrb.w	r0, [sp, #8]
	.loc	3 296 48 is_stmt 0              @ ../Device/Src/Bmi088.c:296:48
	ldrb.w	r1, [sp, #9]
	.loc	3 296 61                        @ ../Device/Src/Bmi088.c:296:61
	orr.w	r0, r0, r1, lsl #8
	.loc	3 296 5                         @ ../Device/Src/Bmi088.c:296:5
	ldr	r1, [sp, #12]
	.loc	3 296 35                        @ ../Device/Src/Bmi088.c:296:35
	strh	r0, [r1, #36]
	.loc	3 299 30 is_stmt 1              @ ../Device/Src/Bmi088.c:299:30
	movw	r0, :lower16:BMI088_ACCEL_SEN
	movt	r0, :upper16:BMI088_ACCEL_SEN
	vldr	s0, [r0]
	.loc	3 299 49 is_stmt 0              @ ../Device/Src/Bmi088.c:299:49
	ldr	r1, [sp, #12]
	.loc	3 299 71                        @ ../Device/Src/Bmi088.c:299:71
	ldrsh.w	r2, [r1, #32]
	.loc	3 299 49                        @ ../Device/Src/Bmi088.c:299:49
	vmov	s2, r2
	vcvt.f32.s32	s2, s2
	.loc	3 299 47                        @ ../Device/Src/Bmi088.c:299:47
	vmul.f32	s0, s0, s2
	.loc	3 299 27                        @ ../Device/Src/Bmi088.c:299:27
	vstr	s0, [r1, #4]
	.loc	3 300 28 is_stmt 1              @ ../Device/Src/Bmi088.c:300:28
	vldr	s0, [r0]
	.loc	3 300 47 is_stmt 0              @ ../Device/Src/Bmi088.c:300:47
	ldr	r1, [sp, #12]
	.loc	3 300 69                        @ ../Device/Src/Bmi088.c:300:69
	ldrsh.w	r2, [r1, #34]
	.loc	3 300 47                        @ ../Device/Src/Bmi088.c:300:47
	vmov	s2, r2
	vcvt.f32.s32	s2, s2
	.loc	3 300 45                        @ ../Device/Src/Bmi088.c:300:45
	vmul.f32	s0, s0, s2
	.loc	3 300 25                        @ ../Device/Src/Bmi088.c:300:25
	vstr	s0, [r1, #8]
	.loc	3 301 28 is_stmt 1              @ ../Device/Src/Bmi088.c:301:28
	vldr	s0, [r0]
	.loc	3 301 47 is_stmt 0              @ ../Device/Src/Bmi088.c:301:47
	ldr	r0, [sp, #12]
	.loc	3 301 69                        @ ../Device/Src/Bmi088.c:301:69
	ldrsh.w	r1, [r0, #36]
	.loc	3 301 47                        @ ../Device/Src/Bmi088.c:301:47
	vmov	s2, r1
	vcvt.f32.s32	s2, s2
	.loc	3 301 45                        @ ../Device/Src/Bmi088.c:301:45
	vmul.f32	s0, s0, s2
	.loc	3 301 25                        @ ../Device/Src/Bmi088.c:301:25
	vstr	s0, [r0, #12]
.Ltmp69:
	.loc	3 304 5 is_stmt 1               @ ../Device/Src/Bmi088.c:304:5
	bl	BMI088_ACCEL_NS_L
	movs	r0, #162
	bl	BMI088_Read_Write_Byte
	ldr	r1, [sp]                        @ 4-byte Reload
	movs	r0, #34
	movs	r2, #2
	bl	BMI088_Read_Multi_Reg
	bl	BMI088_ACCEL_NS_H
.Ltmp70:
	.loc	3 305 52                        @ ../Device/Src/Bmi088.c:305:52
	ldrb.w	r0, [sp, #4]
	.loc	3 305 68 is_stmt 0              @ ../Device/Src/Bmi088.c:305:68
	ldrb.w	r1, [sp, #5]
	.loc	3 305 59                        @ ../Device/Src/Bmi088.c:305:59
	lsls	r0, r0, #3
	.loc	3 305 65                        @ ../Device/Src/Bmi088.c:305:65
	orr.w	r0, r0, r1, lsr #5
	.loc	3 305 5                         @ ../Device/Src/Bmi088.c:305:5
	ldr	r1, [sp, #12]
	.loc	3 305 39                        @ ../Device/Src/Bmi088.c:305:39
	strh	r0, [r1, #44]
.Ltmp71:
	.loc	3 306 9 is_stmt 1               @ ../Device/Src/Bmi088.c:306:9
	ldr	r0, [sp, #12]
	.loc	3 306 31 is_stmt 0              @ ../Device/Src/Bmi088.c:306:31
	ldrsh.w	r0, [r0, #44]
.Ltmp72:
	.loc	3 306 9                         @ ../Device/Src/Bmi088.c:306:9
	cmp.w	r0, #1024
	blt	.LBB4_2
	b	.LBB4_1
.LBB4_1:
.Ltmp73:
	.loc	3 306 51                        @ ../Device/Src/Bmi088.c:306:51
	ldr	r1, [sp, #12]
	.loc	3 306 85                        @ ../Device/Src/Bmi088.c:306:85
	ldrh	r0, [r1, #44]
	sub.w	r0, r0, #2048
	strh	r0, [r1, #44]
	.loc	3 306 51                        @ ../Device/Src/Bmi088.c:306:51
	b	.LBB4_2
.Ltmp74:
.LBB4_2:
	.loc	3 309 32 is_stmt 1              @ ../Device/Src/Bmi088.c:309:32
	ldr	r0, [sp, #12]
	.loc	3 309 54 is_stmt 0              @ ../Device/Src/Bmi088.c:309:54
	ldrsh.w	r1, [r0, #44]
	.loc	3 309 32                        @ ../Device/Src/Bmi088.c:309:32
	vmov	s0, r1
	vcvt.f32.s32	s2, s0
	vmov.f32	s4, #1.250000e-01
	vmov.f32	s0, #2.300000e+01
	.loc	3 309 87                        @ ../Device/Src/Bmi088.c:309:87
	vfma.f32	s0, s2, s4
	.loc	3 309 30                        @ ../Device/Src/Bmi088.c:309:30
	vstr	s0, [r0, #28]
.Ltmp75:
	.loc	3 312 3 is_stmt 1               @ ../Device/Src/Bmi088.c:312:3
	bl	BMI088_GYRO_NS_L
	movs	r0, #0
	add	r1, sp, #4
	movs	r2, #8
	bl	BMI088_Read_Multi_Reg
	bl	BMI088_GYRO_NS_H
.Ltmp76:
	.loc	3 314 8                         @ ../Device/Src/Bmi088.c:314:8
	ldrb.w	r0, [sp, #4]
.Ltmp77:
	.loc	3 314 8 is_stmt 0               @ ../Device/Src/Bmi088.c:314:8
	cmp	r0, #15
	bne	.LBB4_4
	b	.LBB4_3
.LBB4_3:
.Ltmp78:
	.loc	3 316 64 is_stmt 1              @ ../Device/Src/Bmi088.c:316:64
	ldrb.w	r0, [sp, #6]
	.loc	3 316 49 is_stmt 0              @ ../Device/Src/Bmi088.c:316:49
	ldrb.w	r1, [sp, #7]
	.loc	3 316 62                        @ ../Device/Src/Bmi088.c:316:62
	orr.w	r0, r0, r1, lsl #8
	.loc	3 316 7                         @ ../Device/Src/Bmi088.c:316:7
	ldr	r1, [sp, #12]
	.loc	3 316 36                        @ ../Device/Src/Bmi088.c:316:36
	strh	r0, [r1, #38]
	.loc	3 317 64 is_stmt 1              @ ../Device/Src/Bmi088.c:317:64
	ldrb.w	r0, [sp, #8]
	.loc	3 317 49 is_stmt 0              @ ../Device/Src/Bmi088.c:317:49
	ldrb.w	r1, [sp, #9]
	.loc	3 317 62                        @ ../Device/Src/Bmi088.c:317:62
	orr.w	r0, r0, r1, lsl #8
	.loc	3 317 7                         @ ../Device/Src/Bmi088.c:317:7
	ldr	r1, [sp, #12]
	.loc	3 317 36                        @ ../Device/Src/Bmi088.c:317:36
	strh	r0, [r1, #40]
	.loc	3 318 64 is_stmt 1              @ ../Device/Src/Bmi088.c:318:64
	ldrb.w	r0, [sp, #10]
	.loc	3 318 49 is_stmt 0              @ ../Device/Src/Bmi088.c:318:49
	ldrb.w	r1, [sp, #11]
	.loc	3 318 62                        @ ../Device/Src/Bmi088.c:318:62
	orr.w	r0, r0, r1, lsl #8
	.loc	3 318 7                         @ ../Device/Src/Bmi088.c:318:7
	ldr	r1, [sp, #12]
	.loc	3 318 36                        @ ../Device/Src/Bmi088.c:318:36
	strh	r0, [r1, #42]
	.loc	3 319 5 is_stmt 1               @ ../Device/Src/Bmi088.c:319:5
	b	.LBB4_4
.Ltmp79:
.LBB4_4:
	.loc	3 322 28                        @ ../Device/Src/Bmi088.c:322:28
	movw	r0, :lower16:BMI088_GYRO_SEN
	movt	r0, :upper16:BMI088_GYRO_SEN
	vldr	s2, [r0]
	.loc	3 322 46 is_stmt 0              @ ../Device/Src/Bmi088.c:322:46
	ldr	r1, [sp, #12]
	.loc	3 322 68                        @ ../Device/Src/Bmi088.c:322:68
	ldrsh.w	r2, [r1, #38]
	.loc	3 322 46                        @ ../Device/Src/Bmi088.c:322:46
	vmov	s0, r2
	vcvt.f32.s32	s4, s0
	.loc	3 322 90                        @ ../Device/Src/Bmi088.c:322:90
	vldr	s0, [r1, #48]
	.loc	3 322 75                        @ ../Device/Src/Bmi088.c:322:75
	vfnms.f32	s0, s2, s4
	.loc	3 322 24                        @ ../Device/Src/Bmi088.c:322:24
	vstr	s0, [r1, #16]
	.loc	3 323 29 is_stmt 1              @ ../Device/Src/Bmi088.c:323:29
	vldr	s2, [r0]
	.loc	3 323 47 is_stmt 0              @ ../Device/Src/Bmi088.c:323:47
	ldr	r1, [sp, #12]
	.loc	3 323 69                        @ ../Device/Src/Bmi088.c:323:69
	ldrsh.w	r2, [r1, #40]
	.loc	3 323 47                        @ ../Device/Src/Bmi088.c:323:47
	vmov	s0, r2
	vcvt.f32.s32	s4, s0
	.loc	3 323 91                        @ ../Device/Src/Bmi088.c:323:91
	vldr	s0, [r1, #52]
	.loc	3 323 76                        @ ../Device/Src/Bmi088.c:323:76
	vfnms.f32	s0, s2, s4
	.loc	3 323 25                        @ ../Device/Src/Bmi088.c:323:25
	vstr	s0, [r1, #20]
	.loc	3 324 29 is_stmt 1              @ ../Device/Src/Bmi088.c:324:29
	vldr	s2, [r0]
	.loc	3 324 47 is_stmt 0              @ ../Device/Src/Bmi088.c:324:47
	ldr	r0, [sp, #12]
	.loc	3 324 69                        @ ../Device/Src/Bmi088.c:324:69
	ldrsh.w	r1, [r0, #42]
	.loc	3 324 47                        @ ../Device/Src/Bmi088.c:324:47
	vmov	s0, r1
	vcvt.f32.s32	s4, s0
	.loc	3 324 91                        @ ../Device/Src/Bmi088.c:324:91
	vldr	s0, [r0, #56]
	.loc	3 324 76                        @ ../Device/Src/Bmi088.c:324:76
	vfnms.f32	s0, s2, s4
	.loc	3 324 25                        @ ../Device/Src/Bmi088.c:324:25
	vstr	s0, [r0, #24]
	.loc	3 325 1 epilogue_begin is_stmt 1 @ ../Device/Src/Bmi088.c:325:1
	add	sp, #16
	pop	{r7, pc}
.Ltmp80:
.Lfunc_end4:
	.size	BMI088_Info_Update, .Lfunc_end4-BMI088_Info_Update
	.cfi_endproc
	.cantunwind
	.fnend
                                        @ -- End function
	.section	.text.BMI088_Read_Multi_Reg,"ax",%progbits
	.p2align	3                               @ -- Begin function BMI088_Read_Multi_Reg
	.type	BMI088_Read_Multi_Reg,%function
	.code	16                              @ @BMI088_Read_Multi_Reg
	.thumb_func
BMI088_Read_Multi_Reg:
.Lfunc_begin5:
	.loc	3 345 0                         @ ../Device/Src/Bmi088.c:345:0
	.fnstart
	.cfi_startproc
@ %bb.0:
	.save	{r7, lr}
	push	{r7, lr}
	.cfi_def_cfa_offset 8
	.cfi_offset lr, -4
	.cfi_offset r7, -8
	.pad	#16
	sub	sp, #16
	.cfi_def_cfa_offset 24
                                        @ kill: def $r3 killed $r2
                                        @ kill: def $r3 killed $r0
	strb.w	r0, [sp, #15]
	str	r1, [sp, #8]
	strb.w	r2, [sp, #7]
.Ltmp81:
	.loc	3 347 27 prologue_end           @ ../Device/Src/Bmi088.c:347:27
	ldrb.w	r0, [sp, #15]
	.loc	3 347 31 is_stmt 0              @ ../Device/Src/Bmi088.c:347:31
	orr	r0, r0, #128
	.loc	3 347 4                         @ ../Device/Src/Bmi088.c:347:4
	bl	BMI088_Read_Write_Byte
	.loc	3 349 5 is_stmt 1               @ ../Device/Src/Bmi088.c:349:5
	b	.LBB5_1
.LBB5_1:                                @ =>This Inner Loop Header: Depth=1
	.loc	3 349 12 is_stmt 0              @ ../Device/Src/Bmi088.c:349:12
	ldrb.w	r0, [sp, #7]
	.loc	3 349 5                         @ ../Device/Src/Bmi088.c:349:5
	cbz	r0, .LBB5_3
	b	.LBB5_2
.LBB5_2:                                @   in Loop: Header=BB5_1 Depth=1
	.loc	3 0 5                           @ ../Device/Src/Bmi088.c:0:5
	movs	r0, #85
.Ltmp82:
	.loc	3 352 16 is_stmt 1              @ ../Device/Src/Bmi088.c:352:16
	bl	BMI088_Read_Write_Byte
	.loc	3 352 10 is_stmt 0              @ ../Device/Src/Bmi088.c:352:10
	ldr	r1, [sp, #8]
	.loc	3 352 14                        @ ../Device/Src/Bmi088.c:352:14
	strb	r0, [r1]
	.loc	3 353 12 is_stmt 1              @ ../Device/Src/Bmi088.c:353:12
	ldr	r0, [sp, #8]
	adds	r0, #1
	str	r0, [sp, #8]
	.loc	3 354 12                        @ ../Device/Src/Bmi088.c:354:12
	ldrb.w	r0, [sp, #7]
	subs	r0, #1
	strb.w	r0, [sp, #7]
.Ltmp83:
	.loc	3 349 5                         @ ../Device/Src/Bmi088.c:349:5
	b	.LBB5_1
.LBB5_3:
	.loc	3 357 1 epilogue_begin          @ ../Device/Src/Bmi088.c:357:1
	add	sp, #16
	pop	{r7, pc}
.Ltmp84:
.Lfunc_end5:
	.size	BMI088_Read_Multi_Reg, .Lfunc_end5-BMI088_Read_Multi_Reg
	.cfi_endproc
	.cantunwind
	.fnend
                                        @ -- End function
	.section	.text.BMI088_Write_Single_Reg,"ax",%progbits
	.p2align	3                               @ -- Begin function BMI088_Write_Single_Reg
	.type	BMI088_Write_Single_Reg,%function
	.code	16                              @ @BMI088_Write_Single_Reg
	.thumb_func
BMI088_Write_Single_Reg:
.Lfunc_begin6:
	.loc	3 329 0                         @ ../Device/Src/Bmi088.c:329:0
	.fnstart
	.cfi_startproc
@ %bb.0:
	.save	{r7, lr}
	push	{r7, lr}
	.cfi_def_cfa_offset 8
	.cfi_offset lr, -4
	.cfi_offset r7, -8
	.pad	#8
	sub	sp, #8
	.cfi_def_cfa_offset 16
                                        @ kill: def $r2 killed $r1
                                        @ kill: def $r2 killed $r0
	strb.w	r0, [sp, #7]
	strb.w	r1, [sp, #6]
.Ltmp85:
	.loc	3 330 28 prologue_end           @ ../Device/Src/Bmi088.c:330:28
	ldrb.w	r0, [sp, #7]
	.loc	3 330 5 is_stmt 0               @ ../Device/Src/Bmi088.c:330:5
	bl	BMI088_Read_Write_Byte
	.loc	3 332 28 is_stmt 1              @ ../Device/Src/Bmi088.c:332:28
	ldrb.w	r0, [sp, #6]
	.loc	3 332 5 is_stmt 0               @ ../Device/Src/Bmi088.c:332:5
	bl	BMI088_Read_Write_Byte
	.loc	3 333 1 epilogue_begin is_stmt 1 @ ../Device/Src/Bmi088.c:333:1
	add	sp, #8
	pop	{r7, pc}
.Ltmp86:
.Lfunc_end6:
	.size	BMI088_Write_Single_Reg, .Lfunc_end6-BMI088_Write_Single_Reg
	.cfi_endproc
	.cantunwind
	.fnend
                                        @ -- End function
	.section	.text.BMI088_Read_Single_Reg,"ax",%progbits
	.p2align	3                               @ -- Begin function BMI088_Read_Single_Reg
	.type	BMI088_Read_Single_Reg,%function
	.code	16                              @ @BMI088_Read_Single_Reg
	.thumb_func
BMI088_Read_Single_Reg:
.Lfunc_begin7:
	.loc	3 337 0                         @ ../Device/Src/Bmi088.c:337:0
	.fnstart
	.cfi_startproc
@ %bb.0:
	.save	{r7, lr}
	push	{r7, lr}
	.cfi_def_cfa_offset 8
	.cfi_offset lr, -4
	.cfi_offset r7, -8
	.pad	#8
	sub	sp, #8
	.cfi_def_cfa_offset 16
                                        @ kill: def $r2 killed $r0
	strb.w	r0, [sp, #7]
	str	r1, [sp]
.Ltmp87:
	.loc	3 339 28 prologue_end           @ ../Device/Src/Bmi088.c:339:28
	ldrb.w	r0, [sp, #7]
	.loc	3 339 32 is_stmt 0              @ ../Device/Src/Bmi088.c:339:32
	orr	r0, r0, #128
	.loc	3 339 5                         @ ../Device/Src/Bmi088.c:339:5
	bl	BMI088_Read_Write_Byte
	movs	r0, #85
	.loc	3 341 20 is_stmt 1              @ ../Device/Src/Bmi088.c:341:20
	bl	BMI088_Read_Write_Byte
	.loc	3 341 6 is_stmt 0               @ ../Device/Src/Bmi088.c:341:6
	ldr	r1, [sp]
	.loc	3 341 18                        @ ../Device/Src/Bmi088.c:341:18
	strb	r0, [r1]
	.loc	3 342 1 epilogue_begin is_stmt 1 @ ../Device/Src/Bmi088.c:342:1
	add	sp, #8
	pop	{r7, pc}
.Ltmp88:
.Lfunc_end7:
	.size	BMI088_Read_Single_Reg, .Lfunc_end7-BMI088_Read_Single_Reg
	.cfi_endproc
	.cantunwind
	.fnend
                                        @ -- End function
	.hidden	BMI088_Info                     @ @BMI088_Info
	.type	BMI088_Info,%object
	.section	.bss.BMI088_Info,"aw",%nobits
	.globl	BMI088_Info
	.p2align	2, 0x0
BMI088_Info:
	.zero	60
	.size	BMI088_Info, 60

	.type	BMI088_ACCEL_SEN,%object        @ @BMI088_ACCEL_SEN
	.section	.data.BMI088_ACCEL_SEN,"aw",%progbits
	.p2align	2, 0x0
BMI088_ACCEL_SEN:
	.long	0x3aeb3333                      @ float 0.00179443357
	.size	BMI088_ACCEL_SEN, 4

	.type	BMI088_GYRO_SEN,%object         @ @BMI088_GYRO_SEN
	.section	.data.BMI088_GYRO_SEN,"aw",%progbits
	.p2align	2, 0x0
BMI088_GYRO_SEN:
	.long	0x3a8ba058                      @ float 0.00106526446
	.size	BMI088_GYRO_SEN, 4

	.type	Accel_Register_ConfigurationData_ErrorStatus,%object @ @Accel_Register_ConfigurationData_ErrorStatus
	.section	.data.Accel_Register_ConfigurationData_ErrorStatus,"aw",%progbits
Accel_Register_ConfigurationData_ErrorStatus:
	.ascii	"}\004\001"
	.ascii	"|\000\002"
	.ascii	"@\253\003"
	.ascii	"A\001\005"
	.ascii	"S\b\006"
	.ascii	"X\004\007"
	.size	Accel_Register_ConfigurationData_ErrorStatus, 18

	.type	Gyro_Register_ConfigurationData_ErrorStatus,%object @ @Gyro_Register_ConfigurationData_ErrorStatus
	.section	.data.Gyro_Register_ConfigurationData_ErrorStatus,"aw",%progbits
Gyro_Register_ConfigurationData_ErrorStatus:
	.ascii	"\017\000\b"
	.ascii	"\020\201\t"
	.ascii	"\021\000\n"
	.ascii	"\025\200\013"
	.ascii	"\026\000\f"
	.ascii	"\030\001\r"
	.size	Gyro_Register_ConfigurationData_ErrorStatus, 18

	.section	.debug_abbrev,"",%progbits
	.byte	1                               @ Abbreviation Code
	.byte	17                              @ DW_TAG_compile_unit
	.byte	1                               @ DW_CHILDREN_yes
	.byte	37                              @ DW_AT_producer
	.byte	14                              @ DW_FORM_strp
	.byte	19                              @ DW_AT_language
	.byte	5                               @ DW_FORM_data2
	.byte	3                               @ DW_AT_name
	.byte	14                              @ DW_FORM_strp
	.byte	16                              @ DW_AT_stmt_list
	.byte	23                              @ DW_FORM_sec_offset
	.byte	27                              @ DW_AT_comp_dir
	.byte	14                              @ DW_FORM_strp
	.byte	17                              @ DW_AT_low_pc
	.byte	1                               @ DW_FORM_addr
	.byte	85                              @ DW_AT_ranges
	.byte	23                              @ DW_FORM_sec_offset
	.byte	0                               @ EOM(1)
	.byte	0                               @ EOM(2)
	.byte	2                               @ Abbreviation Code
	.byte	52                              @ DW_TAG_variable
	.byte	0                               @ DW_CHILDREN_no
	.byte	3                               @ DW_AT_name
	.byte	14                              @ DW_FORM_strp
	.byte	73                              @ DW_AT_type
	.byte	19                              @ DW_FORM_ref4
	.byte	63                              @ DW_AT_external
	.byte	25                              @ DW_FORM_flag_present
	.byte	58                              @ DW_AT_decl_file
	.byte	11                              @ DW_FORM_data1
	.byte	59                              @ DW_AT_decl_line
	.byte	11                              @ DW_FORM_data1
	.byte	2                               @ DW_AT_location
	.byte	24                              @ DW_FORM_exprloc
	.byte	0                               @ EOM(1)
	.byte	0                               @ EOM(2)
	.byte	3                               @ Abbreviation Code
	.byte	22                              @ DW_TAG_typedef
	.byte	0                               @ DW_CHILDREN_no
	.byte	73                              @ DW_AT_type
	.byte	19                              @ DW_FORM_ref4
	.byte	3                               @ DW_AT_name
	.byte	14                              @ DW_FORM_strp
	.byte	58                              @ DW_AT_decl_file
	.byte	11                              @ DW_FORM_data1
	.byte	59                              @ DW_AT_decl_line
	.byte	11                              @ DW_FORM_data1
	.byte	0                               @ EOM(1)
	.byte	0                               @ EOM(2)
	.byte	4                               @ Abbreviation Code
	.byte	19                              @ DW_TAG_structure_type
	.byte	1                               @ DW_CHILDREN_yes
	.byte	11                              @ DW_AT_byte_size
	.byte	11                              @ DW_FORM_data1
	.byte	58                              @ DW_AT_decl_file
	.byte	11                              @ DW_FORM_data1
	.byte	59                              @ DW_AT_decl_line
	.byte	11                              @ DW_FORM_data1
	.byte	0                               @ EOM(1)
	.byte	0                               @ EOM(2)
	.byte	5                               @ Abbreviation Code
	.byte	13                              @ DW_TAG_member
	.byte	0                               @ DW_CHILDREN_no
	.byte	3                               @ DW_AT_name
	.byte	14                              @ DW_FORM_strp
	.byte	73                              @ DW_AT_type
	.byte	19                              @ DW_FORM_ref4
	.byte	58                              @ DW_AT_decl_file
	.byte	11                              @ DW_FORM_data1
	.byte	59                              @ DW_AT_decl_line
	.byte	11                              @ DW_FORM_data1
	.byte	56                              @ DW_AT_data_member_location
	.byte	11                              @ DW_FORM_data1
	.byte	0                               @ EOM(1)
	.byte	0                               @ EOM(2)
	.byte	6                               @ Abbreviation Code
	.byte	36                              @ DW_TAG_base_type
	.byte	0                               @ DW_CHILDREN_no
	.byte	3                               @ DW_AT_name
	.byte	14                              @ DW_FORM_strp
	.byte	62                              @ DW_AT_encoding
	.byte	11                              @ DW_FORM_data1
	.byte	11                              @ DW_AT_byte_size
	.byte	11                              @ DW_FORM_data1
	.byte	0                               @ EOM(1)
	.byte	0                               @ EOM(2)
	.byte	7                               @ Abbreviation Code
	.byte	1                               @ DW_TAG_array_type
	.byte	1                               @ DW_CHILDREN_yes
	.byte	73                              @ DW_AT_type
	.byte	19                              @ DW_FORM_ref4
	.byte	0                               @ EOM(1)
	.byte	0                               @ EOM(2)
	.byte	8                               @ Abbreviation Code
	.byte	33                              @ DW_TAG_subrange_type
	.byte	0                               @ DW_CHILDREN_no
	.byte	73                              @ DW_AT_type
	.byte	19                              @ DW_FORM_ref4
	.byte	55                              @ DW_AT_count
	.byte	11                              @ DW_FORM_data1
	.byte	0                               @ EOM(1)
	.byte	0                               @ EOM(2)
	.byte	9                               @ Abbreviation Code
	.byte	36                              @ DW_TAG_base_type
	.byte	0                               @ DW_CHILDREN_no
	.byte	3                               @ DW_AT_name
	.byte	14                              @ DW_FORM_strp
	.byte	11                              @ DW_AT_byte_size
	.byte	11                              @ DW_FORM_data1
	.byte	62                              @ DW_AT_encoding
	.byte	11                              @ DW_FORM_data1
	.byte	0                               @ EOM(1)
	.byte	0                               @ EOM(2)
	.byte	10                              @ Abbreviation Code
	.byte	52                              @ DW_TAG_variable
	.byte	0                               @ DW_CHILDREN_no
	.byte	3                               @ DW_AT_name
	.byte	14                              @ DW_FORM_strp
	.byte	73                              @ DW_AT_type
	.byte	19                              @ DW_FORM_ref4
	.byte	58                              @ DW_AT_decl_file
	.byte	11                              @ DW_FORM_data1
	.byte	59                              @ DW_AT_decl_line
	.byte	11                              @ DW_FORM_data1
	.byte	2                               @ DW_AT_location
	.byte	24                              @ DW_FORM_exprloc
	.byte	0                               @ EOM(1)
	.byte	0                               @ EOM(2)
	.byte	11                              @ Abbreviation Code
	.byte	4                               @ DW_TAG_enumeration_type
	.byte	1                               @ DW_CHILDREN_yes
	.byte	73                              @ DW_AT_type
	.byte	19                              @ DW_FORM_ref4
	.byte	11                              @ DW_AT_byte_size
	.byte	11                              @ DW_FORM_data1
	.byte	58                              @ DW_AT_decl_file
	.byte	11                              @ DW_FORM_data1
	.byte	59                              @ DW_AT_decl_line
	.byte	11                              @ DW_FORM_data1
	.byte	0                               @ EOM(1)
	.byte	0                               @ EOM(2)
	.byte	12                              @ Abbreviation Code
	.byte	40                              @ DW_TAG_enumerator
	.byte	0                               @ DW_CHILDREN_no
	.byte	3                               @ DW_AT_name
	.byte	14                              @ DW_FORM_strp
	.byte	28                              @ DW_AT_const_value
	.byte	15                              @ DW_FORM_udata
	.byte	0                               @ EOM(1)
	.byte	0                               @ EOM(2)
	.byte	13                              @ Abbreviation Code
	.byte	46                              @ DW_TAG_subprogram
	.byte	1                               @ DW_CHILDREN_yes
	.byte	17                              @ DW_AT_low_pc
	.byte	1                               @ DW_FORM_addr
	.byte	18                              @ DW_AT_high_pc
	.byte	6                               @ DW_FORM_data4
	.byte	64                              @ DW_AT_frame_base
	.byte	24                              @ DW_FORM_exprloc
	.byte	3                               @ DW_AT_name
	.byte	14                              @ DW_FORM_strp
	.byte	58                              @ DW_AT_decl_file
	.byte	11                              @ DW_FORM_data1
	.byte	59                              @ DW_AT_decl_line
	.byte	5                               @ DW_FORM_data2
	.byte	39                              @ DW_AT_prototyped
	.byte	25                              @ DW_FORM_flag_present
	.byte	63                              @ DW_AT_external
	.byte	25                              @ DW_FORM_flag_present
	.byte	0                               @ EOM(1)
	.byte	0                               @ EOM(2)
	.byte	14                              @ Abbreviation Code
	.byte	52                              @ DW_TAG_variable
	.byte	0                               @ DW_CHILDREN_no
	.byte	2                               @ DW_AT_location
	.byte	24                              @ DW_FORM_exprloc
	.byte	3                               @ DW_AT_name
	.byte	14                              @ DW_FORM_strp
	.byte	58                              @ DW_AT_decl_file
	.byte	11                              @ DW_FORM_data1
	.byte	59                              @ DW_AT_decl_line
	.byte	5                               @ DW_FORM_data2
	.byte	73                              @ DW_AT_type
	.byte	19                              @ DW_FORM_ref4
	.byte	0                               @ EOM(1)
	.byte	0                               @ EOM(2)
	.byte	15                              @ Abbreviation Code
	.byte	46                              @ DW_TAG_subprogram
	.byte	1                               @ DW_CHILDREN_yes
	.byte	17                              @ DW_AT_low_pc
	.byte	1                               @ DW_FORM_addr
	.byte	18                              @ DW_AT_high_pc
	.byte	6                               @ DW_FORM_data4
	.byte	64                              @ DW_AT_frame_base
	.byte	24                              @ DW_FORM_exprloc
	.byte	3                               @ DW_AT_name
	.byte	14                              @ DW_FORM_strp
	.byte	58                              @ DW_AT_decl_file
	.byte	11                              @ DW_FORM_data1
	.byte	59                              @ DW_AT_decl_line
	.byte	11                              @ DW_FORM_data1
	.byte	39                              @ DW_AT_prototyped
	.byte	25                              @ DW_FORM_flag_present
	.byte	73                              @ DW_AT_type
	.byte	19                              @ DW_FORM_ref4
	.byte	0                               @ EOM(1)
	.byte	0                               @ EOM(2)
	.byte	16                              @ Abbreviation Code
	.byte	52                              @ DW_TAG_variable
	.byte	0                               @ DW_CHILDREN_no
	.byte	2                               @ DW_AT_location
	.byte	24                              @ DW_FORM_exprloc
	.byte	3                               @ DW_AT_name
	.byte	14                              @ DW_FORM_strp
	.byte	58                              @ DW_AT_decl_file
	.byte	11                              @ DW_FORM_data1
	.byte	59                              @ DW_AT_decl_line
	.byte	11                              @ DW_FORM_data1
	.byte	73                              @ DW_AT_type
	.byte	19                              @ DW_FORM_ref4
	.byte	0                               @ EOM(1)
	.byte	0                               @ EOM(2)
	.byte	17                              @ Abbreviation Code
	.byte	11                              @ DW_TAG_lexical_block
	.byte	1                               @ DW_CHILDREN_yes
	.byte	17                              @ DW_AT_low_pc
	.byte	1                               @ DW_FORM_addr
	.byte	18                              @ DW_AT_high_pc
	.byte	6                               @ DW_FORM_data4
	.byte	0                               @ EOM(1)
	.byte	0                               @ EOM(2)
	.byte	18                              @ Abbreviation Code
	.byte	46                              @ DW_TAG_subprogram
	.byte	1                               @ DW_CHILDREN_yes
	.byte	17                              @ DW_AT_low_pc
	.byte	1                               @ DW_FORM_addr
	.byte	18                              @ DW_AT_high_pc
	.byte	6                               @ DW_FORM_data4
	.byte	64                              @ DW_AT_frame_base
	.byte	24                              @ DW_FORM_exprloc
	.byte	3                               @ DW_AT_name
	.byte	14                              @ DW_FORM_strp
	.byte	58                              @ DW_AT_decl_file
	.byte	11                              @ DW_FORM_data1
	.byte	59                              @ DW_AT_decl_line
	.byte	11                              @ DW_FORM_data1
	.byte	39                              @ DW_AT_prototyped
	.byte	25                              @ DW_FORM_flag_present
	.byte	0                               @ EOM(1)
	.byte	0                               @ EOM(2)
	.byte	19                              @ Abbreviation Code
	.byte	5                               @ DW_TAG_formal_parameter
	.byte	0                               @ DW_CHILDREN_no
	.byte	2                               @ DW_AT_location
	.byte	24                              @ DW_FORM_exprloc
	.byte	3                               @ DW_AT_name
	.byte	14                              @ DW_FORM_strp
	.byte	58                              @ DW_AT_decl_file
	.byte	11                              @ DW_FORM_data1
	.byte	59                              @ DW_AT_decl_line
	.byte	11                              @ DW_FORM_data1
	.byte	73                              @ DW_AT_type
	.byte	19                              @ DW_FORM_ref4
	.byte	0                               @ EOM(1)
	.byte	0                               @ EOM(2)
	.byte	20                              @ Abbreviation Code
	.byte	5                               @ DW_TAG_formal_parameter
	.byte	0                               @ DW_CHILDREN_no
	.byte	2                               @ DW_AT_location
	.byte	24                              @ DW_FORM_exprloc
	.byte	3                               @ DW_AT_name
	.byte	14                              @ DW_FORM_strp
	.byte	58                              @ DW_AT_decl_file
	.byte	11                              @ DW_FORM_data1
	.byte	59                              @ DW_AT_decl_line
	.byte	5                               @ DW_FORM_data2
	.byte	73                              @ DW_AT_type
	.byte	19                              @ DW_FORM_ref4
	.byte	0                               @ EOM(1)
	.byte	0                               @ EOM(2)
	.byte	21                              @ Abbreviation Code
	.byte	46                              @ DW_TAG_subprogram
	.byte	1                               @ DW_CHILDREN_yes
	.byte	17                              @ DW_AT_low_pc
	.byte	1                               @ DW_FORM_addr
	.byte	18                              @ DW_AT_high_pc
	.byte	6                               @ DW_FORM_data4
	.byte	64                              @ DW_AT_frame_base
	.byte	24                              @ DW_FORM_exprloc
	.byte	3                               @ DW_AT_name
	.byte	14                              @ DW_FORM_strp
	.byte	58                              @ DW_AT_decl_file
	.byte	11                              @ DW_FORM_data1
	.byte	59                              @ DW_AT_decl_line
	.byte	5                               @ DW_FORM_data2
	.byte	39                              @ DW_AT_prototyped
	.byte	25                              @ DW_FORM_flag_present
	.byte	0                               @ EOM(1)
	.byte	0                               @ EOM(2)
	.byte	22                              @ Abbreviation Code
	.byte	15                              @ DW_TAG_pointer_type
	.byte	0                               @ DW_CHILDREN_no
	.byte	73                              @ DW_AT_type
	.byte	19                              @ DW_FORM_ref4
	.byte	0                               @ EOM(1)
	.byte	0                               @ EOM(2)
	.byte	0                               @ EOM(3)
	.section	.debug_info,"",%progbits
.Lcu_begin0:
	.long	.Ldebug_info_end0-.Ldebug_info_start0 @ Length of Unit
.Ldebug_info_start0:
	.short	4                               @ DWARF version number
	.long	.debug_abbrev                   @ Offset Into Abbrev. Section
	.byte	4                               @ Address Size (in bytes)
	.byte	1                               @ Abbrev [1] 0xb:0x3bb DW_TAG_compile_unit
	.long	.Linfo_string0                  @ DW_AT_producer
	.short	12                              @ DW_AT_language
	.long	.Linfo_string1                  @ DW_AT_name
	.long	.Lline_table_start0             @ DW_AT_stmt_list
	.long	.Linfo_string2                  @ DW_AT_comp_dir
	.long	0                               @ DW_AT_low_pc
	.long	.Ldebug_ranges0                 @ DW_AT_ranges
	.byte	2                               @ Abbrev [2] 0x26:0x11 DW_TAG_variable
	.long	.Linfo_string3                  @ DW_AT_name
	.long	55                              @ DW_AT_type
                                        @ DW_AT_external
	.byte	3                               @ DW_AT_decl_file
	.byte	63                              @ DW_AT_decl_line
	.byte	5                               @ DW_AT_location
	.byte	3
	.long	BMI088_Info
	.byte	3                               @ Abbrev [3] 0x37:0xb DW_TAG_typedef
	.long	66                              @ DW_AT_type
	.long	.Linfo_string24                 @ DW_AT_name
	.byte	1                               @ DW_AT_decl_file
	.byte	87                              @ DW_AT_decl_line
	.byte	4                               @ Abbrev [4] 0x42:0x65 DW_TAG_structure_type
	.byte	60                              @ DW_AT_byte_size
	.byte	1                               @ DW_AT_decl_file
	.byte	73                              @ DW_AT_decl_line
	.byte	5                               @ Abbrev [5] 0x46:0xc DW_TAG_member
	.long	.Linfo_string4                  @ DW_AT_name
	.long	167                             @ DW_AT_type
	.byte	1                               @ DW_AT_decl_file
	.byte	75                              @ DW_AT_decl_line
	.byte	0                               @ DW_AT_data_member_location
	.byte	5                               @ Abbrev [5] 0x52:0xc DW_TAG_member
	.long	.Linfo_string6                  @ DW_AT_name
	.long	174                             @ DW_AT_type
	.byte	1                               @ DW_AT_decl_file
	.byte	77                              @ DW_AT_decl_line
	.byte	4                               @ DW_AT_data_member_location
	.byte	5                               @ Abbrev [5] 0x5e:0xc DW_TAG_member
	.long	.Linfo_string9                  @ DW_AT_name
	.long	174                             @ DW_AT_type
	.byte	1                               @ DW_AT_decl_file
	.byte	78                              @ DW_AT_decl_line
	.byte	16                              @ DW_AT_data_member_location
	.byte	5                               @ Abbrev [5] 0x6a:0xc DW_TAG_member
	.long	.Linfo_string10                 @ DW_AT_name
	.long	186                             @ DW_AT_type
	.byte	1                               @ DW_AT_decl_file
	.byte	79                              @ DW_AT_decl_line
	.byte	28                              @ DW_AT_data_member_location
	.byte	5                               @ Abbrev [5] 0x76:0xc DW_TAG_member
	.long	.Linfo_string11                 @ DW_AT_name
	.long	200                             @ DW_AT_type
	.byte	1                               @ DW_AT_decl_file
	.byte	81                              @ DW_AT_decl_line
	.byte	32                              @ DW_AT_data_member_location
	.byte	5                               @ Abbrev [5] 0x82:0xc DW_TAG_member
	.long	.Linfo_string21                 @ DW_AT_name
	.long	186                             @ DW_AT_type
	.byte	1                               @ DW_AT_decl_file
	.byte	83                              @ DW_AT_decl_line
	.byte	48                              @ DW_AT_data_member_location
	.byte	5                               @ Abbrev [5] 0x8e:0xc DW_TAG_member
	.long	.Linfo_string22                 @ DW_AT_name
	.long	186                             @ DW_AT_type
	.byte	1                               @ DW_AT_decl_file
	.byte	84                              @ DW_AT_decl_line
	.byte	52                              @ DW_AT_data_member_location
	.byte	5                               @ Abbrev [5] 0x9a:0xc DW_TAG_member
	.long	.Linfo_string23                 @ DW_AT_name
	.long	186                             @ DW_AT_type
	.byte	1                               @ DW_AT_decl_file
	.byte	85                              @ DW_AT_decl_line
	.byte	56                              @ DW_AT_data_member_location
	.byte	0                               @ End Of Children Mark
	.byte	6                               @ Abbrev [6] 0xa7:0x7 DW_TAG_base_type
	.long	.Linfo_string5                  @ DW_AT_name
	.byte	2                               @ DW_AT_encoding
	.byte	1                               @ DW_AT_byte_size
	.byte	7                               @ Abbrev [7] 0xae:0xc DW_TAG_array_type
	.long	186                             @ DW_AT_type
	.byte	8                               @ Abbrev [8] 0xb3:0x6 DW_TAG_subrange_type
	.long	193                             @ DW_AT_type
	.byte	3                               @ DW_AT_count
	.byte	0                               @ End Of Children Mark
	.byte	6                               @ Abbrev [6] 0xba:0x7 DW_TAG_base_type
	.long	.Linfo_string7                  @ DW_AT_name
	.byte	4                               @ DW_AT_encoding
	.byte	4                               @ DW_AT_byte_size
	.byte	9                               @ Abbrev [9] 0xc1:0x7 DW_TAG_base_type
	.long	.Linfo_string8                  @ DW_AT_name
	.byte	8                               @ DW_AT_byte_size
	.byte	7                               @ DW_AT_encoding
	.byte	3                               @ Abbrev [3] 0xc8:0xb DW_TAG_typedef
	.long	211                             @ DW_AT_type
	.long	.Linfo_string20                 @ DW_AT_name
	.byte	1                               @ DW_AT_decl_file
	.byte	70                              @ DW_AT_decl_line
	.byte	4                               @ Abbrev [4] 0xd3:0x59 DW_TAG_structure_type
	.byte	14                              @ DW_AT_byte_size
	.byte	1                               @ DW_AT_decl_file
	.byte	58                              @ DW_AT_decl_line
	.byte	5                               @ Abbrev [5] 0xd7:0xc DW_TAG_member
	.long	.Linfo_string12                 @ DW_AT_name
	.long	300                             @ DW_AT_type
	.byte	1                               @ DW_AT_decl_file
	.byte	60                              @ DW_AT_decl_line
	.byte	0                               @ DW_AT_data_member_location
	.byte	5                               @ Abbrev [5] 0xe3:0xc DW_TAG_member
	.long	.Linfo_string15                 @ DW_AT_name
	.long	300                             @ DW_AT_type
	.byte	1                               @ DW_AT_decl_file
	.byte	61                              @ DW_AT_decl_line
	.byte	2                               @ DW_AT_data_member_location
	.byte	5                               @ Abbrev [5] 0xef:0xc DW_TAG_member
	.long	.Linfo_string16                 @ DW_AT_name
	.long	300                             @ DW_AT_type
	.byte	1                               @ DW_AT_decl_file
	.byte	62                              @ DW_AT_decl_line
	.byte	4                               @ DW_AT_data_member_location
	.byte	5                               @ Abbrev [5] 0xfb:0xc DW_TAG_member
	.long	.Linfo_string17                 @ DW_AT_name
	.long	300                             @ DW_AT_type
	.byte	1                               @ DW_AT_decl_file
	.byte	64                              @ DW_AT_decl_line
	.byte	6                               @ DW_AT_data_member_location
	.byte	5                               @ Abbrev [5] 0x107:0xc DW_TAG_member
	.long	.Linfo_string18                 @ DW_AT_name
	.long	300                             @ DW_AT_type
	.byte	1                               @ DW_AT_decl_file
	.byte	65                              @ DW_AT_decl_line
	.byte	8                               @ DW_AT_data_member_location
	.byte	5                               @ Abbrev [5] 0x113:0xc DW_TAG_member
	.long	.Linfo_string19                 @ DW_AT_name
	.long	300                             @ DW_AT_type
	.byte	1                               @ DW_AT_decl_file
	.byte	66                              @ DW_AT_decl_line
	.byte	10                              @ DW_AT_data_member_location
	.byte	5                               @ Abbrev [5] 0x11f:0xc DW_TAG_member
	.long	.Linfo_string10                 @ DW_AT_name
	.long	300                             @ DW_AT_type
	.byte	1                               @ DW_AT_decl_file
	.byte	68                              @ DW_AT_decl_line
	.byte	12                              @ DW_AT_data_member_location
	.byte	0                               @ End Of Children Mark
	.byte	3                               @ Abbrev [3] 0x12c:0xb DW_TAG_typedef
	.long	311                             @ DW_AT_type
	.long	.Linfo_string14                 @ DW_AT_name
	.byte	2                               @ DW_AT_decl_file
	.byte	57                              @ DW_AT_decl_line
	.byte	6                               @ Abbrev [6] 0x137:0x7 DW_TAG_base_type
	.long	.Linfo_string13                 @ DW_AT_name
	.byte	5                               @ DW_AT_encoding
	.byte	2                               @ DW_AT_byte_size
	.byte	10                              @ Abbrev [10] 0x13e:0x11 DW_TAG_variable
	.long	.Linfo_string25                 @ DW_AT_name
	.long	335                             @ DW_AT_type
	.byte	3                               @ DW_AT_decl_file
	.byte	65                              @ DW_AT_decl_line
	.byte	5                               @ DW_AT_location
	.byte	3
	.long	Accel_Register_ConfigurationData_ErrorStatus
	.byte	7                               @ Abbrev [7] 0x14f:0x12 DW_TAG_array_type
	.long	353                             @ DW_AT_type
	.byte	8                               @ Abbrev [8] 0x154:0x6 DW_TAG_subrange_type
	.long	193                             @ DW_AT_type
	.byte	6                               @ DW_AT_count
	.byte	8                               @ Abbrev [8] 0x15a:0x6 DW_TAG_subrange_type
	.long	193                             @ DW_AT_type
	.byte	3                               @ DW_AT_count
	.byte	0                               @ End Of Children Mark
	.byte	3                               @ Abbrev [3] 0x161:0xb DW_TAG_typedef
	.long	364                             @ DW_AT_type
	.long	.Linfo_string27                 @ DW_AT_name
	.byte	2                               @ DW_AT_decl_file
	.byte	62                              @ DW_AT_decl_line
	.byte	6                               @ Abbrev [6] 0x16c:0x7 DW_TAG_base_type
	.long	.Linfo_string26                 @ DW_AT_name
	.byte	8                               @ DW_AT_encoding
	.byte	1                               @ DW_AT_byte_size
	.byte	10                              @ Abbrev [10] 0x173:0x11 DW_TAG_variable
	.long	.Linfo_string28                 @ DW_AT_name
	.long	335                             @ DW_AT_type
	.byte	3                               @ DW_AT_decl_file
	.byte	86                              @ DW_AT_decl_line
	.byte	5                               @ DW_AT_location
	.byte	3
	.long	Gyro_Register_ConfigurationData_ErrorStatus
	.byte	10                              @ Abbrev [10] 0x184:0x11 DW_TAG_variable
	.long	.Linfo_string29                 @ DW_AT_name
	.long	186                             @ DW_AT_type
	.byte	3                               @ DW_AT_decl_file
	.byte	57                              @ DW_AT_decl_line
	.byte	5                               @ DW_AT_location
	.byte	3
	.long	BMI088_ACCEL_SEN
	.byte	10                              @ Abbrev [10] 0x195:0x11 DW_TAG_variable
	.long	.Linfo_string30                 @ DW_AT_name
	.long	186                             @ DW_AT_type
	.byte	3                               @ DW_AT_decl_file
	.byte	60                              @ DW_AT_decl_line
	.byte	5                               @ DW_AT_location
	.byte	3
	.long	BMI088_GYRO_SEN
	.byte	11                              @ Abbrev [11] 0x1a6:0x71 DW_TAG_enumeration_type
	.long	364                             @ DW_AT_type
	.byte	1                               @ DW_AT_byte_size
	.byte	1                               @ DW_AT_decl_file
	.byte	36                              @ DW_AT_decl_line
	.byte	12                              @ Abbrev [12] 0x1ae:0x6 DW_TAG_enumerator
	.long	.Linfo_string31                 @ DW_AT_name
	.byte	0                               @ DW_AT_const_value
	.byte	12                              @ Abbrev [12] 0x1b4:0x6 DW_TAG_enumerator
	.long	.Linfo_string32                 @ DW_AT_name
	.byte	1                               @ DW_AT_const_value
	.byte	12                              @ Abbrev [12] 0x1ba:0x6 DW_TAG_enumerator
	.long	.Linfo_string33                 @ DW_AT_name
	.byte	2                               @ DW_AT_const_value
	.byte	12                              @ Abbrev [12] 0x1c0:0x6 DW_TAG_enumerator
	.long	.Linfo_string34                 @ DW_AT_name
	.byte	3                               @ DW_AT_const_value
	.byte	12                              @ Abbrev [12] 0x1c6:0x6 DW_TAG_enumerator
	.long	.Linfo_string35                 @ DW_AT_name
	.byte	4                               @ DW_AT_const_value
	.byte	12                              @ Abbrev [12] 0x1cc:0x6 DW_TAG_enumerator
	.long	.Linfo_string36                 @ DW_AT_name
	.byte	5                               @ DW_AT_const_value
	.byte	12                              @ Abbrev [12] 0x1d2:0x6 DW_TAG_enumerator
	.long	.Linfo_string37                 @ DW_AT_name
	.byte	6                               @ DW_AT_const_value
	.byte	12                              @ Abbrev [12] 0x1d8:0x6 DW_TAG_enumerator
	.long	.Linfo_string38                 @ DW_AT_name
	.byte	7                               @ DW_AT_const_value
	.byte	12                              @ Abbrev [12] 0x1de:0x6 DW_TAG_enumerator
	.long	.Linfo_string39                 @ DW_AT_name
	.byte	8                               @ DW_AT_const_value
	.byte	12                              @ Abbrev [12] 0x1e4:0x6 DW_TAG_enumerator
	.long	.Linfo_string40                 @ DW_AT_name
	.byte	9                               @ DW_AT_const_value
	.byte	12                              @ Abbrev [12] 0x1ea:0x6 DW_TAG_enumerator
	.long	.Linfo_string41                 @ DW_AT_name
	.byte	10                              @ DW_AT_const_value
	.byte	12                              @ Abbrev [12] 0x1f0:0x6 DW_TAG_enumerator
	.long	.Linfo_string42                 @ DW_AT_name
	.byte	11                              @ DW_AT_const_value
	.byte	12                              @ Abbrev [12] 0x1f6:0x6 DW_TAG_enumerator
	.long	.Linfo_string43                 @ DW_AT_name
	.byte	12                              @ DW_AT_const_value
	.byte	12                              @ Abbrev [12] 0x1fc:0x6 DW_TAG_enumerator
	.long	.Linfo_string44                 @ DW_AT_name
	.byte	13                              @ DW_AT_const_value
	.byte	12                              @ Abbrev [12] 0x202:0x7 DW_TAG_enumerator
	.long	.Linfo_string45                 @ DW_AT_name
	.ascii	"\200\001"                      @ DW_AT_const_value
	.byte	12                              @ Abbrev [12] 0x209:0x6 DW_TAG_enumerator
	.long	.Linfo_string46                 @ DW_AT_name
	.byte	64                              @ DW_AT_const_value
	.byte	12                              @ Abbrev [12] 0x20f:0x7 DW_TAG_enumerator
	.long	.Linfo_string47                 @ DW_AT_name
	.ascii	"\377\001"                      @ DW_AT_const_value
	.byte	0                               @ End Of Children Mark
	.byte	3                               @ Abbrev [3] 0x217:0xb DW_TAG_typedef
	.long	422                             @ DW_AT_type
	.long	.Linfo_string48                 @ DW_AT_name
	.byte	1                               @ DW_AT_decl_file
	.byte	56                              @ DW_AT_decl_line
	.byte	13                              @ Abbrev [13] 0x222:0x22 DW_TAG_subprogram
	.long	.Lfunc_begin0                   @ DW_AT_low_pc
	.long	.Lfunc_end0-.Lfunc_begin0       @ DW_AT_high_pc
	.byte	1                               @ DW_AT_frame_base
	.byte	93
	.long	.Linfo_string49                 @ DW_AT_name
	.byte	3                               @ DW_AT_decl_file
	.short	269                             @ DW_AT_decl_line
                                        @ DW_AT_prototyped
                                        @ DW_AT_external
	.byte	14                              @ Abbrev [14] 0x234:0xf DW_TAG_variable
	.byte	2                               @ DW_AT_location
	.byte	145
	.byte	7
	.long	.Linfo_string57                 @ DW_AT_name
	.byte	3                               @ DW_AT_decl_file
	.short	271                             @ DW_AT_decl_line
	.long	535                             @ DW_AT_type
	.byte	0                               @ End Of Children Mark
	.byte	15                              @ Abbrev [15] 0x244:0x3c DW_TAG_subprogram
	.long	.Lfunc_begin1                   @ DW_AT_low_pc
	.long	.Lfunc_end1-.Lfunc_begin1       @ DW_AT_high_pc
	.byte	1                               @ DW_AT_frame_base
	.byte	93
	.long	.Linfo_string50                 @ DW_AT_name
	.byte	3                               @ DW_AT_decl_file
	.byte	107                             @ DW_AT_decl_line
                                        @ DW_AT_prototyped
	.long	535                             @ DW_AT_type
	.byte	16                              @ Abbrev [16] 0x259:0xe DW_TAG_variable
	.byte	2                               @ DW_AT_location
	.byte	145
	.byte	30
	.long	.Linfo_string58                 @ DW_AT_name
	.byte	3                               @ DW_AT_decl_file
	.byte	110                             @ DW_AT_decl_line
	.long	353                             @ DW_AT_type
	.byte	17                              @ Abbrev [17] 0x267:0x18 DW_TAG_lexical_block
	.long	.Ltmp21                         @ DW_AT_low_pc
	.long	.Ltmp33-.Ltmp21                 @ DW_AT_high_pc
	.byte	16                              @ Abbrev [16] 0x270:0xe DW_TAG_variable
	.byte	2                               @ DW_AT_location
	.byte	145
	.byte	29
	.long	.Linfo_string59                 @ DW_AT_name
	.byte	3                               @ DW_AT_decl_file
	.byte	141                             @ DW_AT_decl_line
	.long	353                             @ DW_AT_type
	.byte	0                               @ End Of Children Mark
	.byte	0                               @ End Of Children Mark
	.byte	15                              @ Abbrev [15] 0x280:0x3c DW_TAG_subprogram
	.long	.Lfunc_begin2                   @ DW_AT_low_pc
	.long	.Lfunc_end2-.Lfunc_begin2       @ DW_AT_high_pc
	.byte	1                               @ DW_AT_frame_base
	.byte	93
	.long	.Linfo_string51                 @ DW_AT_name
	.byte	3                               @ DW_AT_decl_file
	.byte	164                             @ DW_AT_decl_line
                                        @ DW_AT_prototyped
	.long	535                             @ DW_AT_type
	.byte	16                              @ Abbrev [16] 0x295:0xe DW_TAG_variable
	.byte	2                               @ DW_AT_location
	.byte	145
	.byte	22
	.long	.Linfo_string58                 @ DW_AT_name
	.byte	3                               @ DW_AT_decl_file
	.byte	166                             @ DW_AT_decl_line
	.long	353                             @ DW_AT_type
	.byte	17                              @ Abbrev [17] 0x2a3:0x18 DW_TAG_lexical_block
	.long	.Ltmp50                         @ DW_AT_low_pc
	.long	.Ltmp62-.Ltmp50                 @ DW_AT_high_pc
	.byte	16                              @ Abbrev [16] 0x2ac:0xe DW_TAG_variable
	.byte	2                               @ DW_AT_location
	.byte	145
	.byte	21
	.long	.Linfo_string59                 @ DW_AT_name
	.byte	3                               @ DW_AT_decl_file
	.byte	197                             @ DW_AT_decl_line
	.long	353                             @ DW_AT_type
	.byte	0                               @ End Of Children Mark
	.byte	0                               @ End Of Children Mark
	.byte	18                              @ Abbrev [18] 0x2bc:0x20 DW_TAG_subprogram
	.long	.Lfunc_begin3                   @ DW_AT_low_pc
	.long	.Lfunc_end3-.Lfunc_begin3       @ DW_AT_high_pc
	.byte	1                               @ DW_AT_frame_base
	.byte	93
	.long	.Linfo_string52                 @ DW_AT_name
	.byte	3                               @ DW_AT_decl_file
	.byte	222                             @ DW_AT_decl_line
                                        @ DW_AT_prototyped
	.byte	19                              @ Abbrev [19] 0x2cd:0xe DW_TAG_formal_parameter
	.byte	2                               @ DW_AT_location
	.byte	145
	.byte	0
	.long	.Linfo_string3                  @ DW_AT_name
	.byte	3                               @ DW_AT_decl_file
	.byte	222                             @ DW_AT_decl_line
	.long	943                             @ DW_AT_type
	.byte	0                               @ End Of Children Mark
	.byte	13                              @ Abbrev [13] 0x2dc:0x31 DW_TAG_subprogram
	.long	.Lfunc_begin4                   @ DW_AT_low_pc
	.long	.Lfunc_end4-.Lfunc_begin4       @ DW_AT_high_pc
	.byte	1                               @ DW_AT_frame_base
	.byte	93
	.long	.Linfo_string53                 @ DW_AT_name
	.byte	3                               @ DW_AT_decl_file
	.short	288                             @ DW_AT_decl_line
                                        @ DW_AT_prototyped
                                        @ DW_AT_external
	.byte	20                              @ Abbrev [20] 0x2ee:0xf DW_TAG_formal_parameter
	.byte	2                               @ DW_AT_location
	.byte	145
	.byte	12
	.long	.Linfo_string3                  @ DW_AT_name
	.byte	3                               @ DW_AT_decl_file
	.short	288                             @ DW_AT_decl_line
	.long	943                             @ DW_AT_type
	.byte	14                              @ Abbrev [14] 0x2fd:0xf DW_TAG_variable
	.byte	2                               @ DW_AT_location
	.byte	145
	.byte	4
	.long	.Linfo_string60                 @ DW_AT_name
	.byte	3                               @ DW_AT_decl_file
	.short	290                             @ DW_AT_decl_line
	.long	948                             @ DW_AT_type
	.byte	0                               @ End Of Children Mark
	.byte	21                              @ Abbrev [21] 0x30d:0x40 DW_TAG_subprogram
	.long	.Lfunc_begin5                   @ DW_AT_low_pc
	.long	.Lfunc_end5-.Lfunc_begin5       @ DW_AT_high_pc
	.byte	1                               @ DW_AT_frame_base
	.byte	93
	.long	.Linfo_string54                 @ DW_AT_name
	.byte	3                               @ DW_AT_decl_file
	.short	344                             @ DW_AT_decl_line
                                        @ DW_AT_prototyped
	.byte	20                              @ Abbrev [20] 0x31f:0xf DW_TAG_formal_parameter
	.byte	2                               @ DW_AT_location
	.byte	145
	.byte	15
	.long	.Linfo_string61                 @ DW_AT_name
	.byte	3                               @ DW_AT_decl_file
	.short	344                             @ DW_AT_decl_line
	.long	353                             @ DW_AT_type
	.byte	20                              @ Abbrev [20] 0x32e:0xf DW_TAG_formal_parameter
	.byte	2                               @ DW_AT_location
	.byte	145
	.byte	8
	.long	.Linfo_string60                 @ DW_AT_name
	.byte	3                               @ DW_AT_decl_file
	.short	344                             @ DW_AT_decl_line
	.long	960                             @ DW_AT_type
	.byte	20                              @ Abbrev [20] 0x33d:0xf DW_TAG_formal_parameter
	.byte	2                               @ DW_AT_location
	.byte	145
	.byte	7
	.long	.Linfo_string62                 @ DW_AT_name
	.byte	3                               @ DW_AT_decl_file
	.short	344                             @ DW_AT_decl_line
	.long	353                             @ DW_AT_type
	.byte	0                               @ End Of Children Mark
	.byte	21                              @ Abbrev [21] 0x34d:0x31 DW_TAG_subprogram
	.long	.Lfunc_begin6                   @ DW_AT_low_pc
	.long	.Lfunc_end6-.Lfunc_begin6       @ DW_AT_high_pc
	.byte	1                               @ DW_AT_frame_base
	.byte	93
	.long	.Linfo_string55                 @ DW_AT_name
	.byte	3                               @ DW_AT_decl_file
	.short	328                             @ DW_AT_decl_line
                                        @ DW_AT_prototyped
	.byte	20                              @ Abbrev [20] 0x35f:0xf DW_TAG_formal_parameter
	.byte	2                               @ DW_AT_location
	.byte	145
	.byte	7
	.long	.Linfo_string61                 @ DW_AT_name
	.byte	3                               @ DW_AT_decl_file
	.short	328                             @ DW_AT_decl_line
	.long	353                             @ DW_AT_type
	.byte	20                              @ Abbrev [20] 0x36e:0xf DW_TAG_formal_parameter
	.byte	2                               @ DW_AT_location
	.byte	145
	.byte	6
	.long	.Linfo_string63                 @ DW_AT_name
	.byte	3                               @ DW_AT_decl_file
	.short	328                             @ DW_AT_decl_line
	.long	353                             @ DW_AT_type
	.byte	0                               @ End Of Children Mark
	.byte	21                              @ Abbrev [21] 0x37e:0x31 DW_TAG_subprogram
	.long	.Lfunc_begin7                   @ DW_AT_low_pc
	.long	.Lfunc_end7-.Lfunc_begin7       @ DW_AT_high_pc
	.byte	1                               @ DW_AT_frame_base
	.byte	93
	.long	.Linfo_string56                 @ DW_AT_name
	.byte	3                               @ DW_AT_decl_file
	.short	336                             @ DW_AT_decl_line
                                        @ DW_AT_prototyped
	.byte	20                              @ Abbrev [20] 0x390:0xf DW_TAG_formal_parameter
	.byte	2                               @ DW_AT_location
	.byte	145
	.byte	7
	.long	.Linfo_string61                 @ DW_AT_name
	.byte	3                               @ DW_AT_decl_file
	.short	336                             @ DW_AT_decl_line
	.long	353                             @ DW_AT_type
	.byte	20                              @ Abbrev [20] 0x39f:0xf DW_TAG_formal_parameter
	.byte	2                               @ DW_AT_location
	.byte	145
	.byte	0
	.long	.Linfo_string64                 @ DW_AT_name
	.byte	3                               @ DW_AT_decl_file
	.short	336                             @ DW_AT_decl_line
	.long	960                             @ DW_AT_type
	.byte	0                               @ End Of Children Mark
	.byte	22                              @ Abbrev [22] 0x3af:0x5 DW_TAG_pointer_type
	.long	55                              @ DW_AT_type
	.byte	7                               @ Abbrev [7] 0x3b4:0xc DW_TAG_array_type
	.long	353                             @ DW_AT_type
	.byte	8                               @ Abbrev [8] 0x3b9:0x6 DW_TAG_subrange_type
	.long	193                             @ DW_AT_type
	.byte	8                               @ DW_AT_count
	.byte	0                               @ End Of Children Mark
	.byte	22                              @ Abbrev [22] 0x3c0:0x5 DW_TAG_pointer_type
	.long	353                             @ DW_AT_type
	.byte	0                               @ End Of Children Mark
.Ldebug_info_end0:
	.section	.debug_ranges,"",%progbits
.Ldebug_ranges0:
	.long	.Lfunc_begin0
	.long	.Lfunc_end0
	.long	.Lfunc_begin1
	.long	.Lfunc_end1
	.long	.Lfunc_begin2
	.long	.Lfunc_end2
	.long	.Lfunc_begin3
	.long	.Lfunc_end3
	.long	.Lfunc_begin4
	.long	.Lfunc_end4
	.long	.Lfunc_begin5
	.long	.Lfunc_end5
	.long	.Lfunc_begin6
	.long	.Lfunc_end6
	.long	.Lfunc_begin7
	.long	.Lfunc_end7
	.long	0
	.long	0
	.section	.debug_str,"MS",%progbits,1
.Linfo_string0:
	.asciz	"Component: Arm Compiler for Embedded 6.24 Tool: armclang [5f371800]" @ string offset=0
.Linfo_string1:
	.asciz	"../Device/Src\\Bmi088.c"       @ string offset=68
.Linfo_string2:
	.asciz	"D:\\stm32_project\\daily_work\\new_bubing\\cod_update_2.0\\COD_H7_Template\\MDK-ARM" @ string offset=91
.Linfo_string3:
	.asciz	"BMI088_Info"                   @ string offset=169
.Linfo_string4:
	.asciz	"Offsets_Init"                  @ string offset=181
.Linfo_string5:
	.asciz	"_Bool"                         @ string offset=194
.Linfo_string6:
	.asciz	"Accel"                         @ string offset=200
.Linfo_string7:
	.asciz	"float"                         @ string offset=206
.Linfo_string8:
	.asciz	"__ARRAY_SIZE_TYPE__"           @ string offset=212
.Linfo_string9:
	.asciz	"Gyro"                          @ string offset=232
.Linfo_string10:
	.asciz	"Temperature"                   @ string offset=237
.Linfo_string11:
	.asciz	"MPU_Info"                      @ string offset=249
.Linfo_string12:
	.asciz	"Accel_X"                       @ string offset=258
.Linfo_string13:
	.asciz	"short"                         @ string offset=266
.Linfo_string14:
	.asciz	"int16_t"                       @ string offset=272
.Linfo_string15:
	.asciz	"Accel_Y"                       @ string offset=280
.Linfo_string16:
	.asciz	"Accel_Z"                       @ string offset=288
.Linfo_string17:
	.asciz	"Gyro_X"                        @ string offset=296
.Linfo_string18:
	.asciz	"Gyro_Y"                        @ string offset=303
.Linfo_string19:
	.asciz	"Gyro_Z"                        @ string offset=310
.Linfo_string20:
	.asciz	"MPU_Info_Typedef"              @ string offset=317
.Linfo_string21:
	.asciz	"Offsets_Gyro_X"                @ string offset=334
.Linfo_string22:
	.asciz	"Offsets_Gyro_Y"                @ string offset=349
.Linfo_string23:
	.asciz	"Offsets_Gyro_Z"                @ string offset=364
.Linfo_string24:
	.asciz	"BMI088_Info_Typedef"           @ string offset=379
.Linfo_string25:
	.asciz	"Accel_Register_ConfigurationData_ErrorStatus" @ string offset=399
.Linfo_string26:
	.asciz	"unsigned char"                 @ string offset=444
.Linfo_string27:
	.asciz	"uint8_t"                       @ string offset=458
.Linfo_string28:
	.asciz	"Gyro_Register_ConfigurationData_ErrorStatus" @ string offset=466
.Linfo_string29:
	.asciz	"BMI088_ACCEL_SEN"              @ string offset=510
.Linfo_string30:
	.asciz	"BMI088_GYRO_SEN"               @ string offset=527
.Linfo_string31:
	.asciz	"BMI088_NO_ERROR"               @ string offset=543
.Linfo_string32:
	.asciz	"BMI088_ACCEL_PWR_CTRL_ERROR"   @ string offset=559
.Linfo_string33:
	.asciz	"BMI088_ACCEL_PWR_CONF_ERROR"   @ string offset=587
.Linfo_string34:
	.asciz	"BMI088_ACCEL_CONF_ERROR"       @ string offset=615
.Linfo_string35:
	.asciz	"BMI088_ACCEL_SELF_TEST_ERROR"  @ string offset=639
.Linfo_string36:
	.asciz	"BMI088_ACCEL_RANGE_ERROR"      @ string offset=668
.Linfo_string37:
	.asciz	"BMI088_INT1_IO_CTRL_ERROR"     @ string offset=693
.Linfo_string38:
	.asciz	"BMI088_INT_MAP_DATA_ERROR"     @ string offset=719
.Linfo_string39:
	.asciz	"BMI088_GYRO_RANGE_ERROR"       @ string offset=745
.Linfo_string40:
	.asciz	"BMI088_GYRO_BANDWIDTH_ERROR"   @ string offset=769
.Linfo_string41:
	.asciz	"BMI088_GYRO_LPM1_ERROR"        @ string offset=797
.Linfo_string42:
	.asciz	"BMI088_GYRO_CTRL_ERROR"        @ string offset=820
.Linfo_string43:
	.asciz	"BMI088_GYRO_INT3_INT4_IO_CONF_ERROR" @ string offset=843
.Linfo_string44:
	.asciz	"BMI088_GYRO_INT3_INT4_IO_MAP_ERROR" @ string offset=879
.Linfo_string45:
	.asciz	"BMI088_SELF_TEST_ACCEL_ERROR"  @ string offset=914
.Linfo_string46:
	.asciz	"BMI088_SELF_TEST_GYRO_ERROR"   @ string offset=943
.Linfo_string47:
	.asciz	"BMI088_NO_SENSOR"              @ string offset=971
.Linfo_string48:
	.asciz	"BMI088_Status_e"               @ string offset=988
.Linfo_string49:
	.asciz	"BMI088_Init"                   @ string offset=1004
.Linfo_string50:
	.asciz	"BMI088_Accel_Init"             @ string offset=1016
.Linfo_string51:
	.asciz	"BMI088_Gyro_Init"              @ string offset=1034
.Linfo_string52:
	.asciz	"BMI088_Offset_Update"          @ string offset=1051
.Linfo_string53:
	.asciz	"BMI088_Info_Update"            @ string offset=1072
.Linfo_string54:
	.asciz	"BMI088_Read_Multi_Reg"         @ string offset=1091
.Linfo_string55:
	.asciz	"BMI088_Write_Single_Reg"       @ string offset=1113
.Linfo_string56:
	.asciz	"BMI088_Read_Single_Reg"        @ string offset=1137
.Linfo_string57:
	.asciz	"status"                        @ string offset=1160
.Linfo_string58:
	.asciz	"res"                           @ string offset=1167
.Linfo_string59:
	.asciz	"write_reg_num"                 @ string offset=1171
.Linfo_string60:
	.asciz	"buf"                           @ string offset=1185
.Linfo_string61:
	.asciz	"reg"                           @ string offset=1189
.Linfo_string62:
	.asciz	"len"                           @ string offset=1193
.Linfo_string63:
	.asciz	"data"                          @ string offset=1197
.Linfo_string64:
	.asciz	"return_data"                   @ string offset=1202
	.ident	"Component: Arm Compiler for Embedded 6.24 Tool: armclang [5f371800]"
	.section	".note.GNU-stack","",%progbits
	.eabi_attribute	30, 6	@ Tag_ABI_optimization_goals
	.ARM_attribute	16, 1	@ Tag_AV_eba
	.section	.debug_line,"",%progbits
.Lline_table_start0:
