	.text
	.syntax unified
	.eabi_attribute	67, "2.09"	@ Tag_conformance
	.cpu	cortex-m7
	.eabi_attribute	6, 13	@ Tag_CPU_arch
	.eabi_attribute	7, 77	@ Tag_CPU_arch_profile
	.eabi_attribute	8, 0	@ Tag_ARM_ISA_use
	.eabi_attribute	9, 2	@ Tag_THUMB_ISA_use
	.fpu	fpv5-d16
	.eabi_attribute	36, 1	@ Tag_FP_HP_extension
	.eabi_attribute	34, 1	@ Tag_CPU_unaligned_access
	.eabi_attribute	17, 1	@ Tag_ABI_PCS_GOT_use
	.eabi_attribute	20, 2	@ Tag_ABI_FP_denormal
	.eabi_attribute	21, 0	@ Tag_ABI_FP_exceptions
	.eabi_attribute	23, 1	@ Tag_ABI_FP_number_model
	.eabi_attribute	24, 1	@ Tag_ABI_align_needed
	.eabi_attribute	25, 1	@ Tag_ABI_align_preserved
	.eabi_attribute	28, 1	@ Tag_ABI_VFP_args
	.eabi_attribute	38, 1	@ Tag_ABI_FP_16bit_format
	.eabi_attribute	18, 2	@ Tag_ABI_PCS_wchar_t
	.eabi_attribute	26, 1	@ Tag_ABI_enum_size
	.eabi_attribute	14, 0	@ Tag_ABI_PCS_R9_use
	.file	"bsp_pwm.c"
	.file	1 "D:\\stm32_project\\daily_work\\new_bubing\\cod_update_2.0\\COD_H7_Template\\MDK-ARM" "../Drivers/STM32H7xx_HAL_Driver/Inc\\stm32h7xx_hal_tim.h"
	.file	2 "D:\\stm32_project\\daily_work\\new_bubing\\cod_update_2.0\\COD_H7_Template\\MDK-ARM" "../Drivers/STM32H7xx_HAL_Driver/Inc\\stm32h7xx_hal_def.h"
	.file	3 "D:\\stm32_project\\daily_work\\new_bubing\\cod_update_2.0\\COD_H7_Template\\MDK-ARM" "../Drivers/STM32H7xx_HAL_Driver/Inc\\stm32h7xx_hal_dma.h"
	.section	.text.BSP_PWM_Init,"ax",%progbits
	.hidden	BSP_PWM_Init                    @ -- Begin function BSP_PWM_Init
	.globl	BSP_PWM_Init
	.p2align	3
	.type	BSP_PWM_Init,%function
	.code	16                              @ @BSP_PWM_Init
	.thumb_func
BSP_PWM_Init:
.Lfunc_begin0:
	.file	4 "D:\\stm32_project\\daily_work\\new_bubing\\cod_update_2.0\\COD_H7_Template\\MDK-ARM" "../BSP/Src/bsp_pwm.c"
	.loc	4 25 0                          @ ../BSP/Src/bsp_pwm.c:25:0
	.fnstart
	.cfi_sections .debug_frame
	.cfi_startproc
@ %bb.0:
	.save	{r7, lr}
	push	{r7, lr}
	.cfi_def_cfa_offset 8
	.cfi_offset lr, -4
	.cfi_offset r7, -8
.Ltmp0:
	.loc	4 27 2 prologue_end             @ ../BSP/Src/bsp_pwm.c:27:2
	movw	r0, :lower16:htim3
	movt	r0, :upper16:htim3
	movs	r1, #12
	bl	HAL_TIM_PWM_Start
	.loc	4 28 1 epilogue_begin           @ ../BSP/Src/bsp_pwm.c:28:1
	pop	{r7, pc}
.Ltmp1:
.Lfunc_end0:
	.size	BSP_PWM_Init, .Lfunc_end0-BSP_PWM_Init
	.cfi_endproc
	.cantunwind
	.fnend
                                        @ -- End function
	.section	.text.Heat_Power_Control,"ax",%progbits
	.hidden	Heat_Power_Control              @ -- Begin function Heat_Power_Control
	.globl	Heat_Power_Control
	.p2align	3
	.type	Heat_Power_Control,%function
	.code	16                              @ @Heat_Power_Control
	.thumb_func
Heat_Power_Control:
.Lfunc_begin1:
	.loc	4 37 0                          @ ../BSP/Src/bsp_pwm.c:37:0
	.fnstart
	.cfi_startproc
@ %bb.0:
	.save	{r7, lr}
	push	{r7, lr}
	.cfi_def_cfa_offset 8
	.cfi_offset lr, -4
	.cfi_offset r7, -8
	.pad	#8
	sub	sp, #8
	.cfi_def_cfa_offset 16
                                        @ kill: def $r1 killed $r0
	strh.w	r0, [sp, #6]
.Ltmp2:
	.loc	4 38 46 prologue_end            @ ../BSP/Src/bsp_pwm.c:38:46
	ldrh.w	r2, [sp, #6]
	.loc	4 38 5 is_stmt 0                @ ../BSP/Src/bsp_pwm.c:38:5
	movw	r0, :lower16:htim3
	movt	r0, :upper16:htim3
	movs	r1, #12
	bl	USER_Tim_SetCompare
	.loc	4 39 1 epilogue_begin is_stmt 1 @ ../BSP/Src/bsp_pwm.c:39:1
	add	sp, #8
	pop	{r7, pc}
.Ltmp3:
.Lfunc_end1:
	.size	Heat_Power_Control, .Lfunc_end1-Heat_Power_Control
	.cfi_endproc
	.cantunwind
	.fnend
                                        @ -- End function
	.section	.text.USER_Tim_SetCompare,"ax",%progbits
	.hidden	USER_Tim_SetCompare             @ -- Begin function USER_Tim_SetCompare
	.globl	USER_Tim_SetCompare
	.p2align	3
	.type	USER_Tim_SetCompare,%function
	.code	16                              @ @USER_Tim_SetCompare
	.thumb_func
USER_Tim_SetCompare:
.Lfunc_begin2:
	.loc	4 55 0                          @ ../BSP/Src/bsp_pwm.c:55:0
	.fnstart
	.cfi_startproc
@ %bb.0:
	.pad	#16
	sub	sp, #16
	.cfi_def_cfa_offset 16
                                        @ kill: def $r3 killed $r2
	str	r0, [sp, #12]
	str	r1, [sp, #8]
	strh.w	r2, [sp, #6]
.Ltmp4:
	.loc	4 56 11 prologue_end            @ ../BSP/Src/bsp_pwm.c:56:11
	ldr	r0, [sp, #8]
	.loc	4 56 3 is_stmt 0                @ ../BSP/Src/bsp_pwm.c:56:3
	str	r0, [sp]                        @ 4-byte Spill
	cmp	r0, #12
	bhi	.LBB2_7
@ %bb.1:
	ldr	r1, [sp]                        @ 4-byte Reload
.LCPI2_0:
	tbb	[pc, r1]
@ %bb.2:
	.loc	4 0 3                           @ ../BSP/Src/bsp_pwm.c:0:3
.LJTI2_0:
	.byte	(.LBB2_3-(.LCPI2_0+4))/2
	.byte	(.LBB2_7-(.LCPI2_0+4))/2
	.byte	(.LBB2_7-(.LCPI2_0+4))/2
	.byte	(.LBB2_7-(.LCPI2_0+4))/2
	.byte	(.LBB2_4-(.LCPI2_0+4))/2
	.byte	(.LBB2_7-(.LCPI2_0+4))/2
	.byte	(.LBB2_7-(.LCPI2_0+4))/2
	.byte	(.LBB2_7-(.LCPI2_0+4))/2
	.byte	(.LBB2_5-(.LCPI2_0+4))/2
	.byte	(.LBB2_7-(.LCPI2_0+4))/2
	.byte	(.LBB2_7-(.LCPI2_0+4))/2
	.byte	(.LBB2_7-(.LCPI2_0+4))/2
	.byte	(.LBB2_6-(.LCPI2_0+4))/2
	.p2align	1
.LBB2_3:
.Ltmp5:
	.loc	4 59 30 is_stmt 1               @ ../BSP/Src/bsp_pwm.c:59:30
	ldrh.w	r0, [sp, #6]
	.loc	4 59 7 is_stmt 0                @ ../BSP/Src/bsp_pwm.c:59:7
	ldr	r1, [sp, #12]
	.loc	4 59 13                         @ ../BSP/Src/bsp_pwm.c:59:13
	ldr	r1, [r1]
	.loc	4 59 28                         @ ../BSP/Src/bsp_pwm.c:59:28
	str	r0, [r1, #52]
	.loc	4 60 5 is_stmt 1                @ ../BSP/Src/bsp_pwm.c:60:5
	b	.LBB2_8
.LBB2_4:
	.loc	4 63 30                         @ ../BSP/Src/bsp_pwm.c:63:30
	ldrh.w	r0, [sp, #6]
	.loc	4 63 7 is_stmt 0                @ ../BSP/Src/bsp_pwm.c:63:7
	ldr	r1, [sp, #12]
	.loc	4 63 13                         @ ../BSP/Src/bsp_pwm.c:63:13
	ldr	r1, [r1]
	.loc	4 63 28                         @ ../BSP/Src/bsp_pwm.c:63:28
	str	r0, [r1, #56]
	.loc	4 64 5 is_stmt 1                @ ../BSP/Src/bsp_pwm.c:64:5
	b	.LBB2_8
.LBB2_5:
	.loc	4 67 30                         @ ../BSP/Src/bsp_pwm.c:67:30
	ldrh.w	r0, [sp, #6]
	.loc	4 67 7 is_stmt 0                @ ../BSP/Src/bsp_pwm.c:67:7
	ldr	r1, [sp, #12]
	.loc	4 67 13                         @ ../BSP/Src/bsp_pwm.c:67:13
	ldr	r1, [r1]
	.loc	4 67 28                         @ ../BSP/Src/bsp_pwm.c:67:28
	str	r0, [r1, #60]
	.loc	4 68 5 is_stmt 1                @ ../BSP/Src/bsp_pwm.c:68:5
	b	.LBB2_8
.LBB2_6:
	.loc	4 71 30                         @ ../BSP/Src/bsp_pwm.c:71:30
	ldrh.w	r0, [sp, #6]
	.loc	4 71 7 is_stmt 0                @ ../BSP/Src/bsp_pwm.c:71:7
	ldr	r1, [sp, #12]
	.loc	4 71 13                         @ ../BSP/Src/bsp_pwm.c:71:13
	ldr	r1, [r1]
	.loc	4 71 28                         @ ../BSP/Src/bsp_pwm.c:71:28
	str	r0, [r1, #64]
	.loc	4 72 5 is_stmt 1                @ ../BSP/Src/bsp_pwm.c:72:5
	b	.LBB2_8
.LBB2_7:
	.loc	4 74 13                         @ ../BSP/Src/bsp_pwm.c:74:13
	b	.LBB2_8
.Ltmp6:
.LBB2_8:
	.loc	4 76 1 epilogue_begin           @ ../BSP/Src/bsp_pwm.c:76:1
	add	sp, #16
	bx	lr
.Ltmp7:
.Lfunc_end2:
	.size	USER_Tim_SetCompare, .Lfunc_end2-USER_Tim_SetCompare
	.cfi_endproc
	.cantunwind
	.fnend
                                        @ -- End function
	.file	5 "D:\\keil5_app\\Keil_v5\\ARM\\ARMCLANG\\bin\\..\\include" "stdint.h"
	.file	6 "D:\\stm32_project\\daily_work\\new_bubing\\cod_update_2.0\\COD_H7_Template\\MDK-ARM" "../Drivers/CMSIS/Device/ST/STM32H7xx/Include\\stm32h723xx.h"
	.section	.debug_abbrev,"",%progbits
	.byte	1                               @ Abbreviation Code
	.byte	17                              @ DW_TAG_compile_unit
	.byte	1                               @ DW_CHILDREN_yes
	.byte	37                              @ DW_AT_producer
	.byte	14                              @ DW_FORM_strp
	.byte	19                              @ DW_AT_language
	.byte	5                               @ DW_FORM_data2
	.byte	3                               @ DW_AT_name
	.byte	14                              @ DW_FORM_strp
	.byte	16                              @ DW_AT_stmt_list
	.byte	23                              @ DW_FORM_sec_offset
	.byte	27                              @ DW_AT_comp_dir
	.byte	14                              @ DW_FORM_strp
	.byte	17                              @ DW_AT_low_pc
	.byte	1                               @ DW_FORM_addr
	.byte	85                              @ DW_AT_ranges
	.byte	23                              @ DW_FORM_sec_offset
	.byte	0                               @ EOM(1)
	.byte	0                               @ EOM(2)
	.byte	2                               @ Abbreviation Code
	.byte	4                               @ DW_TAG_enumeration_type
	.byte	1                               @ DW_CHILDREN_yes
	.byte	73                              @ DW_AT_type
	.byte	19                              @ DW_FORM_ref4
	.byte	11                              @ DW_AT_byte_size
	.byte	11                              @ DW_FORM_data1
	.byte	58                              @ DW_AT_decl_file
	.byte	11                              @ DW_FORM_data1
	.byte	59                              @ DW_AT_decl_line
	.byte	5                               @ DW_FORM_data2
	.byte	0                               @ EOM(1)
	.byte	0                               @ EOM(2)
	.byte	3                               @ Abbreviation Code
	.byte	40                              @ DW_TAG_enumerator
	.byte	0                               @ DW_CHILDREN_no
	.byte	3                               @ DW_AT_name
	.byte	14                              @ DW_FORM_strp
	.byte	28                              @ DW_AT_const_value
	.byte	15                              @ DW_FORM_udata
	.byte	0                               @ EOM(1)
	.byte	0                               @ EOM(2)
	.byte	4                               @ Abbreviation Code
	.byte	36                              @ DW_TAG_base_type
	.byte	0                               @ DW_CHILDREN_no
	.byte	3                               @ DW_AT_name
	.byte	14                              @ DW_FORM_strp
	.byte	62                              @ DW_AT_encoding
	.byte	11                              @ DW_FORM_data1
	.byte	11                              @ DW_AT_byte_size
	.byte	11                              @ DW_FORM_data1
	.byte	0                               @ EOM(1)
	.byte	0                               @ EOM(2)
	.byte	5                               @ Abbreviation Code
	.byte	4                               @ DW_TAG_enumeration_type
	.byte	1                               @ DW_CHILDREN_yes
	.byte	73                              @ DW_AT_type
	.byte	19                              @ DW_FORM_ref4
	.byte	11                              @ DW_AT_byte_size
	.byte	11                              @ DW_FORM_data1
	.byte	58                              @ DW_AT_decl_file
	.byte	11                              @ DW_FORM_data1
	.byte	59                              @ DW_AT_decl_line
	.byte	11                              @ DW_FORM_data1
	.byte	0                               @ EOM(1)
	.byte	0                               @ EOM(2)
	.byte	6                               @ Abbreviation Code
	.byte	46                              @ DW_TAG_subprogram
	.byte	0                               @ DW_CHILDREN_no
	.byte	17                              @ DW_AT_low_pc
	.byte	1                               @ DW_FORM_addr
	.byte	18                              @ DW_AT_high_pc
	.byte	6                               @ DW_FORM_data4
	.byte	64                              @ DW_AT_frame_base
	.byte	24                              @ DW_FORM_exprloc
	.byte	3                               @ DW_AT_name
	.byte	14                              @ DW_FORM_strp
	.byte	58                              @ DW_AT_decl_file
	.byte	11                              @ DW_FORM_data1
	.byte	59                              @ DW_AT_decl_line
	.byte	11                              @ DW_FORM_data1
	.byte	39                              @ DW_AT_prototyped
	.byte	25                              @ DW_FORM_flag_present
	.byte	63                              @ DW_AT_external
	.byte	25                              @ DW_FORM_flag_present
	.byte	0                               @ EOM(1)
	.byte	0                               @ EOM(2)
	.byte	7                               @ Abbreviation Code
	.byte	46                              @ DW_TAG_subprogram
	.byte	1                               @ DW_CHILDREN_yes
	.byte	17                              @ DW_AT_low_pc
	.byte	1                               @ DW_FORM_addr
	.byte	18                              @ DW_AT_high_pc
	.byte	6                               @ DW_FORM_data4
	.byte	64                              @ DW_AT_frame_base
	.byte	24                              @ DW_FORM_exprloc
	.byte	3                               @ DW_AT_name
	.byte	14                              @ DW_FORM_strp
	.byte	58                              @ DW_AT_decl_file
	.byte	11                              @ DW_FORM_data1
	.byte	59                              @ DW_AT_decl_line
	.byte	11                              @ DW_FORM_data1
	.byte	39                              @ DW_AT_prototyped
	.byte	25                              @ DW_FORM_flag_present
	.byte	63                              @ DW_AT_external
	.byte	25                              @ DW_FORM_flag_present
	.byte	0                               @ EOM(1)
	.byte	0                               @ EOM(2)
	.byte	8                               @ Abbreviation Code
	.byte	5                               @ DW_TAG_formal_parameter
	.byte	0                               @ DW_CHILDREN_no
	.byte	2                               @ DW_AT_location
	.byte	24                              @ DW_FORM_exprloc
	.byte	3                               @ DW_AT_name
	.byte	14                              @ DW_FORM_strp
	.byte	58                              @ DW_AT_decl_file
	.byte	11                              @ DW_FORM_data1
	.byte	59                              @ DW_AT_decl_line
	.byte	11                              @ DW_FORM_data1
	.byte	73                              @ DW_AT_type
	.byte	19                              @ DW_FORM_ref4
	.byte	0                               @ EOM(1)
	.byte	0                               @ EOM(2)
	.byte	9                               @ Abbreviation Code
	.byte	22                              @ DW_TAG_typedef
	.byte	0                               @ DW_CHILDREN_no
	.byte	73                              @ DW_AT_type
	.byte	19                              @ DW_FORM_ref4
	.byte	3                               @ DW_AT_name
	.byte	14                              @ DW_FORM_strp
	.byte	58                              @ DW_AT_decl_file
	.byte	11                              @ DW_FORM_data1
	.byte	59                              @ DW_AT_decl_line
	.byte	11                              @ DW_FORM_data1
	.byte	0                               @ EOM(1)
	.byte	0                               @ EOM(2)
	.byte	10                              @ Abbreviation Code
	.byte	15                              @ DW_TAG_pointer_type
	.byte	0                               @ DW_CHILDREN_no
	.byte	73                              @ DW_AT_type
	.byte	19                              @ DW_FORM_ref4
	.byte	0                               @ EOM(1)
	.byte	0                               @ EOM(2)
	.byte	11                              @ Abbreviation Code
	.byte	22                              @ DW_TAG_typedef
	.byte	0                               @ DW_CHILDREN_no
	.byte	73                              @ DW_AT_type
	.byte	19                              @ DW_FORM_ref4
	.byte	3                               @ DW_AT_name
	.byte	14                              @ DW_FORM_strp
	.byte	58                              @ DW_AT_decl_file
	.byte	11                              @ DW_FORM_data1
	.byte	59                              @ DW_AT_decl_line
	.byte	5                               @ DW_FORM_data2
	.byte	0                               @ EOM(1)
	.byte	0                               @ EOM(2)
	.byte	12                              @ Abbreviation Code
	.byte	19                              @ DW_TAG_structure_type
	.byte	1                               @ DW_CHILDREN_yes
	.byte	11                              @ DW_AT_byte_size
	.byte	11                              @ DW_FORM_data1
	.byte	58                              @ DW_AT_decl_file
	.byte	11                              @ DW_FORM_data1
	.byte	59                              @ DW_AT_decl_line
	.byte	5                               @ DW_FORM_data2
	.byte	0                               @ EOM(1)
	.byte	0                               @ EOM(2)
	.byte	13                              @ Abbreviation Code
	.byte	13                              @ DW_TAG_member
	.byte	0                               @ DW_CHILDREN_no
	.byte	3                               @ DW_AT_name
	.byte	14                              @ DW_FORM_strp
	.byte	73                              @ DW_AT_type
	.byte	19                              @ DW_FORM_ref4
	.byte	58                              @ DW_AT_decl_file
	.byte	11                              @ DW_FORM_data1
	.byte	59                              @ DW_AT_decl_line
	.byte	5                               @ DW_FORM_data2
	.byte	56                              @ DW_AT_data_member_location
	.byte	11                              @ DW_FORM_data1
	.byte	0                               @ EOM(1)
	.byte	0                               @ EOM(2)
	.byte	14                              @ Abbreviation Code
	.byte	53                              @ DW_TAG_volatile_type
	.byte	0                               @ DW_CHILDREN_no
	.byte	73                              @ DW_AT_type
	.byte	19                              @ DW_FORM_ref4
	.byte	0                               @ EOM(1)
	.byte	0                               @ EOM(2)
	.byte	15                              @ Abbreviation Code
	.byte	19                              @ DW_TAG_structure_type
	.byte	1                               @ DW_CHILDREN_yes
	.byte	11                              @ DW_AT_byte_size
	.byte	11                              @ DW_FORM_data1
	.byte	58                              @ DW_AT_decl_file
	.byte	11                              @ DW_FORM_data1
	.byte	59                              @ DW_AT_decl_line
	.byte	11                              @ DW_FORM_data1
	.byte	0                               @ EOM(1)
	.byte	0                               @ EOM(2)
	.byte	16                              @ Abbreviation Code
	.byte	13                              @ DW_TAG_member
	.byte	0                               @ DW_CHILDREN_no
	.byte	3                               @ DW_AT_name
	.byte	14                              @ DW_FORM_strp
	.byte	73                              @ DW_AT_type
	.byte	19                              @ DW_FORM_ref4
	.byte	58                              @ DW_AT_decl_file
	.byte	11                              @ DW_FORM_data1
	.byte	59                              @ DW_AT_decl_line
	.byte	11                              @ DW_FORM_data1
	.byte	56                              @ DW_AT_data_member_location
	.byte	11                              @ DW_FORM_data1
	.byte	0                               @ EOM(1)
	.byte	0                               @ EOM(2)
	.byte	17                              @ Abbreviation Code
	.byte	1                               @ DW_TAG_array_type
	.byte	1                               @ DW_CHILDREN_yes
	.byte	73                              @ DW_AT_type
	.byte	19                              @ DW_FORM_ref4
	.byte	0                               @ EOM(1)
	.byte	0                               @ EOM(2)
	.byte	18                              @ Abbreviation Code
	.byte	33                              @ DW_TAG_subrange_type
	.byte	0                               @ DW_CHILDREN_no
	.byte	73                              @ DW_AT_type
	.byte	19                              @ DW_FORM_ref4
	.byte	55                              @ DW_AT_count
	.byte	11                              @ DW_FORM_data1
	.byte	0                               @ EOM(1)
	.byte	0                               @ EOM(2)
	.byte	19                              @ Abbreviation Code
	.byte	19                              @ DW_TAG_structure_type
	.byte	1                               @ DW_CHILDREN_yes
	.byte	3                               @ DW_AT_name
	.byte	14                              @ DW_FORM_strp
	.byte	11                              @ DW_AT_byte_size
	.byte	11                              @ DW_FORM_data1
	.byte	58                              @ DW_AT_decl_file
	.byte	11                              @ DW_FORM_data1
	.byte	59                              @ DW_AT_decl_line
	.byte	11                              @ DW_FORM_data1
	.byte	0                               @ EOM(1)
	.byte	0                               @ EOM(2)
	.byte	20                              @ Abbreviation Code
	.byte	15                              @ DW_TAG_pointer_type
	.byte	0                               @ DW_CHILDREN_no
	.byte	0                               @ EOM(1)
	.byte	0                               @ EOM(2)
	.byte	21                              @ Abbreviation Code
	.byte	21                              @ DW_TAG_subroutine_type
	.byte	1                               @ DW_CHILDREN_yes
	.byte	39                              @ DW_AT_prototyped
	.byte	25                              @ DW_FORM_flag_present
	.byte	0                               @ EOM(1)
	.byte	0                               @ EOM(2)
	.byte	22                              @ Abbreviation Code
	.byte	5                               @ DW_TAG_formal_parameter
	.byte	0                               @ DW_CHILDREN_no
	.byte	73                              @ DW_AT_type
	.byte	19                              @ DW_FORM_ref4
	.byte	0                               @ EOM(1)
	.byte	0                               @ EOM(2)
	.byte	23                              @ Abbreviation Code
	.byte	36                              @ DW_TAG_base_type
	.byte	0                               @ DW_CHILDREN_no
	.byte	3                               @ DW_AT_name
	.byte	14                              @ DW_FORM_strp
	.byte	11                              @ DW_AT_byte_size
	.byte	11                              @ DW_FORM_data1
	.byte	62                              @ DW_AT_encoding
	.byte	11                              @ DW_FORM_data1
	.byte	0                               @ EOM(1)
	.byte	0                               @ EOM(2)
	.byte	0                               @ EOM(3)
	.section	.debug_info,"",%progbits
.Lcu_begin0:
	.long	.Ldebug_info_end0-.Ldebug_info_start0 @ Length of Unit
.Ldebug_info_start0:
	.short	4                               @ DWARF version number
	.long	.debug_abbrev                   @ Offset Into Abbrev. Section
	.byte	4                               @ Address Size (in bytes)
	.byte	1                               @ Abbrev [1] 0xb:0x6cd DW_TAG_compile_unit
	.long	.Linfo_string0                  @ DW_AT_producer
	.short	12                              @ DW_AT_language
	.long	.Linfo_string1                  @ DW_AT_name
	.long	.Lline_table_start0             @ DW_AT_stmt_list
	.long	.Linfo_string2                  @ DW_AT_comp_dir
	.long	0                               @ DW_AT_low_pc
	.long	.Ldebug_ranges0                 @ DW_AT_ranges
	.byte	2                               @ Abbrev [2] 0x26:0x34 DW_TAG_enumeration_type
	.long	90                              @ DW_AT_type
	.byte	1                               @ DW_AT_byte_size
	.byte	1                               @ DW_AT_decl_file
	.short	340                             @ DW_AT_decl_line
	.byte	3                               @ Abbrev [3] 0x2f:0x6 DW_TAG_enumerator
	.long	.Linfo_string4                  @ DW_AT_name
	.byte	1                               @ DW_AT_const_value
	.byte	3                               @ Abbrev [3] 0x35:0x6 DW_TAG_enumerator
	.long	.Linfo_string5                  @ DW_AT_name
	.byte	2                               @ DW_AT_const_value
	.byte	3                               @ Abbrev [3] 0x3b:0x6 DW_TAG_enumerator
	.long	.Linfo_string6                  @ DW_AT_name
	.byte	4                               @ DW_AT_const_value
	.byte	3                               @ Abbrev [3] 0x41:0x6 DW_TAG_enumerator
	.long	.Linfo_string7                  @ DW_AT_name
	.byte	8                               @ DW_AT_const_value
	.byte	3                               @ Abbrev [3] 0x47:0x6 DW_TAG_enumerator
	.long	.Linfo_string8                  @ DW_AT_name
	.byte	16                              @ DW_AT_const_value
	.byte	3                               @ Abbrev [3] 0x4d:0x6 DW_TAG_enumerator
	.long	.Linfo_string9                  @ DW_AT_name
	.byte	32                              @ DW_AT_const_value
	.byte	3                               @ Abbrev [3] 0x53:0x6 DW_TAG_enumerator
	.long	.Linfo_string10                 @ DW_AT_name
	.byte	0                               @ DW_AT_const_value
	.byte	0                               @ End Of Children Mark
	.byte	4                               @ Abbrev [4] 0x5a:0x7 DW_TAG_base_type
	.long	.Linfo_string3                  @ DW_AT_name
	.byte	8                               @ DW_AT_encoding
	.byte	1                               @ DW_AT_byte_size
	.byte	5                               @ Abbrev [5] 0x61:0x15 DW_TAG_enumeration_type
	.long	90                              @ DW_AT_type
	.byte	1                               @ DW_AT_byte_size
	.byte	2                               @ DW_AT_decl_file
	.byte	50                              @ DW_AT_decl_line
	.byte	3                               @ Abbrev [3] 0x69:0x6 DW_TAG_enumerator
	.long	.Linfo_string11                 @ DW_AT_name
	.byte	0                               @ DW_AT_const_value
	.byte	3                               @ Abbrev [3] 0x6f:0x6 DW_TAG_enumerator
	.long	.Linfo_string12                 @ DW_AT_name
	.byte	1                               @ DW_AT_const_value
	.byte	0                               @ End Of Children Mark
	.byte	5                               @ Abbrev [5] 0x76:0x27 DW_TAG_enumeration_type
	.long	90                              @ DW_AT_type
	.byte	1                               @ DW_AT_byte_size
	.byte	3                               @ DW_AT_decl_file
	.byte	101                             @ DW_AT_decl_line
	.byte	3                               @ Abbrev [3] 0x7e:0x6 DW_TAG_enumerator
	.long	.Linfo_string13                 @ DW_AT_name
	.byte	0                               @ DW_AT_const_value
	.byte	3                               @ Abbrev [3] 0x84:0x6 DW_TAG_enumerator
	.long	.Linfo_string14                 @ DW_AT_name
	.byte	1                               @ DW_AT_const_value
	.byte	3                               @ Abbrev [3] 0x8a:0x6 DW_TAG_enumerator
	.long	.Linfo_string15                 @ DW_AT_name
	.byte	2                               @ DW_AT_const_value
	.byte	3                               @ Abbrev [3] 0x90:0x6 DW_TAG_enumerator
	.long	.Linfo_string16                 @ DW_AT_name
	.byte	3                               @ DW_AT_const_value
	.byte	3                               @ Abbrev [3] 0x96:0x6 DW_TAG_enumerator
	.long	.Linfo_string17                 @ DW_AT_name
	.byte	4                               @ DW_AT_const_value
	.byte	0                               @ End Of Children Mark
	.byte	2                               @ Abbrev [2] 0x9d:0x28 DW_TAG_enumeration_type
	.long	90                              @ DW_AT_type
	.byte	1                               @ DW_AT_byte_size
	.byte	1                               @ DW_AT_decl_file
	.short	308                             @ DW_AT_decl_line
	.byte	3                               @ Abbrev [3] 0xa6:0x6 DW_TAG_enumerator
	.long	.Linfo_string18                 @ DW_AT_name
	.byte	0                               @ DW_AT_const_value
	.byte	3                               @ Abbrev [3] 0xac:0x6 DW_TAG_enumerator
	.long	.Linfo_string19                 @ DW_AT_name
	.byte	1                               @ DW_AT_const_value
	.byte	3                               @ Abbrev [3] 0xb2:0x6 DW_TAG_enumerator
	.long	.Linfo_string20                 @ DW_AT_name
	.byte	2                               @ DW_AT_const_value
	.byte	3                               @ Abbrev [3] 0xb8:0x6 DW_TAG_enumerator
	.long	.Linfo_string21                 @ DW_AT_name
	.byte	3                               @ DW_AT_const_value
	.byte	3                               @ Abbrev [3] 0xbe:0x6 DW_TAG_enumerator
	.long	.Linfo_string22                 @ DW_AT_name
	.byte	4                               @ DW_AT_const_value
	.byte	0                               @ End Of Children Mark
	.byte	2                               @ Abbrev [2] 0xc5:0x1c DW_TAG_enumeration_type
	.long	90                              @ DW_AT_type
	.byte	1                               @ DW_AT_byte_size
	.byte	1                               @ DW_AT_decl_file
	.short	320                             @ DW_AT_decl_line
	.byte	3                               @ Abbrev [3] 0xce:0x6 DW_TAG_enumerator
	.long	.Linfo_string23                 @ DW_AT_name
	.byte	0                               @ DW_AT_const_value
	.byte	3                               @ Abbrev [3] 0xd4:0x6 DW_TAG_enumerator
	.long	.Linfo_string24                 @ DW_AT_name
	.byte	1                               @ DW_AT_const_value
	.byte	3                               @ Abbrev [3] 0xda:0x6 DW_TAG_enumerator
	.long	.Linfo_string25                 @ DW_AT_name
	.byte	2                               @ DW_AT_const_value
	.byte	0                               @ End Of Children Mark
	.byte	2                               @ Abbrev [2] 0xe1:0x1c DW_TAG_enumeration_type
	.long	90                              @ DW_AT_type
	.byte	1                               @ DW_AT_byte_size
	.byte	1                               @ DW_AT_decl_file
	.short	330                             @ DW_AT_decl_line
	.byte	3                               @ Abbrev [3] 0xea:0x6 DW_TAG_enumerator
	.long	.Linfo_string26                 @ DW_AT_name
	.byte	0                               @ DW_AT_const_value
	.byte	3                               @ Abbrev [3] 0xf0:0x6 DW_TAG_enumerator
	.long	.Linfo_string27                 @ DW_AT_name
	.byte	1                               @ DW_AT_const_value
	.byte	3                               @ Abbrev [3] 0xf6:0x6 DW_TAG_enumerator
	.long	.Linfo_string28                 @ DW_AT_name
	.byte	2                               @ DW_AT_const_value
	.byte	0                               @ End Of Children Mark
	.byte	6                               @ Abbrev [6] 0xfd:0x11 DW_TAG_subprogram
	.long	.Lfunc_begin0                   @ DW_AT_low_pc
	.long	.Lfunc_end0-.Lfunc_begin0       @ DW_AT_high_pc
	.byte	1                               @ DW_AT_frame_base
	.byte	93
	.long	.Linfo_string29                 @ DW_AT_name
	.byte	4                               @ DW_AT_decl_file
	.byte	24                              @ DW_AT_decl_line
                                        @ DW_AT_prototyped
                                        @ DW_AT_external
	.byte	7                               @ Abbrev [7] 0x10e:0x20 DW_TAG_subprogram
	.long	.Lfunc_begin1                   @ DW_AT_low_pc
	.long	.Lfunc_end1-.Lfunc_begin1       @ DW_AT_high_pc
	.byte	1                               @ DW_AT_frame_base
	.byte	93
	.long	.Linfo_string30                 @ DW_AT_name
	.byte	4                               @ DW_AT_decl_file
	.byte	36                              @ DW_AT_decl_line
                                        @ DW_AT_prototyped
                                        @ DW_AT_external
	.byte	8                               @ Abbrev [8] 0x11f:0xe DW_TAG_formal_parameter
	.byte	2                               @ DW_AT_location
	.byte	145
	.byte	6
	.long	.Linfo_string32                 @ DW_AT_name
	.byte	4                               @ DW_AT_decl_file
	.byte	36                              @ DW_AT_decl_line
	.long	362                             @ DW_AT_type
	.byte	0                               @ End Of Children Mark
	.byte	7                               @ Abbrev [7] 0x12e:0x3c DW_TAG_subprogram
	.long	.Lfunc_begin2                   @ DW_AT_low_pc
	.long	.Lfunc_end2-.Lfunc_begin2       @ DW_AT_high_pc
	.byte	1                               @ DW_AT_frame_base
	.byte	93
	.long	.Linfo_string31                 @ DW_AT_name
	.byte	4                               @ DW_AT_decl_file
	.byte	54                              @ DW_AT_decl_line
                                        @ DW_AT_prototyped
                                        @ DW_AT_external
	.byte	8                               @ Abbrev [8] 0x13f:0xe DW_TAG_formal_parameter
	.byte	2                               @ DW_AT_location
	.byte	145
	.byte	12
	.long	.Linfo_string35                 @ DW_AT_name
	.byte	4                               @ DW_AT_decl_file
	.byte	54                              @ DW_AT_decl_line
	.long	380                             @ DW_AT_type
	.byte	8                               @ Abbrev [8] 0x14d:0xe DW_TAG_formal_parameter
	.byte	2                               @ DW_AT_location
	.byte	145
	.byte	8
	.long	.Linfo_string75                 @ DW_AT_name
	.byte	4                               @ DW_AT_decl_file
	.byte	54                              @ DW_AT_decl_line
	.long	899                             @ DW_AT_type
	.byte	8                               @ Abbrev [8] 0x15b:0xe DW_TAG_formal_parameter
	.byte	2                               @ DW_AT_location
	.byte	145
	.byte	6
	.long	.Linfo_string32                 @ DW_AT_name
	.byte	4                               @ DW_AT_decl_file
	.byte	54                              @ DW_AT_decl_line
	.long	362                             @ DW_AT_type
	.byte	0                               @ End Of Children Mark
	.byte	9                               @ Abbrev [9] 0x16a:0xb DW_TAG_typedef
	.long	373                             @ DW_AT_type
	.long	.Linfo_string34                 @ DW_AT_name
	.byte	5                               @ DW_AT_decl_file
	.byte	63                              @ DW_AT_decl_line
	.byte	4                               @ Abbrev [4] 0x175:0x7 DW_TAG_base_type
	.long	.Linfo_string33                 @ DW_AT_name
	.byte	7                               @ DW_AT_encoding
	.byte	2                               @ DW_AT_byte_size
	.byte	10                              @ Abbrev [10] 0x17c:0x5 DW_TAG_pointer_type
	.long	385                             @ DW_AT_type
	.byte	11                              @ Abbrev [11] 0x181:0xc DW_TAG_typedef
	.long	397                             @ DW_AT_type
	.long	.Linfo_string130                @ DW_AT_name
	.byte	1                               @ DW_AT_decl_file
	.short	401                             @ DW_AT_decl_line
	.byte	12                              @ Abbrev [12] 0x18d:0x7b DW_TAG_structure_type
	.byte	76                              @ DW_AT_byte_size
	.byte	1                               @ DW_AT_decl_file
	.short	357                             @ DW_AT_decl_line
	.byte	13                              @ Abbrev [13] 0x192:0xd DW_TAG_member
	.long	.Linfo_string36                 @ DW_AT_name
	.long	520                             @ DW_AT_type
	.byte	1                               @ DW_AT_decl_file
	.short	360                             @ DW_AT_decl_line
	.byte	0                               @ DW_AT_data_member_location
	.byte	13                              @ Abbrev [13] 0x19f:0xd DW_TAG_member
	.long	.Linfo_string67                 @ DW_AT_name
	.long	917                             @ DW_AT_type
	.byte	1                               @ DW_AT_decl_file
	.short	361                             @ DW_AT_decl_line
	.byte	4                               @ DW_AT_data_member_location
	.byte	13                              @ Abbrev [13] 0x1ac:0xd DW_TAG_member
	.long	.Linfo_string75                 @ DW_AT_name
	.long	1005                            @ DW_AT_type
	.byte	1                               @ DW_AT_decl_file
	.short	362                             @ DW_AT_decl_line
	.byte	28                              @ DW_AT_data_member_location
	.byte	13                              @ Abbrev [13] 0x1b9:0xd DW_TAG_member
	.long	.Linfo_string77                 @ DW_AT_name
	.long	1017                            @ DW_AT_type
	.byte	1                               @ DW_AT_decl_file
	.short	363                             @ DW_AT_decl_line
	.byte	32                              @ DW_AT_data_member_location
	.byte	13                              @ Abbrev [13] 0x1c6:0xd DW_TAG_member
	.long	.Linfo_string91                 @ DW_AT_name
	.long	1455                            @ DW_AT_type
	.byte	1                               @ DW_AT_decl_file
	.short	365                             @ DW_AT_decl_line
	.byte	60                              @ DW_AT_data_member_location
	.byte	13                              @ Abbrev [13] 0x1d3:0xd DW_TAG_member
	.long	.Linfo_string93                 @ DW_AT_name
	.long	1676                            @ DW_AT_type
	.byte	1                               @ DW_AT_decl_file
	.short	366                             @ DW_AT_decl_line
	.byte	61                              @ DW_AT_data_member_location
	.byte	13                              @ Abbrev [13] 0x1e0:0xd DW_TAG_member
	.long	.Linfo_string125                @ DW_AT_name
	.long	1693                            @ DW_AT_type
	.byte	1                               @ DW_AT_decl_file
	.short	367                             @ DW_AT_decl_line
	.byte	62                              @ DW_AT_data_member_location
	.byte	13                              @ Abbrev [13] 0x1ed:0xd DW_TAG_member
	.long	.Linfo_string127                @ DW_AT_name
	.long	1722                            @ DW_AT_type
	.byte	1                               @ DW_AT_decl_file
	.short	368                             @ DW_AT_decl_line
	.byte	68                              @ DW_AT_data_member_location
	.byte	13                              @ Abbrev [13] 0x1fa:0xd DW_TAG_member
	.long	.Linfo_string128                @ DW_AT_name
	.long	1734                            @ DW_AT_type
	.byte	1                               @ DW_AT_decl_file
	.short	369                             @ DW_AT_decl_line
	.byte	72                              @ DW_AT_data_member_location
	.byte	0                               @ End Of Children Mark
	.byte	10                              @ Abbrev [10] 0x208:0x5 DW_TAG_pointer_type
	.long	525                             @ DW_AT_type
	.byte	11                              @ Abbrev [11] 0x20d:0xc DW_TAG_typedef
	.long	537                             @ DW_AT_type
	.long	.Linfo_string66                 @ DW_AT_name
	.byte	6                               @ DW_AT_decl_file
	.short	1553                            @ DW_AT_decl_line
	.byte	12                              @ Abbrev [12] 0x219:0x165 DW_TAG_structure_type
	.byte	108                             @ DW_AT_byte_size
	.byte	6                               @ DW_AT_decl_file
	.short	1524                            @ DW_AT_decl_line
	.byte	13                              @ Abbrev [13] 0x21e:0xd DW_TAG_member
	.long	.Linfo_string37                 @ DW_AT_name
	.long	894                             @ DW_AT_type
	.byte	6                               @ DW_AT_decl_file
	.short	1526                            @ DW_AT_decl_line
	.byte	0                               @ DW_AT_data_member_location
	.byte	13                              @ Abbrev [13] 0x22b:0xd DW_TAG_member
	.long	.Linfo_string40                 @ DW_AT_name
	.long	894                             @ DW_AT_type
	.byte	6                               @ DW_AT_decl_file
	.short	1527                            @ DW_AT_decl_line
	.byte	4                               @ DW_AT_data_member_location
	.byte	13                              @ Abbrev [13] 0x238:0xd DW_TAG_member
	.long	.Linfo_string41                 @ DW_AT_name
	.long	894                             @ DW_AT_type
	.byte	6                               @ DW_AT_decl_file
	.short	1528                            @ DW_AT_decl_line
	.byte	8                               @ DW_AT_data_member_location
	.byte	13                              @ Abbrev [13] 0x245:0xd DW_TAG_member
	.long	.Linfo_string42                 @ DW_AT_name
	.long	894                             @ DW_AT_type
	.byte	6                               @ DW_AT_decl_file
	.short	1529                            @ DW_AT_decl_line
	.byte	12                              @ DW_AT_data_member_location
	.byte	13                              @ Abbrev [13] 0x252:0xd DW_TAG_member
	.long	.Linfo_string43                 @ DW_AT_name
	.long	894                             @ DW_AT_type
	.byte	6                               @ DW_AT_decl_file
	.short	1530                            @ DW_AT_decl_line
	.byte	16                              @ DW_AT_data_member_location
	.byte	13                              @ Abbrev [13] 0x25f:0xd DW_TAG_member
	.long	.Linfo_string44                 @ DW_AT_name
	.long	894                             @ DW_AT_type
	.byte	6                               @ DW_AT_decl_file
	.short	1531                            @ DW_AT_decl_line
	.byte	20                              @ DW_AT_data_member_location
	.byte	13                              @ Abbrev [13] 0x26c:0xd DW_TAG_member
	.long	.Linfo_string45                 @ DW_AT_name
	.long	894                             @ DW_AT_type
	.byte	6                               @ DW_AT_decl_file
	.short	1532                            @ DW_AT_decl_line
	.byte	24                              @ DW_AT_data_member_location
	.byte	13                              @ Abbrev [13] 0x279:0xd DW_TAG_member
	.long	.Linfo_string46                 @ DW_AT_name
	.long	894                             @ DW_AT_type
	.byte	6                               @ DW_AT_decl_file
	.short	1533                            @ DW_AT_decl_line
	.byte	28                              @ DW_AT_data_member_location
	.byte	13                              @ Abbrev [13] 0x286:0xd DW_TAG_member
	.long	.Linfo_string47                 @ DW_AT_name
	.long	894                             @ DW_AT_type
	.byte	6                               @ DW_AT_decl_file
	.short	1534                            @ DW_AT_decl_line
	.byte	32                              @ DW_AT_data_member_location
	.byte	13                              @ Abbrev [13] 0x293:0xd DW_TAG_member
	.long	.Linfo_string48                 @ DW_AT_name
	.long	894                             @ DW_AT_type
	.byte	6                               @ DW_AT_decl_file
	.short	1535                            @ DW_AT_decl_line
	.byte	36                              @ DW_AT_data_member_location
	.byte	13                              @ Abbrev [13] 0x2a0:0xd DW_TAG_member
	.long	.Linfo_string49                 @ DW_AT_name
	.long	894                             @ DW_AT_type
	.byte	6                               @ DW_AT_decl_file
	.short	1536                            @ DW_AT_decl_line
	.byte	40                              @ DW_AT_data_member_location
	.byte	13                              @ Abbrev [13] 0x2ad:0xd DW_TAG_member
	.long	.Linfo_string50                 @ DW_AT_name
	.long	894                             @ DW_AT_type
	.byte	6                               @ DW_AT_decl_file
	.short	1537                            @ DW_AT_decl_line
	.byte	44                              @ DW_AT_data_member_location
	.byte	13                              @ Abbrev [13] 0x2ba:0xd DW_TAG_member
	.long	.Linfo_string51                 @ DW_AT_name
	.long	894                             @ DW_AT_type
	.byte	6                               @ DW_AT_decl_file
	.short	1538                            @ DW_AT_decl_line
	.byte	48                              @ DW_AT_data_member_location
	.byte	13                              @ Abbrev [13] 0x2c7:0xd DW_TAG_member
	.long	.Linfo_string52                 @ DW_AT_name
	.long	894                             @ DW_AT_type
	.byte	6                               @ DW_AT_decl_file
	.short	1539                            @ DW_AT_decl_line
	.byte	52                              @ DW_AT_data_member_location
	.byte	13                              @ Abbrev [13] 0x2d4:0xd DW_TAG_member
	.long	.Linfo_string53                 @ DW_AT_name
	.long	894                             @ DW_AT_type
	.byte	6                               @ DW_AT_decl_file
	.short	1540                            @ DW_AT_decl_line
	.byte	56                              @ DW_AT_data_member_location
	.byte	13                              @ Abbrev [13] 0x2e1:0xd DW_TAG_member
	.long	.Linfo_string54                 @ DW_AT_name
	.long	894                             @ DW_AT_type
	.byte	6                               @ DW_AT_decl_file
	.short	1541                            @ DW_AT_decl_line
	.byte	60                              @ DW_AT_data_member_location
	.byte	13                              @ Abbrev [13] 0x2ee:0xd DW_TAG_member
	.long	.Linfo_string55                 @ DW_AT_name
	.long	894                             @ DW_AT_type
	.byte	6                               @ DW_AT_decl_file
	.short	1542                            @ DW_AT_decl_line
	.byte	64                              @ DW_AT_data_member_location
	.byte	13                              @ Abbrev [13] 0x2fb:0xd DW_TAG_member
	.long	.Linfo_string56                 @ DW_AT_name
	.long	894                             @ DW_AT_type
	.byte	6                               @ DW_AT_decl_file
	.short	1543                            @ DW_AT_decl_line
	.byte	68                              @ DW_AT_data_member_location
	.byte	13                              @ Abbrev [13] 0x308:0xd DW_TAG_member
	.long	.Linfo_string57                 @ DW_AT_name
	.long	894                             @ DW_AT_type
	.byte	6                               @ DW_AT_decl_file
	.short	1544                            @ DW_AT_decl_line
	.byte	72                              @ DW_AT_data_member_location
	.byte	13                              @ Abbrev [13] 0x315:0xd DW_TAG_member
	.long	.Linfo_string58                 @ DW_AT_name
	.long	894                             @ DW_AT_type
	.byte	6                               @ DW_AT_decl_file
	.short	1545                            @ DW_AT_decl_line
	.byte	76                              @ DW_AT_data_member_location
	.byte	13                              @ Abbrev [13] 0x322:0xd DW_TAG_member
	.long	.Linfo_string59                 @ DW_AT_name
	.long	899                             @ DW_AT_type
	.byte	6                               @ DW_AT_decl_file
	.short	1546                            @ DW_AT_decl_line
	.byte	80                              @ DW_AT_data_member_location
	.byte	13                              @ Abbrev [13] 0x32f:0xd DW_TAG_member
	.long	.Linfo_string60                 @ DW_AT_name
	.long	894                             @ DW_AT_type
	.byte	6                               @ DW_AT_decl_file
	.short	1547                            @ DW_AT_decl_line
	.byte	84                              @ DW_AT_data_member_location
	.byte	13                              @ Abbrev [13] 0x33c:0xd DW_TAG_member
	.long	.Linfo_string61                 @ DW_AT_name
	.long	894                             @ DW_AT_type
	.byte	6                               @ DW_AT_decl_file
	.short	1548                            @ DW_AT_decl_line
	.byte	88                              @ DW_AT_data_member_location
	.byte	13                              @ Abbrev [13] 0x349:0xd DW_TAG_member
	.long	.Linfo_string62                 @ DW_AT_name
	.long	894                             @ DW_AT_type
	.byte	6                               @ DW_AT_decl_file
	.short	1549                            @ DW_AT_decl_line
	.byte	92                              @ DW_AT_data_member_location
	.byte	13                              @ Abbrev [13] 0x356:0xd DW_TAG_member
	.long	.Linfo_string63                 @ DW_AT_name
	.long	894                             @ DW_AT_type
	.byte	6                               @ DW_AT_decl_file
	.short	1550                            @ DW_AT_decl_line
	.byte	96                              @ DW_AT_data_member_location
	.byte	13                              @ Abbrev [13] 0x363:0xd DW_TAG_member
	.long	.Linfo_string64                 @ DW_AT_name
	.long	894                             @ DW_AT_type
	.byte	6                               @ DW_AT_decl_file
	.short	1551                            @ DW_AT_decl_line
	.byte	100                             @ DW_AT_data_member_location
	.byte	13                              @ Abbrev [13] 0x370:0xd DW_TAG_member
	.long	.Linfo_string65                 @ DW_AT_name
	.long	894                             @ DW_AT_type
	.byte	6                               @ DW_AT_decl_file
	.short	1552                            @ DW_AT_decl_line
	.byte	104                             @ DW_AT_data_member_location
	.byte	0                               @ End Of Children Mark
	.byte	14                              @ Abbrev [14] 0x37e:0x5 DW_TAG_volatile_type
	.long	899                             @ DW_AT_type
	.byte	9                               @ Abbrev [9] 0x383:0xb DW_TAG_typedef
	.long	910                             @ DW_AT_type
	.long	.Linfo_string39                 @ DW_AT_name
	.byte	5                               @ DW_AT_decl_file
	.byte	64                              @ DW_AT_decl_line
	.byte	4                               @ Abbrev [4] 0x38e:0x7 DW_TAG_base_type
	.long	.Linfo_string38                 @ DW_AT_name
	.byte	7                               @ DW_AT_encoding
	.byte	4                               @ DW_AT_byte_size
	.byte	9                               @ Abbrev [9] 0x395:0xb DW_TAG_typedef
	.long	928                             @ DW_AT_type
	.long	.Linfo_string74                 @ DW_AT_name
	.byte	1                               @ DW_AT_decl_file
	.byte	74                              @ DW_AT_decl_line
	.byte	15                              @ Abbrev [15] 0x3a0:0x4d DW_TAG_structure_type
	.byte	24                              @ DW_AT_byte_size
	.byte	1                               @ DW_AT_decl_file
	.byte	46                              @ DW_AT_decl_line
	.byte	16                              @ Abbrev [16] 0x3a4:0xc DW_TAG_member
	.long	.Linfo_string68                 @ DW_AT_name
	.long	899                             @ DW_AT_type
	.byte	1                               @ DW_AT_decl_file
	.byte	48                              @ DW_AT_decl_line
	.byte	0                               @ DW_AT_data_member_location
	.byte	16                              @ Abbrev [16] 0x3b0:0xc DW_TAG_member
	.long	.Linfo_string69                 @ DW_AT_name
	.long	899                             @ DW_AT_type
	.byte	1                               @ DW_AT_decl_file
	.byte	51                              @ DW_AT_decl_line
	.byte	4                               @ DW_AT_data_member_location
	.byte	16                              @ Abbrev [16] 0x3bc:0xc DW_TAG_member
	.long	.Linfo_string70                 @ DW_AT_name
	.long	899                             @ DW_AT_type
	.byte	1                               @ DW_AT_decl_file
	.byte	54                              @ DW_AT_decl_line
	.byte	8                               @ DW_AT_data_member_location
	.byte	16                              @ Abbrev [16] 0x3c8:0xc DW_TAG_member
	.long	.Linfo_string71                 @ DW_AT_name
	.long	899                             @ DW_AT_type
	.byte	1                               @ DW_AT_decl_file
	.byte	58                              @ DW_AT_decl_line
	.byte	12                              @ DW_AT_data_member_location
	.byte	16                              @ Abbrev [16] 0x3d4:0xc DW_TAG_member
	.long	.Linfo_string72                 @ DW_AT_name
	.long	899                             @ DW_AT_type
	.byte	1                               @ DW_AT_decl_file
	.byte	61                              @ DW_AT_decl_line
	.byte	16                              @ DW_AT_data_member_location
	.byte	16                              @ Abbrev [16] 0x3e0:0xc DW_TAG_member
	.long	.Linfo_string73                 @ DW_AT_name
	.long	899                             @ DW_AT_type
	.byte	1                               @ DW_AT_decl_file
	.byte	72                              @ DW_AT_decl_line
	.byte	20                              @ DW_AT_data_member_location
	.byte	0                               @ End Of Children Mark
	.byte	11                              @ Abbrev [11] 0x3ed:0xc DW_TAG_typedef
	.long	38                              @ DW_AT_type
	.long	.Linfo_string76                 @ DW_AT_name
	.byte	1                               @ DW_AT_decl_file
	.short	349                             @ DW_AT_decl_line
	.byte	17                              @ Abbrev [17] 0x3f9:0xc DW_TAG_array_type
	.long	1029                            @ DW_AT_type
	.byte	18                              @ Abbrev [18] 0x3fe:0x6 DW_TAG_subrange_type
	.long	1669                            @ DW_AT_type
	.byte	7                               @ DW_AT_count
	.byte	0                               @ End Of Children Mark
	.byte	10                              @ Abbrev [10] 0x405:0x5 DW_TAG_pointer_type
	.long	1034                            @ DW_AT_type
	.byte	9                               @ Abbrev [9] 0x40a:0xb DW_TAG_typedef
	.long	1045                            @ DW_AT_type
	.long	.Linfo_string122                @ DW_AT_name
	.byte	3                               @ DW_AT_decl_file
	.byte	179                             @ DW_AT_decl_line
	.byte	19                              @ Abbrev [19] 0x415:0xf9 DW_TAG_structure_type
	.long	.Linfo_string121                @ DW_AT_name
	.byte	120                             @ DW_AT_byte_size
	.byte	3                               @ DW_AT_decl_file
	.byte	136                             @ DW_AT_decl_line
	.byte	16                              @ Abbrev [16] 0x41d:0xc DW_TAG_member
	.long	.Linfo_string36                 @ DW_AT_name
	.long	1294                            @ DW_AT_type
	.byte	3                               @ DW_AT_decl_file
	.byte	138                             @ DW_AT_decl_line
	.byte	0                               @ DW_AT_data_member_location
	.byte	16                              @ Abbrev [16] 0x429:0xc DW_TAG_member
	.long	.Linfo_string67                 @ DW_AT_name
	.long	1295                            @ DW_AT_type
	.byte	3                               @ DW_AT_decl_file
	.byte	140                             @ DW_AT_decl_line
	.byte	4                               @ DW_AT_data_member_location
	.byte	16                              @ Abbrev [16] 0x435:0xc DW_TAG_member
	.long	.Linfo_string91                 @ DW_AT_name
	.long	1455                            @ DW_AT_type
	.byte	3                               @ DW_AT_decl_file
	.byte	142                             @ DW_AT_decl_line
	.byte	52                              @ DW_AT_data_member_location
	.byte	16                              @ Abbrev [16] 0x441:0xc DW_TAG_member
	.long	.Linfo_string93                 @ DW_AT_name
	.long	1466                            @ DW_AT_type
	.byte	3                               @ DW_AT_decl_file
	.byte	144                             @ DW_AT_decl_line
	.byte	53                              @ DW_AT_data_member_location
	.byte	16                              @ Abbrev [16] 0x44d:0xc DW_TAG_member
	.long	.Linfo_string95                 @ DW_AT_name
	.long	1294                            @ DW_AT_type
	.byte	3                               @ DW_AT_decl_file
	.byte	146                             @ DW_AT_decl_line
	.byte	56                              @ DW_AT_data_member_location
	.byte	16                              @ Abbrev [16] 0x459:0xc DW_TAG_member
	.long	.Linfo_string96                 @ DW_AT_name
	.long	1482                            @ DW_AT_type
	.byte	3                               @ DW_AT_decl_file
	.byte	148                             @ DW_AT_decl_line
	.byte	60                              @ DW_AT_data_member_location
	.byte	16                              @ Abbrev [16] 0x465:0xc DW_TAG_member
	.long	.Linfo_string97                 @ DW_AT_name
	.long	1482                            @ DW_AT_type
	.byte	3                               @ DW_AT_decl_file
	.byte	150                             @ DW_AT_decl_line
	.byte	64                              @ DW_AT_data_member_location
	.byte	16                              @ Abbrev [16] 0x471:0xc DW_TAG_member
	.long	.Linfo_string98                 @ DW_AT_name
	.long	1482                            @ DW_AT_type
	.byte	3                               @ DW_AT_decl_file
	.byte	152                             @ DW_AT_decl_line
	.byte	68                              @ DW_AT_data_member_location
	.byte	16                              @ Abbrev [16] 0x47d:0xc DW_TAG_member
	.long	.Linfo_string99                 @ DW_AT_name
	.long	1482                            @ DW_AT_type
	.byte	3                               @ DW_AT_decl_file
	.byte	154                             @ DW_AT_decl_line
	.byte	72                              @ DW_AT_data_member_location
	.byte	16                              @ Abbrev [16] 0x489:0xc DW_TAG_member
	.long	.Linfo_string100                @ DW_AT_name
	.long	1482                            @ DW_AT_type
	.byte	3                               @ DW_AT_decl_file
	.byte	156                             @ DW_AT_decl_line
	.byte	76                              @ DW_AT_data_member_location
	.byte	16                              @ Abbrev [16] 0x495:0xc DW_TAG_member
	.long	.Linfo_string101                @ DW_AT_name
	.long	1482                            @ DW_AT_type
	.byte	3                               @ DW_AT_decl_file
	.byte	158                             @ DW_AT_decl_line
	.byte	80                              @ DW_AT_data_member_location
	.byte	16                              @ Abbrev [16] 0x4a1:0xc DW_TAG_member
	.long	.Linfo_string102                @ DW_AT_name
	.long	894                             @ DW_AT_type
	.byte	3                               @ DW_AT_decl_file
	.byte	160                             @ DW_AT_decl_line
	.byte	84                              @ DW_AT_data_member_location
	.byte	16                              @ Abbrev [16] 0x4ad:0xc DW_TAG_member
	.long	.Linfo_string103                @ DW_AT_name
	.long	899                             @ DW_AT_type
	.byte	3                               @ DW_AT_decl_file
	.byte	162                             @ DW_AT_decl_line
	.byte	88                              @ DW_AT_data_member_location
	.byte	16                              @ Abbrev [16] 0x4b9:0xc DW_TAG_member
	.long	.Linfo_string104                @ DW_AT_name
	.long	899                             @ DW_AT_type
	.byte	3                               @ DW_AT_decl_file
	.byte	164                             @ DW_AT_decl_line
	.byte	92                              @ DW_AT_data_member_location
	.byte	16                              @ Abbrev [16] 0x4c5:0xc DW_TAG_member
	.long	.Linfo_string105                @ DW_AT_name
	.long	1499                            @ DW_AT_type
	.byte	3                               @ DW_AT_decl_file
	.byte	166                             @ DW_AT_decl_line
	.byte	96                              @ DW_AT_data_member_location
	.byte	16                              @ Abbrev [16] 0x4d1:0xc DW_TAG_member
	.long	.Linfo_string108                @ DW_AT_name
	.long	1535                            @ DW_AT_type
	.byte	3                               @ DW_AT_decl_file
	.byte	168                             @ DW_AT_decl_line
	.byte	100                             @ DW_AT_data_member_location
	.byte	16                              @ Abbrev [16] 0x4dd:0xc DW_TAG_member
	.long	.Linfo_string112                @ DW_AT_name
	.long	899                             @ DW_AT_type
	.byte	3                               @ DW_AT_decl_file
	.byte	170                             @ DW_AT_decl_line
	.byte	104                             @ DW_AT_data_member_location
	.byte	16                              @ Abbrev [16] 0x4e9:0xc DW_TAG_member
	.long	.Linfo_string113                @ DW_AT_name
	.long	1584                            @ DW_AT_type
	.byte	3                               @ DW_AT_decl_file
	.byte	173                             @ DW_AT_decl_line
	.byte	108                             @ DW_AT_data_member_location
	.byte	16                              @ Abbrev [16] 0x4f5:0xc DW_TAG_member
	.long	.Linfo_string116                @ DW_AT_name
	.long	1620                            @ DW_AT_type
	.byte	3                               @ DW_AT_decl_file
	.byte	175                             @ DW_AT_decl_line
	.byte	112                             @ DW_AT_data_member_location
	.byte	16                              @ Abbrev [16] 0x501:0xc DW_TAG_member
	.long	.Linfo_string120                @ DW_AT_name
	.long	899                             @ DW_AT_type
	.byte	3                               @ DW_AT_decl_file
	.byte	177                             @ DW_AT_decl_line
	.byte	116                             @ DW_AT_data_member_location
	.byte	0                               @ End Of Children Mark
	.byte	20                              @ Abbrev [20] 0x50e:0x1 DW_TAG_pointer_type
	.byte	9                               @ Abbrev [9] 0x50f:0xb DW_TAG_typedef
	.long	1306                            @ DW_AT_type
	.long	.Linfo_string90                 @ DW_AT_name
	.byte	3                               @ DW_AT_decl_file
	.byte	96                              @ DW_AT_decl_line
	.byte	15                              @ Abbrev [15] 0x51a:0x95 DW_TAG_structure_type
	.byte	48                              @ DW_AT_byte_size
	.byte	3                               @ DW_AT_decl_file
	.byte	48                              @ DW_AT_decl_line
	.byte	16                              @ Abbrev [16] 0x51e:0xc DW_TAG_member
	.long	.Linfo_string78                 @ DW_AT_name
	.long	899                             @ DW_AT_type
	.byte	3                               @ DW_AT_decl_file
	.byte	50                              @ DW_AT_decl_line
	.byte	0                               @ DW_AT_data_member_location
	.byte	16                              @ Abbrev [16] 0x52a:0xc DW_TAG_member
	.long	.Linfo_string79                 @ DW_AT_name
	.long	899                             @ DW_AT_type
	.byte	3                               @ DW_AT_decl_file
	.byte	53                              @ DW_AT_decl_line
	.byte	4                               @ DW_AT_data_member_location
	.byte	16                              @ Abbrev [16] 0x536:0xc DW_TAG_member
	.long	.Linfo_string80                 @ DW_AT_name
	.long	899                             @ DW_AT_type
	.byte	3                               @ DW_AT_decl_file
	.byte	57                              @ DW_AT_decl_line
	.byte	8                               @ DW_AT_data_member_location
	.byte	16                              @ Abbrev [16] 0x542:0xc DW_TAG_member
	.long	.Linfo_string81                 @ DW_AT_name
	.long	899                             @ DW_AT_type
	.byte	3                               @ DW_AT_decl_file
	.byte	60                              @ DW_AT_decl_line
	.byte	12                              @ DW_AT_data_member_location
	.byte	16                              @ Abbrev [16] 0x54e:0xc DW_TAG_member
	.long	.Linfo_string82                 @ DW_AT_name
	.long	899                             @ DW_AT_type
	.byte	3                               @ DW_AT_decl_file
	.byte	63                              @ DW_AT_decl_line
	.byte	16                              @ DW_AT_data_member_location
	.byte	16                              @ Abbrev [16] 0x55a:0xc DW_TAG_member
	.long	.Linfo_string83                 @ DW_AT_name
	.long	899                             @ DW_AT_type
	.byte	3                               @ DW_AT_decl_file
	.byte	66                              @ DW_AT_decl_line
	.byte	20                              @ DW_AT_data_member_location
	.byte	16                              @ Abbrev [16] 0x566:0xc DW_TAG_member
	.long	.Linfo_string84                 @ DW_AT_name
	.long	899                             @ DW_AT_type
	.byte	3                               @ DW_AT_decl_file
	.byte	69                              @ DW_AT_decl_line
	.byte	24                              @ DW_AT_data_member_location
	.byte	16                              @ Abbrev [16] 0x572:0xc DW_TAG_member
	.long	.Linfo_string85                 @ DW_AT_name
	.long	899                             @ DW_AT_type
	.byte	3                               @ DW_AT_decl_file
	.byte	74                              @ DW_AT_decl_line
	.byte	28                              @ DW_AT_data_member_location
	.byte	16                              @ Abbrev [16] 0x57e:0xc DW_TAG_member
	.long	.Linfo_string86                 @ DW_AT_name
	.long	899                             @ DW_AT_type
	.byte	3                               @ DW_AT_decl_file
	.byte	77                              @ DW_AT_decl_line
	.byte	32                              @ DW_AT_data_member_location
	.byte	16                              @ Abbrev [16] 0x58a:0xc DW_TAG_member
	.long	.Linfo_string87                 @ DW_AT_name
	.long	899                             @ DW_AT_type
	.byte	3                               @ DW_AT_decl_file
	.byte	82                              @ DW_AT_decl_line
	.byte	36                              @ DW_AT_data_member_location
	.byte	16                              @ Abbrev [16] 0x596:0xc DW_TAG_member
	.long	.Linfo_string88                 @ DW_AT_name
	.long	899                             @ DW_AT_type
	.byte	3                               @ DW_AT_decl_file
	.byte	85                              @ DW_AT_decl_line
	.byte	40                              @ DW_AT_data_member_location
	.byte	16                              @ Abbrev [16] 0x5a2:0xc DW_TAG_member
	.long	.Linfo_string89                 @ DW_AT_name
	.long	899                             @ DW_AT_type
	.byte	3                               @ DW_AT_decl_file
	.byte	91                              @ DW_AT_decl_line
	.byte	44                              @ DW_AT_data_member_location
	.byte	0                               @ End Of Children Mark
	.byte	9                               @ Abbrev [9] 0x5af:0xb DW_TAG_typedef
	.long	97                              @ DW_AT_type
	.long	.Linfo_string92                 @ DW_AT_name
	.byte	2                               @ DW_AT_decl_file
	.byte	54                              @ DW_AT_decl_line
	.byte	14                              @ Abbrev [14] 0x5ba:0x5 DW_TAG_volatile_type
	.long	1471                            @ DW_AT_type
	.byte	9                               @ Abbrev [9] 0x5bf:0xb DW_TAG_typedef
	.long	118                             @ DW_AT_type
	.long	.Linfo_string94                 @ DW_AT_name
	.byte	3                               @ DW_AT_decl_file
	.byte	108                             @ DW_AT_decl_line
	.byte	10                              @ Abbrev [10] 0x5ca:0x5 DW_TAG_pointer_type
	.long	1487                            @ DW_AT_type
	.byte	21                              @ Abbrev [21] 0x5cf:0x7 DW_TAG_subroutine_type
                                        @ DW_AT_prototyped
	.byte	22                              @ Abbrev [22] 0x5d0:0x5 DW_TAG_formal_parameter
	.long	1494                            @ DW_AT_type
	.byte	0                               @ End Of Children Mark
	.byte	10                              @ Abbrev [10] 0x5d6:0x5 DW_TAG_pointer_type
	.long	1045                            @ DW_AT_type
	.byte	10                              @ Abbrev [10] 0x5db:0x5 DW_TAG_pointer_type
	.long	1504                            @ DW_AT_type
	.byte	11                              @ Abbrev [11] 0x5e0:0xc DW_TAG_typedef
	.long	1516                            @ DW_AT_type
	.long	.Linfo_string107                @ DW_AT_name
	.byte	6                               @ DW_AT_decl_file
	.short	636                             @ DW_AT_decl_line
	.byte	12                              @ Abbrev [12] 0x5ec:0x13 DW_TAG_structure_type
	.byte	4                               @ DW_AT_byte_size
	.byte	6                               @ DW_AT_decl_file
	.short	633                             @ DW_AT_decl_line
	.byte	13                              @ Abbrev [13] 0x5f1:0xd DW_TAG_member
	.long	.Linfo_string106                @ DW_AT_name
	.long	894                             @ DW_AT_type
	.byte	6                               @ DW_AT_decl_file
	.short	635                             @ DW_AT_decl_line
	.byte	0                               @ DW_AT_data_member_location
	.byte	0                               @ End Of Children Mark
	.byte	10                              @ Abbrev [10] 0x5ff:0x5 DW_TAG_pointer_type
	.long	1540                            @ DW_AT_type
	.byte	11                              @ Abbrev [11] 0x604:0xc DW_TAG_typedef
	.long	1552                            @ DW_AT_type
	.long	.Linfo_string111                @ DW_AT_name
	.byte	6                               @ DW_AT_decl_file
	.short	642                             @ DW_AT_decl_line
	.byte	12                              @ Abbrev [12] 0x610:0x20 DW_TAG_structure_type
	.byte	8                               @ DW_AT_byte_size
	.byte	6                               @ DW_AT_decl_file
	.short	638                             @ DW_AT_decl_line
	.byte	13                              @ Abbrev [13] 0x615:0xd DW_TAG_member
	.long	.Linfo_string109                @ DW_AT_name
	.long	894                             @ DW_AT_type
	.byte	6                               @ DW_AT_decl_file
	.short	640                             @ DW_AT_decl_line
	.byte	0                               @ DW_AT_data_member_location
	.byte	13                              @ Abbrev [13] 0x622:0xd DW_TAG_member
	.long	.Linfo_string110                @ DW_AT_name
	.long	894                             @ DW_AT_type
	.byte	6                               @ DW_AT_decl_file
	.short	641                             @ DW_AT_decl_line
	.byte	4                               @ DW_AT_data_member_location
	.byte	0                               @ End Of Children Mark
	.byte	10                              @ Abbrev [10] 0x630:0x5 DW_TAG_pointer_type
	.long	1589                            @ DW_AT_type
	.byte	11                              @ Abbrev [11] 0x635:0xc DW_TAG_typedef
	.long	1601                            @ DW_AT_type
	.long	.Linfo_string115                @ DW_AT_name
	.byte	6                               @ DW_AT_decl_file
	.short	647                             @ DW_AT_decl_line
	.byte	12                              @ Abbrev [12] 0x641:0x13 DW_TAG_structure_type
	.byte	4                               @ DW_AT_byte_size
	.byte	6                               @ DW_AT_decl_file
	.short	644                             @ DW_AT_decl_line
	.byte	13                              @ Abbrev [13] 0x646:0xd DW_TAG_member
	.long	.Linfo_string114                @ DW_AT_name
	.long	894                             @ DW_AT_type
	.byte	6                               @ DW_AT_decl_file
	.short	646                             @ DW_AT_decl_line
	.byte	0                               @ DW_AT_data_member_location
	.byte	0                               @ End Of Children Mark
	.byte	10                              @ Abbrev [10] 0x654:0x5 DW_TAG_pointer_type
	.long	1625                            @ DW_AT_type
	.byte	11                              @ Abbrev [11] 0x659:0xc DW_TAG_typedef
	.long	1637                            @ DW_AT_type
	.long	.Linfo_string119                @ DW_AT_name
	.byte	6                               @ DW_AT_decl_file
	.short	653                             @ DW_AT_decl_line
	.byte	12                              @ Abbrev [12] 0x665:0x20 DW_TAG_structure_type
	.byte	8                               @ DW_AT_byte_size
	.byte	6                               @ DW_AT_decl_file
	.short	649                             @ DW_AT_decl_line
	.byte	13                              @ Abbrev [13] 0x66a:0xd DW_TAG_member
	.long	.Linfo_string117                @ DW_AT_name
	.long	894                             @ DW_AT_type
	.byte	6                               @ DW_AT_decl_file
	.short	651                             @ DW_AT_decl_line
	.byte	0                               @ DW_AT_data_member_location
	.byte	13                              @ Abbrev [13] 0x677:0xd DW_TAG_member
	.long	.Linfo_string118                @ DW_AT_name
	.long	894                             @ DW_AT_type
	.byte	6                               @ DW_AT_decl_file
	.short	652                             @ DW_AT_decl_line
	.byte	4                               @ DW_AT_data_member_location
	.byte	0                               @ End Of Children Mark
	.byte	23                              @ Abbrev [23] 0x685:0x7 DW_TAG_base_type
	.long	.Linfo_string123                @ DW_AT_name
	.byte	8                               @ DW_AT_byte_size
	.byte	7                               @ DW_AT_encoding
	.byte	14                              @ Abbrev [14] 0x68c:0x5 DW_TAG_volatile_type
	.long	1681                            @ DW_AT_type
	.byte	11                              @ Abbrev [11] 0x691:0xc DW_TAG_typedef
	.long	157                             @ DW_AT_type
	.long	.Linfo_string124                @ DW_AT_name
	.byte	1                               @ DW_AT_decl_file
	.short	315                             @ DW_AT_decl_line
	.byte	17                              @ Abbrev [17] 0x69d:0xc DW_TAG_array_type
	.long	1705                            @ DW_AT_type
	.byte	18                              @ Abbrev [18] 0x6a2:0x6 DW_TAG_subrange_type
	.long	1669                            @ DW_AT_type
	.byte	6                               @ DW_AT_count
	.byte	0                               @ End Of Children Mark
	.byte	14                              @ Abbrev [14] 0x6a9:0x5 DW_TAG_volatile_type
	.long	1710                            @ DW_AT_type
	.byte	11                              @ Abbrev [11] 0x6ae:0xc DW_TAG_typedef
	.long	197                             @ DW_AT_type
	.long	.Linfo_string126                @ DW_AT_name
	.byte	1                               @ DW_AT_decl_file
	.short	325                             @ DW_AT_decl_line
	.byte	17                              @ Abbrev [17] 0x6ba:0xc DW_TAG_array_type
	.long	1705                            @ DW_AT_type
	.byte	18                              @ Abbrev [18] 0x6bf:0x6 DW_TAG_subrange_type
	.long	1669                            @ DW_AT_type
	.byte	4                               @ DW_AT_count
	.byte	0                               @ End Of Children Mark
	.byte	14                              @ Abbrev [14] 0x6c6:0x5 DW_TAG_volatile_type
	.long	1739                            @ DW_AT_type
	.byte	11                              @ Abbrev [11] 0x6cb:0xc DW_TAG_typedef
	.long	225                             @ DW_AT_type
	.long	.Linfo_string129                @ DW_AT_name
	.byte	1                               @ DW_AT_decl_file
	.short	335                             @ DW_AT_decl_line
	.byte	0                               @ End Of Children Mark
.Ldebug_info_end0:
	.section	.debug_ranges,"",%progbits
.Ldebug_ranges0:
	.long	.Lfunc_begin0
	.long	.Lfunc_end0
	.long	.Lfunc_begin1
	.long	.Lfunc_end1
	.long	.Lfunc_begin2
	.long	.Lfunc_end2
	.long	0
	.long	0
	.section	.debug_str,"MS",%progbits,1
.Linfo_string0:
	.asciz	"Component: Arm Compiler for Embedded 6.24 Tool: armclang [5f371800]" @ string offset=0
.Linfo_string1:
	.asciz	"../BSP/Src\\bsp_pwm.c"         @ string offset=68
.Linfo_string2:
	.asciz	"D:\\stm32_project\\daily_work\\new_bubing\\cod_update_2.0\\COD_H7_Template\\MDK-ARM" @ string offset=89
.Linfo_string3:
	.asciz	"unsigned char"                 @ string offset=167
.Linfo_string4:
	.asciz	"HAL_TIM_ACTIVE_CHANNEL_1"      @ string offset=181
.Linfo_string5:
	.asciz	"HAL_TIM_ACTIVE_CHANNEL_2"      @ string offset=206
.Linfo_string6:
	.asciz	"HAL_TIM_ACTIVE_CHANNEL_3"      @ string offset=231
.Linfo_string7:
	.asciz	"HAL_TIM_ACTIVE_CHANNEL_4"      @ string offset=256
.Linfo_string8:
	.asciz	"HAL_TIM_ACTIVE_CHANNEL_5"      @ string offset=281
.Linfo_string9:
	.asciz	"HAL_TIM_ACTIVE_CHANNEL_6"      @ string offset=306
.Linfo_string10:
	.asciz	"HAL_TIM_ACTIVE_CHANNEL_CLEARED" @ string offset=331
.Linfo_string11:
	.asciz	"HAL_UNLOCKED"                  @ string offset=362
.Linfo_string12:
	.asciz	"HAL_LOCKED"                    @ string offset=375
.Linfo_string13:
	.asciz	"HAL_DMA_STATE_RESET"           @ string offset=386
.Linfo_string14:
	.asciz	"HAL_DMA_STATE_READY"           @ string offset=406
.Linfo_string15:
	.asciz	"HAL_DMA_STATE_BUSY"            @ string offset=426
.Linfo_string16:
	.asciz	"HAL_DMA_STATE_ERROR"           @ string offset=445
.Linfo_string17:
	.asciz	"HAL_DMA_STATE_ABORT"           @ string offset=465
.Linfo_string18:
	.asciz	"HAL_TIM_STATE_RESET"           @ string offset=485
.Linfo_string19:
	.asciz	"HAL_TIM_STATE_READY"           @ string offset=505
.Linfo_string20:
	.asciz	"HAL_TIM_STATE_BUSY"            @ string offset=525
.Linfo_string21:
	.asciz	"HAL_TIM_STATE_TIMEOUT"         @ string offset=544
.Linfo_string22:
	.asciz	"HAL_TIM_STATE_ERROR"           @ string offset=566
.Linfo_string23:
	.asciz	"HAL_TIM_CHANNEL_STATE_RESET"   @ string offset=586
.Linfo_string24:
	.asciz	"HAL_TIM_CHANNEL_STATE_READY"   @ string offset=614
.Linfo_string25:
	.asciz	"HAL_TIM_CHANNEL_STATE_BUSY"    @ string offset=642
.Linfo_string26:
	.asciz	"HAL_DMA_BURST_STATE_RESET"     @ string offset=669
.Linfo_string27:
	.asciz	"HAL_DMA_BURST_STATE_READY"     @ string offset=695
.Linfo_string28:
	.asciz	"HAL_DMA_BURST_STATE_BUSY"      @ string offset=721
.Linfo_string29:
	.asciz	"BSP_PWM_Init"                  @ string offset=746
.Linfo_string30:
	.asciz	"Heat_Power_Control"            @ string offset=759
.Linfo_string31:
	.asciz	"USER_Tim_SetCompare"           @ string offset=778
.Linfo_string32:
	.asciz	"Compare"                       @ string offset=798
.Linfo_string33:
	.asciz	"unsigned short"                @ string offset=806
.Linfo_string34:
	.asciz	"uint16_t"                      @ string offset=821
.Linfo_string35:
	.asciz	"htim"                          @ string offset=830
.Linfo_string36:
	.asciz	"Instance"                      @ string offset=835
.Linfo_string37:
	.asciz	"CR1"                           @ string offset=844
.Linfo_string38:
	.asciz	"unsigned int"                  @ string offset=848
.Linfo_string39:
	.asciz	"uint32_t"                      @ string offset=861
.Linfo_string40:
	.asciz	"CR2"                           @ string offset=870
.Linfo_string41:
	.asciz	"SMCR"                          @ string offset=874
.Linfo_string42:
	.asciz	"DIER"                          @ string offset=879
.Linfo_string43:
	.asciz	"SR"                            @ string offset=884
.Linfo_string44:
	.asciz	"EGR"                           @ string offset=887
.Linfo_string45:
	.asciz	"CCMR1"                         @ string offset=891
.Linfo_string46:
	.asciz	"CCMR2"                         @ string offset=897
.Linfo_string47:
	.asciz	"CCER"                          @ string offset=903
.Linfo_string48:
	.asciz	"CNT"                           @ string offset=908
.Linfo_string49:
	.asciz	"PSC"                           @ string offset=912
.Linfo_string50:
	.asciz	"ARR"                           @ string offset=916
.Linfo_string51:
	.asciz	"RCR"                           @ string offset=920
.Linfo_string52:
	.asciz	"CCR1"                          @ string offset=924
.Linfo_string53:
	.asciz	"CCR2"                          @ string offset=929
.Linfo_string54:
	.asciz	"CCR3"                          @ string offset=934
.Linfo_string55:
	.asciz	"CCR4"                          @ string offset=939
.Linfo_string56:
	.asciz	"BDTR"                          @ string offset=944
.Linfo_string57:
	.asciz	"DCR"                           @ string offset=949
.Linfo_string58:
	.asciz	"DMAR"                          @ string offset=953
.Linfo_string59:
	.asciz	"RESERVED1"                     @ string offset=958
.Linfo_string60:
	.asciz	"CCMR3"                         @ string offset=968
.Linfo_string61:
	.asciz	"CCR5"                          @ string offset=974
.Linfo_string62:
	.asciz	"CCR6"                          @ string offset=979
.Linfo_string63:
	.asciz	"AF1"                           @ string offset=984
.Linfo_string64:
	.asciz	"AF2"                           @ string offset=988
.Linfo_string65:
	.asciz	"TISEL"                         @ string offset=992
.Linfo_string66:
	.asciz	"TIM_TypeDef"                   @ string offset=998
.Linfo_string67:
	.asciz	"Init"                          @ string offset=1010
.Linfo_string68:
	.asciz	"Prescaler"                     @ string offset=1015
.Linfo_string69:
	.asciz	"CounterMode"                   @ string offset=1025
.Linfo_string70:
	.asciz	"Period"                        @ string offset=1037
.Linfo_string71:
	.asciz	"ClockDivision"                 @ string offset=1044
.Linfo_string72:
	.asciz	"RepetitionCounter"             @ string offset=1058
.Linfo_string73:
	.asciz	"AutoReloadPreload"             @ string offset=1076
.Linfo_string74:
	.asciz	"TIM_Base_InitTypeDef"          @ string offset=1094
.Linfo_string75:
	.asciz	"Channel"                       @ string offset=1115
.Linfo_string76:
	.asciz	"HAL_TIM_ActiveChannel"         @ string offset=1123
.Linfo_string77:
	.asciz	"hdma"                          @ string offset=1145
.Linfo_string78:
	.asciz	"Request"                       @ string offset=1150
.Linfo_string79:
	.asciz	"Direction"                     @ string offset=1158
.Linfo_string80:
	.asciz	"PeriphInc"                     @ string offset=1168
.Linfo_string81:
	.asciz	"MemInc"                        @ string offset=1178
.Linfo_string82:
	.asciz	"PeriphDataAlignment"           @ string offset=1185
.Linfo_string83:
	.asciz	"MemDataAlignment"              @ string offset=1205
.Linfo_string84:
	.asciz	"Mode"                          @ string offset=1222
.Linfo_string85:
	.asciz	"Priority"                      @ string offset=1227
.Linfo_string86:
	.asciz	"FIFOMode"                      @ string offset=1236
.Linfo_string87:
	.asciz	"FIFOThreshold"                 @ string offset=1245
.Linfo_string88:
	.asciz	"MemBurst"                      @ string offset=1259
.Linfo_string89:
	.asciz	"PeriphBurst"                   @ string offset=1268
.Linfo_string90:
	.asciz	"DMA_InitTypeDef"               @ string offset=1280
.Linfo_string91:
	.asciz	"Lock"                          @ string offset=1296
.Linfo_string92:
	.asciz	"HAL_LockTypeDef"               @ string offset=1301
.Linfo_string93:
	.asciz	"State"                         @ string offset=1317
.Linfo_string94:
	.asciz	"HAL_DMA_StateTypeDef"          @ string offset=1323
.Linfo_string95:
	.asciz	"Parent"                        @ string offset=1344
.Linfo_string96:
	.asciz	"XferCpltCallback"              @ string offset=1351
.Linfo_string97:
	.asciz	"XferHalfCpltCallback"          @ string offset=1368
.Linfo_string98:
	.asciz	"XferM1CpltCallback"            @ string offset=1389
.Linfo_string99:
	.asciz	"XferM1HalfCpltCallback"        @ string offset=1408
.Linfo_string100:
	.asciz	"XferErrorCallback"             @ string offset=1431
.Linfo_string101:
	.asciz	"XferAbortCallback"             @ string offset=1449
.Linfo_string102:
	.asciz	"ErrorCode"                     @ string offset=1467
.Linfo_string103:
	.asciz	"StreamBaseAddress"             @ string offset=1477
.Linfo_string104:
	.asciz	"StreamIndex"                   @ string offset=1495
.Linfo_string105:
	.asciz	"DMAmuxChannel"                 @ string offset=1507
.Linfo_string106:
	.asciz	"CCR"                           @ string offset=1521
.Linfo_string107:
	.asciz	"DMAMUX_Channel_TypeDef"        @ string offset=1525
.Linfo_string108:
	.asciz	"DMAmuxChannelStatus"           @ string offset=1548
.Linfo_string109:
	.asciz	"CSR"                           @ string offset=1568
.Linfo_string110:
	.asciz	"CFR"                           @ string offset=1572
.Linfo_string111:
	.asciz	"DMAMUX_ChannelStatus_TypeDef"  @ string offset=1576
.Linfo_string112:
	.asciz	"DMAmuxChannelStatusMask"       @ string offset=1605
.Linfo_string113:
	.asciz	"DMAmuxRequestGen"              @ string offset=1629
.Linfo_string114:
	.asciz	"RGCR"                          @ string offset=1646
.Linfo_string115:
	.asciz	"DMAMUX_RequestGen_TypeDef"     @ string offset=1651
.Linfo_string116:
	.asciz	"DMAmuxRequestGenStatus"        @ string offset=1677
.Linfo_string117:
	.asciz	"RGSR"                          @ string offset=1700
.Linfo_string118:
	.asciz	"RGCFR"                         @ string offset=1705
.Linfo_string119:
	.asciz	"DMAMUX_RequestGenStatus_TypeDef" @ string offset=1711
.Linfo_string120:
	.asciz	"DMAmuxRequestGenStatusMask"    @ string offset=1743
.Linfo_string121:
	.asciz	"__DMA_HandleTypeDef"           @ string offset=1770
.Linfo_string122:
	.asciz	"DMA_HandleTypeDef"             @ string offset=1790
.Linfo_string123:
	.asciz	"__ARRAY_SIZE_TYPE__"           @ string offset=1808
.Linfo_string124:
	.asciz	"HAL_TIM_StateTypeDef"          @ string offset=1828
.Linfo_string125:
	.asciz	"ChannelState"                  @ string offset=1849
.Linfo_string126:
	.asciz	"HAL_TIM_ChannelStateTypeDef"   @ string offset=1862
.Linfo_string127:
	.asciz	"ChannelNState"                 @ string offset=1890
.Linfo_string128:
	.asciz	"DMABurstState"                 @ string offset=1904
.Linfo_string129:
	.asciz	"HAL_TIM_DMABurstStateTypeDef"  @ string offset=1918
.Linfo_string130:
	.asciz	"TIM_HandleTypeDef"             @ string offset=1947
	.ident	"Component: Arm Compiler for Embedded 6.24 Tool: armclang [5f371800]"
	.section	".note.GNU-stack","",%progbits
	.eabi_attribute	30, 6	@ Tag_ABI_optimization_goals
	.ARM_attribute	16, 1	@ Tag_AV_eba
	.section	.debug_line,"",%progbits
.Lline_table_start0:
