	.text
	.syntax unified
	.eabi_attribute	67, "2.09"	@ Tag_conformance
	.cpu	cortex-m7
	.eabi_attribute	6, 13	@ Tag_CPU_arch
	.eabi_attribute	7, 77	@ Tag_CPU_arch_profile
	.eabi_attribute	8, 0	@ Tag_ARM_ISA_use
	.eabi_attribute	9, 2	@ Tag_THUMB_ISA_use
	.fpu	fpv5-d16
	.eabi_attribute	36, 1	@ Tag_FP_HP_extension
	.eabi_attribute	34, 1	@ Tag_CPU_unaligned_access
	.eabi_attribute	17, 1	@ Tag_ABI_PCS_GOT_use
	.eabi_attribute	20, 2	@ Tag_ABI_FP_denormal
	.eabi_attribute	21, 0	@ Tag_ABI_FP_exceptions
	.eabi_attribute	23, 1	@ Tag_ABI_FP_number_model
	.eabi_attribute	24, 1	@ Tag_ABI_align_needed
	.eabi_attribute	25, 1	@ Tag_ABI_align_preserved
	.eabi_attribute	28, 1	@ Tag_ABI_VFP_args
	.eabi_attribute	38, 1	@ Tag_ABI_FP_16bit_format
	.eabi_attribute	18, 2	@ Tag_ABI_PCS_wchar_t
	.eabi_attribute	26, 1	@ Tag_ABI_enum_size
	.eabi_attribute	14, 0	@ Tag_ABI_PCS_R9_use
	.file	"Detect.c"
	.file	1 "D:\\keil5_app\\Keil_v5\\ARM\\ARMCLANG\\bin\\..\\include" "stdint.h"
	.file	2 "D:\\stm32_project\\daily_work\\new_bubing\\cod_update_2.0\\COD_H7_Template\\MDK-ARM" "../Task/Src/Detect.c"
	.file	3 "D:\\stm32_project\\daily_work\\new_bubing\\cod_update_2.0\\COD_H7_Template\\MDK-ARM" "../Task/Inc\\Detect.h"
	.section	.text.Fill_Buffer,"ax",%progbits
	.hidden	Fill_Buffer                     @ -- Begin function Fill_Buffer
	.globl	Fill_Buffer
	.p2align	3
	.type	Fill_Buffer,%function
	.code	16                              @ @Fill_Buffer
	.thumb_func
Fill_Buffer:
.Lfunc_begin0:
	.loc	2 13 0                          @ ../Task/Src/Detect.c:13:0
	.fnstart
	.cfi_sections .debug_frame
	.cfi_startproc
@ %bb.0:
	.save	{r7, lr}
	push	{r7, lr}
	.cfi_def_cfa_offset 8
	.cfi_offset lr, -4
	.cfi_offset r7, -8
	.pad	#40
	sub	sp, #40
	.cfi_def_cfa_offset 48
                                        @ kill: def $r12 killed $r2
	str	r0, [sp, #36]
	str	r1, [sp, #32]
	vstr	s0, [sp, #28]
	strb.w	r2, [sp, #27]
	vstr	s1, [sp, #20]
	str	r3, [sp, #16]
.Ltmp0:
	.loc	2 14 26 prologue_end            @ ../Task/Src/Detect.c:14:26
	vldr	s0, [sp, #28]
	.loc	2 14 33 is_stmt 0               @ ../Task/Src/Detect.c:14:33
	vldr	s2, [sp, #20]
	.loc	2 14 31                         @ ../Task/Src/Detect.c:14:31
	vmul.f32	s0, s0, s2
	.loc	2 14 26                         @ ../Task/Src/Detect.c:14:26
	vcvt.f64.f32	d0, s0
	.loc	2 14 21                         @ ../Task/Src/Detect.c:14:21
	vabs.f64	d0, d0
	.loc	2 14 5                          @ ../Task/Src/Detect.c:14:5
	vcvt.s32.f64	s0, d0
	vstr	s0, [sp, #12]
	.loc	2 16 26 is_stmt 1               @ ../Task/Src/Detect.c:16:26
	ldrb.w	r0, [sp, #27]
	.loc	2 16 5 is_stmt 0                @ ../Task/Src/Detect.c:16:5
	ldr	r1, [sp, #36]
	.loc	2 16 12                         @ ../Task/Src/Detect.c:16:12
	ldr	r2, [sp, #32]
	.loc	2 16 24                         @ ../Task/Src/Detect.c:16:24
	strb	r0, [r1, r2]
	.loc	2 17 30 is_stmt 1               @ ../Task/Src/Detect.c:17:30
	ldr	r1, [sp, #16]
	.loc	2 17 40 is_stmt 0               @ ../Task/Src/Detect.c:17:40
	vldr	s0, [sp, #28]
	.loc	2 17 30                         @ ../Task/Src/Detect.c:17:30
	adds	r0, r1, #1
	vcmp.f32	s0, #0
	vmrs	APSR_nzcv, fpscr
	it	ge
	movge	r0, r1
	ldrb	r0, [r0]
	.loc	2 17 5                          @ ../Task/Src/Detect.c:17:5
	ldr	r2, [sp, #36]
	.loc	2 17 12                         @ ../Task/Src/Detect.c:17:12
	ldr	r1, [sp, #32]
	.loc	2 17 23                         @ ../Task/Src/Detect.c:17:23
	add	r1, r2
	.loc	2 17 28                         @ ../Task/Src/Detect.c:17:28
	strb	r0, [r1, #1]
	movs	r0, #0
.Ltmp1:
	.loc	2 19 14 is_stmt 1               @ ../Task/Src/Detect.c:19:14
	str	r0, [sp, #8]
	.loc	2 19 10 is_stmt 0               @ ../Task/Src/Detect.c:19:10
	b	.LBB0_1
.LBB0_1:                                @ =>This Inner Loop Header: Depth=1
.Ltmp2:
	.loc	2 19 21                         @ ../Task/Src/Detect.c:19:21
	ldr	r0, [sp, #8]
.Ltmp3:
	.loc	2 19 5                          @ ../Task/Src/Detect.c:19:5
	cmp	r0, #3
	bgt	.LBB0_4
	b	.LBB0_2
.LBB0_2:                                @   in Loop: Header=BB0_1 Depth=1
.Ltmp4:
	.loc	2 20 38 is_stmt 1               @ ../Task/Src/Detect.c:20:38
	ldr	r0, [sp, #16]
	.loc	2 20 49 is_stmt 0               @ ../Task/Src/Detect.c:20:49
	str	r0, [sp, #4]                    @ 4-byte Spill
	ldr	r0, [sp, #12]
	.loc	2 20 77                         @ ../Task/Src/Detect.c:20:77
	str	r0, [sp]                        @ 4-byte Spill
	ldr	r0, [sp, #8]
	.loc	2 20 75                         @ ../Task/Src/Detect.c:20:75
	rsb.w	r0, r0, #3
	.loc	2 20 73                         @ ../Task/Src/Detect.c:20:73
	vmov	s0, r0
	vcvt.f64.s32	d1, s0
	vmov.f64	d0, #1.000000e+01
	.loc	2 20 65                         @ ../Task/Src/Detect.c:20:65
	bl	__hardfp_pow
	ldr	r1, [sp]                        @ 4-byte Reload
	ldr	r0, [sp, #4]                    @ 4-byte Reload
	.loc	2 20 60                         @ ../Task/Src/Detect.c:20:60
	vcvt.s32.f64	s0, d0
	vmov	r2, s0
	.loc	2 20 58                         @ ../Task/Src/Detect.c:20:58
	sdiv	r1, r1, r2
	movw	r2, #26215
	movt	r2, #26214
	.loc	2 20 81                         @ ../Task/Src/Detect.c:20:81
	smmul	r3, r1, r2
	asrs	r2, r3, #2
	add.w	r2, r2, r3, lsr #31
	add.w	r2, r2, r2, lsl #2
	sub.w	r1, r1, r2, lsl #1
	.loc	2 20 38                         @ ../Task/Src/Detect.c:20:38
	ldrb	r0, [r0, r1]
	.loc	2 20 9                          @ ../Task/Src/Detect.c:20:9
	ldr	r2, [sp, #36]
	.loc	2 20 16                         @ ../Task/Src/Detect.c:20:16
	ldr	r1, [sp, #32]
	.loc	2 20 33                         @ ../Task/Src/Detect.c:20:33
	ldr	r3, [sp, #8]
	.loc	2 20 27                         @ ../Task/Src/Detect.c:20:27
	add	r1, r3
	.loc	2 20 31                         @ ../Task/Src/Detect.c:20:31
	add	r1, r2
	.loc	2 20 36                         @ ../Task/Src/Detect.c:20:36
	strb	r0, [r1, #2]
	.loc	2 21 5 is_stmt 1                @ ../Task/Src/Detect.c:21:5
	b	.LBB0_3
.Ltmp5:
.LBB0_3:                                @   in Loop: Header=BB0_1 Depth=1
	.loc	2 19 29                         @ ../Task/Src/Detect.c:19:29
	ldr	r0, [sp, #8]
	adds	r0, #1
	str	r0, [sp, #8]
	.loc	2 19 5 is_stmt 0                @ ../Task/Src/Detect.c:19:5
	b	.LBB0_1
.Ltmp6:
.LBB0_4:
	.loc	2 23 1 epilogue_begin is_stmt 1 @ ../Task/Src/Detect.c:23:1
	add	sp, #40
	pop	{r7, pc}
.Ltmp7:
.Lfunc_end0:
	.size	Fill_Buffer, .Lfunc_end0-Fill_Buffer
	.cfi_endproc
	.cantunwind
	.fnend
                                        @ -- End function
	.section	.text.MiniPC_Transmit_Info,"ax",%progbits
	.hidden	MiniPC_Transmit_Info            @ -- Begin function MiniPC_Transmit_Info
	.globl	MiniPC_Transmit_Info
	.p2align	3
	.type	MiniPC_Transmit_Info,%function
	.code	16                              @ @MiniPC_Transmit_Info
	.thumb_func
MiniPC_Transmit_Info:
.Lfunc_begin1:
	.loc	2 26 0                          @ ../Task/Src/Detect.c:26:0
	.fnstart
	.cfi_startproc
@ %bb.0:
	.save	{r7, lr}
	push	{r7, lr}
	.cfi_def_cfa_offset 8
	.cfi_offset lr, -4
	.cfi_offset r7, -8
	.pad	#64
	sub	sp, #64
	.cfi_def_cfa_offset 72
	vstr	s0, [sp, #60]
	vstr	s1, [sp, #56]
	movs	r0, #99
.Ltmp8:
	.loc	2 27 16 prologue_end            @ ../Task/Src/Detect.c:27:16
	strb.w	r0, [sp, #54]
	movw	r0, #25185
	strh.w	r0, [sp, #52]
	movw	r0, #14648
	.loc	2 28 16                         @ ../Task/Src/Detect.c:28:16
	strh.w	r0, [sp, #48]
	movw	r0, #13620
	movt	r0, #14134
	str	r0, [sp, #44]
	movw	r0, #12592
	movt	r0, #13106
	str	r0, [sp, #40]
	.loc	2 30 14                         @ ../Task/Src/Detect.c:30:14
	vldr	s0, [sp, #60]
	vldr	s2, .LCPI1_0
	.loc	2 30 22 is_stmt 0               @ ../Task/Src/Detect.c:30:22
	vmul.f32	s0, s0, s2
	.loc	2 30 8                          @ ../Task/Src/Detect.c:30:8
	vstr	s0, [sp, #20]
	.loc	2 31 16 is_stmt 1               @ ../Task/Src/Detect.c:31:16
	vldr	s0, [sp, #56]
	.loc	2 31 26 is_stmt 0               @ ../Task/Src/Detect.c:31:26
	vmul.f32	s0, s0, s2
	.loc	2 31 8                          @ ../Task/Src/Detect.c:31:8
	vstr	s0, [sp, #16]
	.loc	2 32 28 is_stmt 1               @ ../Task/Src/Detect.c:32:28
	vldr	s0, [sp, #20]
	add.w	r0, sp, #27
	str	r0, [sp, #4]                    @ 4-byte Spill
	movs	r1, #0
	movs	r2, #97
	vmov.f32	s1, #1.000000e+01
	vstr	s1, [sp, #8]                    @ 4-byte Spill
	add	r3, sp, #40
	.loc	2 32 2 is_stmt 0                @ ../Task/Src/Detect.c:32:2
	str	r3, [sp, #12]                   @ 4-byte Spill
	bl	Fill_Buffer
	ldr	r0, [sp, #4]                    @ 4-byte Reload
	vldr	s1, [sp, #8]                    @ 4-byte Reload
	ldr	r3, [sp, #12]                   @ 4-byte Reload
	.loc	2 33 29 is_stmt 1               @ ../Task/Src/Detect.c:33:29
	vldr	s0, [sp, #16]
	movs	r1, #6
	movs	r2, #98
	.loc	2 33 3 is_stmt 0                @ ../Task/Src/Detect.c:33:3
	bl	Fill_Buffer
	.loc	2 34 18 is_stmt 1               @ ../Task/Src/Detect.c:34:18
	ldrb.w	r0, [sp, #54]
	.loc	2 34 16 is_stmt 0               @ ../Task/Src/Detect.c:34:16
	strb.w	r0, [sp, #39]
	.loc	2 36 1 epilogue_begin is_stmt 1 @ ../Task/Src/Detect.c:36:1
	add	sp, #64
	pop	{r7, pc}
.Ltmp9:
	.loc	2 0 1 is_stmt 0                 @ :0:1
.Ltmp10:
	.p2align	2
@ %bb.1:
.LCPI1_0:
	.long	0x42652ee1                      @ float 57.2957802
.Lfunc_end1:
	.size	MiniPC_Transmit_Info, .Lfunc_end1-MiniPC_Transmit_Info
	.cfi_endproc
	.cantunwind
	.fnend
                                        @ -- End function
	.section	.text.MiniPC_Recive_Info,"ax",%progbits
	.hidden	MiniPC_Recive_Info              @ -- Begin function MiniPC_Recive_Info
	.globl	MiniPC_Recive_Info
	.p2align	3
	.type	MiniPC_Recive_Info,%function
	.code	16                              @ @MiniPC_Recive_Info
	.thumb_func
MiniPC_Recive_Info:
.Lfunc_begin2:
	.loc	2 39 0 is_stmt 1                @ ../Task/Src/Detect.c:39:0
	.fnstart
	.cfi_startproc
@ %bb.0:
	.save	{r7, lr}
	push	{r7, lr}
	.cfi_def_cfa_offset 8
	.cfi_offset lr, -4
	.cfi_offset r7, -8
	.pad	#24
	sub	sp, #24
	.cfi_def_cfa_offset 32
	str	r0, [sp, #20]
	str	r1, [sp, #16]
	movs	r0, #0
.Ltmp11:
	.loc	2 40 14 prologue_end            @ ../Task/Src/Detect.c:40:14
	str	r0, [sp, #12]
	.loc	2 40 5 is_stmt 0                @ ../Task/Src/Detect.c:40:5
	b	.LBB2_1
.LBB2_1:                                @ =>This Loop Header: Depth=1
                                        @     Child Loop BB2_6 Depth 2
.Ltmp12:
	.loc	2 40 21                         @ ../Task/Src/Detect.c:40:21
	ldr	r0, [sp, #12]
	.loc	2 40 26                         @ ../Task/Src/Detect.c:40:26
	ldr	r1, [sp, #16]
	.loc	2 40 25                         @ ../Task/Src/Detect.c:40:25
	ldr	r1, [r1]
.Ltmp13:
	.loc	2 40 1                          @ ../Task/Src/Detect.c:40:1
	cmp	r0, r1
	bhs	.LBB2_15
	b	.LBB2_2
.LBB2_2:                                @   in Loop: Header=BB2_1 Depth=1
.Ltmp14:
	.loc	2 41 20 is_stmt 1               @ ../Task/Src/Detect.c:41:20
	ldr	r0, [sp, #20]
	.loc	2 41 24 is_stmt 0               @ ../Task/Src/Detect.c:41:24
	ldr	r1, [sp, #12]
	.loc	2 41 20                         @ ../Task/Src/Detect.c:41:20
	ldrb	r0, [r0, r1]
	.loc	2 41 13                         @ ../Task/Src/Detect.c:41:13
	strb.w	r0, [sp, #11]
	.loc	2 44 37 is_stmt 1               @ ../Task/Src/Detect.c:44:37
	ldrb.w	r1, [sp, #11]
	.loc	2 44 31 is_stmt 0               @ ../Task/Src/Detect.c:44:31
	movw	r0, :lower16:cdc_rx_index
	movt	r0, :upper16:cdc_rx_index
	ldrh	r3, [r0]
	adds	r2, r3, #1
	strh	r2, [r0]
	.loc	2 44 5                          @ ../Task/Src/Detect.c:44:5
	movw	r2, :lower16:cdc_rx_buffer
	movt	r2, :upper16:cdc_rx_buffer
	.loc	2 44 35                         @ ../Task/Src/Detect.c:44:35
	strb	r1, [r2, r3]
.Ltmp15:
	.loc	2 46 9 is_stmt 1                @ ../Task/Src/Detect.c:46:9
	ldrh	r0, [r0]
.Ltmp16:
	.loc	2 46 9 is_stmt 0                @ ../Task/Src/Detect.c:46:9
	cmp	r0, #64
	blt	.LBB2_4
	b	.LBB2_3
.LBB2_3:                                @   in Loop: Header=BB2_1 Depth=1
.Ltmp17:
	.loc	2 46 58                         @ ../Task/Src/Detect.c:46:58
	movw	r1, :lower16:cdc_rx_index
	movt	r1, :upper16:cdc_rx_index
	movs	r0, #0
	strh	r0, [r1]
	.loc	2 46 45                         @ ../Task/Src/Detect.c:46:45
	b	.LBB2_4
.Ltmp18:
.LBB2_4:                                @   in Loop: Header=BB2_1 Depth=1
	.loc	2 48 9 is_stmt 1                @ ../Task/Src/Detect.c:48:9
	movw	r0, :lower16:cdc_rx_index
	movt	r0, :upper16:cdc_rx_index
	ldrh	r0, [r0]
.Ltmp19:
	.loc	2 48 9 is_stmt 0                @ ../Task/Src/Detect.c:48:9
	cmp	r0, #17
	blt	.LBB2_13
	b	.LBB2_5
.LBB2_5:                                @   in Loop: Header=BB2_1 Depth=1
	.loc	2 0 9                           @ ../Task/Src/Detect.c:0:9
	movs	r0, #0
.Ltmp20:
	.loc	2 50 21 is_stmt 1               @ ../Task/Src/Detect.c:50:21
	strh.w	r0, [sp, #8]
	.loc	2 50 12 is_stmt 0               @ ../Task/Src/Detect.c:50:12
	b	.LBB2_6
.LBB2_6:                                @   Parent Loop BB2_1 Depth=1
                                        @ =>  This Inner Loop Header: Depth=2
.Ltmp21:
	.loc	2 50 28                         @ ../Task/Src/Detect.c:50:28
	ldrh.w	r0, [sp, #8]
	.loc	2 50 33                         @ ../Task/Src/Detect.c:50:33
	movw	r1, :lower16:cdc_rx_index
	movt	r1, :upper16:cdc_rx_index
	ldrh	r1, [r1]
	.loc	2 50 46                         @ ../Task/Src/Detect.c:50:46
	subs	r1, #17
.Ltmp22:
	.loc	2 50 7                          @ ../Task/Src/Detect.c:50:7
	cmp	r0, r1
	bgt	.LBB2_12
	b	.LBB2_7
.LBB2_7:                                @   in Loop: Header=BB2_6 Depth=2
.Ltmp23:
	.loc	2 51 27 is_stmt 1               @ ../Task/Src/Detect.c:51:27
	ldrh.w	r1, [sp, #8]
	.loc	2 51 13 is_stmt 0               @ ../Task/Src/Detect.c:51:13
	movw	r0, :lower16:cdc_rx_buffer
	movt	r0, :upper16:cdc_rx_buffer
	ldrb	r0, [r0, r1]
	.loc	2 51 37                         @ ../Task/Src/Detect.c:51:37
	cmp	r0, #97
	bne	.LBB2_10
	b	.LBB2_8
.LBB2_8:                                @   in Loop: Header=BB2_6 Depth=2
	.loc	2 51 54                         @ ../Task/Src/Detect.c:51:54
	ldrh.w	r0, [sp, #8]
	.loc	2 51 40                         @ ../Task/Src/Detect.c:51:40
	movw	r1, :lower16:cdc_rx_buffer
	movt	r1, :upper16:cdc_rx_buffer
	.loc	2 51 56                         @ ../Task/Src/Detect.c:51:56
	add	r0, r1
	.loc	2 51 40                         @ ../Task/Src/Detect.c:51:40
	ldrb	r0, [r0, #16]
.Ltmp24:
	.loc	2 51 13                         @ ../Task/Src/Detect.c:51:13
	cmp	r0, #101
	bne	.LBB2_10
	b	.LBB2_9
.LBB2_9:                                @   in Loop: Header=BB2_1 Depth=1
.Ltmp25:
	.loc	2 53 38 is_stmt 1               @ ../Task/Src/Detect.c:53:38
	ldrh.w	r1, [sp, #8]
	.loc	2 53 24 is_stmt 0               @ ../Task/Src/Detect.c:53:24
	movw	r0, :lower16:cdc_rx_buffer
	movt	r0, :upper16:cdc_rx_buffer
	str	r0, [sp]                        @ 4-byte Spill
	add	r0, r1
	.loc	2 53 11                         @ ../Task/Src/Detect.c:53:11
	movw	r1, :lower16:HMI_Contrl_update
	movt	r1, :upper16:HMI_Contrl_update
	bl	MSG_TO_INFO
	ldr	r0, [sp]                        @ 4-byte Reload
	.loc	2 55 49 is_stmt 1               @ ../Task/Src/Detect.c:55:49
	ldrh.w	r1, [sp, #8]
	.loc	2 55 51 is_stmt 0               @ ../Task/Src/Detect.c:55:51
	add.w	r3, r1, #17
	.loc	2 55 35                         @ ../Task/Src/Detect.c:55:35
	adds	r1, r0, r3
	.loc	2 55 58                         @ ../Task/Src/Detect.c:55:58
	movw	r2, :lower16:cdc_rx_index
	movt	r2, :upper16:cdc_rx_index
	str	r2, [sp, #4]                    @ 4-byte Spill
	ldrh	r2, [r2]
	.loc	2 55 71                         @ ../Task/Src/Detect.c:55:71
	subs	r2, r2, r3
	.loc	2 55 11                         @ ../Task/Src/Detect.c:55:11
	bl	__aeabi_memmove
	ldr	r1, [sp, #4]                    @ 4-byte Reload
	.loc	2 56 28 is_stmt 1               @ ../Task/Src/Detect.c:56:28
	ldrh.w	r2, [sp, #8]
	.loc	2 56 24 is_stmt 0               @ ../Task/Src/Detect.c:56:24
	ldrh	r0, [r1]
	subs	r0, r0, r2
	subs	r0, #17
	strh	r0, [r1]
	.loc	2 57 11 is_stmt 1               @ ../Task/Src/Detect.c:57:11
	b	.LBB2_12
.Ltmp26:
.LBB2_10:                               @   in Loop: Header=BB2_6 Depth=2
	.loc	2 59 7                          @ ../Task/Src/Detect.c:59:7
	b	.LBB2_11
.Ltmp27:
.LBB2_11:                               @   in Loop: Header=BB2_6 Depth=2
	.loc	2 50 53                         @ ../Task/Src/Detect.c:50:53
	ldrh.w	r0, [sp, #8]
	adds	r0, #1
	strh.w	r0, [sp, #8]
	.loc	2 50 7 is_stmt 0                @ ../Task/Src/Detect.c:50:7
	b	.LBB2_6
.Ltmp28:
.LBB2_12:                               @   in Loop: Header=BB2_1 Depth=1
	.loc	2 60 5 is_stmt 1                @ ../Task/Src/Detect.c:60:5
	b	.LBB2_13
.Ltmp29:
.LBB2_13:                               @   in Loop: Header=BB2_1 Depth=1
	.loc	2 61 3                          @ ../Task/Src/Detect.c:61:3
	b	.LBB2_14
.Ltmp30:
.LBB2_14:                               @   in Loop: Header=BB2_1 Depth=1
	.loc	2 40 32                         @ ../Task/Src/Detect.c:40:32
	ldr	r0, [sp, #12]
	adds	r0, #1
	str	r0, [sp, #12]
	.loc	2 40 1 is_stmt 0                @ ../Task/Src/Detect.c:40:1
	b	.LBB2_1
.Ltmp31:
.LBB2_15:
	.loc	2 64 1 epilogue_begin is_stmt 1 @ ../Task/Src/Detect.c:64:1
	add	sp, #24
	pop	{r7, pc}
.Ltmp32:
.Lfunc_end2:
	.size	MiniPC_Recive_Info, .Lfunc_end2-MiniPC_Recive_Info
	.cfi_endproc
	.cantunwind
	.fnend
                                        @ -- End function
	.section	.text.MSG_TO_INFO,"ax",%progbits
	.hidden	MSG_TO_INFO                     @ -- Begin function MSG_TO_INFO
	.globl	MSG_TO_INFO
	.p2align	3
	.type	MSG_TO_INFO,%function
	.code	16                              @ @MSG_TO_INFO
	.thumb_func
MSG_TO_INFO:
.Lfunc_begin3:
	.loc	2 69 0                          @ ../Task/Src/Detect.c:69:0
	.fnstart
	.cfi_startproc
@ %bb.0:
	.pad	#36
	sub	sp, #36
	.cfi_def_cfa_offset 36
	str	r0, [sp, #32]
	str	r1, [sp, #28]
.Ltmp33:
	.loc	2 77 17 prologue_end            @ ../Task/Src/Detect.c:77:17
	movw	r0, :lower16:MSG_TO_INFO.last_yaw
	movt	r0, :upper16:MSG_TO_INFO.last_yaw
	ldr	r0, [r0]
	.loc	2 77 11 is_stmt 0               @ ../Task/Src/Detect.c:77:11
	str	r0, [sp, #24]
	.loc	2 77 35                         @ ../Task/Src/Detect.c:77:35
	movw	r0, :lower16:MSG_TO_INFO.last_pitch
	movt	r0, :upper16:MSG_TO_INFO.last_pitch
	ldr	r0, [r0]
	.loc	2 77 27                         @ ../Task/Src/Detect.c:77:27
	str	r0, [sp, #20]
	.loc	2 77 71                         @ ../Task/Src/Detect.c:77:71
	movw	r0, :lower16:MSG_TO_INFO.last_target_tracking_state
	movt	r0, :upper16:MSG_TO_INFO.last_target_tracking_state
	ldr	r0, [r0]
	.loc	2 77 47                         @ ../Task/Src/Detect.c:77:47
	str	r0, [sp, #16]
	movs	r0, #0
	.loc	2 78 13 is_stmt 1               @ ../Task/Src/Detect.c:78:13
	strb.w	r0, [sp, #15]
	.loc	2 78 27 is_stmt 0               @ ../Task/Src/Detect.c:78:27
	strb.w	r0, [sp, #14]
	.loc	2 79 9 is_stmt 1                @ ../Task/Src/Detect.c:79:9
	str	r0, [sp, #8]
.Ltmp34:
	.loc	2 82 9                          @ ../Task/Src/Detect.c:82:9
	ldr	r0, [sp, #32]
	ldrb	r0, [r0]
.Ltmp35:
	.loc	2 82 9 is_stmt 0                @ ../Task/Src/Detect.c:82:9
	cmp	r0, #97
	bne	.LBB3_4
	b	.LBB3_1
.LBB3_1:
.Ltmp36:
	.loc	2 84 13 is_stmt 1               @ ../Task/Src/Detect.c:84:13
	ldr	r0, [sp, #32]
	ldrb	r0, [r0, #1]
.Ltmp37:
	.loc	2 84 13 is_stmt 0               @ ../Task/Src/Detect.c:84:13
	cmp	r0, #48
	bne	.LBB3_3
	b	.LBB3_2
.LBB3_2:
	.loc	2 0 13                          @ ../Task/Src/Detect.c:0:13
	movs	r0, #1
.Ltmp38:
	.loc	2 84 39                         @ ../Task/Src/Detect.c:84:39
	str	r0, [sp, #8]
	.loc	2 84 31                         @ ../Task/Src/Detect.c:84:31
	b	.LBB3_3
.Ltmp39:
.LBB3_3:
	.loc	2 85 5 is_stmt 1                @ ../Task/Src/Detect.c:85:5
	b	.LBB3_4
.Ltmp40:
.LBB3_4:
	.loc	2 87 5                          @ ../Task/Src/Detect.c:87:5
	ldr	r0, [sp, #32]
	ldrb	r0, [r0, #2]
.Ltmp41:
	.loc	2 87 5 is_stmt 0                @ ../Task/Src/Detect.c:87:5
	cmp	r0, #98
	bne	.LBB3_13
	b	.LBB3_5
.LBB3_5:
	.loc	2 0 5                           @ ../Task/Src/Detect.c:0:5
	movs	r0, #3
.Ltmp42:
	.loc	2 89 11 is_stmt 1               @ ../Task/Src/Detect.c:89:11
	str	r0, [sp, #4]
	.loc	2 89 7 is_stmt 0                @ ../Task/Src/Detect.c:89:7
	b	.LBB3_6
.LBB3_6:                                @ =>This Inner Loop Header: Depth=1
.Ltmp43:
	.loc	2 89 15                         @ ../Task/Src/Detect.c:89:15
	ldr	r0, [sp, #4]
.Ltmp44:
	.loc	2 89 3                          @ ../Task/Src/Detect.c:89:3
	cmp	r0, #7
	bgt	.LBB3_12
	b	.LBB3_7
.LBB3_7:                                @   in Loop: Header=BB3_6 Depth=1
.Ltmp45:
	.loc	2 91 7 is_stmt 1                @ ../Task/Src/Detect.c:91:7
	ldr	r0, [sp, #32]
	.loc	2 91 14 is_stmt 0               @ ../Task/Src/Detect.c:91:14
	ldr	r1, [sp, #4]
	.loc	2 91 7                          @ ../Task/Src/Detect.c:91:7
	ldrb	r0, [r0, r1]
	.loc	2 91 20                         @ ../Task/Src/Detect.c:91:20
	cmp	r0, #48
	blt	.LBB3_9
	b	.LBB3_8
.LBB3_8:                                @   in Loop: Header=BB3_6 Depth=1
	.loc	2 91 22                         @ ../Task/Src/Detect.c:91:22
	ldr	r0, [sp, #32]
	.loc	2 91 29                         @ ../Task/Src/Detect.c:91:29
	ldr	r1, [sp, #4]
	.loc	2 91 22                         @ ../Task/Src/Detect.c:91:22
	ldrb	r0, [r0, r1]
.Ltmp46:
	.loc	2 91 7                          @ ../Task/Src/Detect.c:91:7
	cmp	r0, #58
	blt	.LBB3_10
	b	.LBB3_9
.LBB3_9:                                @   in Loop: Header=BB3_6 Depth=1
	.loc	2 0 7                           @ ../Task/Src/Detect.c:0:7
	movs	r0, #1
.Ltmp47:
	.loc	2 93 13 is_stmt 1               @ ../Task/Src/Detect.c:93:13
	strb.w	r0, [sp, #15]
	.loc	2 94 4                          @ ../Task/Src/Detect.c:94:4
	b	.LBB3_10
.Ltmp48:
.LBB3_10:                               @   in Loop: Header=BB3_6 Depth=1
	.loc	2 95 3                          @ ../Task/Src/Detect.c:95:3
	b	.LBB3_11
.Ltmp49:
.LBB3_11:                               @   in Loop: Header=BB3_6 Depth=1
	.loc	2 89 21                         @ ../Task/Src/Detect.c:89:21
	ldr	r0, [sp, #4]
	adds	r0, #1
	str	r0, [sp, #4]
	.loc	2 89 3 is_stmt 0                @ ../Task/Src/Detect.c:89:3
	b	.LBB3_6
.Ltmp50:
.LBB3_12:
	.loc	2 96 2 is_stmt 1                @ ../Task/Src/Detect.c:96:2
	b	.LBB3_13
.Ltmp51:
.LBB3_13:
	.loc	2 98 5                          @ ../Task/Src/Detect.c:98:5
	ldrb.w	r0, [sp, #15]
	.loc	2 98 17 is_stmt 0               @ ../Task/Src/Detect.c:98:17
	cmp	r0, #1
	beq	.LBB3_16
	b	.LBB3_14
.LBB3_14:
	.loc	2 98 20                         @ ../Task/Src/Detect.c:98:20
	ldr	r0, [sp, #8]
.Ltmp52:
	.loc	2 98 5                          @ ../Task/Src/Detect.c:98:5
	cmp	r0, #1
	bne	.LBB3_16
	b	.LBB3_15
.LBB3_15:
.Ltmp53:
	.loc	2 98 39                         @ ../Task/Src/Detect.c:98:39
	ldr	r0, [sp, #32]
	ldrb	r3, [r0, #4]
	.loc	2 98 61                         @ ../Task/Src/Detect.c:98:61
	ldrb	r2, [r0, #5]
	.loc	2 98 81                         @ ../Task/Src/Detect.c:98:81
	ldrb	r1, [r0, #6]
	.loc	2 98 102                        @ ../Task/Src/Detect.c:98:102
	ldrb	r0, [r0, #7]
	.loc	2 98 48                         @ ../Task/Src/Detect.c:98:48
	subs	r3, #48
	.loc	2 98 38                         @ ../Task/Src/Detect.c:98:38
	vmov	s0, r3
	vcvt.f64.s32	d0, s0
	.loc	2 98 70                         @ ../Task/Src/Detect.c:98:70
	add.w	r3, r2, r2, lsl #2
	movw	r2, #65056
	movt	r2, #65535
	.loc	2 98 75                         @ ../Task/Src/Detect.c:98:75
	add.w	r2, r2, r3, lsl #1
	.loc	2 98 60                         @ ../Task/Src/Detect.c:98:60
	vmov	s2, r2
	vcvt.f64.s32	d1, s2
	vldr	d2, .LCPI3_0
	.loc	2 98 59                         @ ../Task/Src/Detect.c:98:59
	vfma.f64	d1, d0, d2
	.loc	2 98 90                         @ ../Task/Src/Detect.c:98:90
	subs	r1, #48
	.loc	2 98 80                         @ ../Task/Src/Detect.c:98:80
	vmov	s0, r1
	vcvt.f64.s32	d0, s0
	.loc	2 98 78                         @ ../Task/Src/Detect.c:98:78
	vadd.f64	d0, d0, d1
	.loc	2 98 111                        @ ../Task/Src/Detect.c:98:111
	subs	r0, #48
	.loc	2 98 101                        @ ../Task/Src/Detect.c:98:101
	vmov	s2, r0
	vcvt.f32.s32	s2, s2
	vldr	s4, .LCPI3_1
	.loc	2 98 116                        @ ../Task/Src/Detect.c:98:116
	vmul.f32	s2, s2, s4
	.loc	2 98 101                        @ ../Task/Src/Detect.c:98:101
	vcvt.f64.f32	d1, s2
	.loc	2 98 99                         @ ../Task/Src/Detect.c:98:99
	vadd.f64	d0, d0, d1
	.loc	2 98 38                         @ ../Task/Src/Detect.c:98:38
	vcvt.f32.f64	s0, d0
	.loc	2 98 37                         @ ../Task/Src/Detect.c:98:37
	vstr	s0, [sp, #24]
	.loc	2 98 32                         @ ../Task/Src/Detect.c:98:32
	b	.LBB3_16
.Ltmp54:
.LBB3_16:
	.loc	2 100 6 is_stmt 1               @ ../Task/Src/Detect.c:100:6
	ldrb.w	r0, [sp, #15]
	.loc	2 100 18 is_stmt 0              @ ../Task/Src/Detect.c:100:18
	cmp	r0, #1
	beq	.LBB3_20
	b	.LBB3_17
.LBB3_17:
	.loc	2 100 22                        @ ../Task/Src/Detect.c:100:22
	ldr	r0, [sp, #32]
	ldrb	r0, [r0, #3]
	.loc	2 100 42                        @ ../Task/Src/Detect.c:100:42
	cmp	r0, #49
	bne	.LBB3_20
	b	.LBB3_18
.LBB3_18:
	.loc	2 100 45                        @ ../Task/Src/Detect.c:100:45
	ldr	r0, [sp, #8]
.Ltmp55:
	.loc	2 100 6                         @ ../Task/Src/Detect.c:100:6
	cmp	r0, #1
	bne	.LBB3_20
	b	.LBB3_19
.LBB3_19:
.Ltmp56:
	.loc	2 100 61                        @ ../Task/Src/Detect.c:100:61
	vldr	s2, [sp, #24]
	vldr	s0, .LCPI3_2
	vsub.f32	s0, s0, s2
	vstr	s0, [sp, #24]
	.loc	2 100 57                        @ ../Task/Src/Detect.c:100:57
	b	.LBB3_20
.Ltmp57:
.LBB3_20:
	.loc	2 103 5 is_stmt 1               @ ../Task/Src/Detect.c:103:5
	ldr	r0, [sp, #32]
	ldrb	r0, [r0, #8]
.Ltmp58:
	.loc	2 103 5 is_stmt 0               @ ../Task/Src/Detect.c:103:5
	cmp	r0, #99
	bne	.LBB3_29
	b	.LBB3_21
.LBB3_21:
	.loc	2 0 5                           @ ../Task/Src/Detect.c:0:5
	movs	r0, #9
.Ltmp59:
	.loc	2 105 11 is_stmt 1              @ ../Task/Src/Detect.c:105:11
	str	r0, [sp]
	.loc	2 105 7 is_stmt 0               @ ../Task/Src/Detect.c:105:7
	b	.LBB3_22
.LBB3_22:                               @ =>This Inner Loop Header: Depth=1
.Ltmp60:
	.loc	2 105 15                        @ ../Task/Src/Detect.c:105:15
	ldr	r0, [sp]
.Ltmp61:
	.loc	2 105 3                         @ ../Task/Src/Detect.c:105:3
	cmp	r0, #13
	bgt	.LBB3_28
	b	.LBB3_23
.LBB3_23:                               @   in Loop: Header=BB3_22 Depth=1
.Ltmp62:
	.loc	2 107 7 is_stmt 1               @ ../Task/Src/Detect.c:107:7
	ldr	r0, [sp, #32]
	.loc	2 107 14 is_stmt 0              @ ../Task/Src/Detect.c:107:14
	ldr	r1, [sp]
	.loc	2 107 7                         @ ../Task/Src/Detect.c:107:7
	ldrb	r0, [r0, r1]
	.loc	2 107 20                        @ ../Task/Src/Detect.c:107:20
	cmp	r0, #48
	blt	.LBB3_25
	b	.LBB3_24
.LBB3_24:                               @   in Loop: Header=BB3_22 Depth=1
	.loc	2 107 22                        @ ../Task/Src/Detect.c:107:22
	ldr	r0, [sp, #32]
	.loc	2 107 29                        @ ../Task/Src/Detect.c:107:29
	ldr	r1, [sp]
	.loc	2 107 22                        @ ../Task/Src/Detect.c:107:22
	ldrb	r0, [r0, r1]
.Ltmp63:
	.loc	2 107 7                         @ ../Task/Src/Detect.c:107:7
	cmp	r0, #58
	blt	.LBB3_26
	b	.LBB3_25
.LBB3_25:                               @   in Loop: Header=BB3_22 Depth=1
	.loc	2 0 7                           @ ../Task/Src/Detect.c:0:7
	movs	r0, #1
.Ltmp64:
	.loc	2 109 14 is_stmt 1              @ ../Task/Src/Detect.c:109:14
	strb.w	r0, [sp, #14]
	.loc	2 110 4                         @ ../Task/Src/Detect.c:110:4
	b	.LBB3_26
.Ltmp65:
.LBB3_26:                               @   in Loop: Header=BB3_22 Depth=1
	.loc	2 111 3                         @ ../Task/Src/Detect.c:111:3
	b	.LBB3_27
.Ltmp66:
.LBB3_27:                               @   in Loop: Header=BB3_22 Depth=1
	.loc	2 105 22                        @ ../Task/Src/Detect.c:105:22
	ldr	r0, [sp]
	adds	r0, #1
	str	r0, [sp]
	.loc	2 105 3 is_stmt 0               @ ../Task/Src/Detect.c:105:3
	b	.LBB3_22
.Ltmp67:
.LBB3_28:
	.loc	2 112 2 is_stmt 1               @ ../Task/Src/Detect.c:112:2
	b	.LBB3_29
.Ltmp68:
.LBB3_29:
	.loc	2 114 5                         @ ../Task/Src/Detect.c:114:5
	ldrb.w	r0, [sp, #14]
	.loc	2 114 18 is_stmt 0              @ ../Task/Src/Detect.c:114:18
	cmp	r0, #1
	beq	.LBB3_32
	b	.LBB3_30
.LBB3_30:
	.loc	2 114 21                        @ ../Task/Src/Detect.c:114:21
	ldr	r0, [sp, #8]
.Ltmp69:
	.loc	2 114 5                         @ ../Task/Src/Detect.c:114:5
	cmp	r0, #1
	bne	.LBB3_32
	b	.LBB3_31
.LBB3_31:
.Ltmp70:
	.loc	2 114 42                        @ ../Task/Src/Detect.c:114:42
	ldr	r0, [sp, #32]
	ldrb	r3, [r0, #10]
	.loc	2 114 65                        @ ../Task/Src/Detect.c:114:65
	ldrb	r2, [r0, #11]
	.loc	2 114 86                        @ ../Task/Src/Detect.c:114:86
	ldrb	r1, [r0, #12]
	.loc	2 114 108                       @ ../Task/Src/Detect.c:114:108
	ldrb	r0, [r0, #13]
	.loc	2 114 52                        @ ../Task/Src/Detect.c:114:52
	subs	r3, #48
	.loc	2 114 41                        @ ../Task/Src/Detect.c:114:41
	vmov	s0, r3
	vcvt.f64.s32	d0, s0
	.loc	2 114 75                        @ ../Task/Src/Detect.c:114:75
	add.w	r3, r2, r2, lsl #2
	movw	r2, #65056
	movt	r2, #65535
	.loc	2 114 80                        @ ../Task/Src/Detect.c:114:80
	add.w	r2, r2, r3, lsl #1
	.loc	2 114 64                        @ ../Task/Src/Detect.c:114:64
	vmov	s2, r2
	vcvt.f64.s32	d1, s2
	vldr	d2, .LCPI3_0
	.loc	2 114 63                        @ ../Task/Src/Detect.c:114:63
	vfma.f64	d1, d0, d2
	.loc	2 114 96                        @ ../Task/Src/Detect.c:114:96
	subs	r1, #48
	.loc	2 114 85                        @ ../Task/Src/Detect.c:114:85
	vmov	s0, r1
	vcvt.f64.s32	d0, s0
	.loc	2 114 83                        @ ../Task/Src/Detect.c:114:83
	vadd.f64	d0, d0, d1
	.loc	2 114 118                       @ ../Task/Src/Detect.c:114:118
	subs	r0, #48
	.loc	2 114 107                       @ ../Task/Src/Detect.c:114:107
	vmov	s2, r0
	vcvt.f32.s32	s2, s2
	vldr	s4, .LCPI3_1
	.loc	2 114 123                       @ ../Task/Src/Detect.c:114:123
	vmul.f32	s2, s2, s4
	.loc	2 114 107                       @ ../Task/Src/Detect.c:114:107
	vcvt.f64.f32	d1, s2
	.loc	2 114 105                       @ ../Task/Src/Detect.c:114:105
	vadd.f64	d0, d0, d1
	.loc	2 114 41                        @ ../Task/Src/Detect.c:114:41
	vcvt.f32.f64	s0, d0
	.loc	2 114 40                        @ ../Task/Src/Detect.c:114:40
	vstr	s0, [sp, #20]
	.loc	2 114 33                        @ ../Task/Src/Detect.c:114:33
	b	.LBB3_32
.Ltmp71:
.LBB3_32:
	.loc	2 115 6 is_stmt 1               @ ../Task/Src/Detect.c:115:6
	ldrb.w	r0, [sp, #14]
	.loc	2 115 19 is_stmt 0              @ ../Task/Src/Detect.c:115:19
	cmp	r0, #1
	beq	.LBB3_36
	b	.LBB3_33
.LBB3_33:
	.loc	2 115 23                        @ ../Task/Src/Detect.c:115:23
	ldr	r0, [sp, #32]
	ldrb	r0, [r0, #9]
	.loc	2 115 43                        @ ../Task/Src/Detect.c:115:43
	cmp	r0, #49
	bne	.LBB3_36
	b	.LBB3_34
.LBB3_34:
	.loc	2 115 46                        @ ../Task/Src/Detect.c:115:46
	ldr	r0, [sp, #8]
.Ltmp72:
	.loc	2 115 6                         @ ../Task/Src/Detect.c:115:6
	cmp	r0, #1
	bne	.LBB3_36
	b	.LBB3_35
.LBB3_35:
.Ltmp73:
	.loc	2 115 64                        @ ../Task/Src/Detect.c:115:64
	vldr	s2, [sp, #20]
	vldr	s0, .LCPI3_2
	vsub.f32	s0, s0, s2
	vstr	s0, [sp, #20]
	.loc	2 115 58                        @ ../Task/Src/Detect.c:115:58
	b	.LBB3_36
.Ltmp74:
.LBB3_36:
	.loc	2 117 5 is_stmt 1               @ ../Task/Src/Detect.c:117:5
	ldr	r0, [sp, #32]
	ldrb	r0, [r0, #14]
	.loc	2 117 23 is_stmt 0              @ ../Task/Src/Detect.c:117:23
	cmp	r0, #100
	bne	.LBB3_46
	b	.LBB3_37
.LBB3_37:
	.loc	2 117 26                        @ ../Task/Src/Detect.c:117:26
	ldr	r0, [sp, #32]
	ldrb	r0, [r0, #16]
	.loc	2 117 44                        @ ../Task/Src/Detect.c:117:44
	cmp	r0, #101
	bne	.LBB3_46
	b	.LBB3_38
.LBB3_38:
	.loc	2 117 47                        @ ../Task/Src/Detect.c:117:47
	ldr	r0, [sp, #8]
.Ltmp75:
	.loc	2 117 5                         @ ../Task/Src/Detect.c:117:5
	cmp	r0, #1
	bne	.LBB3_46
	b	.LBB3_39
.LBB3_39:
.Ltmp76:
	.loc	2 119 7 is_stmt 1               @ ../Task/Src/Detect.c:119:7
	ldr	r0, [sp, #32]
	ldrb	r0, [r0, #15]
.Ltmp77:
	.loc	2 119 6 is_stmt 0               @ ../Task/Src/Detect.c:119:6
	cmp	r0, #49
	bne	.LBB3_41
	b	.LBB3_40
.LBB3_40:
	.loc	2 0 6                           @ ../Task/Src/Detect.c:0:6
	mov.w	r0, #1065353216
.Ltmp78:
	.loc	2 119 47                        @ ../Task/Src/Detect.c:119:47
	str	r0, [sp, #16]
	.loc	2 119 26                        @ ../Task/Src/Detect.c:119:26
	b	.LBB3_45
.LBB3_41:
.Ltmp79:
	.loc	2 120 12 is_stmt 1              @ ../Task/Src/Detect.c:120:12
	ldr	r0, [sp, #32]
	ldrb	r0, [r0, #15]
.Ltmp80:
	.loc	2 120 11 is_stmt 0              @ ../Task/Src/Detect.c:120:11
	cmp	r0, #50
	bne	.LBB3_43
	b	.LBB3_42
.LBB3_42:
	.loc	2 0 11                          @ ../Task/Src/Detect.c:0:11
	mov.w	r0, #1073741824
.Ltmp81:
	.loc	2 120 52                        @ ../Task/Src/Detect.c:120:52
	str	r0, [sp, #16]
	.loc	2 120 31                        @ ../Task/Src/Detect.c:120:31
	b	.LBB3_44
.LBB3_43:
	.loc	2 0 31                          @ ../Task/Src/Detect.c:0:31
	movs	r0, #0
	.loc	2 121 29 is_stmt 1              @ ../Task/Src/Detect.c:121:29
	str	r0, [sp, #16]
	b	.LBB3_44
.Ltmp82:
.LBB3_44:
	.loc	2 0 29 is_stmt 0                @ ../Task/Src/Detect.c:0:29
	b	.LBB3_45
.LBB3_45:
	.loc	2 122 2 is_stmt 1               @ ../Task/Src/Detect.c:122:2
	b	.LBB3_46
.Ltmp83:
.LBB3_46:
	.loc	2 123 5                         @ ../Task/Src/Detect.c:123:5
	ldr	r0, [sp, #8]
.Ltmp84:
	.loc	2 123 5 is_stmt 0               @ ../Task/Src/Detect.c:123:5
	cmp	r0, #1
	bne	.LBB3_48
	b	.LBB3_47
.LBB3_47:
.Ltmp85:
	.loc	2 125 43 is_stmt 1              @ ../Task/Src/Detect.c:125:43
	vldr	s0, [sp, #20]
	vldr	s2, .LCPI3_3
	.loc	2 125 48 is_stmt 0              @ ../Task/Src/Detect.c:125:48
	vdiv.f32	s0, s0, s2
	.loc	2 125 3                         @ ../Task/Src/Detect.c:125:3
	ldr	r0, [sp, #28]
	.loc	2 125 41                        @ ../Task/Src/Detect.c:125:41
	vstr	s0, [r0]
	.loc	2 126 41 is_stmt 1              @ ../Task/Src/Detect.c:126:41
	vldr	s0, [sp, #24]
	.loc	2 126 44 is_stmt 0              @ ../Task/Src/Detect.c:126:44
	vdiv.f32	s0, s0, s2
	.loc	2 126 3                         @ ../Task/Src/Detect.c:126:3
	ldr	r0, [sp, #28]
	.loc	2 126 39                        @ ../Task/Src/Detect.c:126:39
	vstr	s0, [r0, #4]
	.loc	2 127 33 is_stmt 1              @ ../Task/Src/Detect.c:127:33
	vldr	s0, [sp, #16]
	.loc	2 127 3 is_stmt 0               @ ../Task/Src/Detect.c:127:3
	ldr	r0, [sp, #28]
	.loc	2 127 32                        @ ../Task/Src/Detect.c:127:32
	vcvt.s32.f32	s0, s0
	vstr	s0, [r0, #8]
	.loc	2 128 2 is_stmt 1               @ ../Task/Src/Detect.c:128:2
	b	.LBB3_48
.Ltmp86:
.LBB3_48:
	.loc	2 130 2                         @ ../Task/Src/Detect.c:130:2
	ldr	r1, [sp, #28]
	movs	r0, #1
	.loc	2 130 39 is_stmt 0              @ ../Task/Src/Detect.c:130:39
	strb	r0, [r1, #12]
	.loc	2 131 1 epilogue_begin is_stmt 1 @ ../Task/Src/Detect.c:131:1
	add	sp, #36
	bx	lr
.Ltmp87:
	.loc	2 0 1 is_stmt 0                 @ :0:1
.Ltmp88:
	.p2align	3
@ %bb.49:
.LCPI3_0:
	.long	0                               @ double 100
	.long	1079574528
.LCPI3_1:
	.long	0x3dcccccd                      @ float 0.100000001
.LCPI3_2:
	.long	0x80000000                      @ float -0
.LCPI3_3:
	.long	0x42652ee1                      @ float 57.2957802
.Lfunc_end3:
	.size	MSG_TO_INFO, .Lfunc_end3-MSG_TO_INFO
	.cfi_endproc
	.cantunwind
	.fnend
                                        @ -- End function
	.hidden	cdc_rx_index                    @ @cdc_rx_index
	.type	cdc_rx_index,%object
	.section	.bss.cdc_rx_index,"aw",%nobits
	.globl	cdc_rx_index
	.p2align	1, 0x0
cdc_rx_index:
	.short	0                               @ 0x0
	.size	cdc_rx_index, 2

	.type	.L__const.MiniPC_Transmit_Info.check_bitl,%object @ @__const.MiniPC_Transmit_Info.check_bitl
	.section	.rodata..L__const.MiniPC_Transmit_Info.check_bitl,"a",%progbits
.L__const.MiniPC_Transmit_Info.check_bitl:
	.ascii	"abc"
	.size	.L__const.MiniPC_Transmit_Info.check_bitl, 3

	.type	.L__const.MiniPC_Transmit_Info.Num_To_Char,%object @ @__const.MiniPC_Transmit_Info.Num_To_Char
	.section	.rodata..L__const.MiniPC_Transmit_Info.Num_To_Char,"a",%progbits
.L__const.MiniPC_Transmit_Info.Num_To_Char:
	.ascii	"0123456789"
	.size	.L__const.MiniPC_Transmit_Info.Num_To_Char, 10

	.hidden	cdc_rx_buffer                   @ @cdc_rx_buffer
	.type	cdc_rx_buffer,%object
	.section	.bss.cdc_rx_buffer,"aw",%nobits
	.globl	cdc_rx_buffer
cdc_rx_buffer:
	.zero	64
	.size	cdc_rx_buffer, 64

	.hidden	HMI_Contrl_update               @ @HMI_Contrl_update
	.type	HMI_Contrl_update,%object
	.section	.bss.HMI_Contrl_update,"aw",%nobits
	.globl	HMI_Contrl_update
	.p2align	2, 0x0
HMI_Contrl_update:
	.zero	16
	.size	HMI_Contrl_update, 16

	.type	MSG_TO_INFO.last_yaw,%object    @ @MSG_TO_INFO.last_yaw
	.section	.bss.MSG_TO_INFO.last_yaw,"aw",%nobits
	.p2align	2, 0x0
MSG_TO_INFO.last_yaw:
	.long	0x00000000                      @ float 0
	.size	MSG_TO_INFO.last_yaw, 4

	.type	MSG_TO_INFO.last_pitch,%object  @ @MSG_TO_INFO.last_pitch
	.section	.bss.MSG_TO_INFO.last_pitch,"aw",%nobits
	.p2align	2, 0x0
MSG_TO_INFO.last_pitch:
	.long	0x00000000                      @ float 0
	.size	MSG_TO_INFO.last_pitch, 4

	.type	MSG_TO_INFO.last_target_tracking_state,%object @ @MSG_TO_INFO.last_target_tracking_state
	.section	.bss.MSG_TO_INFO.last_target_tracking_state,"aw",%nobits
	.p2align	2, 0x0
MSG_TO_INFO.last_target_tracking_state:
	.long	0x00000000                      @ float 0
	.size	MSG_TO_INFO.last_target_tracking_state, 4

	.section	.debug_abbrev,"",%progbits
	.byte	1                               @ Abbreviation Code
	.byte	17                              @ DW_TAG_compile_unit
	.byte	1                               @ DW_CHILDREN_yes
	.byte	37                              @ DW_AT_producer
	.byte	14                              @ DW_FORM_strp
	.byte	19                              @ DW_AT_language
	.byte	5                               @ DW_FORM_data2
	.byte	3                               @ DW_AT_name
	.byte	14                              @ DW_FORM_strp
	.byte	16                              @ DW_AT_stmt_list
	.byte	23                              @ DW_FORM_sec_offset
	.byte	27                              @ DW_AT_comp_dir
	.byte	14                              @ DW_FORM_strp
	.byte	17                              @ DW_AT_low_pc
	.byte	1                               @ DW_FORM_addr
	.byte	85                              @ DW_AT_ranges
	.byte	23                              @ DW_FORM_sec_offset
	.byte	0                               @ EOM(1)
	.byte	0                               @ EOM(2)
	.byte	2                               @ Abbreviation Code
	.byte	52                              @ DW_TAG_variable
	.byte	0                               @ DW_CHILDREN_no
	.byte	3                               @ DW_AT_name
	.byte	14                              @ DW_FORM_strp
	.byte	73                              @ DW_AT_type
	.byte	19                              @ DW_FORM_ref4
	.byte	63                              @ DW_AT_external
	.byte	25                              @ DW_FORM_flag_present
	.byte	58                              @ DW_AT_decl_file
	.byte	11                              @ DW_FORM_data1
	.byte	59                              @ DW_AT_decl_line
	.byte	11                              @ DW_FORM_data1
	.byte	2                               @ DW_AT_location
	.byte	24                              @ DW_FORM_exprloc
	.byte	0                               @ EOM(1)
	.byte	0                               @ EOM(2)
	.byte	3                               @ Abbreviation Code
	.byte	22                              @ DW_TAG_typedef
	.byte	0                               @ DW_CHILDREN_no
	.byte	73                              @ DW_AT_type
	.byte	19                              @ DW_FORM_ref4
	.byte	3                               @ DW_AT_name
	.byte	14                              @ DW_FORM_strp
	.byte	58                              @ DW_AT_decl_file
	.byte	11                              @ DW_FORM_data1
	.byte	59                              @ DW_AT_decl_line
	.byte	11                              @ DW_FORM_data1
	.byte	0                               @ EOM(1)
	.byte	0                               @ EOM(2)
	.byte	4                               @ Abbreviation Code
	.byte	36                              @ DW_TAG_base_type
	.byte	0                               @ DW_CHILDREN_no
	.byte	3                               @ DW_AT_name
	.byte	14                              @ DW_FORM_strp
	.byte	62                              @ DW_AT_encoding
	.byte	11                              @ DW_FORM_data1
	.byte	11                              @ DW_AT_byte_size
	.byte	11                              @ DW_FORM_data1
	.byte	0                               @ EOM(1)
	.byte	0                               @ EOM(2)
	.byte	5                               @ Abbreviation Code
	.byte	46                              @ DW_TAG_subprogram
	.byte	1                               @ DW_CHILDREN_yes
	.byte	17                              @ DW_AT_low_pc
	.byte	1                               @ DW_FORM_addr
	.byte	18                              @ DW_AT_high_pc
	.byte	6                               @ DW_FORM_data4
	.byte	64                              @ DW_AT_frame_base
	.byte	24                              @ DW_FORM_exprloc
	.byte	3                               @ DW_AT_name
	.byte	14                              @ DW_FORM_strp
	.byte	58                              @ DW_AT_decl_file
	.byte	11                              @ DW_FORM_data1
	.byte	59                              @ DW_AT_decl_line
	.byte	11                              @ DW_FORM_data1
	.byte	39                              @ DW_AT_prototyped
	.byte	25                              @ DW_FORM_flag_present
	.byte	63                              @ DW_AT_external
	.byte	25                              @ DW_FORM_flag_present
	.byte	0                               @ EOM(1)
	.byte	0                               @ EOM(2)
	.byte	6                               @ Abbreviation Code
	.byte	52                              @ DW_TAG_variable
	.byte	0                               @ DW_CHILDREN_no
	.byte	3                               @ DW_AT_name
	.byte	14                              @ DW_FORM_strp
	.byte	73                              @ DW_AT_type
	.byte	19                              @ DW_FORM_ref4
	.byte	58                              @ DW_AT_decl_file
	.byte	11                              @ DW_FORM_data1
	.byte	59                              @ DW_AT_decl_line
	.byte	11                              @ DW_FORM_data1
	.byte	2                               @ DW_AT_location
	.byte	24                              @ DW_FORM_exprloc
	.byte	0                               @ EOM(1)
	.byte	0                               @ EOM(2)
	.byte	7                               @ Abbreviation Code
	.byte	5                               @ DW_TAG_formal_parameter
	.byte	0                               @ DW_CHILDREN_no
	.byte	2                               @ DW_AT_location
	.byte	24                              @ DW_FORM_exprloc
	.byte	3                               @ DW_AT_name
	.byte	14                              @ DW_FORM_strp
	.byte	58                              @ DW_AT_decl_file
	.byte	11                              @ DW_FORM_data1
	.byte	59                              @ DW_AT_decl_line
	.byte	11                              @ DW_FORM_data1
	.byte	73                              @ DW_AT_type
	.byte	19                              @ DW_FORM_ref4
	.byte	0                               @ EOM(1)
	.byte	0                               @ EOM(2)
	.byte	8                               @ Abbreviation Code
	.byte	52                              @ DW_TAG_variable
	.byte	0                               @ DW_CHILDREN_no
	.byte	2                               @ DW_AT_location
	.byte	24                              @ DW_FORM_exprloc
	.byte	3                               @ DW_AT_name
	.byte	14                              @ DW_FORM_strp
	.byte	58                              @ DW_AT_decl_file
	.byte	11                              @ DW_FORM_data1
	.byte	59                              @ DW_AT_decl_line
	.byte	11                              @ DW_FORM_data1
	.byte	73                              @ DW_AT_type
	.byte	19                              @ DW_FORM_ref4
	.byte	0                               @ EOM(1)
	.byte	0                               @ EOM(2)
	.byte	9                               @ Abbreviation Code
	.byte	11                              @ DW_TAG_lexical_block
	.byte	1                               @ DW_CHILDREN_yes
	.byte	17                              @ DW_AT_low_pc
	.byte	1                               @ DW_FORM_addr
	.byte	18                              @ DW_AT_high_pc
	.byte	6                               @ DW_FORM_data4
	.byte	0                               @ EOM(1)
	.byte	0                               @ EOM(2)
	.byte	10                              @ Abbreviation Code
	.byte	1                               @ DW_TAG_array_type
	.byte	1                               @ DW_CHILDREN_yes
	.byte	73                              @ DW_AT_type
	.byte	19                              @ DW_FORM_ref4
	.byte	0                               @ EOM(1)
	.byte	0                               @ EOM(2)
	.byte	11                              @ Abbreviation Code
	.byte	33                              @ DW_TAG_subrange_type
	.byte	0                               @ DW_CHILDREN_no
	.byte	73                              @ DW_AT_type
	.byte	19                              @ DW_FORM_ref4
	.byte	55                              @ DW_AT_count
	.byte	11                              @ DW_FORM_data1
	.byte	0                               @ EOM(1)
	.byte	0                               @ EOM(2)
	.byte	12                              @ Abbreviation Code
	.byte	36                              @ DW_TAG_base_type
	.byte	0                               @ DW_CHILDREN_no
	.byte	3                               @ DW_AT_name
	.byte	14                              @ DW_FORM_strp
	.byte	11                              @ DW_AT_byte_size
	.byte	11                              @ DW_FORM_data1
	.byte	62                              @ DW_AT_encoding
	.byte	11                              @ DW_FORM_data1
	.byte	0                               @ EOM(1)
	.byte	0                               @ EOM(2)
	.byte	13                              @ Abbreviation Code
	.byte	19                              @ DW_TAG_structure_type
	.byte	1                               @ DW_CHILDREN_yes
	.byte	11                              @ DW_AT_byte_size
	.byte	11                              @ DW_FORM_data1
	.byte	58                              @ DW_AT_decl_file
	.byte	11                              @ DW_FORM_data1
	.byte	59                              @ DW_AT_decl_line
	.byte	11                              @ DW_FORM_data1
	.byte	0                               @ EOM(1)
	.byte	0                               @ EOM(2)
	.byte	14                              @ Abbreviation Code
	.byte	13                              @ DW_TAG_member
	.byte	0                               @ DW_CHILDREN_no
	.byte	3                               @ DW_AT_name
	.byte	14                              @ DW_FORM_strp
	.byte	73                              @ DW_AT_type
	.byte	19                              @ DW_FORM_ref4
	.byte	58                              @ DW_AT_decl_file
	.byte	11                              @ DW_FORM_data1
	.byte	59                              @ DW_AT_decl_line
	.byte	11                              @ DW_FORM_data1
	.byte	56                              @ DW_AT_data_member_location
	.byte	11                              @ DW_FORM_data1
	.byte	0                               @ EOM(1)
	.byte	0                               @ EOM(2)
	.byte	15                              @ Abbreviation Code
	.byte	15                              @ DW_TAG_pointer_type
	.byte	0                               @ DW_CHILDREN_no
	.byte	73                              @ DW_AT_type
	.byte	19                              @ DW_FORM_ref4
	.byte	0                               @ EOM(1)
	.byte	0                               @ EOM(2)
	.byte	16                              @ Abbreviation Code
	.byte	38                              @ DW_TAG_const_type
	.byte	0                               @ DW_CHILDREN_no
	.byte	73                              @ DW_AT_type
	.byte	19                              @ DW_FORM_ref4
	.byte	0                               @ EOM(1)
	.byte	0                               @ EOM(2)
	.byte	0                               @ EOM(3)
	.section	.debug_info,"",%progbits
.Lcu_begin0:
	.long	.Ldebug_info_end0-.Ldebug_info_start0 @ Length of Unit
.Ldebug_info_start0:
	.short	4                               @ DWARF version number
	.long	.debug_abbrev                   @ Offset Into Abbrev. Section
	.byte	4                               @ Address Size (in bytes)
	.byte	1                               @ Abbrev [1] 0xb:0x37e DW_TAG_compile_unit
	.long	.Linfo_string0                  @ DW_AT_producer
	.short	12                              @ DW_AT_language
	.long	.Linfo_string1                  @ DW_AT_name
	.long	.Lline_table_start0             @ DW_AT_stmt_list
	.long	.Linfo_string2                  @ DW_AT_comp_dir
	.long	0                               @ DW_AT_low_pc
	.long	.Ldebug_ranges0                 @ DW_AT_ranges
	.byte	2                               @ Abbrev [2] 0x26:0x11 DW_TAG_variable
	.long	.Linfo_string3                  @ DW_AT_name
	.long	55                              @ DW_AT_type
                                        @ DW_AT_external
	.byte	2                               @ DW_AT_decl_file
	.byte	6                               @ DW_AT_decl_line
	.byte	5                               @ DW_AT_location
	.byte	3
	.long	cdc_rx_index
	.byte	3                               @ Abbrev [3] 0x37:0xb DW_TAG_typedef
	.long	66                              @ DW_AT_type
	.long	.Linfo_string5                  @ DW_AT_name
	.byte	1                               @ DW_AT_decl_file
	.byte	63                              @ DW_AT_decl_line
	.byte	4                               @ Abbrev [4] 0x42:0x7 DW_TAG_base_type
	.long	.Linfo_string4                  @ DW_AT_name
	.byte	7                               @ DW_AT_encoding
	.byte	2                               @ DW_AT_byte_size
	.byte	5                               @ Abbrev [5] 0x49:0xe5 DW_TAG_subprogram
	.long	.Lfunc_begin3                   @ DW_AT_low_pc
	.long	.Lfunc_end3-.Lfunc_begin3       @ DW_AT_high_pc
	.byte	1                               @ DW_AT_frame_base
	.byte	93
	.long	.Linfo_string24                 @ DW_AT_name
	.byte	2                               @ DW_AT_decl_file
	.byte	68                              @ DW_AT_decl_line
                                        @ DW_AT_prototyped
                                        @ DW_AT_external
	.byte	6                               @ Abbrev [6] 0x5a:0x11 DW_TAG_variable
	.long	.Linfo_string6                  @ DW_AT_name
	.long	302                             @ DW_AT_type
	.byte	2                               @ DW_AT_decl_file
	.byte	75                              @ DW_AT_decl_line
	.byte	5                               @ DW_AT_location
	.byte	3
	.long	MSG_TO_INFO.last_yaw
	.byte	6                               @ Abbrev [6] 0x6b:0x11 DW_TAG_variable
	.long	.Linfo_string8                  @ DW_AT_name
	.long	302                             @ DW_AT_type
	.byte	2                               @ DW_AT_decl_file
	.byte	75                              @ DW_AT_decl_line
	.byte	5                               @ DW_AT_location
	.byte	3
	.long	MSG_TO_INFO.last_pitch
	.byte	6                               @ Abbrev [6] 0x7c:0x11 DW_TAG_variable
	.long	.Linfo_string9                  @ DW_AT_name
	.long	302                             @ DW_AT_type
	.byte	2                               @ DW_AT_decl_file
	.byte	75                              @ DW_AT_decl_line
	.byte	5                               @ DW_AT_location
	.byte	3
	.long	MSG_TO_INFO.last_target_tracking_state
	.byte	7                               @ Abbrev [7] 0x8d:0xe DW_TAG_formal_parameter
	.byte	2                               @ DW_AT_location
	.byte	145
	.byte	32
	.long	.Linfo_string46                 @ DW_AT_name
	.byte	2                               @ DW_AT_decl_file
	.byte	68                              @ DW_AT_decl_line
	.long	825                             @ DW_AT_type
	.byte	7                               @ Abbrev [7] 0x9b:0xe DW_TAG_formal_parameter
	.byte	2                               @ DW_AT_location
	.byte	145
	.byte	28
	.long	.Linfo_string47                 @ DW_AT_name
	.byte	2                               @ DW_AT_decl_file
	.byte	68                              @ DW_AT_decl_line
	.long	899                             @ DW_AT_type
	.byte	8                               @ Abbrev [8] 0xa9:0xe DW_TAG_variable
	.byte	2                               @ DW_AT_location
	.byte	145
	.byte	24
	.long	.Linfo_string48                 @ DW_AT_name
	.byte	2                               @ DW_AT_decl_file
	.byte	77                              @ DW_AT_decl_line
	.long	302                             @ DW_AT_type
	.byte	8                               @ Abbrev [8] 0xb7:0xe DW_TAG_variable
	.byte	2                               @ DW_AT_location
	.byte	145
	.byte	20
	.long	.Linfo_string49                 @ DW_AT_name
	.byte	2                               @ DW_AT_decl_file
	.byte	77                              @ DW_AT_decl_line
	.long	302                             @ DW_AT_type
	.byte	8                               @ Abbrev [8] 0xc5:0xe DW_TAG_variable
	.byte	2                               @ DW_AT_location
	.byte	145
	.byte	16
	.long	.Linfo_string50                 @ DW_AT_name
	.byte	2                               @ DW_AT_decl_file
	.byte	77                              @ DW_AT_decl_line
	.long	302                             @ DW_AT_type
	.byte	8                               @ Abbrev [8] 0xd3:0xe DW_TAG_variable
	.byte	2                               @ DW_AT_location
	.byte	145
	.byte	15
	.long	.Linfo_string51                 @ DW_AT_name
	.byte	2                               @ DW_AT_decl_file
	.byte	78                              @ DW_AT_decl_line
	.long	338                             @ DW_AT_type
	.byte	8                               @ Abbrev [8] 0xe1:0xe DW_TAG_variable
	.byte	2                               @ DW_AT_location
	.byte	145
	.byte	14
	.long	.Linfo_string52                 @ DW_AT_name
	.byte	2                               @ DW_AT_decl_file
	.byte	78                              @ DW_AT_decl_line
	.long	338                             @ DW_AT_type
	.byte	8                               @ Abbrev [8] 0xef:0xe DW_TAG_variable
	.byte	2                               @ DW_AT_location
	.byte	145
	.byte	8
	.long	.Linfo_string53                 @ DW_AT_name
	.byte	2                               @ DW_AT_decl_file
	.byte	79                              @ DW_AT_decl_line
	.long	444                             @ DW_AT_type
	.byte	9                               @ Abbrev [9] 0xfd:0x18 DW_TAG_lexical_block
	.long	.Ltmp42                         @ DW_AT_low_pc
	.long	.Ltmp50-.Ltmp42                 @ DW_AT_high_pc
	.byte	8                               @ Abbrev [8] 0x106:0xe DW_TAG_variable
	.byte	2                               @ DW_AT_location
	.byte	145
	.byte	4
	.long	.Linfo_string32                 @ DW_AT_name
	.byte	2                               @ DW_AT_decl_file
	.byte	89                              @ DW_AT_decl_line
	.long	444                             @ DW_AT_type
	.byte	0                               @ End Of Children Mark
	.byte	9                               @ Abbrev [9] 0x115:0x18 DW_TAG_lexical_block
	.long	.Ltmp59                         @ DW_AT_low_pc
	.long	.Ltmp67-.Ltmp59                 @ DW_AT_high_pc
	.byte	8                               @ Abbrev [8] 0x11e:0xe DW_TAG_variable
	.byte	2                               @ DW_AT_location
	.byte	145
	.byte	0
	.long	.Linfo_string32                 @ DW_AT_name
	.byte	2                               @ DW_AT_decl_file
	.byte	105                             @ DW_AT_decl_line
	.long	444                             @ DW_AT_type
	.byte	0                               @ End Of Children Mark
	.byte	0                               @ End Of Children Mark
	.byte	4                               @ Abbrev [4] 0x12e:0x7 DW_TAG_base_type
	.long	.Linfo_string7                  @ DW_AT_name
	.byte	4                               @ DW_AT_encoding
	.byte	4                               @ DW_AT_byte_size
	.byte	2                               @ Abbrev [2] 0x135:0x11 DW_TAG_variable
	.long	.Linfo_string10                 @ DW_AT_name
	.long	326                             @ DW_AT_type
                                        @ DW_AT_external
	.byte	2                               @ DW_AT_decl_file
	.byte	5                               @ DW_AT_decl_line
	.byte	5                               @ DW_AT_location
	.byte	3
	.long	cdc_rx_buffer
	.byte	10                              @ Abbrev [10] 0x146:0xc DW_TAG_array_type
	.long	338                             @ DW_AT_type
	.byte	11                              @ Abbrev [11] 0x14b:0x6 DW_TAG_subrange_type
	.long	356                             @ DW_AT_type
	.byte	64                              @ DW_AT_count
	.byte	0                               @ End Of Children Mark
	.byte	3                               @ Abbrev [3] 0x152:0xb DW_TAG_typedef
	.long	349                             @ DW_AT_type
	.long	.Linfo_string12                 @ DW_AT_name
	.byte	1                               @ DW_AT_decl_file
	.byte	62                              @ DW_AT_decl_line
	.byte	4                               @ Abbrev [4] 0x15d:0x7 DW_TAG_base_type
	.long	.Linfo_string11                 @ DW_AT_name
	.byte	8                               @ DW_AT_encoding
	.byte	1                               @ DW_AT_byte_size
	.byte	12                              @ Abbrev [12] 0x164:0x7 DW_TAG_base_type
	.long	.Linfo_string13                 @ DW_AT_name
	.byte	8                               @ DW_AT_byte_size
	.byte	7                               @ DW_AT_encoding
	.byte	2                               @ Abbrev [2] 0x16b:0x11 DW_TAG_variable
	.long	.Linfo_string14                 @ DW_AT_name
	.long	380                             @ DW_AT_type
                                        @ DW_AT_external
	.byte	2                               @ DW_AT_decl_file
	.byte	8                               @ DW_AT_decl_line
	.byte	5                               @ DW_AT_location
	.byte	3
	.long	HMI_Contrl_update
	.byte	3                               @ Abbrev [3] 0x17c:0xb DW_TAG_typedef
	.long	391                             @ DW_AT_type
	.long	.Linfo_string20                 @ DW_AT_name
	.byte	3                               @ DW_AT_decl_file
	.byte	21                              @ DW_AT_decl_line
	.byte	13                              @ Abbrev [13] 0x187:0x35 DW_TAG_structure_type
	.byte	16                              @ DW_AT_byte_size
	.byte	3                               @ DW_AT_decl_file
	.byte	10                              @ DW_AT_decl_line
	.byte	14                              @ Abbrev [14] 0x18b:0xc DW_TAG_member
	.long	.Linfo_string15                 @ DW_AT_name
	.long	302                             @ DW_AT_type
	.byte	3                               @ DW_AT_decl_file
	.byte	13                              @ DW_AT_decl_line
	.byte	0                               @ DW_AT_data_member_location
	.byte	14                              @ Abbrev [14] 0x197:0xc DW_TAG_member
	.long	.Linfo_string16                 @ DW_AT_name
	.long	302                             @ DW_AT_type
	.byte	3                               @ DW_AT_decl_file
	.byte	14                              @ DW_AT_decl_line
	.byte	4                               @ DW_AT_data_member_location
	.byte	14                              @ Abbrev [14] 0x1a3:0xc DW_TAG_member
	.long	.Linfo_string17                 @ DW_AT_name
	.long	444                             @ DW_AT_type
	.byte	3                               @ DW_AT_decl_file
	.byte	16                              @ DW_AT_decl_line
	.byte	8                               @ DW_AT_data_member_location
	.byte	14                              @ Abbrev [14] 0x1af:0xc DW_TAG_member
	.long	.Linfo_string19                 @ DW_AT_name
	.long	338                             @ DW_AT_type
	.byte	3                               @ DW_AT_decl_file
	.byte	17                              @ DW_AT_decl_line
	.byte	12                              @ DW_AT_data_member_location
	.byte	0                               @ End Of Children Mark
	.byte	4                               @ Abbrev [4] 0x1bc:0x7 DW_TAG_base_type
	.long	.Linfo_string18                 @ DW_AT_name
	.byte	5                               @ DW_AT_encoding
	.byte	4                               @ DW_AT_byte_size
	.byte	5                               @ Abbrev [5] 0x1c3:0x8c DW_TAG_subprogram
	.long	.Lfunc_begin0                   @ DW_AT_low_pc
	.long	.Lfunc_end0-.Lfunc_begin0       @ DW_AT_high_pc
	.byte	1                               @ DW_AT_frame_base
	.byte	93
	.long	.Linfo_string21                 @ DW_AT_name
	.byte	2                               @ DW_AT_decl_file
	.byte	12                              @ DW_AT_decl_line
                                        @ DW_AT_prototyped
                                        @ DW_AT_external
	.byte	7                               @ Abbrev [7] 0x1d4:0xe DW_TAG_formal_parameter
	.byte	2                               @ DW_AT_location
	.byte	145
	.byte	36
	.long	.Linfo_string25                 @ DW_AT_name
	.byte	2                               @ DW_AT_decl_file
	.byte	12                              @ DW_AT_decl_line
	.long	825                             @ DW_AT_type
	.byte	7                               @ Abbrev [7] 0x1e2:0xe DW_TAG_formal_parameter
	.byte	2                               @ DW_AT_location
	.byte	145
	.byte	32
	.long	.Linfo_string26                 @ DW_AT_name
	.byte	2                               @ DW_AT_decl_file
	.byte	12                              @ DW_AT_decl_line
	.long	444                             @ DW_AT_type
	.byte	7                               @ Abbrev [7] 0x1f0:0xe DW_TAG_formal_parameter
	.byte	2                               @ DW_AT_location
	.byte	145
	.byte	28
	.long	.Linfo_string27                 @ DW_AT_name
	.byte	2                               @ DW_AT_decl_file
	.byte	12                              @ DW_AT_decl_line
	.long	302                             @ DW_AT_type
	.byte	7                               @ Abbrev [7] 0x1fe:0xe DW_TAG_formal_parameter
	.byte	2                               @ DW_AT_location
	.byte	145
	.byte	27
	.long	.Linfo_string28                 @ DW_AT_name
	.byte	2                               @ DW_AT_decl_file
	.byte	12                              @ DW_AT_decl_line
	.long	338                             @ DW_AT_type
	.byte	7                               @ Abbrev [7] 0x20c:0xe DW_TAG_formal_parameter
	.byte	2                               @ DW_AT_location
	.byte	145
	.byte	20
	.long	.Linfo_string29                 @ DW_AT_name
	.byte	2                               @ DW_AT_decl_file
	.byte	12                              @ DW_AT_decl_line
	.long	302                             @ DW_AT_type
	.byte	7                               @ Abbrev [7] 0x21a:0xe DW_TAG_formal_parameter
	.byte	2                               @ DW_AT_location
	.byte	145
	.byte	16
	.long	.Linfo_string30                 @ DW_AT_name
	.byte	2                               @ DW_AT_decl_file
	.byte	12                              @ DW_AT_decl_line
	.long	830                             @ DW_AT_type
	.byte	8                               @ Abbrev [8] 0x228:0xe DW_TAG_variable
	.byte	2                               @ DW_AT_location
	.byte	145
	.byte	12
	.long	.Linfo_string31                 @ DW_AT_name
	.byte	2                               @ DW_AT_decl_file
	.byte	14                              @ DW_AT_decl_line
	.long	444                             @ DW_AT_type
	.byte	9                               @ Abbrev [9] 0x236:0x18 DW_TAG_lexical_block
	.long	.Ltmp1                          @ DW_AT_low_pc
	.long	.Ltmp6-.Ltmp1                   @ DW_AT_high_pc
	.byte	8                               @ Abbrev [8] 0x23f:0xe DW_TAG_variable
	.byte	2                               @ DW_AT_location
	.byte	145
	.byte	8
	.long	.Linfo_string32                 @ DW_AT_name
	.byte	2                               @ DW_AT_decl_file
	.byte	19                              @ DW_AT_decl_line
	.long	444                             @ DW_AT_type
	.byte	0                               @ End Of Children Mark
	.byte	0                               @ End Of Children Mark
	.byte	5                               @ Abbrev [5] 0x24f:0x74 DW_TAG_subprogram
	.long	.Lfunc_begin1                   @ DW_AT_low_pc
	.long	.Lfunc_end1-.Lfunc_begin1       @ DW_AT_high_pc
	.byte	1                               @ DW_AT_frame_base
	.byte	93
	.long	.Linfo_string22                 @ DW_AT_name
	.byte	2                               @ DW_AT_decl_file
	.byte	25                              @ DW_AT_decl_line
                                        @ DW_AT_prototyped
                                        @ DW_AT_external
	.byte	7                               @ Abbrev [7] 0x260:0xe DW_TAG_formal_parameter
	.byte	2                               @ DW_AT_location
	.byte	145
	.byte	60
	.long	.Linfo_string33                 @ DW_AT_name
	.byte	2                               @ DW_AT_decl_file
	.byte	25                              @ DW_AT_decl_line
	.long	302                             @ DW_AT_type
	.byte	7                               @ Abbrev [7] 0x26e:0xe DW_TAG_formal_parameter
	.byte	2                               @ DW_AT_location
	.byte	145
	.byte	56
	.long	.Linfo_string34                 @ DW_AT_name
	.byte	2                               @ DW_AT_decl_file
	.byte	25                              @ DW_AT_decl_line
	.long	302                             @ DW_AT_type
	.byte	8                               @ Abbrev [8] 0x27c:0xe DW_TAG_variable
	.byte	2                               @ DW_AT_location
	.byte	145
	.byte	52
	.long	.Linfo_string35                 @ DW_AT_name
	.byte	2                               @ DW_AT_decl_file
	.byte	27                              @ DW_AT_decl_line
	.long	840                             @ DW_AT_type
	.byte	8                               @ Abbrev [8] 0x28a:0xe DW_TAG_variable
	.byte	2                               @ DW_AT_location
	.byte	145
	.byte	40
	.long	.Linfo_string36                 @ DW_AT_name
	.byte	2                               @ DW_AT_decl_file
	.byte	28                              @ DW_AT_decl_line
	.long	852                             @ DW_AT_type
	.byte	8                               @ Abbrev [8] 0x298:0xe DW_TAG_variable
	.byte	2                               @ DW_AT_location
	.byte	145
	.byte	27
	.long	.Linfo_string37                 @ DW_AT_name
	.byte	2                               @ DW_AT_decl_file
	.byte	29                              @ DW_AT_decl_line
	.long	864                             @ DW_AT_type
	.byte	8                               @ Abbrev [8] 0x2a6:0xe DW_TAG_variable
	.byte	2                               @ DW_AT_location
	.byte	145
	.byte	20
	.long	.Linfo_string38                 @ DW_AT_name
	.byte	2                               @ DW_AT_decl_file
	.byte	30                              @ DW_AT_decl_line
	.long	302                             @ DW_AT_type
	.byte	8                               @ Abbrev [8] 0x2b4:0xe DW_TAG_variable
	.byte	2                               @ DW_AT_location
	.byte	145
	.byte	16
	.long	.Linfo_string39                 @ DW_AT_name
	.byte	2                               @ DW_AT_decl_file
	.byte	31                              @ DW_AT_decl_line
	.long	302                             @ DW_AT_type
	.byte	0                               @ End Of Children Mark
	.byte	5                               @ Abbrev [5] 0x2c3:0x76 DW_TAG_subprogram
	.long	.Lfunc_begin2                   @ DW_AT_low_pc
	.long	.Lfunc_end2-.Lfunc_begin2       @ DW_AT_high_pc
	.byte	1                               @ DW_AT_frame_base
	.byte	93
	.long	.Linfo_string23                 @ DW_AT_name
	.byte	2                               @ DW_AT_decl_file
	.byte	38                              @ DW_AT_decl_line
                                        @ DW_AT_prototyped
                                        @ DW_AT_external
	.byte	7                               @ Abbrev [7] 0x2d4:0xe DW_TAG_formal_parameter
	.byte	2                               @ DW_AT_location
	.byte	145
	.byte	20
	.long	.Linfo_string40                 @ DW_AT_name
	.byte	2                               @ DW_AT_decl_file
	.byte	38                              @ DW_AT_decl_line
	.long	825                             @ DW_AT_type
	.byte	7                               @ Abbrev [7] 0x2e2:0xe DW_TAG_formal_parameter
	.byte	2                               @ DW_AT_location
	.byte	145
	.byte	16
	.long	.Linfo_string41                 @ DW_AT_name
	.byte	2                               @ DW_AT_decl_file
	.byte	38                              @ DW_AT_decl_line
	.long	876                             @ DW_AT_type
	.byte	9                               @ Abbrev [9] 0x2f0:0x48 DW_TAG_lexical_block
	.long	.Ltmp11                         @ DW_AT_low_pc
	.long	.Ltmp31-.Ltmp11                 @ DW_AT_high_pc
	.byte	8                               @ Abbrev [8] 0x2f9:0xe DW_TAG_variable
	.byte	2                               @ DW_AT_location
	.byte	145
	.byte	12
	.long	.Linfo_string32                 @ DW_AT_name
	.byte	2                               @ DW_AT_decl_file
	.byte	40                              @ DW_AT_decl_line
	.long	881                             @ DW_AT_type
	.byte	9                               @ Abbrev [9] 0x307:0x30 DW_TAG_lexical_block
	.long	.Ltmp14                         @ DW_AT_low_pc
	.long	.Ltmp30-.Ltmp14                 @ DW_AT_high_pc
	.byte	8                               @ Abbrev [8] 0x310:0xe DW_TAG_variable
	.byte	2                               @ DW_AT_location
	.byte	145
	.byte	11
	.long	.Linfo_string44                 @ DW_AT_name
	.byte	2                               @ DW_AT_decl_file
	.byte	41                              @ DW_AT_decl_line
	.long	338                             @ DW_AT_type
	.byte	9                               @ Abbrev [9] 0x31e:0x18 DW_TAG_lexical_block
	.long	.Ltmp20                         @ DW_AT_low_pc
	.long	.Ltmp28-.Ltmp20                 @ DW_AT_high_pc
	.byte	8                               @ Abbrev [8] 0x327:0xe DW_TAG_variable
	.byte	2                               @ DW_AT_location
	.byte	145
	.byte	8
	.long	.Linfo_string45                 @ DW_AT_name
	.byte	2                               @ DW_AT_decl_file
	.byte	50                              @ DW_AT_decl_line
	.long	55                              @ DW_AT_type
	.byte	0                               @ End Of Children Mark
	.byte	0                               @ End Of Children Mark
	.byte	0                               @ End Of Children Mark
	.byte	0                               @ End Of Children Mark
	.byte	15                              @ Abbrev [15] 0x339:0x5 DW_TAG_pointer_type
	.long	338                             @ DW_AT_type
	.byte	15                              @ Abbrev [15] 0x33e:0x5 DW_TAG_pointer_type
	.long	835                             @ DW_AT_type
	.byte	16                              @ Abbrev [16] 0x343:0x5 DW_TAG_const_type
	.long	338                             @ DW_AT_type
	.byte	10                              @ Abbrev [10] 0x348:0xc DW_TAG_array_type
	.long	835                             @ DW_AT_type
	.byte	11                              @ Abbrev [11] 0x34d:0x6 DW_TAG_subrange_type
	.long	356                             @ DW_AT_type
	.byte	3                               @ DW_AT_count
	.byte	0                               @ End Of Children Mark
	.byte	10                              @ Abbrev [10] 0x354:0xc DW_TAG_array_type
	.long	835                             @ DW_AT_type
	.byte	11                              @ Abbrev [11] 0x359:0x6 DW_TAG_subrange_type
	.long	356                             @ DW_AT_type
	.byte	10                              @ DW_AT_count
	.byte	0                               @ End Of Children Mark
	.byte	10                              @ Abbrev [10] 0x360:0xc DW_TAG_array_type
	.long	338                             @ DW_AT_type
	.byte	11                              @ Abbrev [11] 0x365:0x6 DW_TAG_subrange_type
	.long	356                             @ DW_AT_type
	.byte	13                              @ DW_AT_count
	.byte	0                               @ End Of Children Mark
	.byte	15                              @ Abbrev [15] 0x36c:0x5 DW_TAG_pointer_type
	.long	881                             @ DW_AT_type
	.byte	3                               @ Abbrev [3] 0x371:0xb DW_TAG_typedef
	.long	892                             @ DW_AT_type
	.long	.Linfo_string43                 @ DW_AT_name
	.byte	1                               @ DW_AT_decl_file
	.byte	64                              @ DW_AT_decl_line
	.byte	4                               @ Abbrev [4] 0x37c:0x7 DW_TAG_base_type
	.long	.Linfo_string42                 @ DW_AT_name
	.byte	7                               @ DW_AT_encoding
	.byte	4                               @ DW_AT_byte_size
	.byte	15                              @ Abbrev [15] 0x383:0x5 DW_TAG_pointer_type
	.long	380                             @ DW_AT_type
	.byte	0                               @ End Of Children Mark
.Ldebug_info_end0:
	.section	.debug_ranges,"",%progbits
.Ldebug_ranges0:
	.long	.Lfunc_begin0
	.long	.Lfunc_end0
	.long	.Lfunc_begin1
	.long	.Lfunc_end1
	.long	.Lfunc_begin2
	.long	.Lfunc_end2
	.long	.Lfunc_begin3
	.long	.Lfunc_end3
	.long	0
	.long	0
	.section	.debug_str,"MS",%progbits,1
.Linfo_string0:
	.asciz	"Component: Arm Compiler for Embedded 6.24 Tool: armclang [5f371800]" @ string offset=0
.Linfo_string1:
	.asciz	"../Task/Src\\Detect.c"         @ string offset=68
.Linfo_string2:
	.asciz	"D:\\stm32_project\\daily_work\\new_bubing\\cod_update_2.0\\COD_H7_Template\\MDK-ARM" @ string offset=89
.Linfo_string3:
	.asciz	"cdc_rx_index"                  @ string offset=167
.Linfo_string4:
	.asciz	"unsigned short"                @ string offset=180
.Linfo_string5:
	.asciz	"uint16_t"                      @ string offset=195
.Linfo_string6:
	.asciz	"last_yaw"                      @ string offset=204
.Linfo_string7:
	.asciz	"float"                         @ string offset=213
.Linfo_string8:
	.asciz	"last_pitch"                    @ string offset=219
.Linfo_string9:
	.asciz	"last_target_tracking_state"    @ string offset=230
.Linfo_string10:
	.asciz	"cdc_rx_buffer"                 @ string offset=257
.Linfo_string11:
	.asciz	"unsigned char"                 @ string offset=271
.Linfo_string12:
	.asciz	"uint8_t"                       @ string offset=285
.Linfo_string13:
	.asciz	"__ARRAY_SIZE_TYPE__"           @ string offset=293
.Linfo_string14:
	.asciz	"HMI_Contrl_update"             @ string offset=313
.Linfo_string15:
	.asciz	"pitch_angle_get_temp"          @ string offset=331
.Linfo_string16:
	.asciz	"yaw_angle_get_temp"            @ string offset=352
.Linfo_string17:
	.asciz	"gimbal_state"                  @ string offset=371
.Linfo_string18:
	.asciz	"int"                           @ string offset=384
.Linfo_string19:
	.asciz	"receive_finish_flag"           @ string offset=388
.Linfo_string20:
	.asciz	"Upper_Info_Typedef"            @ string offset=408
.Linfo_string21:
	.asciz	"Fill_Buffer"                   @ string offset=427
.Linfo_string22:
	.asciz	"MiniPC_Transmit_Info"          @ string offset=439
.Linfo_string23:
	.asciz	"MiniPC_Recive_Info"            @ string offset=460
.Linfo_string24:
	.asciz	"MSG_TO_INFO"                   @ string offset=479
.Linfo_string25:
	.asciz	"buffer"                        @ string offset=491
.Linfo_string26:
	.asciz	"startIndex"                    @ string offset=498
.Linfo_string27:
	.asciz	"data"                          @ string offset=509
.Linfo_string28:
	.asciz	"identifier"                    @ string offset=514
.Linfo_string29:
	.asciz	"scale"                         @ string offset=525
.Linfo_string30:
	.asciz	"numToChar"                     @ string offset=531
.Linfo_string31:
	.asciz	"dataTemp"                      @ string offset=541
.Linfo_string32:
	.asciz	"i"                             @ string offset=550
.Linfo_string33:
	.asciz	"yaw_data"                      @ string offset=552
.Linfo_string34:
	.asciz	"pitch_data"                    @ string offset=561
.Linfo_string35:
	.asciz	"check_bitl"                    @ string offset=572
.Linfo_string36:
	.asciz	"Num_To_Char"                   @ string offset=583
.Linfo_string37:
	.asciz	"send_data"                     @ string offset=595
.Linfo_string38:
	.asciz	"Yaw"                           @ string offset=605
.Linfo_string39:
	.asciz	"Pitch"                         @ string offset=609
.Linfo_string40:
	.asciz	"Buf"                           @ string offset=615
.Linfo_string41:
	.asciz	"Len"                           @ string offset=619
.Linfo_string42:
	.asciz	"unsigned int"                  @ string offset=623
.Linfo_string43:
	.asciz	"uint32_t"                      @ string offset=636
.Linfo_string44:
	.asciz	"byte"                          @ string offset=645
.Linfo_string45:
	.asciz	"j"                             @ string offset=650
.Linfo_string46:
	.asciz	"rx_buf"                        @ string offset=652
.Linfo_string47:
	.asciz	"HMI_ctrl_update"               @ string offset=659
.Linfo_string48:
	.asciz	"yaw"                           @ string offset=675
.Linfo_string49:
	.asciz	"pitch"                         @ string offset=679
.Linfo_string50:
	.asciz	"target_tracking_state"         @ string offset=685
.Linfo_string51:
	.asciz	"yaw_flag"                      @ string offset=707
.Linfo_string52:
	.asciz	"pich_flag"                     @ string offset=716
.Linfo_string53:
	.asciz	"re_flag"                       @ string offset=726
	.ident	"Component: Arm Compiler for Embedded 6.24 Tool: armclang [5f371800]"
	.section	".note.GNU-stack","",%progbits
	.eabi_attribute	30, 6	@ Tag_ABI_optimization_goals
	.ARM_attribute	16, 1	@ Tag_AV_eba
	.section	.debug_line,"",%progbits
.Lline_table_start0:
