	.text
	.syntax unified
	.eabi_attribute	67, "2.09"	@ Tag_conformance
	.cpu	cortex-m7
	.eabi_attribute	6, 13	@ Tag_CPU_arch
	.eabi_attribute	7, 77	@ Tag_CPU_arch_profile
	.eabi_attribute	8, 0	@ Tag_ARM_ISA_use
	.eabi_attribute	9, 2	@ Tag_THUMB_ISA_use
	.fpu	fpv5-d16
	.eabi_attribute	36, 1	@ Tag_FP_HP_extension
	.eabi_attribute	34, 1	@ Tag_CPU_unaligned_access
	.eabi_attribute	17, 1	@ Tag_ABI_PCS_GOT_use
	.eabi_attribute	20, 2	@ Tag_ABI_FP_denormal
	.eabi_attribute	21, 0	@ Tag_ABI_FP_exceptions
	.eabi_attribute	23, 1	@ Tag_ABI_FP_number_model
	.eabi_attribute	24, 1	@ Tag_ABI_align_needed
	.eabi_attribute	25, 1	@ Tag_ABI_align_preserved
	.eabi_attribute	28, 1	@ Tag_ABI_VFP_args
	.eabi_attribute	38, 1	@ Tag_ABI_FP_16bit_format
	.eabi_attribute	18, 2	@ Tag_ABI_PCS_wchar_t
	.eabi_attribute	26, 1	@ Tag_ABI_enum_size
	.eabi_attribute	14, 0	@ Tag_ABI_PCS_R9_use
	.file	"INS_Task.c"
	.file	1 "D:\\keil5_app\\Keil_v5\\ARM\\ARMCLANG\\bin\\..\\include" "stdint.h"
	.file	2 "D:\\stm32_project\\daily_work\\new_bubing\\cod_update_2.0\\COD_H7_Template\\MDK-ARM" "../Task/Src/INS_Task.c"
	.file	3 "D:\\stm32_project\\daily_work\\new_bubing\\cod_update_2.0\\COD_H7_Template\\MDK-ARM" "../Task/Inc\\INS_Task.h"
	.file	4 "D:\\stm32_project\\daily_work\\new_bubing\\cod_update_2.0\\COD_H7_Template\\MDK-ARM" "../Algorithm/Inc\\lpf.h"
	.file	5 "D:\\stm32_project\\daily_work\\new_bubing\\cod_update_2.0\\COD_H7_Template\\MDK-ARM" "../Algorithm/Inc\\pid.h"
	.section	.text.INS_Task,"ax",%progbits
	.hidden	INS_Task                        @ -- Begin function INS_Task
	.globl	INS_Task
	.p2align	3
	.type	INS_Task,%function
	.code	16                              @ @INS_Task
	.thumb_func
INS_Task:
.Lfunc_begin0:
	.loc	2 57 0                          @ ../Task/Src/INS_Task.c:57:0
	.fnstart
	.cfi_sections .debug_frame
	.cfi_startproc
@ %bb.0:
	.save	{r7, lr}
	push	{r7, lr}
	.cfi_def_cfa_offset 8
	.cfi_offset lr, -4
	.cfi_offset r7, -8
	.pad	#32
	sub	sp, #32
	.cfi_def_cfa_offset 40
	str	r0, [sp, #28]
	movs	r0, #0
.Ltmp0:
	.loc	2 59 14 prologue_end            @ ../Task/Src/INS_Task.c:59:14
	str	r0, [sp, #24]
	.loc	2 62 2                          @ ../Task/Src/INS_Task.c:62:2
	bl	INSTask_Init
	.loc	2 65 3                          @ ../Task/Src/INS_Task.c:65:3
	b	.LBB0_1
.LBB0_1:                                @ =>This Inner Loop Header: Depth=1
.Ltmp1:
	.loc	2 67 15                         @ ../Task/Src/INS_Task.c:67:15
	bl	osKernelSysTick
	.loc	2 67 13 is_stmt 0               @ ../Task/Src/INS_Task.c:67:13
	str	r0, [sp, #24]
	.loc	2 70 5 is_stmt 1                @ ../Task/Src/INS_Task.c:70:5
	movw	r0, :lower16:BMI088_Info
	movt	r0, :upper16:BMI088_Info
	str	r0, [sp, #8]                    @ 4-byte Spill
	bl	BMI088_Info_Update
	ldr	r0, [sp, #8]                    @ 4-byte Reload
	.loc	2 73 70                         @ ../Task/Src/INS_Task.c:73:70
	vldr	s0, [r0, #4]
	.loc	2 73 29 is_stmt 0               @ ../Task/Src/INS_Task.c:73:29
	movw	r0, :lower16:INS_AccelPF2p
	movt	r0, :upper16:INS_AccelPF2p
	str	r0, [sp, #4]                    @ 4-byte Spill
	bl	LowPassFilter2p_Update
	ldr	r0, [sp, #4]                    @ 4-byte Reload
	ldr	r1, [sp, #8]                    @ 4-byte Reload
	.loc	2 73 25                         @ ../Task/Src/INS_Task.c:73:25
	movw	r2, :lower16:INS_Info
	movt	r2, :upper16:INS_Info
	str	r2, [sp, #20]                   @ 4-byte Spill
	vstr	s0, [r2, #52]
	adds	r2, #52
	.loc	2 74 70 is_stmt 1               @ ../Task/Src/INS_Task.c:74:70
	str	r2, [sp, #12]                   @ 4-byte Spill
	vldr	s0, [r1, #8]
	.loc	2 74 29 is_stmt 0               @ ../Task/Src/INS_Task.c:74:29
	adds	r0, #32
	bl	LowPassFilter2p_Update
	ldr	r0, [sp, #4]                    @ 4-byte Reload
	ldr	r1, [sp, #8]                    @ 4-byte Reload
	ldr	r2, [sp, #20]                   @ 4-byte Reload
	.loc	2 74 25                         @ ../Task/Src/INS_Task.c:74:25
	vstr	s0, [r2, #56]
	.loc	2 75 70 is_stmt 1               @ ../Task/Src/INS_Task.c:75:70
	vldr	s0, [r1, #12]
	.loc	2 75 29 is_stmt 0               @ ../Task/Src/INS_Task.c:75:29
	adds	r0, #64
	bl	LowPassFilter2p_Update
	ldr	r0, [sp, #8]                    @ 4-byte Reload
	ldr	r2, [sp, #12]                   @ 4-byte Reload
	ldr	r3, [sp, #20]                   @ 4-byte Reload
	.loc	2 75 25                         @ ../Task/Src/INS_Task.c:75:25
	vstr	s0, [r3, #60]
	.loc	2 78 26 is_stmt 1               @ ../Task/Src/INS_Task.c:78:26
	ldr.w	r12, [r0, #16]
	.loc	2 78 22 is_stmt 0               @ ../Task/Src/INS_Task.c:78:22
	mov	r1, r3
	str	r12, [r1, #40]!
	.loc	2 79 28 is_stmt 1               @ ../Task/Src/INS_Task.c:79:28
	ldr.w	r12, [r0, #20]
	.loc	2 79 24 is_stmt 0               @ ../Task/Src/INS_Task.c:79:24
	str.w	r12, [r3, #44]
	.loc	2 80 28 is_stmt 1               @ ../Task/Src/INS_Task.c:80:28
	ldr	r0, [r0, #24]
	.loc	2 80 24 is_stmt 0               @ ../Task/Src/INS_Task.c:80:24
	str	r0, [r3, #48]
	.loc	2 87 5 is_stmt 1                @ ../Task/Src/INS_Task.c:87:5
	movw	r0, :lower16:Quaternion_Info
	movt	r0, :upper16:Quaternion_Info
	str	r0, [sp, #16]                   @ 4-byte Spill
	vldr	s0, .LCPI0_0
	bl	QuaternionEKF_Update
	ldr	r1, [sp, #16]                   @ 4-byte Reload
	ldr	r0, [sp, #20]                   @ 4-byte Reload
	.loc	2 89 5                          @ ../Task/Src/INS_Task.c:89:5
	ldr.w	r2, [r1, #408]
	ldr.w	r3, [r1, #412]
	ldr.w	r12, [r1, #416]
	str.w	r12, [r0, #36]
	str	r3, [r0, #32]
	str	r2, [r0, #28]
	.loc	2 92 28                         @ ../Task/Src/INS_Task.c:92:28
	vldr	s0, [r1, #416]
	vldr	s2, .LCPI0_1
	.loc	2 92 77 is_stmt 0               @ ../Task/Src/INS_Task.c:92:77
	vmul.f32	s0, s0, s2
	.loc	2 92 26                         @ ../Task/Src/INS_Task.c:92:26
	vstr	s0, [r0]
	.loc	2 93 28 is_stmt 1               @ ../Task/Src/INS_Task.c:93:28
	vldr	s0, [r1, #408]
	.loc	2 93 78 is_stmt 0               @ ../Task/Src/INS_Task.c:93:78
	vmul.f32	s0, s0, s2
	.loc	2 93 26                         @ ../Task/Src/INS_Task.c:93:26
	vstr	s0, [r0, #4]
	.loc	2 94 28 is_stmt 1               @ ../Task/Src/INS_Task.c:94:28
	vldr	s0, [r1, #412]
	.loc	2 94 76 is_stmt 0               @ ../Task/Src/INS_Task.c:94:76
	vmul.f32	s0, s0, s2
	.loc	2 94 26                         @ ../Task/Src/INS_Task.c:94:26
	vstr	s0, [r0, #12]
.Ltmp2:
	.loc	2 97 15 is_stmt 1               @ ../Task/Src/INS_Task.c:97:15
	vldr	s0, [r0, #4]
	.loc	2 97 36 is_stmt 0               @ ../Task/Src/INS_Task.c:97:36
	vldr	s2, [r0, #64]
	.loc	2 97 25                         @ ../Task/Src/INS_Task.c:97:25
	vsub.f32	s0, s0, s2
	vldr	s2, .LCPI0_2
.Ltmp3:
	.loc	2 97 6                          @ ../Task/Src/INS_Task.c:97:6
	vcmp.f32	s0, s2
	vmrs	APSR_nzcv, fpscr
	bge	.LBB0_3
	b	.LBB0_2
.LBB0_2:                                @   in Loop: Header=BB0_1 Depth=1
.Ltmp4:
	.loc	2 99 26 is_stmt 1               @ ../Task/Src/INS_Task.c:99:26
	movw	r1, :lower16:INS_Info
	movt	r1, :upper16:INS_Info
	ldrh.w	r0, [r1, #68]
	adds	r0, #1
	strh.w	r0, [r1, #68]
	.loc	2 100 3                         @ ../Task/Src/INS_Task.c:100:3
	b	.LBB0_6
.Ltmp5:
.LBB0_3:                                @   in Loop: Header=BB0_1 Depth=1
	.loc	2 101 20                        @ ../Task/Src/INS_Task.c:101:20
	movw	r0, :lower16:INS_Info
	movt	r0, :upper16:INS_Info
	vldr	s0, [r0, #4]
	.loc	2 101 41 is_stmt 0              @ ../Task/Src/INS_Task.c:101:41
	vldr	s2, [r0, #64]
	.loc	2 101 30                        @ ../Task/Src/INS_Task.c:101:30
	vsub.f32	s0, s0, s2
	vldr	s2, .LCPI0_3
.Ltmp6:
	.loc	2 101 11                        @ ../Task/Src/INS_Task.c:101:11
	vcmp.f32	s0, s2
	vmrs	APSR_nzcv, fpscr
	ble	.LBB0_5
	b	.LBB0_4
.LBB0_4:                                @   in Loop: Header=BB0_1 Depth=1
.Ltmp7:
	.loc	2 103 26 is_stmt 1              @ ../Task/Src/INS_Task.c:103:26
	movw	r1, :lower16:INS_Info
	movt	r1, :upper16:INS_Info
	ldrh.w	r0, [r1, #68]
	subs	r0, #1
	strh.w	r0, [r1, #68]
	.loc	2 104 3                         @ ../Task/Src/INS_Task.c:104:3
	b	.LBB0_5
.Ltmp8:
.LBB0_5:                                @   in Loop: Header=BB0_1 Depth=1
	.loc	2 0 3 is_stmt 0                 @ ../Task/Src/INS_Task.c:0:3
	b	.LBB0_6
.LBB0_6:                                @   in Loop: Header=BB0_1 Depth=1
	.loc	2 105 38 is_stmt 1              @ ../Task/Src/INS_Task.c:105:38
	movw	r0, :lower16:INS_Info
	movt	r0, :upper16:INS_Info
	str	r0, [sp]                        @ 4-byte Spill
	ldr	r1, [r0, #4]
	.loc	2 105 27 is_stmt 0              @ ../Task/Src/INS_Task.c:105:27
	str	r1, [r0, #64]
	.loc	2 107 36 is_stmt 1              @ ../Task/Src/INS_Task.c:107:36
	vldr	s0, [r0, #4]
	.loc	2 107 57 is_stmt 0              @ ../Task/Src/INS_Task.c:107:57
	ldrsh.w	r1, [r0, #68]
	.loc	2 107 48                        @ ../Task/Src/INS_Task.c:107:48
	vmov	s2, r1
	vcvt.f32.s32	s2, s2
	vldr	s4, .LCPI0_4
	.loc	2 107 46                        @ ../Task/Src/INS_Task.c:107:46
	vfma.f32	s0, s2, s4
	.loc	2 107 25                        @ ../Task/Src/INS_Task.c:107:25
	vstr	s0, [r0, #8]
	.loc	2 110 27 is_stmt 1              @ ../Task/Src/INS_Task.c:110:27
	vldr	s0, [r0, #40]
	vldr	s2, .LCPI0_1
	.loc	2 110 62 is_stmt 0              @ ../Task/Src/INS_Task.c:110:62
	vmul.f32	s0, s0, s2
	.loc	2 110 25                        @ ../Task/Src/INS_Task.c:110:25
	vstr	s0, [r0, #16]
	.loc	2 111 27 is_stmt 1              @ ../Task/Src/INS_Task.c:111:27
	vldr	s0, [r0, #48]
	.loc	2 111 60 is_stmt 0              @ ../Task/Src/INS_Task.c:111:60
	vmul.f32	s0, s0, s2
	.loc	2 111 25                        @ ../Task/Src/INS_Task.c:111:25
	vstr	s0, [r0, #20]
	.loc	2 112 27 is_stmt 1              @ ../Task/Src/INS_Task.c:112:27
	vldr	s0, [r0, #44]
	.loc	2 112 61 is_stmt 0              @ ../Task/Src/INS_Task.c:112:61
	vmul.f32	s0, s0, s2
	.loc	2 112 25                        @ ../Task/Src/INS_Task.c:112:25
	vstr	s0, [r0, #24]
.Ltmp9:
	.loc	2 114 6 is_stmt 1               @ ../Task/Src/INS_Task.c:114:6
	ldr	r0, [sp, #24]
	movw	r1, #52429
	movt	r1, #52428
.Ltmp10:
	.loc	2 114 6 is_stmt 0               @ ../Task/Src/INS_Task.c:114:6
	muls	r0, r1, r0
	cmp.w	r0, #858993459
	bhi	.LBB0_8
	b	.LBB0_7
.LBB0_7:                                @   in Loop: Header=BB0_1 Depth=1
.Ltmp11:
	.loc	2 116 36 is_stmt 1              @ ../Task/Src/INS_Task.c:116:36
	movw	r0, :lower16:BMI088_Info
	movt	r0, :upper16:BMI088_Info
	vldr	s0, [r0, #28]
	.loc	2 116 4 is_stmt 0               @ ../Task/Src/INS_Task.c:116:4
	bl	BMI088_Temp_Control
	.loc	2 117 3 is_stmt 1               @ ../Task/Src/INS_Task.c:117:3
	b	.LBB0_8
.Ltmp12:
.LBB0_8:                                @   in Loop: Header=BB0_1 Depth=1
	.loc	2 0 3 is_stmt 0                 @ ../Task/Src/INS_Task.c:0:3
	add	r0, sp, #24
	movs	r1, #1
	.loc	2 119 5 is_stmt 1               @ ../Task/Src/INS_Task.c:119:5
	bl	osDelayUntil
.Ltmp13:
	.loc	2 65 3                          @ ../Task/Src/INS_Task.c:65:3
	b	.LBB0_1
.Ltmp14:
	.loc	2 0 3 is_stmt 0                 @ :0:3
.Ltmp15:
	.p2align	2
@ %bb.9:
.LCPI0_0:
	.long	0x3a83126f                      @ float 0.00100000005
.LCPI0_1:
	.long	0x42652ee1                      @ float 57.2957802
.LCPI0_2:
	.long	0xc3340000                      @ float -180
.LCPI0_3:
	.long	0x43340000                      @ float 180
.LCPI0_4:
	.long	0x43b40000                      @ float 360
.Lfunc_end0:
	.size	INS_Task, .Lfunc_end0-INS_Task
	.cfi_endproc
	.cantunwind
	.fnend
                                        @ -- End function
	.section	.text.INSTask_Init,"ax",%progbits
	.p2align	3                               @ -- Begin function INSTask_Init
	.type	INSTask_Init,%function
	.code	16                              @ @INSTask_Init
	.thumb_func
INSTask_Init:
.Lfunc_begin1:
	.loc	2 130 0 is_stmt 1               @ ../Task/Src/INS_Task.c:130:0
	.fnstart
	.cfi_startproc
@ %bb.0:
	.save	{r7, lr}
	push	{r7, lr}
	.cfi_def_cfa_offset 8
	.cfi_offset lr, -4
	.cfi_offset r7, -8
	.pad	#8
	sub	sp, #8
	.cfi_def_cfa_offset 16
.Ltmp16:
	.loc	2 132 3 prologue_end            @ ../Task/Src/INS_Task.c:132:3
	movw	r0, :lower16:INS_AccelPF2p
	movt	r0, :upper16:INS_AccelPF2p
	str	r0, [sp]                        @ 4-byte Spill
	movw	r1, :lower16:INS_LPF2p_Alpha
	movt	r1, :upper16:INS_LPF2p_Alpha
	str	r1, [sp, #4]                    @ 4-byte Spill
	bl	LowPassFilter2p_Init
	ldr	r0, [sp]                        @ 4-byte Reload
	ldr	r1, [sp, #4]                    @ 4-byte Reload
	.loc	2 133 3                         @ ../Task/Src/INS_Task.c:133:3
	adds	r0, #32
	bl	LowPassFilter2p_Init
	ldr	r0, [sp]                        @ 4-byte Reload
	ldr	r1, [sp, #4]                    @ 4-byte Reload
	.loc	2 134 3                         @ ../Task/Src/INS_Task.c:134:3
	adds	r0, #64
	bl	LowPassFilter2p_Init
	.loc	2 137 2                         @ ../Task/Src/INS_Task.c:137:2
	movw	r0, :lower16:TempCtrl_PID
	movt	r0, :upper16:TempCtrl_PID
	movw	r2, :lower16:TemCtrl_PID_Param
	movt	r2, :upper16:TemCtrl_PID_Param
	movs	r1, #1
	bl	PID_Init
	.loc	2 140 2                         @ ../Task/Src/INS_Task.c:140:2
	movw	r0, :lower16:Quaternion_Info
	movt	r0, :upper16:Quaternion_Info
	movw	r1, :lower16:QuaternionEKF_A_Data
	movt	r1, :upper16:QuaternionEKF_A_Data
	movw	r2, :lower16:QuaternionEKF_P_Data
	movt	r2, :upper16:QuaternionEKF_P_Data
	vmov.f32	s0, #1.000000e+01
	vldr	s1, .LCPI1_0
	vldr	s2, .LCPI1_1
	bl	QuaternionEKF_Init
	.loc	2 141 1 epilogue_begin          @ ../Task/Src/INS_Task.c:141:1
	add	sp, #8
	pop	{r7, pc}
.Ltmp17:
	.loc	2 0 1 is_stmt 0                 @ :0:1
.Ltmp18:
	.p2align	2
@ %bb.1:
.LCPI1_0:
	.long	0x3a83126f                      @ float 0.00100000005
.LCPI1_1:
	.long	0x49742400                      @ float 1.0E+6
.Lfunc_end1:
	.size	INSTask_Init, .Lfunc_end1-INSTask_Init
	.cfi_endproc
	.cantunwind
	.fnend
                                        @ -- End function
	.section	.text.BMI088_Temp_Control,"ax",%progbits
	.p2align	3                               @ -- Begin function BMI088_Temp_Control
	.type	BMI088_Temp_Control,%function
	.code	16                              @ @BMI088_Temp_Control
	.thumb_func
BMI088_Temp_Control:
.Lfunc_begin2:
	.loc	2 149 0 is_stmt 1               @ ../Task/Src/INS_Task.c:149:0
	.fnstart
	.cfi_startproc
@ %bb.0:
	.save	{r7, lr}
	push	{r7, lr}
	.cfi_def_cfa_offset 8
	.cfi_offset lr, -4
	.cfi_offset r7, -8
	.pad	#8
	sub	sp, #8
	.cfi_def_cfa_offset 16
	vstr	s0, [sp, #4]
.Ltmp19:
	.loc	2 150 35 prologue_end           @ ../Task/Src/INS_Task.c:150:35
	vldr	s1, [sp, #4]
	.loc	2 150 2 is_stmt 0               @ ../Task/Src/INS_Task.c:150:2
	movw	r0, :lower16:TempCtrl_PID
	movt	r0, :upper16:TempCtrl_PID
	vldr	s0, .LCPI2_0
	bl	PID_Calculate
	.loc	2 152 2 is_stmt 1               @ ../Task/Src/INS_Task.c:152:2
	b	.LBB2_1
.LBB2_1:
.Ltmp20:
	.loc	2 152 2 is_stmt 0               @ ../Task/Src/INS_Task.c:152:2
	movw	r0, :lower16:TempCtrl_PID
	movt	r0, :upper16:TempCtrl_PID
	vldr	s0, [r0, #52]
	vldr	s2, .LCPI2_1
.Ltmp21:
	.loc	2 152 2                         @ ../Task/Src/INS_Task.c:152:2
	vcmp.f32	s0, s2
	vmrs	APSR_nzcv, fpscr
	ble	.LBB2_3
	b	.LBB2_2
.LBB2_2:
.Ltmp22:
	.loc	2 152 2                         @ ../Task/Src/INS_Task.c:152:2
	movw	r1, :lower16:TempCtrl_PID
	movt	r1, :upper16:TempCtrl_PID
	movs	r0, #0
	movt	r0, #17658
	str	r0, [r1, #52]
	b	.LBB2_6
.Ltmp23:
.LBB2_3:
	.loc	2 152 2                         @ ../Task/Src/INS_Task.c:152:2
	movw	r0, :lower16:TempCtrl_PID
	movt	r0, :upper16:TempCtrl_PID
	vldr	s0, [r0, #52]
.Ltmp24:
	.loc	2 152 2                         @ ../Task/Src/INS_Task.c:152:2
	vcmp.f32	s0, #0
	vmrs	APSR_nzcv, fpscr
	bge	.LBB2_5
	b	.LBB2_4
.LBB2_4:
.Ltmp25:
	.loc	2 152 2                         @ ../Task/Src/INS_Task.c:152:2
	movw	r1, :lower16:TempCtrl_PID
	movt	r1, :upper16:TempCtrl_PID
	movs	r0, #0
	str	r0, [r1, #52]
	b	.LBB2_5
.Ltmp26:
.LBB2_5:
	.loc	2 0 2                           @ ../Task/Src/INS_Task.c:0:2
	b	.LBB2_6
.LBB2_6:
	.loc	2 152 2                         @ ../Task/Src/INS_Task.c:152:2
	b	.LBB2_7
.Ltmp27:
.LBB2_7:
	.loc	2 154 49 is_stmt 1              @ ../Task/Src/INS_Task.c:154:49
	movw	r0, :lower16:TempCtrl_PID
	movt	r0, :upper16:TempCtrl_PID
	vldr	s0, [r0, #52]
	.loc	2 154 26 is_stmt 0              @ ../Task/Src/INS_Task.c:154:26
	vcvt.u32.f32	s0, s0
	vmov	r0, s0
	.loc	2 154 8                         @ ../Task/Src/INS_Task.c:154:8
	movw	r1, :lower16:htim3
	movt	r1, :upper16:htim3
	ldr	r1, [r1]
	.loc	2 154 23                        @ ../Task/Src/INS_Task.c:154:23
	str	r0, [r1, #64]
	.loc	2 155 1 epilogue_begin is_stmt 1 @ ../Task/Src/INS_Task.c:155:1
	add	sp, #8
	pop	{r7, pc}
.Ltmp28:
	.loc	2 0 1 is_stmt 0                 @ :0:1
.Ltmp29:
	.p2align	2
@ %bb.8:
.LCPI2_0:
	.long	0x42200000                      @ float 40
.LCPI2_1:
	.long	0x44fa0000                      @ float 2000
.Lfunc_end2:
	.size	BMI088_Temp_Control, .Lfunc_end2-BMI088_Temp_Control
	.cfi_endproc
	.cantunwind
	.fnend
                                        @ -- End function
	.hidden	Tx_Data                         @ @Tx_Data
	.type	Tx_Data,%object
	.section	.RAM_D1,"aw",%progbits
	.globl	Tx_Data
Tx_Data:
	.zero	12
	.size	Tx_Data, 12

	.hidden	INS_AccelPF2p                   @ @INS_AccelPF2p
	.type	INS_AccelPF2p,%object
	.section	.bss.INS_AccelPF2p,"aw",%nobits
	.globl	INS_AccelPF2p
	.p2align	2, 0x0
INS_AccelPF2p:
	.zero	96
	.size	INS_AccelPF2p, 96

	.hidden	INS_Info                        @ @INS_Info
	.type	INS_Info,%object
	.section	.bss.INS_Info,"aw",%nobits
	.globl	INS_Info
	.p2align	2, 0x0
INS_Info:
	.zero	72
	.size	INS_Info, 72

	.hidden	TempCtrl_PID                    @ @TempCtrl_PID
	.type	TempCtrl_PID,%object
	.section	.bss.TempCtrl_PID,"aw",%nobits
	.globl	TempCtrl_PID
	.p2align	2, 0x0
TempCtrl_PID:
	.zero	144
	.size	TempCtrl_PID, 144

	.type	INS_LPF2p_Alpha,%object         @ @INS_LPF2p_Alpha
	.section	.data.INS_LPF2p_Alpha,"aw",%progbits
	.p2align	2, 0x0
INS_LPF2p_Alpha:
	.long	0x3ff6f85a                      @ float 1.92945409
	.long	0xbf6e895d                      @ float -0.931783497
	.long	0x3b18a9d5                      @ float 0.00232945872
	.size	INS_LPF2p_Alpha, 12

	.type	TemCtrl_PID_Param,%object       @ @TemCtrl_PID_Param
	.section	.data.TemCtrl_PID_Param,"aw",%progbits
	.p2align	2, 0x0
TemCtrl_PID_Param:
	.long	0x44c80000                      @ float 1600
	.long	0x41a00000                      @ float 20
	.long	0x00000000                      @ float 0
	.long	0x00000000                      @ float 0
	.long	0x00000000                      @ float 0
	.long	0x00000000                      @ float 0
	.long	0x44fa0000                      @ float 2000
	.size	TemCtrl_PID_Param, 28

	.type	QuaternionEKF_A_Data,%object    @ @QuaternionEKF_A_Data
	.section	.data.QuaternionEKF_A_Data,"aw",%progbits
	.p2align	2, 0x0
QuaternionEKF_A_Data:
	.long	0x3f800000                      @ float 1
	.long	0x00000000                      @ float 0
	.long	0x00000000                      @ float 0
	.long	0x00000000                      @ float 0
	.long	0x00000000                      @ float 0
	.long	0x00000000                      @ float 0
	.long	0x00000000                      @ float 0
	.long	0x3f800000                      @ float 1
	.long	0x00000000                      @ float 0
	.long	0x00000000                      @ float 0
	.long	0x00000000                      @ float 0
	.long	0x00000000                      @ float 0
	.long	0x00000000                      @ float 0
	.long	0x00000000                      @ float 0
	.long	0x3f800000                      @ float 1
	.long	0x00000000                      @ float 0
	.long	0x00000000                      @ float 0
	.long	0x00000000                      @ float 0
	.long	0x00000000                      @ float 0
	.long	0x00000000                      @ float 0
	.long	0x00000000                      @ float 0
	.long	0x3f800000                      @ float 1
	.long	0x00000000                      @ float 0
	.long	0x00000000                      @ float 0
	.long	0x00000000                      @ float 0
	.long	0x00000000                      @ float 0
	.long	0x00000000                      @ float 0
	.long	0x00000000                      @ float 0
	.long	0x3f800000                      @ float 1
	.long	0x00000000                      @ float 0
	.long	0x00000000                      @ float 0
	.long	0x00000000                      @ float 0
	.long	0x00000000                      @ float 0
	.long	0x00000000                      @ float 0
	.long	0x00000000                      @ float 0
	.long	0x3f800000                      @ float 1
	.size	QuaternionEKF_A_Data, 144

	.type	QuaternionEKF_P_Data,%object    @ @QuaternionEKF_P_Data
	.section	.data.QuaternionEKF_P_Data,"aw",%progbits
	.p2align	2, 0x0
QuaternionEKF_P_Data:
	.long	0x47c35000                      @ float 1.0E+5
	.long	0x3dcccccd                      @ float 0.100000001
	.long	0x3dcccccd                      @ float 0.100000001
	.long	0x3dcccccd                      @ float 0.100000001
	.long	0x3dcccccd                      @ float 0.100000001
	.long	0x3dcccccd                      @ float 0.100000001
	.long	0x3dcccccd                      @ float 0.100000001
	.long	0x47c35000                      @ float 1.0E+5
	.long	0x3dcccccd                      @ float 0.100000001
	.long	0x3dcccccd                      @ float 0.100000001
	.long	0x3dcccccd                      @ float 0.100000001
	.long	0x3dcccccd                      @ float 0.100000001
	.long	0x3dcccccd                      @ float 0.100000001
	.long	0x3dcccccd                      @ float 0.100000001
	.long	0x47c35000                      @ float 1.0E+5
	.long	0x3dcccccd                      @ float 0.100000001
	.long	0x3dcccccd                      @ float 0.100000001
	.long	0x3dcccccd                      @ float 0.100000001
	.long	0x3dcccccd                      @ float 0.100000001
	.long	0x3dcccccd                      @ float 0.100000001
	.long	0x3dcccccd                      @ float 0.100000001
	.long	0x47c35000                      @ float 1.0E+5
	.long	0x3dcccccd                      @ float 0.100000001
	.long	0x3dcccccd                      @ float 0.100000001
	.long	0x3dcccccd                      @ float 0.100000001
	.long	0x3dcccccd                      @ float 0.100000001
	.long	0x3dcccccd                      @ float 0.100000001
	.long	0x3dcccccd                      @ float 0.100000001
	.long	0x42c80000                      @ float 100
	.long	0x3dcccccd                      @ float 0.100000001
	.long	0x3dcccccd                      @ float 0.100000001
	.long	0x3dcccccd                      @ float 0.100000001
	.long	0x3dcccccd                      @ float 0.100000001
	.long	0x3dcccccd                      @ float 0.100000001
	.long	0x3dcccccd                      @ float 0.100000001
	.long	0x42c80000                      @ float 100
	.size	QuaternionEKF_P_Data, 144

	.file	6 "D:\\stm32_project\\daily_work\\new_bubing\\cod_update_2.0\\COD_H7_Template\\MDK-ARM" "../Middlewares/Third_Party/FreeRTOS/Source/portable/RVDS/ARM_CM4F\\portmacro.h"
	.section	.debug_abbrev,"",%progbits
	.byte	1                               @ Abbreviation Code
	.byte	17                              @ DW_TAG_compile_unit
	.byte	1                               @ DW_CHILDREN_yes
	.byte	37                              @ DW_AT_producer
	.byte	14                              @ DW_FORM_strp
	.byte	19                              @ DW_AT_language
	.byte	5                               @ DW_FORM_data2
	.byte	3                               @ DW_AT_name
	.byte	14                              @ DW_FORM_strp
	.byte	16                              @ DW_AT_stmt_list
	.byte	23                              @ DW_FORM_sec_offset
	.byte	27                              @ DW_AT_comp_dir
	.byte	14                              @ DW_FORM_strp
	.byte	17                              @ DW_AT_low_pc
	.byte	1                               @ DW_FORM_addr
	.byte	85                              @ DW_AT_ranges
	.byte	23                              @ DW_FORM_sec_offset
	.byte	0                               @ EOM(1)
	.byte	0                               @ EOM(2)
	.byte	2                               @ Abbreviation Code
	.byte	52                              @ DW_TAG_variable
	.byte	0                               @ DW_CHILDREN_no
	.byte	3                               @ DW_AT_name
	.byte	14                              @ DW_FORM_strp
	.byte	73                              @ DW_AT_type
	.byte	19                              @ DW_FORM_ref4
	.byte	63                              @ DW_AT_external
	.byte	25                              @ DW_FORM_flag_present
	.byte	58                              @ DW_AT_decl_file
	.byte	11                              @ DW_FORM_data1
	.byte	59                              @ DW_AT_decl_line
	.byte	11                              @ DW_FORM_data1
	.byte	2                               @ DW_AT_location
	.byte	24                              @ DW_FORM_exprloc
	.byte	0                               @ EOM(1)
	.byte	0                               @ EOM(2)
	.byte	3                               @ Abbreviation Code
	.byte	1                               @ DW_TAG_array_type
	.byte	1                               @ DW_CHILDREN_yes
	.byte	73                              @ DW_AT_type
	.byte	19                              @ DW_FORM_ref4
	.byte	0                               @ EOM(1)
	.byte	0                               @ EOM(2)
	.byte	4                               @ Abbreviation Code
	.byte	33                              @ DW_TAG_subrange_type
	.byte	0                               @ DW_CHILDREN_no
	.byte	73                              @ DW_AT_type
	.byte	19                              @ DW_FORM_ref4
	.byte	55                              @ DW_AT_count
	.byte	11                              @ DW_FORM_data1
	.byte	0                               @ EOM(1)
	.byte	0                               @ EOM(2)
	.byte	5                               @ Abbreviation Code
	.byte	22                              @ DW_TAG_typedef
	.byte	0                               @ DW_CHILDREN_no
	.byte	73                              @ DW_AT_type
	.byte	19                              @ DW_FORM_ref4
	.byte	3                               @ DW_AT_name
	.byte	14                              @ DW_FORM_strp
	.byte	58                              @ DW_AT_decl_file
	.byte	11                              @ DW_FORM_data1
	.byte	59                              @ DW_AT_decl_line
	.byte	11                              @ DW_FORM_data1
	.byte	0                               @ EOM(1)
	.byte	0                               @ EOM(2)
	.byte	6                               @ Abbreviation Code
	.byte	36                              @ DW_TAG_base_type
	.byte	0                               @ DW_CHILDREN_no
	.byte	3                               @ DW_AT_name
	.byte	14                              @ DW_FORM_strp
	.byte	62                              @ DW_AT_encoding
	.byte	11                              @ DW_FORM_data1
	.byte	11                              @ DW_AT_byte_size
	.byte	11                              @ DW_FORM_data1
	.byte	0                               @ EOM(1)
	.byte	0                               @ EOM(2)
	.byte	7                               @ Abbreviation Code
	.byte	36                              @ DW_TAG_base_type
	.byte	0                               @ DW_CHILDREN_no
	.byte	3                               @ DW_AT_name
	.byte	14                              @ DW_FORM_strp
	.byte	11                              @ DW_AT_byte_size
	.byte	11                              @ DW_FORM_data1
	.byte	62                              @ DW_AT_encoding
	.byte	11                              @ DW_FORM_data1
	.byte	0                               @ EOM(1)
	.byte	0                               @ EOM(2)
	.byte	8                               @ Abbreviation Code
	.byte	19                              @ DW_TAG_structure_type
	.byte	1                               @ DW_CHILDREN_yes
	.byte	11                              @ DW_AT_byte_size
	.byte	11                              @ DW_FORM_data1
	.byte	58                              @ DW_AT_decl_file
	.byte	11                              @ DW_FORM_data1
	.byte	59                              @ DW_AT_decl_line
	.byte	11                              @ DW_FORM_data1
	.byte	0                               @ EOM(1)
	.byte	0                               @ EOM(2)
	.byte	9                               @ Abbreviation Code
	.byte	13                              @ DW_TAG_member
	.byte	0                               @ DW_CHILDREN_no
	.byte	3                               @ DW_AT_name
	.byte	14                              @ DW_FORM_strp
	.byte	73                              @ DW_AT_type
	.byte	19                              @ DW_FORM_ref4
	.byte	58                              @ DW_AT_decl_file
	.byte	11                              @ DW_FORM_data1
	.byte	59                              @ DW_AT_decl_line
	.byte	11                              @ DW_FORM_data1
	.byte	56                              @ DW_AT_data_member_location
	.byte	11                              @ DW_FORM_data1
	.byte	0                               @ EOM(1)
	.byte	0                               @ EOM(2)
	.byte	10                              @ Abbreviation Code
	.byte	19                              @ DW_TAG_structure_type
	.byte	1                               @ DW_CHILDREN_yes
	.byte	3                               @ DW_AT_name
	.byte	14                              @ DW_FORM_strp
	.byte	11                              @ DW_AT_byte_size
	.byte	11                              @ DW_FORM_data1
	.byte	58                              @ DW_AT_decl_file
	.byte	11                              @ DW_FORM_data1
	.byte	59                              @ DW_AT_decl_line
	.byte	11                              @ DW_FORM_data1
	.byte	0                               @ EOM(1)
	.byte	0                               @ EOM(2)
	.byte	11                              @ Abbreviation Code
	.byte	4                               @ DW_TAG_enumeration_type
	.byte	1                               @ DW_CHILDREN_yes
	.byte	73                              @ DW_AT_type
	.byte	19                              @ DW_FORM_ref4
	.byte	11                              @ DW_AT_byte_size
	.byte	11                              @ DW_FORM_data1
	.byte	58                              @ DW_AT_decl_file
	.byte	11                              @ DW_FORM_data1
	.byte	59                              @ DW_AT_decl_line
	.byte	11                              @ DW_FORM_data1
	.byte	0                               @ EOM(1)
	.byte	0                               @ EOM(2)
	.byte	12                              @ Abbreviation Code
	.byte	40                              @ DW_TAG_enumerator
	.byte	0                               @ DW_CHILDREN_no
	.byte	3                               @ DW_AT_name
	.byte	14                              @ DW_FORM_strp
	.byte	28                              @ DW_AT_const_value
	.byte	15                              @ DW_FORM_udata
	.byte	0                               @ EOM(1)
	.byte	0                               @ EOM(2)
	.byte	13                              @ Abbreviation Code
	.byte	15                              @ DW_TAG_pointer_type
	.byte	0                               @ DW_CHILDREN_no
	.byte	73                              @ DW_AT_type
	.byte	19                              @ DW_FORM_ref4
	.byte	0                               @ EOM(1)
	.byte	0                               @ EOM(2)
	.byte	14                              @ Abbreviation Code
	.byte	21                              @ DW_TAG_subroutine_type
	.byte	1                               @ DW_CHILDREN_yes
	.byte	73                              @ DW_AT_type
	.byte	19                              @ DW_FORM_ref4
	.byte	39                              @ DW_AT_prototyped
	.byte	25                              @ DW_FORM_flag_present
	.byte	0                               @ EOM(1)
	.byte	0                               @ EOM(2)
	.byte	15                              @ Abbreviation Code
	.byte	5                               @ DW_TAG_formal_parameter
	.byte	0                               @ DW_CHILDREN_no
	.byte	73                              @ DW_AT_type
	.byte	19                              @ DW_FORM_ref4
	.byte	0                               @ EOM(1)
	.byte	0                               @ EOM(2)
	.byte	16                              @ Abbreviation Code
	.byte	21                              @ DW_TAG_subroutine_type
	.byte	1                               @ DW_CHILDREN_yes
	.byte	39                              @ DW_AT_prototyped
	.byte	25                              @ DW_FORM_flag_present
	.byte	0                               @ EOM(1)
	.byte	0                               @ EOM(2)
	.byte	17                              @ Abbreviation Code
	.byte	52                              @ DW_TAG_variable
	.byte	0                               @ DW_CHILDREN_no
	.byte	3                               @ DW_AT_name
	.byte	14                              @ DW_FORM_strp
	.byte	73                              @ DW_AT_type
	.byte	19                              @ DW_FORM_ref4
	.byte	58                              @ DW_AT_decl_file
	.byte	11                              @ DW_FORM_data1
	.byte	59                              @ DW_AT_decl_line
	.byte	11                              @ DW_FORM_data1
	.byte	2                               @ DW_AT_location
	.byte	24                              @ DW_FORM_exprloc
	.byte	0                               @ EOM(1)
	.byte	0                               @ EOM(2)
	.byte	18                              @ Abbreviation Code
	.byte	46                              @ DW_TAG_subprogram
	.byte	1                               @ DW_CHILDREN_yes
	.byte	17                              @ DW_AT_low_pc
	.byte	1                               @ DW_FORM_addr
	.byte	18                              @ DW_AT_high_pc
	.byte	6                               @ DW_FORM_data4
	.byte	64                              @ DW_AT_frame_base
	.byte	24                              @ DW_FORM_exprloc
	.byte	3                               @ DW_AT_name
	.byte	14                              @ DW_FORM_strp
	.byte	58                              @ DW_AT_decl_file
	.byte	11                              @ DW_FORM_data1
	.byte	59                              @ DW_AT_decl_line
	.byte	11                              @ DW_FORM_data1
	.byte	39                              @ DW_AT_prototyped
	.byte	25                              @ DW_FORM_flag_present
	.byte	63                              @ DW_AT_external
	.byte	25                              @ DW_FORM_flag_present
	.byte	0                               @ EOM(1)
	.byte	0                               @ EOM(2)
	.byte	19                              @ Abbreviation Code
	.byte	5                               @ DW_TAG_formal_parameter
	.byte	0                               @ DW_CHILDREN_no
	.byte	2                               @ DW_AT_location
	.byte	24                              @ DW_FORM_exprloc
	.byte	3                               @ DW_AT_name
	.byte	14                              @ DW_FORM_strp
	.byte	58                              @ DW_AT_decl_file
	.byte	11                              @ DW_FORM_data1
	.byte	59                              @ DW_AT_decl_line
	.byte	11                              @ DW_FORM_data1
	.byte	73                              @ DW_AT_type
	.byte	19                              @ DW_FORM_ref4
	.byte	0                               @ EOM(1)
	.byte	0                               @ EOM(2)
	.byte	20                              @ Abbreviation Code
	.byte	52                              @ DW_TAG_variable
	.byte	0                               @ DW_CHILDREN_no
	.byte	2                               @ DW_AT_location
	.byte	24                              @ DW_FORM_exprloc
	.byte	3                               @ DW_AT_name
	.byte	14                              @ DW_FORM_strp
	.byte	58                              @ DW_AT_decl_file
	.byte	11                              @ DW_FORM_data1
	.byte	59                              @ DW_AT_decl_line
	.byte	11                              @ DW_FORM_data1
	.byte	73                              @ DW_AT_type
	.byte	19                              @ DW_FORM_ref4
	.byte	0                               @ EOM(1)
	.byte	0                               @ EOM(2)
	.byte	21                              @ Abbreviation Code
	.byte	46                              @ DW_TAG_subprogram
	.byte	0                               @ DW_CHILDREN_no
	.byte	17                              @ DW_AT_low_pc
	.byte	1                               @ DW_FORM_addr
	.byte	18                              @ DW_AT_high_pc
	.byte	6                               @ DW_FORM_data4
	.byte	64                              @ DW_AT_frame_base
	.byte	24                              @ DW_FORM_exprloc
	.byte	3                               @ DW_AT_name
	.byte	14                              @ DW_FORM_strp
	.byte	58                              @ DW_AT_decl_file
	.byte	11                              @ DW_FORM_data1
	.byte	59                              @ DW_AT_decl_line
	.byte	11                              @ DW_FORM_data1
	.byte	39                              @ DW_AT_prototyped
	.byte	25                              @ DW_FORM_flag_present
	.byte	0                               @ EOM(1)
	.byte	0                               @ EOM(2)
	.byte	22                              @ Abbreviation Code
	.byte	46                              @ DW_TAG_subprogram
	.byte	1                               @ DW_CHILDREN_yes
	.byte	17                              @ DW_AT_low_pc
	.byte	1                               @ DW_FORM_addr
	.byte	18                              @ DW_AT_high_pc
	.byte	6                               @ DW_FORM_data4
	.byte	64                              @ DW_AT_frame_base
	.byte	24                              @ DW_FORM_exprloc
	.byte	3                               @ DW_AT_name
	.byte	14                              @ DW_FORM_strp
	.byte	58                              @ DW_AT_decl_file
	.byte	11                              @ DW_FORM_data1
	.byte	59                              @ DW_AT_decl_line
	.byte	11                              @ DW_FORM_data1
	.byte	39                              @ DW_AT_prototyped
	.byte	25                              @ DW_FORM_flag_present
	.byte	0                               @ EOM(1)
	.byte	0                               @ EOM(2)
	.byte	23                              @ Abbreviation Code
	.byte	38                              @ DW_TAG_const_type
	.byte	0                               @ DW_CHILDREN_no
	.byte	0                               @ EOM(1)
	.byte	0                               @ EOM(2)
	.byte	0                               @ EOM(3)
	.section	.debug_info,"",%progbits
.Lcu_begin0:
	.long	.Ldebug_info_end0-.Ldebug_info_start0 @ Length of Unit
.Ldebug_info_start0:
	.short	4                               @ DWARF version number
	.long	.debug_abbrev                   @ Offset Into Abbrev. Section
	.byte	4                               @ Address Size (in bytes)
	.byte	1                               @ Abbrev [1] 0xb:0x504 DW_TAG_compile_unit
	.long	.Linfo_string0                  @ DW_AT_producer
	.short	12                              @ DW_AT_language
	.long	.Linfo_string1                  @ DW_AT_name
	.long	.Lline_table_start0             @ DW_AT_stmt_list
	.long	.Linfo_string2                  @ DW_AT_comp_dir
	.long	0                               @ DW_AT_low_pc
	.long	.Ldebug_ranges0                 @ DW_AT_ranges
	.byte	2                               @ Abbrev [2] 0x26:0x11 DW_TAG_variable
	.long	.Linfo_string3                  @ DW_AT_name
	.long	55                              @ DW_AT_type
                                        @ DW_AT_external
	.byte	2                               @ DW_AT_decl_file
	.byte	15                              @ DW_AT_decl_line
	.byte	5                               @ DW_AT_location
	.byte	3
	.long	Tx_Data
	.byte	3                               @ Abbrev [3] 0x37:0xc DW_TAG_array_type
	.long	67                              @ DW_AT_type
	.byte	4                               @ Abbrev [4] 0x3c:0x6 DW_TAG_subrange_type
	.long	85                              @ DW_AT_type
	.byte	12                              @ DW_AT_count
	.byte	0                               @ End Of Children Mark
	.byte	5                               @ Abbrev [5] 0x43:0xb DW_TAG_typedef
	.long	78                              @ DW_AT_type
	.long	.Linfo_string5                  @ DW_AT_name
	.byte	1                               @ DW_AT_decl_file
	.byte	62                              @ DW_AT_decl_line
	.byte	6                               @ Abbrev [6] 0x4e:0x7 DW_TAG_base_type
	.long	.Linfo_string4                  @ DW_AT_name
	.byte	8                               @ DW_AT_encoding
	.byte	1                               @ DW_AT_byte_size
	.byte	7                               @ Abbrev [7] 0x55:0x7 DW_TAG_base_type
	.long	.Linfo_string6                  @ DW_AT_name
	.byte	8                               @ DW_AT_byte_size
	.byte	7                               @ DW_AT_encoding
	.byte	2                               @ Abbrev [2] 0x5c:0x11 DW_TAG_variable
	.long	.Linfo_string7                  @ DW_AT_name
	.long	109                             @ DW_AT_type
                                        @ DW_AT_external
	.byte	2                               @ DW_AT_decl_file
	.byte	17                              @ DW_AT_decl_line
	.byte	5                               @ DW_AT_location
	.byte	3
	.long	INS_Info
	.byte	5                               @ Abbrev [5] 0x6d:0xb DW_TAG_typedef
	.long	120                             @ DW_AT_type
	.long	.Linfo_string23                 @ DW_AT_name
	.byte	3                               @ DW_AT_decl_file
	.byte	25                              @ DW_AT_decl_line
	.byte	8                               @ Abbrev [8] 0x78:0x95 DW_TAG_structure_type
	.byte	72                              @ DW_AT_byte_size
	.byte	3                               @ DW_AT_decl_file
	.byte	6                               @ DW_AT_decl_line
	.byte	9                               @ Abbrev [9] 0x7c:0xc DW_TAG_member
	.long	.Linfo_string8                  @ DW_AT_name
	.long	269                             @ DW_AT_type
	.byte	3                               @ DW_AT_decl_file
	.byte	8                               @ DW_AT_decl_line
	.byte	0                               @ DW_AT_data_member_location
	.byte	9                               @ Abbrev [9] 0x88:0xc DW_TAG_member
	.long	.Linfo_string10                 @ DW_AT_name
	.long	269                             @ DW_AT_type
	.byte	3                               @ DW_AT_decl_file
	.byte	9                               @ DW_AT_decl_line
	.byte	4                               @ DW_AT_data_member_location
	.byte	9                               @ Abbrev [9] 0x94:0xc DW_TAG_member
	.long	.Linfo_string11                 @ DW_AT_name
	.long	269                             @ DW_AT_type
	.byte	3                               @ DW_AT_decl_file
	.byte	10                              @ DW_AT_decl_line
	.byte	8                               @ DW_AT_data_member_location
	.byte	9                               @ Abbrev [9] 0xa0:0xc DW_TAG_member
	.long	.Linfo_string12                 @ DW_AT_name
	.long	269                             @ DW_AT_type
	.byte	3                               @ DW_AT_decl_file
	.byte	11                              @ DW_AT_decl_line
	.byte	12                              @ DW_AT_data_member_location
	.byte	9                               @ Abbrev [9] 0xac:0xc DW_TAG_member
	.long	.Linfo_string13                 @ DW_AT_name
	.long	269                             @ DW_AT_type
	.byte	3                               @ DW_AT_decl_file
	.byte	13                              @ DW_AT_decl_line
	.byte	16                              @ DW_AT_data_member_location
	.byte	9                               @ Abbrev [9] 0xb8:0xc DW_TAG_member
	.long	.Linfo_string14                 @ DW_AT_name
	.long	269                             @ DW_AT_type
	.byte	3                               @ DW_AT_decl_file
	.byte	14                              @ DW_AT_decl_line
	.byte	20                              @ DW_AT_data_member_location
	.byte	9                               @ Abbrev [9] 0xc4:0xc DW_TAG_member
	.long	.Linfo_string15                 @ DW_AT_name
	.long	269                             @ DW_AT_type
	.byte	3                               @ DW_AT_decl_file
	.byte	15                              @ DW_AT_decl_line
	.byte	24                              @ DW_AT_data_member_location
	.byte	9                               @ Abbrev [9] 0xd0:0xc DW_TAG_member
	.long	.Linfo_string16                 @ DW_AT_name
	.long	276                             @ DW_AT_type
	.byte	3                               @ DW_AT_decl_file
	.byte	17                              @ DW_AT_decl_line
	.byte	28                              @ DW_AT_data_member_location
	.byte	9                               @ Abbrev [9] 0xdc:0xc DW_TAG_member
	.long	.Linfo_string17                 @ DW_AT_name
	.long	276                             @ DW_AT_type
	.byte	3                               @ DW_AT_decl_file
	.byte	18                              @ DW_AT_decl_line
	.byte	40                              @ DW_AT_data_member_location
	.byte	9                               @ Abbrev [9] 0xe8:0xc DW_TAG_member
	.long	.Linfo_string18                 @ DW_AT_name
	.long	276                             @ DW_AT_type
	.byte	3                               @ DW_AT_decl_file
	.byte	19                              @ DW_AT_decl_line
	.byte	52                              @ DW_AT_data_member_location
	.byte	9                               @ Abbrev [9] 0xf4:0xc DW_TAG_member
	.long	.Linfo_string19                 @ DW_AT_name
	.long	269                             @ DW_AT_type
	.byte	3                               @ DW_AT_decl_file
	.byte	21                              @ DW_AT_decl_line
	.byte	64                              @ DW_AT_data_member_location
	.byte	9                               @ Abbrev [9] 0x100:0xc DW_TAG_member
	.long	.Linfo_string20                 @ DW_AT_name
	.long	288                             @ DW_AT_type
	.byte	3                               @ DW_AT_decl_file
	.byte	22                              @ DW_AT_decl_line
	.byte	68                              @ DW_AT_data_member_location
	.byte	0                               @ End Of Children Mark
	.byte	6                               @ Abbrev [6] 0x10d:0x7 DW_TAG_base_type
	.long	.Linfo_string9                  @ DW_AT_name
	.byte	4                               @ DW_AT_encoding
	.byte	4                               @ DW_AT_byte_size
	.byte	3                               @ Abbrev [3] 0x114:0xc DW_TAG_array_type
	.long	269                             @ DW_AT_type
	.byte	4                               @ Abbrev [4] 0x119:0x6 DW_TAG_subrange_type
	.long	85                              @ DW_AT_type
	.byte	3                               @ DW_AT_count
	.byte	0                               @ End Of Children Mark
	.byte	5                               @ Abbrev [5] 0x120:0xb DW_TAG_typedef
	.long	299                             @ DW_AT_type
	.long	.Linfo_string22                 @ DW_AT_name
	.byte	1                               @ DW_AT_decl_file
	.byte	57                              @ DW_AT_decl_line
	.byte	6                               @ Abbrev [6] 0x12b:0x7 DW_TAG_base_type
	.long	.Linfo_string21                 @ DW_AT_name
	.byte	5                               @ DW_AT_encoding
	.byte	2                               @ DW_AT_byte_size
	.byte	2                               @ Abbrev [2] 0x132:0x11 DW_TAG_variable
	.long	.Linfo_string24                 @ DW_AT_name
	.long	323                             @ DW_AT_type
                                        @ DW_AT_external
	.byte	2                               @ DW_AT_decl_file
	.byte	21                              @ DW_AT_decl_line
	.byte	5                               @ DW_AT_location
	.byte	3
	.long	INS_AccelPF2p
	.byte	3                               @ Abbrev [3] 0x143:0xc DW_TAG_array_type
	.long	335                             @ DW_AT_type
	.byte	4                               @ Abbrev [4] 0x148:0x6 DW_TAG_subrange_type
	.long	85                              @ DW_AT_type
	.byte	3                               @ DW_AT_count
	.byte	0                               @ End Of Children Mark
	.byte	5                               @ Abbrev [5] 0x14f:0xb DW_TAG_typedef
	.long	346                             @ DW_AT_type
	.long	.Linfo_string30                 @ DW_AT_name
	.byte	4                               @ DW_AT_decl_file
	.byte	49                              @ DW_AT_decl_line
	.byte	8                               @ Abbrev [8] 0x15a:0x35 DW_TAG_structure_type
	.byte	32                              @ DW_AT_byte_size
	.byte	4                               @ DW_AT_decl_file
	.byte	42                              @ DW_AT_decl_line
	.byte	9                               @ Abbrev [9] 0x15e:0xc DW_TAG_member
	.long	.Linfo_string25                 @ DW_AT_name
	.long	399                             @ DW_AT_type
	.byte	4                               @ DW_AT_decl_file
	.byte	44                              @ DW_AT_decl_line
	.byte	0                               @ DW_AT_data_member_location
	.byte	9                               @ Abbrev [9] 0x16a:0xc DW_TAG_member
	.long	.Linfo_string27                 @ DW_AT_name
	.long	269                             @ DW_AT_type
	.byte	4                               @ DW_AT_decl_file
	.byte	45                              @ DW_AT_decl_line
	.byte	4                               @ DW_AT_data_member_location
	.byte	9                               @ Abbrev [9] 0x176:0xc DW_TAG_member
	.long	.Linfo_string28                 @ DW_AT_name
	.long	276                             @ DW_AT_type
	.byte	4                               @ DW_AT_decl_file
	.byte	46                              @ DW_AT_decl_line
	.byte	8                               @ DW_AT_data_member_location
	.byte	9                               @ Abbrev [9] 0x182:0xc DW_TAG_member
	.long	.Linfo_string29                 @ DW_AT_name
	.long	276                             @ DW_AT_type
	.byte	4                               @ DW_AT_decl_file
	.byte	47                              @ DW_AT_decl_line
	.byte	20                              @ DW_AT_data_member_location
	.byte	0                               @ End Of Children Mark
	.byte	6                               @ Abbrev [6] 0x18f:0x7 DW_TAG_base_type
	.long	.Linfo_string26                 @ DW_AT_name
	.byte	2                               @ DW_AT_encoding
	.byte	1                               @ DW_AT_byte_size
	.byte	2                               @ Abbrev [2] 0x196:0x11 DW_TAG_variable
	.long	.Linfo_string31                 @ DW_AT_name
	.long	423                             @ DW_AT_type
                                        @ DW_AT_external
	.byte	2                               @ DW_AT_decl_file
	.byte	42                              @ DW_AT_decl_line
	.byte	5                               @ DW_AT_location
	.byte	3
	.long	TempCtrl_PID
	.byte	5                               @ Abbrev [5] 0x1a7:0xb DW_TAG_typedef
	.long	434                             @ DW_AT_type
	.long	.Linfo_string80                 @ DW_AT_name
	.byte	5                               @ DW_AT_decl_file
	.byte	131                             @ DW_AT_decl_line
	.byte	10                              @ Abbrev [10] 0x1b2:0xe1 DW_TAG_structure_type
	.long	.Linfo_string79                 @ DW_AT_name
	.byte	144                             @ DW_AT_byte_size
	.byte	5                               @ DW_AT_decl_file
	.byte	92                              @ DW_AT_decl_line
	.byte	9                               @ Abbrev [9] 0x1ba:0xc DW_TAG_member
	.long	.Linfo_string32                 @ DW_AT_name
	.long	659                             @ DW_AT_type
	.byte	5                               @ DW_AT_decl_file
	.byte	94                              @ DW_AT_decl_line
	.byte	0                               @ DW_AT_data_member_location
	.byte	9                               @ Abbrev [9] 0x1c6:0xc DW_TAG_member
	.long	.Linfo_string42                 @ DW_AT_name
	.long	269                             @ DW_AT_type
	.byte	5                               @ DW_AT_decl_file
	.byte	96                              @ DW_AT_decl_line
	.byte	4                               @ DW_AT_data_member_location
	.byte	9                               @ Abbrev [9] 0x1d2:0xc DW_TAG_member
	.long	.Linfo_string43                 @ DW_AT_name
	.long	269                             @ DW_AT_type
	.byte	5                               @ DW_AT_decl_file
	.byte	97                              @ DW_AT_decl_line
	.byte	8                               @ DW_AT_data_member_location
	.byte	9                               @ Abbrev [9] 0x1de:0xc DW_TAG_member
	.long	.Linfo_string44                 @ DW_AT_name
	.long	276                             @ DW_AT_type
	.byte	5                               @ DW_AT_decl_file
	.byte	99                              @ DW_AT_decl_line
	.byte	12                              @ DW_AT_data_member_location
	.byte	9                               @ Abbrev [9] 0x1ea:0xc DW_TAG_member
	.long	.Linfo_string45                 @ DW_AT_name
	.long	276                             @ DW_AT_type
	.byte	5                               @ DW_AT_decl_file
	.byte	100                             @ DW_AT_decl_line
	.byte	24                              @ DW_AT_data_member_location
	.byte	9                               @ Abbrev [9] 0x1f6:0xc DW_TAG_member
	.long	.Linfo_string46                 @ DW_AT_name
	.long	269                             @ DW_AT_type
	.byte	5                               @ DW_AT_decl_file
	.byte	101                             @ DW_AT_decl_line
	.byte	36                              @ DW_AT_data_member_location
	.byte	9                               @ Abbrev [9] 0x202:0xc DW_TAG_member
	.long	.Linfo_string47                 @ DW_AT_name
	.long	269                             @ DW_AT_type
	.byte	5                               @ DW_AT_decl_file
	.byte	102                             @ DW_AT_decl_line
	.byte	40                              @ DW_AT_data_member_location
	.byte	9                               @ Abbrev [9] 0x20e:0xc DW_TAG_member
	.long	.Linfo_string48                 @ DW_AT_name
	.long	269                             @ DW_AT_type
	.byte	5                               @ DW_AT_decl_file
	.byte	103                             @ DW_AT_decl_line
	.byte	44                              @ DW_AT_data_member_location
	.byte	9                               @ Abbrev [9] 0x21a:0xc DW_TAG_member
	.long	.Linfo_string49                 @ DW_AT_name
	.long	269                             @ DW_AT_type
	.byte	5                               @ DW_AT_decl_file
	.byte	104                             @ DW_AT_decl_line
	.byte	48                              @ DW_AT_data_member_location
	.byte	9                               @ Abbrev [9] 0x226:0xc DW_TAG_member
	.long	.Linfo_string28                 @ DW_AT_name
	.long	269                             @ DW_AT_type
	.byte	5                               @ DW_AT_decl_file
	.byte	105                             @ DW_AT_decl_line
	.byte	52                              @ DW_AT_data_member_location
	.byte	9                               @ Abbrev [9] 0x232:0xc DW_TAG_member
	.long	.Linfo_string50                 @ DW_AT_name
	.long	276                             @ DW_AT_type
	.byte	5                               @ DW_AT_decl_file
	.byte	107                             @ DW_AT_decl_line
	.byte	56                              @ DW_AT_data_member_location
	.byte	9                               @ Abbrev [9] 0x23e:0xc DW_TAG_member
	.long	.Linfo_string51                 @ DW_AT_name
	.long	67                              @ DW_AT_type
	.byte	5                               @ DW_AT_decl_file
	.byte	108                             @ DW_AT_decl_line
	.byte	68                              @ DW_AT_data_member_location
	.byte	9                               @ Abbrev [9] 0x24a:0xc DW_TAG_member
	.long	.Linfo_string52                 @ DW_AT_name
	.long	269                             @ DW_AT_type
	.byte	5                               @ DW_AT_decl_file
	.byte	109                             @ DW_AT_decl_line
	.byte	72                              @ DW_AT_data_member_location
	.byte	9                               @ Abbrev [9] 0x256:0xc DW_TAG_member
	.long	.Linfo_string53                 @ DW_AT_name
	.long	727                             @ DW_AT_type
	.byte	5                               @ DW_AT_decl_file
	.byte	110                             @ DW_AT_decl_line
	.byte	76                              @ DW_AT_data_member_location
	.byte	9                               @ Abbrev [9] 0x262:0xc DW_TAG_member
	.long	.Linfo_string55                 @ DW_AT_name
	.long	791                             @ DW_AT_type
	.byte	5                               @ DW_AT_decl_file
	.byte	113                             @ DW_AT_decl_line
	.byte	92                              @ DW_AT_data_member_location
	.byte	9                               @ Abbrev [9] 0x26e:0xc DW_TAG_member
	.long	.Linfo_string66                 @ DW_AT_name
	.long	927                             @ DW_AT_type
	.byte	5                               @ DW_AT_decl_file
	.byte	114                             @ DW_AT_decl_line
	.byte	132                             @ DW_AT_data_member_location
	.byte	9                               @ Abbrev [9] 0x27a:0xc DW_TAG_member
	.long	.Linfo_string77                 @ DW_AT_name
	.long	1029                            @ DW_AT_type
	.byte	5                               @ DW_AT_decl_file
	.byte	122                             @ DW_AT_decl_line
	.byte	136                             @ DW_AT_data_member_location
	.byte	9                               @ Abbrev [9] 0x286:0xc DW_TAG_member
	.long	.Linfo_string78                 @ DW_AT_name
	.long	1060                            @ DW_AT_type
	.byte	5                               @ DW_AT_decl_file
	.byte	129                             @ DW_AT_decl_line
	.byte	140                             @ DW_AT_data_member_location
	.byte	0                               @ End Of Children Mark
	.byte	5                               @ Abbrev [5] 0x293:0xb DW_TAG_typedef
	.long	670                             @ DW_AT_type
	.long	.Linfo_string41                 @ DW_AT_name
	.byte	5                               @ DW_AT_decl_file
	.byte	58                              @ DW_AT_decl_line
	.byte	11                              @ Abbrev [11] 0x29e:0x39 DW_TAG_enumeration_type
	.long	78                              @ DW_AT_type
	.byte	1                               @ DW_AT_byte_size
	.byte	5                               @ DW_AT_decl_file
	.byte	48                              @ DW_AT_decl_line
	.byte	12                              @ Abbrev [12] 0x2a6:0x6 DW_TAG_enumerator
	.long	.Linfo_string33                 @ DW_AT_name
	.byte	0                               @ DW_AT_const_value
	.byte	12                              @ Abbrev [12] 0x2ac:0x6 DW_TAG_enumerator
	.long	.Linfo_string34                 @ DW_AT_name
	.byte	1                               @ DW_AT_const_value
	.byte	12                              @ Abbrev [12] 0x2b2:0x6 DW_TAG_enumerator
	.long	.Linfo_string35                 @ DW_AT_name
	.byte	2                               @ DW_AT_const_value
	.byte	12                              @ Abbrev [12] 0x2b8:0x6 DW_TAG_enumerator
	.long	.Linfo_string36                 @ DW_AT_name
	.byte	3                               @ DW_AT_const_value
	.byte	12                              @ Abbrev [12] 0x2be:0x6 DW_TAG_enumerator
	.long	.Linfo_string37                 @ DW_AT_name
	.byte	4                               @ DW_AT_const_value
	.byte	12                              @ Abbrev [12] 0x2c4:0x6 DW_TAG_enumerator
	.long	.Linfo_string38                 @ DW_AT_name
	.byte	5                               @ DW_AT_const_value
	.byte	12                              @ Abbrev [12] 0x2ca:0x6 DW_TAG_enumerator
	.long	.Linfo_string39                 @ DW_AT_name
	.byte	6                               @ DW_AT_const_value
	.byte	12                              @ Abbrev [12] 0x2d0:0x6 DW_TAG_enumerator
	.long	.Linfo_string40                 @ DW_AT_name
	.byte	7                               @ DW_AT_const_value
	.byte	0                               @ End Of Children Mark
	.byte	5                               @ Abbrev [5] 0x2d7:0xb DW_TAG_typedef
	.long	738                             @ DW_AT_type
	.long	.Linfo_string54                 @ DW_AT_name
	.byte	4                               @ DW_AT_decl_file
	.byte	36                              @ DW_AT_decl_line
	.byte	8                               @ Abbrev [8] 0x2e2:0x35 DW_TAG_structure_type
	.byte	16                              @ DW_AT_byte_size
	.byte	4                               @ DW_AT_decl_file
	.byte	30                              @ DW_AT_decl_line
	.byte	9                               @ Abbrev [9] 0x2e6:0xc DW_TAG_member
	.long	.Linfo_string25                 @ DW_AT_name
	.long	399                             @ DW_AT_type
	.byte	4                               @ DW_AT_decl_file
	.byte	32                              @ DW_AT_decl_line
	.byte	0                               @ DW_AT_data_member_location
	.byte	9                               @ Abbrev [9] 0x2f2:0xc DW_TAG_member
	.long	.Linfo_string27                 @ DW_AT_name
	.long	269                             @ DW_AT_type
	.byte	4                               @ DW_AT_decl_file
	.byte	33                              @ DW_AT_decl_line
	.byte	4                               @ DW_AT_data_member_location
	.byte	9                               @ Abbrev [9] 0x2fe:0xc DW_TAG_member
	.long	.Linfo_string28                 @ DW_AT_name
	.long	269                             @ DW_AT_type
	.byte	4                               @ DW_AT_decl_file
	.byte	34                              @ DW_AT_decl_line
	.byte	8                               @ DW_AT_data_member_location
	.byte	9                               @ Abbrev [9] 0x30a:0xc DW_TAG_member
	.long	.Linfo_string29                 @ DW_AT_name
	.long	269                             @ DW_AT_type
	.byte	4                               @ DW_AT_decl_file
	.byte	35                              @ DW_AT_decl_line
	.byte	12                              @ DW_AT_data_member_location
	.byte	0                               @ End Of Children Mark
	.byte	5                               @ Abbrev [5] 0x317:0xb DW_TAG_typedef
	.long	802                             @ DW_AT_type
	.long	.Linfo_string65                 @ DW_AT_name
	.byte	5                               @ DW_AT_decl_file
	.byte	87                              @ DW_AT_decl_line
	.byte	8                               @ Abbrev [8] 0x322:0x7d DW_TAG_structure_type
	.byte	40                              @ DW_AT_byte_size
	.byte	5                               @ DW_AT_decl_file
	.byte	72                              @ DW_AT_decl_line
	.byte	9                               @ Abbrev [9] 0x326:0xc DW_TAG_member
	.long	.Linfo_string56                 @ DW_AT_name
	.long	269                             @ DW_AT_type
	.byte	5                               @ DW_AT_decl_file
	.byte	74                              @ DW_AT_decl_line
	.byte	0                               @ DW_AT_data_member_location
	.byte	9                               @ Abbrev [9] 0x332:0xc DW_TAG_member
	.long	.Linfo_string57                 @ DW_AT_name
	.long	269                             @ DW_AT_type
	.byte	5                               @ DW_AT_decl_file
	.byte	75                              @ DW_AT_decl_line
	.byte	4                               @ DW_AT_data_member_location
	.byte	9                               @ Abbrev [9] 0x33e:0xc DW_TAG_member
	.long	.Linfo_string58                 @ DW_AT_name
	.long	269                             @ DW_AT_type
	.byte	5                               @ DW_AT_decl_file
	.byte	76                              @ DW_AT_decl_line
	.byte	8                               @ DW_AT_data_member_location
	.byte	9                               @ Abbrev [9] 0x34a:0xc DW_TAG_member
	.long	.Linfo_string29                 @ DW_AT_name
	.long	269                             @ DW_AT_type
	.byte	5                               @ DW_AT_decl_file
	.byte	77                              @ DW_AT_decl_line
	.byte	12                              @ DW_AT_data_member_location
	.byte	9                               @ Abbrev [9] 0x356:0xc DW_TAG_member
	.long	.Linfo_string59                 @ DW_AT_name
	.long	269                             @ DW_AT_type
	.byte	5                               @ DW_AT_decl_file
	.byte	78                              @ DW_AT_decl_line
	.byte	16                              @ DW_AT_data_member_location
	.byte	9                               @ Abbrev [9] 0x362:0xc DW_TAG_member
	.long	.Linfo_string60                 @ DW_AT_name
	.long	269                             @ DW_AT_type
	.byte	5                               @ DW_AT_decl_file
	.byte	79                              @ DW_AT_decl_line
	.byte	20                              @ DW_AT_data_member_location
	.byte	9                               @ Abbrev [9] 0x36e:0xc DW_TAG_member
	.long	.Linfo_string61                 @ DW_AT_name
	.long	269                             @ DW_AT_type
	.byte	5                               @ DW_AT_decl_file
	.byte	80                              @ DW_AT_decl_line
	.byte	24                              @ DW_AT_data_member_location
	.byte	9                               @ Abbrev [9] 0x37a:0xc DW_TAG_member
	.long	.Linfo_string62                 @ DW_AT_name
	.long	269                             @ DW_AT_type
	.byte	5                               @ DW_AT_decl_file
	.byte	82                              @ DW_AT_decl_line
	.byte	28                              @ DW_AT_data_member_location
	.byte	9                               @ Abbrev [9] 0x386:0xc DW_TAG_member
	.long	.Linfo_string63                 @ DW_AT_name
	.long	269                             @ DW_AT_type
	.byte	5                               @ DW_AT_decl_file
	.byte	83                              @ DW_AT_decl_line
	.byte	32                              @ DW_AT_data_member_location
	.byte	9                               @ Abbrev [9] 0x392:0xc DW_TAG_member
	.long	.Linfo_string64                 @ DW_AT_name
	.long	269                             @ DW_AT_type
	.byte	5                               @ DW_AT_decl_file
	.byte	86                              @ DW_AT_decl_line
	.byte	36                              @ DW_AT_data_member_location
	.byte	0                               @ End Of Children Mark
	.byte	5                               @ Abbrev [5] 0x39f:0xb DW_TAG_typedef
	.long	938                             @ DW_AT_type
	.long	.Linfo_string76                 @ DW_AT_name
	.byte	5                               @ DW_AT_decl_file
	.byte	67                              @ DW_AT_decl_line
	.byte	8                               @ Abbrev [8] 0x3aa:0x1d DW_TAG_structure_type
	.byte	4                               @ DW_AT_byte_size
	.byte	5                               @ DW_AT_decl_file
	.byte	63                              @ DW_AT_decl_line
	.byte	9                               @ Abbrev [9] 0x3ae:0xc DW_TAG_member
	.long	.Linfo_string67                 @ DW_AT_name
	.long	967                             @ DW_AT_type
	.byte	5                               @ DW_AT_decl_file
	.byte	65                              @ DW_AT_decl_line
	.byte	0                               @ DW_AT_data_member_location
	.byte	9                               @ Abbrev [9] 0x3ba:0xc DW_TAG_member
	.long	.Linfo_string70                 @ DW_AT_name
	.long	985                             @ DW_AT_type
	.byte	5                               @ DW_AT_decl_file
	.byte	66                              @ DW_AT_decl_line
	.byte	2                               @ DW_AT_data_member_location
	.byte	0                               @ End Of Children Mark
	.byte	5                               @ Abbrev [5] 0x3c7:0xb DW_TAG_typedef
	.long	978                             @ DW_AT_type
	.long	.Linfo_string69                 @ DW_AT_name
	.byte	1                               @ DW_AT_decl_file
	.byte	63                              @ DW_AT_decl_line
	.byte	6                               @ Abbrev [6] 0x3d2:0x7 DW_TAG_base_type
	.long	.Linfo_string68                 @ DW_AT_name
	.byte	7                               @ DW_AT_encoding
	.byte	2                               @ DW_AT_byte_size
	.byte	5                               @ Abbrev [5] 0x3d9:0xb DW_TAG_typedef
	.long	996                             @ DW_AT_type
	.long	.Linfo_string75                 @ DW_AT_name
	.byte	5                               @ DW_AT_decl_file
	.byte	43                              @ DW_AT_decl_line
	.byte	11                              @ Abbrev [11] 0x3e4:0x21 DW_TAG_enumeration_type
	.long	78                              @ DW_AT_type
	.byte	1                               @ DW_AT_byte_size
	.byte	5                               @ DW_AT_decl_file
	.byte	37                              @ DW_AT_decl_line
	.byte	12                              @ Abbrev [12] 0x3ec:0x6 DW_TAG_enumerator
	.long	.Linfo_string71                 @ DW_AT_name
	.byte	0                               @ DW_AT_const_value
	.byte	12                              @ Abbrev [12] 0x3f2:0x6 DW_TAG_enumerator
	.long	.Linfo_string72                 @ DW_AT_name
	.byte	1                               @ DW_AT_const_value
	.byte	12                              @ Abbrev [12] 0x3f8:0x6 DW_TAG_enumerator
	.long	.Linfo_string73                 @ DW_AT_name
	.byte	2                               @ DW_AT_const_value
	.byte	12                              @ Abbrev [12] 0x3fe:0x6 DW_TAG_enumerator
	.long	.Linfo_string74                 @ DW_AT_name
	.byte	3                               @ DW_AT_const_value
	.byte	0                               @ End Of Children Mark
	.byte	13                              @ Abbrev [13] 0x405:0x5 DW_TAG_pointer_type
	.long	1034                            @ DW_AT_type
	.byte	14                              @ Abbrev [14] 0x40a:0x10 DW_TAG_subroutine_type
	.long	985                             @ DW_AT_type
                                        @ DW_AT_prototyped
	.byte	15                              @ Abbrev [15] 0x40f:0x5 DW_TAG_formal_parameter
	.long	1050                            @ DW_AT_type
	.byte	15                              @ Abbrev [15] 0x414:0x5 DW_TAG_formal_parameter
	.long	1055                            @ DW_AT_type
	.byte	0                               @ End Of Children Mark
	.byte	13                              @ Abbrev [13] 0x41a:0x5 DW_TAG_pointer_type
	.long	434                             @ DW_AT_type
	.byte	13                              @ Abbrev [13] 0x41f:0x5 DW_TAG_pointer_type
	.long	269                             @ DW_AT_type
	.byte	13                              @ Abbrev [13] 0x424:0x5 DW_TAG_pointer_type
	.long	1065                            @ DW_AT_type
	.byte	16                              @ Abbrev [16] 0x429:0x7 DW_TAG_subroutine_type
                                        @ DW_AT_prototyped
	.byte	15                              @ Abbrev [15] 0x42a:0x5 DW_TAG_formal_parameter
	.long	1050                            @ DW_AT_type
	.byte	0                               @ End Of Children Mark
	.byte	17                              @ Abbrev [17] 0x430:0x11 DW_TAG_variable
	.long	.Linfo_string81                 @ DW_AT_name
	.long	276                             @ DW_AT_type
	.byte	2                               @ DW_AT_decl_file
	.byte	19                              @ DW_AT_decl_line
	.byte	5                               @ DW_AT_location
	.byte	3
	.long	INS_LPF2p_Alpha
	.byte	17                              @ Abbrev [17] 0x441:0x11 DW_TAG_variable
	.long	.Linfo_string82                 @ DW_AT_name
	.long	1106                            @ DW_AT_type
	.byte	2                               @ DW_AT_decl_file
	.byte	40                              @ DW_AT_decl_line
	.byte	5                               @ DW_AT_location
	.byte	3
	.long	TemCtrl_PID_Param
	.byte	3                               @ Abbrev [3] 0x452:0xc DW_TAG_array_type
	.long	269                             @ DW_AT_type
	.byte	4                               @ Abbrev [4] 0x457:0x6 DW_TAG_subrange_type
	.long	85                              @ DW_AT_type
	.byte	7                               @ DW_AT_count
	.byte	0                               @ End Of Children Mark
	.byte	17                              @ Abbrev [17] 0x45e:0x11 DW_TAG_variable
	.long	.Linfo_string83                 @ DW_AT_name
	.long	1135                            @ DW_AT_type
	.byte	2                               @ DW_AT_decl_file
	.byte	24                              @ DW_AT_decl_line
	.byte	5                               @ DW_AT_location
	.byte	3
	.long	QuaternionEKF_A_Data
	.byte	3                               @ Abbrev [3] 0x46f:0xc DW_TAG_array_type
	.long	269                             @ DW_AT_type
	.byte	4                               @ Abbrev [4] 0x474:0x6 DW_TAG_subrange_type
	.long	85                              @ DW_AT_type
	.byte	36                              @ DW_AT_count
	.byte	0                               @ End Of Children Mark
	.byte	17                              @ Abbrev [17] 0x47b:0x11 DW_TAG_variable
	.long	.Linfo_string84                 @ DW_AT_name
	.long	1135                            @ DW_AT_type
	.byte	2                               @ DW_AT_decl_file
	.byte	32                              @ DW_AT_decl_line
	.byte	5                               @ DW_AT_location
	.byte	3
	.long	QuaternionEKF_P_Data
	.byte	18                              @ Abbrev [18] 0x48c:0x2e DW_TAG_subprogram
	.long	.Lfunc_begin0                   @ DW_AT_low_pc
	.long	.Lfunc_end0-.Lfunc_begin0       @ DW_AT_high_pc
	.byte	1                               @ DW_AT_frame_base
	.byte	93
	.long	.Linfo_string85                 @ DW_AT_name
	.byte	2                               @ DW_AT_decl_file
	.byte	56                              @ DW_AT_decl_line
                                        @ DW_AT_prototyped
                                        @ DW_AT_external
	.byte	19                              @ Abbrev [19] 0x49d:0xe DW_TAG_formal_parameter
	.byte	2                               @ DW_AT_location
	.byte	145
	.byte	28
	.long	.Linfo_string88                 @ DW_AT_name
	.byte	2                               @ DW_AT_decl_file
	.byte	56                              @ DW_AT_decl_line
	.long	1259                            @ DW_AT_type
	.byte	20                              @ Abbrev [20] 0x4ab:0xe DW_TAG_variable
	.byte	2                               @ DW_AT_location
	.byte	145
	.byte	24
	.long	.Linfo_string89                 @ DW_AT_name
	.byte	2                               @ DW_AT_decl_file
	.byte	59                              @ DW_AT_decl_line
	.long	1265                            @ DW_AT_type
	.byte	0                               @ End Of Children Mark
	.byte	21                              @ Abbrev [21] 0x4ba:0x11 DW_TAG_subprogram
	.long	.Lfunc_begin1                   @ DW_AT_low_pc
	.long	.Lfunc_end1-.Lfunc_begin1       @ DW_AT_high_pc
	.byte	1                               @ DW_AT_frame_base
	.byte	93
	.long	.Linfo_string86                 @ DW_AT_name
	.byte	2                               @ DW_AT_decl_file
	.byte	129                             @ DW_AT_decl_line
                                        @ DW_AT_prototyped
	.byte	22                              @ Abbrev [22] 0x4cb:0x20 DW_TAG_subprogram
	.long	.Lfunc_begin2                   @ DW_AT_low_pc
	.long	.Lfunc_end2-.Lfunc_begin2       @ DW_AT_high_pc
	.byte	1                               @ DW_AT_frame_base
	.byte	93
	.long	.Linfo_string87                 @ DW_AT_name
	.byte	2                               @ DW_AT_decl_file
	.byte	148                             @ DW_AT_decl_line
                                        @ DW_AT_prototyped
	.byte	19                              @ Abbrev [19] 0x4dc:0xe DW_TAG_formal_parameter
	.byte	2                               @ DW_AT_location
	.byte	145
	.byte	4
	.long	.Linfo_string93                 @ DW_AT_name
	.byte	2                               @ DW_AT_decl_file
	.byte	148                             @ DW_AT_decl_line
	.long	269                             @ DW_AT_type
	.byte	0                               @ End Of Children Mark
	.byte	13                              @ Abbrev [13] 0x4eb:0x5 DW_TAG_pointer_type
	.long	1264                            @ DW_AT_type
	.byte	23                              @ Abbrev [23] 0x4f0:0x1 DW_TAG_const_type
	.byte	5                               @ Abbrev [5] 0x4f1:0xb DW_TAG_typedef
	.long	1276                            @ DW_AT_type
	.long	.Linfo_string92                 @ DW_AT_name
	.byte	6                               @ DW_AT_decl_file
	.byte	63                              @ DW_AT_decl_line
	.byte	5                               @ Abbrev [5] 0x4fc:0xb DW_TAG_typedef
	.long	1287                            @ DW_AT_type
	.long	.Linfo_string91                 @ DW_AT_name
	.byte	1                               @ DW_AT_decl_file
	.byte	64                              @ DW_AT_decl_line
	.byte	6                               @ Abbrev [6] 0x507:0x7 DW_TAG_base_type
	.long	.Linfo_string90                 @ DW_AT_name
	.byte	7                               @ DW_AT_encoding
	.byte	4                               @ DW_AT_byte_size
	.byte	0                               @ End Of Children Mark
.Ldebug_info_end0:
	.section	.debug_ranges,"",%progbits
.Ldebug_ranges0:
	.long	.Lfunc_begin0
	.long	.Lfunc_end0
	.long	.Lfunc_begin1
	.long	.Lfunc_end1
	.long	.Lfunc_begin2
	.long	.Lfunc_end2
	.long	0
	.long	0
	.section	.debug_str,"MS",%progbits,1
.Linfo_string0:
	.asciz	"Component: Arm Compiler for Embedded 6.24 Tool: armclang [5f371800]" @ string offset=0
.Linfo_string1:
	.asciz	"../Task/Src\\INS_Task.c"       @ string offset=68
.Linfo_string2:
	.asciz	"D:\\stm32_project\\daily_work\\new_bubing\\cod_update_2.0\\COD_H7_Template\\MDK-ARM" @ string offset=91
.Linfo_string3:
	.asciz	"Tx_Data"                       @ string offset=169
.Linfo_string4:
	.asciz	"unsigned char"                 @ string offset=177
.Linfo_string5:
	.asciz	"uint8_t"                       @ string offset=191
.Linfo_string6:
	.asciz	"__ARRAY_SIZE_TYPE__"           @ string offset=199
.Linfo_string7:
	.asciz	"INS_Info"                      @ string offset=219
.Linfo_string8:
	.asciz	"Pitch_Angle"                   @ string offset=228
.Linfo_string9:
	.asciz	"float"                         @ string offset=240
.Linfo_string10:
	.asciz	"Yaw_Angle"                     @ string offset=246
.Linfo_string11:
	.asciz	"Yaw_TolAngle"                  @ string offset=256
.Linfo_string12:
	.asciz	"Roll_Angle"                    @ string offset=269
.Linfo_string13:
	.asciz	"Pitch_Gyro"                    @ string offset=280
.Linfo_string14:
	.asciz	"Yaw_Gyro"                      @ string offset=291
.Linfo_string15:
	.asciz	"Roll_Gyro"                     @ string offset=300
.Linfo_string16:
	.asciz	"Angle"                         @ string offset=310
.Linfo_string17:
	.asciz	"Gyro"                          @ string offset=316
.Linfo_string18:
	.asciz	"Accel"                         @ string offset=321
.Linfo_string19:
	.asciz	"Last_Yaw_Angle"                @ string offset=327
.Linfo_string20:
	.asciz	"YawRoundCount"                 @ string offset=342
.Linfo_string21:
	.asciz	"short"                         @ string offset=356
.Linfo_string22:
	.asciz	"int16_t"                       @ string offset=362
.Linfo_string23:
	.asciz	"INS_Info_Typedef"              @ string offset=370
.Linfo_string24:
	.asciz	"INS_AccelPF2p"                 @ string offset=387
.Linfo_string25:
	.asciz	"Initialized"                   @ string offset=401
.Linfo_string26:
	.asciz	"_Bool"                         @ string offset=413
.Linfo_string27:
	.asciz	"Input"                         @ string offset=419
.Linfo_string28:
	.asciz	"Output"                        @ string offset=425
.Linfo_string29:
	.asciz	"Alpha"                         @ string offset=432
.Linfo_string30:
	.asciz	"LowPassFilter2p_Info_TypeDef"  @ string offset=438
.Linfo_string31:
	.asciz	"TempCtrl_PID"                  @ string offset=467
.Linfo_string32:
	.asciz	"Type"                          @ string offset=480
.Linfo_string33:
	.asciz	"PID_Type_None"                 @ string offset=485
.Linfo_string34:
	.asciz	"PID_POSITION"                  @ string offset=499
.Linfo_string35:
	.asciz	"PID_VELOCITY"                  @ string offset=512
.Linfo_string36:
	.asciz	"PID_ANGLE"                     @ string offset=525
.Linfo_string37:
	.asciz	"PID_ANTI_WINDUP"               @ string offset=535
.Linfo_string38:
	.asciz	"PID_FEEDFORWARD"               @ string offset=551
.Linfo_string39:
	.asciz	"PID_ANTI_WINDUP_DEGREE"        @ string offset=567
.Linfo_string40:
	.asciz	"PID_TYPE_NUM"                  @ string offset=590
.Linfo_string41:
	.asciz	"PID_Type_e"                    @ string offset=603
.Linfo_string42:
	.asciz	"Target"                        @ string offset=614
.Linfo_string43:
	.asciz	"Measure"                       @ string offset=621
.Linfo_string44:
	.asciz	"Err"                           @ string offset=629
.Linfo_string45:
	.asciz	"Dbuf"                          @ string offset=633
.Linfo_string46:
	.asciz	"Integral"                      @ string offset=638
.Linfo_string47:
	.asciz	"Pout"                          @ string offset=647
.Linfo_string48:
	.asciz	"Iout"                          @ string offset=652
.Linfo_string49:
	.asciz	"Dout"                          @ string offset=657
.Linfo_string50:
	.asciz	"Target_Buffer"                 @ string offset=662
.Linfo_string51:
	.asciz	"Target_Index"                  @ string offset=676
.Linfo_string52:
	.asciz	"Fout"                          @ string offset=689
.Linfo_string53:
	.asciz	"Dout_LPF"                      @ string offset=694
.Linfo_string54:
	.asciz	"LowPassFilter1p_Info_TypeDef"  @ string offset=703
.Linfo_string55:
	.asciz	"Param"                         @ string offset=732
.Linfo_string56:
	.asciz	"KP"                            @ string offset=738
.Linfo_string57:
	.asciz	"KI"                            @ string offset=741
.Linfo_string58:
	.asciz	"KD"                            @ string offset=744
.Linfo_string59:
	.asciz	"Deadband"                      @ string offset=747
.Linfo_string60:
	.asciz	"LimitIntegral"                 @ string offset=756
.Linfo_string61:
	.asciz	"LimitOutput"                   @ string offset=770
.Linfo_string62:
	.asciz	"I_Variable_Speed_A"            @ string offset=782
.Linfo_string63:
	.asciz	"I_Variable_Speed_B"            @ string offset=801
.Linfo_string64:
	.asciz	"KF"                            @ string offset=820
.Linfo_string65:
	.asciz	"PID_Parameter_Typedef"         @ string offset=823
.Linfo_string66:
	.asciz	"ERRORHandler"                  @ string offset=845
.Linfo_string67:
	.asciz	"ErrorCount"                    @ string offset=858
.Linfo_string68:
	.asciz	"unsigned short"                @ string offset=869
.Linfo_string69:
	.asciz	"uint16_t"                      @ string offset=884
.Linfo_string70:
	.asciz	"Status"                        @ string offset=893
.Linfo_string71:
	.asciz	"PID_ERROR_NONE"                @ string offset=900
.Linfo_string72:
	.asciz	"PID_FAILED_INIT"               @ string offset=915
.Linfo_string73:
	.asciz	"PID_CALC_NANINF"               @ string offset=931
.Linfo_string74:
	.asciz	"PID_Status_NUM"                @ string offset=947
.Linfo_string75:
	.asciz	"PID_Status_e"                  @ string offset=962
.Linfo_string76:
	.asciz	"PID_ErrorHandler_Typedef"      @ string offset=975
.Linfo_string77:
	.asciz	"PID_Param_Init"                @ string offset=1000
.Linfo_string78:
	.asciz	"PID_Calc_Clear"                @ string offset=1015
.Linfo_string79:
	.asciz	"_PID_TypeDef"                  @ string offset=1030
.Linfo_string80:
	.asciz	"PID_Info_TypeDef"              @ string offset=1043
.Linfo_string81:
	.asciz	"INS_LPF2p_Alpha"               @ string offset=1060
.Linfo_string82:
	.asciz	"TemCtrl_PID_Param"             @ string offset=1076
.Linfo_string83:
	.asciz	"QuaternionEKF_A_Data"          @ string offset=1094
.Linfo_string84:
	.asciz	"QuaternionEKF_P_Data"          @ string offset=1115
.Linfo_string85:
	.asciz	"INS_Task"                      @ string offset=1136
.Linfo_string86:
	.asciz	"INSTask_Init"                  @ string offset=1145
.Linfo_string87:
	.asciz	"BMI088_Temp_Control"           @ string offset=1158
.Linfo_string88:
	.asciz	"argument"                      @ string offset=1178
.Linfo_string89:
	.asciz	"systick"                       @ string offset=1187
.Linfo_string90:
	.asciz	"unsigned int"                  @ string offset=1195
.Linfo_string91:
	.asciz	"uint32_t"                      @ string offset=1208
.Linfo_string92:
	.asciz	"TickType_t"                    @ string offset=1217
.Linfo_string93:
	.asciz	"temp"                          @ string offset=1228
	.ident	"Component: Arm Compiler for Embedded 6.24 Tool: armclang [5f371800]"
	.section	".note.GNU-stack","",%progbits
	.eabi_attribute	30, 6	@ Tag_ABI_optimization_goals
	.ARM_attribute	16, 1	@ Tag_AV_eba
	.section	.debug_line,"",%progbits
.Lline_table_start0:
