	.text
	.syntax unified
	.eabi_attribute	67, "2.09"	@ Tag_conformance
	.cpu	cortex-m7
	.eabi_attribute	6, 13	@ Tag_CPU_arch
	.eabi_attribute	7, 77	@ Tag_CPU_arch_profile
	.eabi_attribute	8, 0	@ Tag_ARM_ISA_use
	.eabi_attribute	9, 2	@ Tag_THUMB_ISA_use
	.fpu	fpv5-d16
	.eabi_attribute	36, 1	@ Tag_FP_HP_extension
	.eabi_attribute	34, 1	@ Tag_CPU_unaligned_access
	.eabi_attribute	17, 1	@ Tag_ABI_PCS_GOT_use
	.eabi_attribute	20, 2	@ Tag_ABI_FP_denormal
	.eabi_attribute	21, 0	@ Tag_ABI_FP_exceptions
	.eabi_attribute	23, 1	@ Tag_ABI_FP_number_model
	.eabi_attribute	24, 1	@ Tag_ABI_align_needed
	.eabi_attribute	25, 1	@ Tag_ABI_align_preserved
	.eabi_attribute	28, 1	@ Tag_ABI_VFP_args
	.eabi_attribute	38, 1	@ Tag_ABI_FP_16bit_format
	.eabi_attribute	18, 2	@ Tag_ABI_PCS_wchar_t
	.eabi_attribute	26, 1	@ Tag_ABI_enum_size
	.eabi_attribute	14, 0	@ Tag_ABI_PCS_R9_use
	.file	"lpf.c"
	.section	.text.sign,"ax",%progbits
	.hidden	sign                            @ -- Begin function sign
	.globl	sign
	.p2align	3
	.type	sign,%function
	.code	16                              @ @sign
	.thumb_func
sign:
.Lfunc_begin0:
	.file	1 "D:\\stm32_project\\daily_work\\new_bubing\\cod_update_2.0\\COD_H7_Template\\MDK-ARM" "../Algorithm/Src/lpf.c"
	.loc	1 19 0                          @ ../Algorithm/Src/lpf.c:19:0
	.fnstart
	.cfi_sections .debug_frame
	.cfi_startproc
@ %bb.0:
	.pad	#4
	sub	sp, #4
	.cfi_def_cfa_offset 4
	vstr	s0, [sp]
.Ltmp0:
	.loc	1 20 12 prologue_end            @ ../Algorithm/Src/lpf.c:20:12
	vldr	s0, [sp]
	movs	r0, #0
	.loc	1 20 17 is_stmt 0               @ ../Algorithm/Src/lpf.c:20:17
	vcmp.f32	s0, #0
	vmrs	APSR_nzcv, fpscr
	it	gt
	movgt	r0, #1
	.loc	1 20 24                         @ ../Algorithm/Src/lpf.c:20:24
	subs	r1, r0, #1
	vcmp.f32	s0, #0
	vmrs	APSR_nzcv, fpscr
	it	lt
	movlt	r0, r1
	.loc	1 20 11                         @ ../Algorithm/Src/lpf.c:20:11
	vmov	s0, r0
	vcvt.f32.s32	s0, s0
	.loc	1 20 4 epilogue_begin           @ ../Algorithm/Src/lpf.c:20:4
	add	sp, #4
	bx	lr
.Ltmp1:
.Lfunc_end0:
	.size	sign, .Lfunc_end0-sign
	.cfi_endproc
	.cantunwind
	.fnend
                                        @ -- End function
	.section	.text.LowPassFilter1p_Init,"ax",%progbits
	.hidden	LowPassFilter1p_Init            @ -- Begin function LowPassFilter1p_Init
	.globl	LowPassFilter1p_Init
	.p2align	3
	.type	LowPassFilter1p_Init,%function
	.code	16                              @ @LowPassFilter1p_Init
	.thumb_func
LowPassFilter1p_Init:
.Lfunc_begin1:
	.loc	1 32 0 is_stmt 1                @ ../Algorithm/Src/lpf.c:32:0
	.fnstart
	.cfi_startproc
@ %bb.0:
	.pad	#8
	sub	sp, #8
	.cfi_def_cfa_offset 8
	str	r0, [sp, #4]
	vstr	s0, [sp]
.Ltmp2:
	.loc	1 33 16 prologue_end            @ ../Algorithm/Src/lpf.c:33:16
	ldr	r0, [sp]
	.loc	1 33 3 is_stmt 0                @ ../Algorithm/Src/lpf.c:33:3
	ldr	r1, [sp, #4]
	.loc	1 33 14                         @ ../Algorithm/Src/lpf.c:33:14
	str	r0, [r1, #12]
	.loc	1 34 3 is_stmt 1                @ ../Algorithm/Src/lpf.c:34:3
	ldr	r1, [sp, #4]
	movs	r0, #0
	.loc	1 34 14 is_stmt 0               @ ../Algorithm/Src/lpf.c:34:14
	str	r0, [r1, #4]
	.loc	1 35 3 is_stmt 1                @ ../Algorithm/Src/lpf.c:35:3
	ldr	r1, [sp, #4]
	.loc	1 35 15 is_stmt 0               @ ../Algorithm/Src/lpf.c:35:15
	str	r0, [r1, #8]
	.loc	1 36 1 epilogue_begin is_stmt 1 @ ../Algorithm/Src/lpf.c:36:1
	add	sp, #8
	bx	lr
.Ltmp3:
.Lfunc_end1:
	.size	LowPassFilter1p_Init, .Lfunc_end1-LowPassFilter1p_Init
	.cfi_endproc
	.cantunwind
	.fnend
                                        @ -- End function
	.section	.text.LowPassFilter1p_Update,"ax",%progbits
	.hidden	LowPassFilter1p_Update          @ -- Begin function LowPassFilter1p_Update
	.globl	LowPassFilter1p_Update
	.p2align	3
	.type	LowPassFilter1p_Update,%function
	.code	16                              @ @LowPassFilter1p_Update
	.thumb_func
LowPassFilter1p_Update:
.Lfunc_begin2:
	.loc	1 44 0                          @ ../Algorithm/Src/lpf.c:44:0
	.fnstart
	.cfi_startproc
@ %bb.0:
	.pad	#8
	sub	sp, #8
	.cfi_def_cfa_offset 8
	str	r0, [sp, #4]
	vstr	s0, [sp]
.Ltmp4:
	.loc	1 45 16 prologue_end            @ ../Algorithm/Src/lpf.c:45:16
	ldr	r0, [sp]
	.loc	1 45 3 is_stmt 0                @ ../Algorithm/Src/lpf.c:45:3
	ldr	r1, [sp, #4]
	.loc	1 45 14                         @ ../Algorithm/Src/lpf.c:45:14
	str	r0, [r1, #4]
.Ltmp5:
	.loc	1 47 6 is_stmt 1                @ ../Algorithm/Src/lpf.c:47:6
	ldr	r0, [sp, #4]
	.loc	1 47 11 is_stmt 0               @ ../Algorithm/Src/lpf.c:47:11
	ldrb	r0, [r0]
.Ltmp6:
	.loc	1 47 6                          @ ../Algorithm/Src/lpf.c:47:6
	lsls	r0, r0, #31
	cbnz	r0, .LBB2_2
	b	.LBB2_1
.LBB2_1:
.Ltmp7:
	.loc	1 49 19 is_stmt 1               @ ../Algorithm/Src/lpf.c:49:19
	ldr	r1, [sp, #4]
	.loc	1 49 24 is_stmt 0               @ ../Algorithm/Src/lpf.c:49:24
	ldr	r0, [r1, #4]
	.loc	1 49 17                         @ ../Algorithm/Src/lpf.c:49:17
	str	r0, [r1, #8]
	.loc	1 50 5 is_stmt 1                @ ../Algorithm/Src/lpf.c:50:5
	ldr	r1, [sp, #4]
	movs	r0, #1
	.loc	1 50 22 is_stmt 0               @ ../Algorithm/Src/lpf.c:50:22
	strb	r0, [r1]
	.loc	1 51 3 is_stmt 1                @ ../Algorithm/Src/lpf.c:51:3
	b	.LBB2_2
.Ltmp8:
.LBB2_2:
	.loc	1 57 17                         @ ../Algorithm/Src/lpf.c:57:17
	ldr	r0, [sp, #4]
	.loc	1 57 69 is_stmt 0               @ ../Algorithm/Src/lpf.c:57:69
	vldr	s6, [r0, #4]
	.loc	1 57 35                         @ ../Algorithm/Src/lpf.c:57:35
	vldr	s4, [r0, #8]
	.loc	1 57 22                         @ ../Algorithm/Src/lpf.c:57:22
	vldr	s2, [r0, #12]
	vmov.f32	s0, #1.000000e+00
	.loc	1 57 48                         @ ../Algorithm/Src/lpf.c:57:48
	vsub.f32	s0, s0, s2
	.loc	1 57 62                         @ ../Algorithm/Src/lpf.c:57:62
	vmul.f32	s0, s0, s6
	.loc	1 57 42                         @ ../Algorithm/Src/lpf.c:57:42
	vfma.f32	s0, s2, s4
	.loc	1 57 15                         @ ../Algorithm/Src/lpf.c:57:15
	vstr	s0, [r0, #8]
	.loc	1 59 10 is_stmt 1               @ ../Algorithm/Src/lpf.c:59:10
	ldr	r0, [sp, #4]
	.loc	1 59 15 is_stmt 0               @ ../Algorithm/Src/lpf.c:59:15
	vldr	s0, [r0, #8]
	.loc	1 59 3 epilogue_begin           @ ../Algorithm/Src/lpf.c:59:3
	add	sp, #8
	bx	lr
.Ltmp9:
.Lfunc_end2:
	.size	LowPassFilter1p_Update, .Lfunc_end2-LowPassFilter1p_Update
	.cfi_endproc
	.cantunwind
	.fnend
                                        @ -- End function
	.section	.text.LowPassFilter2p_Init,"ax",%progbits
	.hidden	LowPassFilter2p_Init            @ -- Begin function LowPassFilter2p_Init
	.globl	LowPassFilter2p_Init
	.p2align	3
	.type	LowPassFilter2p_Init,%function
	.code	16                              @ @LowPassFilter2p_Init
	.thumb_func
LowPassFilter2p_Init:
.Lfunc_begin3:
	.loc	1 68 0 is_stmt 1                @ ../Algorithm/Src/lpf.c:68:0
	.fnstart
	.cfi_startproc
@ %bb.0:
	.pad	#8
	sub	sp, #8
	.cfi_def_cfa_offset 8
	str	r0, [sp, #4]
	str	r1, [sp]
.Ltmp10:
	.loc	1 69 10 prologue_end            @ ../Algorithm/Src/lpf.c:69:10
	ldr	r1, [sp, #4]
	.loc	1 69 21 is_stmt 0               @ ../Algorithm/Src/lpf.c:69:21
	ldr	r3, [sp]
	.loc	1 69 3                          @ ../Algorithm/Src/lpf.c:69:3
	ldr	r0, [r3]
	ldr	r2, [r3, #4]
	ldr	r3, [r3, #8]
	str	r3, [r1, #28]
	str	r2, [r1, #24]
	str	r0, [r1, #20]
	.loc	1 70 3 is_stmt 1                @ ../Algorithm/Src/lpf.c:70:3
	ldr	r1, [sp, #4]
	movs	r0, #0
	.loc	1 70 14 is_stmt 0               @ ../Algorithm/Src/lpf.c:70:14
	str	r0, [r1, #4]
	.loc	1 71 10 is_stmt 1               @ ../Algorithm/Src/lpf.c:71:10
	ldr	r1, [sp, #4]
	.loc	1 71 3 is_stmt 0                @ ../Algorithm/Src/lpf.c:71:3
	str	r0, [r1, #16]
	str	r0, [r1, #12]
	str	r0, [r1, #8]
	.loc	1 72 1 epilogue_begin is_stmt 1 @ ../Algorithm/Src/lpf.c:72:1
	add	sp, #8
	bx	lr
.Ltmp11:
.Lfunc_end3:
	.size	LowPassFilter2p_Init, .Lfunc_end3-LowPassFilter2p_Init
	.cfi_endproc
	.cantunwind
	.fnend
                                        @ -- End function
	.section	.text.LowPassFilter2p_Update,"ax",%progbits
	.hidden	LowPassFilter2p_Update          @ -- Begin function LowPassFilter2p_Update
	.globl	LowPassFilter2p_Update
	.p2align	3
	.type	LowPassFilter2p_Update,%function
	.code	16                              @ @LowPassFilter2p_Update
	.thumb_func
LowPassFilter2p_Update:
.Lfunc_begin4:
	.loc	1 80 0                          @ ../Algorithm/Src/lpf.c:80:0
	.fnstart
	.cfi_startproc
@ %bb.0:
	.pad	#8
	sub	sp, #8
	.cfi_def_cfa_offset 8
	str	r0, [sp, #4]
	vstr	s0, [sp]
.Ltmp12:
	.loc	1 81 15 prologue_end            @ ../Algorithm/Src/lpf.c:81:15
	ldr	r0, [sp]
	.loc	1 81 2 is_stmt 0                @ ../Algorithm/Src/lpf.c:81:2
	ldr	r1, [sp, #4]
	.loc	1 81 13                         @ ../Algorithm/Src/lpf.c:81:13
	str	r0, [r1, #4]
.Ltmp13:
	.loc	1 83 6 is_stmt 1                @ ../Algorithm/Src/lpf.c:83:6
	ldr	r0, [sp, #4]
	.loc	1 83 11 is_stmt 0               @ ../Algorithm/Src/lpf.c:83:11
	ldrb	r0, [r0]
.Ltmp14:
	.loc	1 83 6                          @ ../Algorithm/Src/lpf.c:83:6
	lsls	r0, r0, #31
	cbnz	r0, .LBB4_2
	b	.LBB4_1
.LBB4_1:
.Ltmp15:
	.loc	1 85 22 is_stmt 1               @ ../Algorithm/Src/lpf.c:85:22
	ldr	r1, [sp, #4]
	.loc	1 85 27 is_stmt 0               @ ../Algorithm/Src/lpf.c:85:27
	ldr	r0, [r1, #4]
	.loc	1 85 20                         @ ../Algorithm/Src/lpf.c:85:20
	str	r0, [r1, #8]
	.loc	1 86 22 is_stmt 1               @ ../Algorithm/Src/lpf.c:86:22
	ldr	r1, [sp, #4]
	.loc	1 86 27 is_stmt 0               @ ../Algorithm/Src/lpf.c:86:27
	ldr	r0, [r1, #4]
	.loc	1 86 20                         @ ../Algorithm/Src/lpf.c:86:20
	str	r0, [r1, #12]
	.loc	1 87 22 is_stmt 1               @ ../Algorithm/Src/lpf.c:87:22
	ldr	r1, [sp, #4]
	.loc	1 87 27 is_stmt 0               @ ../Algorithm/Src/lpf.c:87:27
	ldr	r0, [r1, #4]
	.loc	1 87 20                         @ ../Algorithm/Src/lpf.c:87:20
	str	r0, [r1, #16]
	.loc	1 88 5 is_stmt 1                @ ../Algorithm/Src/lpf.c:88:5
	ldr	r1, [sp, #4]
	movs	r0, #1
	.loc	1 88 22 is_stmt 0               @ ../Algorithm/Src/lpf.c:88:22
	strb	r0, [r1]
	.loc	1 89 3 is_stmt 1                @ ../Algorithm/Src/lpf.c:89:3
	b	.LBB4_2
.Ltmp16:
.LBB4_2:
	.loc	1 91 19                         @ ../Algorithm/Src/lpf.c:91:19
	ldr	r1, [sp, #4]
	ldr	r0, [r1, #12]
	.loc	1 91 17 is_stmt 0               @ ../Algorithm/Src/lpf.c:91:17
	str	r0, [r1, #8]
	.loc	1 92 19 is_stmt 1               @ ../Algorithm/Src/lpf.c:92:19
	ldr	r1, [sp, #4]
	ldr	r0, [r1, #16]
	.loc	1 92 17 is_stmt 0               @ ../Algorithm/Src/lpf.c:92:17
	str	r0, [r1, #12]
	.loc	1 93 20 is_stmt 1               @ ../Algorithm/Src/lpf.c:93:20
	ldr	r0, [sp, #4]
	.loc	1 93 107 is_stmt 0              @ ../Algorithm/Src/lpf.c:93:107
	vldr	s4, [r0, #4]
	.loc	1 93 69                         @ ../Algorithm/Src/lpf.c:93:69
	vldr	s8, [r0, #8]
	.loc	1 93 36                         @ ../Algorithm/Src/lpf.c:93:36
	vldr	s6, [r0, #12]
	.loc	1 93 20                         @ ../Algorithm/Src/lpf.c:93:20
	vldr	s2, [r0, #20]
	.loc	1 93 53                         @ ../Algorithm/Src/lpf.c:93:53
	vldr	s0, [r0, #24]
	.loc	1 93 67                         @ ../Algorithm/Src/lpf.c:93:67
	vmul.f32	s0, s0, s8
	.loc	1 93 51                         @ ../Algorithm/Src/lpf.c:93:51
	vfma.f32	s0, s2, s6
	.loc	1 93 86                         @ ../Algorithm/Src/lpf.c:93:86
	vldr	s2, [r0, #28]
	.loc	1 93 84                         @ ../Algorithm/Src/lpf.c:93:84
	vfma.f32	s0, s2, s4
	.loc	1 93 18                         @ ../Algorithm/Src/lpf.c:93:18
	vstr	s0, [r0, #16]
	.loc	1 95 9 is_stmt 1                @ ../Algorithm/Src/lpf.c:95:9
	ldr	r0, [sp, #4]
	vldr	s0, [r0, #16]
	.loc	1 95 2 epilogue_begin is_stmt 0 @ ../Algorithm/Src/lpf.c:95:2
	add	sp, #8
	bx	lr
.Ltmp17:
.Lfunc_end4:
	.size	LowPassFilter2p_Update, .Lfunc_end4-LowPassFilter2p_Update
	.cfi_endproc
	.cantunwind
	.fnend
                                        @ -- End function
	.file	2 "D:\\stm32_project\\daily_work\\new_bubing\\cod_update_2.0\\COD_H7_Template\\MDK-ARM" "../Algorithm/Inc\\LPF.h"
	.section	.debug_abbrev,"",%progbits
	.byte	1                               @ Abbreviation Code
	.byte	17                              @ DW_TAG_compile_unit
	.byte	1                               @ DW_CHILDREN_yes
	.byte	37                              @ DW_AT_producer
	.byte	14                              @ DW_FORM_strp
	.byte	19                              @ DW_AT_language
	.byte	5                               @ DW_FORM_data2
	.byte	3                               @ DW_AT_name
	.byte	14                              @ DW_FORM_strp
	.byte	16                              @ DW_AT_stmt_list
	.byte	23                              @ DW_FORM_sec_offset
	.byte	27                              @ DW_AT_comp_dir
	.byte	14                              @ DW_FORM_strp
	.byte	17                              @ DW_AT_low_pc
	.byte	1                               @ DW_FORM_addr
	.byte	85                              @ DW_AT_ranges
	.byte	23                              @ DW_FORM_sec_offset
	.byte	0                               @ EOM(1)
	.byte	0                               @ EOM(2)
	.byte	2                               @ Abbreviation Code
	.byte	46                              @ DW_TAG_subprogram
	.byte	1                               @ DW_CHILDREN_yes
	.byte	17                              @ DW_AT_low_pc
	.byte	1                               @ DW_FORM_addr
	.byte	18                              @ DW_AT_high_pc
	.byte	6                               @ DW_FORM_data4
	.byte	64                              @ DW_AT_frame_base
	.byte	24                              @ DW_FORM_exprloc
	.byte	3                               @ DW_AT_name
	.byte	14                              @ DW_FORM_strp
	.byte	58                              @ DW_AT_decl_file
	.byte	11                              @ DW_FORM_data1
	.byte	59                              @ DW_AT_decl_line
	.byte	11                              @ DW_FORM_data1
	.byte	39                              @ DW_AT_prototyped
	.byte	25                              @ DW_FORM_flag_present
	.byte	73                              @ DW_AT_type
	.byte	19                              @ DW_FORM_ref4
	.byte	63                              @ DW_AT_external
	.byte	25                              @ DW_FORM_flag_present
	.byte	0                               @ EOM(1)
	.byte	0                               @ EOM(2)
	.byte	3                               @ Abbreviation Code
	.byte	5                               @ DW_TAG_formal_parameter
	.byte	0                               @ DW_CHILDREN_no
	.byte	2                               @ DW_AT_location
	.byte	24                              @ DW_FORM_exprloc
	.byte	3                               @ DW_AT_name
	.byte	14                              @ DW_FORM_strp
	.byte	58                              @ DW_AT_decl_file
	.byte	11                              @ DW_FORM_data1
	.byte	59                              @ DW_AT_decl_line
	.byte	11                              @ DW_FORM_data1
	.byte	73                              @ DW_AT_type
	.byte	19                              @ DW_FORM_ref4
	.byte	0                               @ EOM(1)
	.byte	0                               @ EOM(2)
	.byte	4                               @ Abbreviation Code
	.byte	46                              @ DW_TAG_subprogram
	.byte	1                               @ DW_CHILDREN_yes
	.byte	17                              @ DW_AT_low_pc
	.byte	1                               @ DW_FORM_addr
	.byte	18                              @ DW_AT_high_pc
	.byte	6                               @ DW_FORM_data4
	.byte	64                              @ DW_AT_frame_base
	.byte	24                              @ DW_FORM_exprloc
	.byte	3                               @ DW_AT_name
	.byte	14                              @ DW_FORM_strp
	.byte	58                              @ DW_AT_decl_file
	.byte	11                              @ DW_FORM_data1
	.byte	59                              @ DW_AT_decl_line
	.byte	11                              @ DW_FORM_data1
	.byte	39                              @ DW_AT_prototyped
	.byte	25                              @ DW_FORM_flag_present
	.byte	63                              @ DW_AT_external
	.byte	25                              @ DW_FORM_flag_present
	.byte	0                               @ EOM(1)
	.byte	0                               @ EOM(2)
	.byte	5                               @ Abbreviation Code
	.byte	36                              @ DW_TAG_base_type
	.byte	0                               @ DW_CHILDREN_no
	.byte	3                               @ DW_AT_name
	.byte	14                              @ DW_FORM_strp
	.byte	62                              @ DW_AT_encoding
	.byte	11                              @ DW_FORM_data1
	.byte	11                              @ DW_AT_byte_size
	.byte	11                              @ DW_FORM_data1
	.byte	0                               @ EOM(1)
	.byte	0                               @ EOM(2)
	.byte	6                               @ Abbreviation Code
	.byte	15                              @ DW_TAG_pointer_type
	.byte	0                               @ DW_CHILDREN_no
	.byte	73                              @ DW_AT_type
	.byte	19                              @ DW_FORM_ref4
	.byte	0                               @ EOM(1)
	.byte	0                               @ EOM(2)
	.byte	7                               @ Abbreviation Code
	.byte	22                              @ DW_TAG_typedef
	.byte	0                               @ DW_CHILDREN_no
	.byte	73                              @ DW_AT_type
	.byte	19                              @ DW_FORM_ref4
	.byte	3                               @ DW_AT_name
	.byte	14                              @ DW_FORM_strp
	.byte	58                              @ DW_AT_decl_file
	.byte	11                              @ DW_FORM_data1
	.byte	59                              @ DW_AT_decl_line
	.byte	11                              @ DW_FORM_data1
	.byte	0                               @ EOM(1)
	.byte	0                               @ EOM(2)
	.byte	8                               @ Abbreviation Code
	.byte	19                              @ DW_TAG_structure_type
	.byte	1                               @ DW_CHILDREN_yes
	.byte	11                              @ DW_AT_byte_size
	.byte	11                              @ DW_FORM_data1
	.byte	58                              @ DW_AT_decl_file
	.byte	11                              @ DW_FORM_data1
	.byte	59                              @ DW_AT_decl_line
	.byte	11                              @ DW_FORM_data1
	.byte	0                               @ EOM(1)
	.byte	0                               @ EOM(2)
	.byte	9                               @ Abbreviation Code
	.byte	13                              @ DW_TAG_member
	.byte	0                               @ DW_CHILDREN_no
	.byte	3                               @ DW_AT_name
	.byte	14                              @ DW_FORM_strp
	.byte	73                              @ DW_AT_type
	.byte	19                              @ DW_FORM_ref4
	.byte	58                              @ DW_AT_decl_file
	.byte	11                              @ DW_FORM_data1
	.byte	59                              @ DW_AT_decl_line
	.byte	11                              @ DW_FORM_data1
	.byte	56                              @ DW_AT_data_member_location
	.byte	11                              @ DW_FORM_data1
	.byte	0                               @ EOM(1)
	.byte	0                               @ EOM(2)
	.byte	10                              @ Abbreviation Code
	.byte	1                               @ DW_TAG_array_type
	.byte	1                               @ DW_CHILDREN_yes
	.byte	73                              @ DW_AT_type
	.byte	19                              @ DW_FORM_ref4
	.byte	0                               @ EOM(1)
	.byte	0                               @ EOM(2)
	.byte	11                              @ Abbreviation Code
	.byte	33                              @ DW_TAG_subrange_type
	.byte	0                               @ DW_CHILDREN_no
	.byte	73                              @ DW_AT_type
	.byte	19                              @ DW_FORM_ref4
	.byte	55                              @ DW_AT_count
	.byte	11                              @ DW_FORM_data1
	.byte	0                               @ EOM(1)
	.byte	0                               @ EOM(2)
	.byte	12                              @ Abbreviation Code
	.byte	36                              @ DW_TAG_base_type
	.byte	0                               @ DW_CHILDREN_no
	.byte	3                               @ DW_AT_name
	.byte	14                              @ DW_FORM_strp
	.byte	11                              @ DW_AT_byte_size
	.byte	11                              @ DW_FORM_data1
	.byte	62                              @ DW_AT_encoding
	.byte	11                              @ DW_FORM_data1
	.byte	0                               @ EOM(1)
	.byte	0                               @ EOM(2)
	.byte	0                               @ EOM(3)
	.section	.debug_info,"",%progbits
.Lcu_begin0:
	.long	.Ldebug_info_end0-.Ldebug_info_start0 @ Length of Unit
.Ldebug_info_start0:
	.short	4                               @ DWARF version number
	.long	.debug_abbrev                   @ Offset Into Abbrev. Section
	.byte	4                               @ Address Size (in bytes)
	.byte	1                               @ Abbrev [1] 0xb:0x1b0 DW_TAG_compile_unit
	.long	.Linfo_string0                  @ DW_AT_producer
	.short	12                              @ DW_AT_language
	.long	.Linfo_string1                  @ DW_AT_name
	.long	.Lline_table_start0             @ DW_AT_stmt_list
	.long	.Linfo_string2                  @ DW_AT_comp_dir
	.long	0                               @ DW_AT_low_pc
	.long	.Ldebug_ranges0                 @ DW_AT_ranges
	.byte	2                               @ Abbrev [2] 0x26:0x24 DW_TAG_subprogram
	.long	.Lfunc_begin0                   @ DW_AT_low_pc
	.long	.Lfunc_end0-.Lfunc_begin0       @ DW_AT_high_pc
	.byte	1                               @ DW_AT_frame_base
	.byte	93
	.long	.Linfo_string3                  @ DW_AT_name
	.byte	1                               @ DW_AT_decl_file
	.byte	19                              @ DW_AT_decl_line
                                        @ DW_AT_prototyped
	.long	266                             @ DW_AT_type
                                        @ DW_AT_external
	.byte	3                               @ Abbrev [3] 0x3b:0xe DW_TAG_formal_parameter
	.byte	2                               @ DW_AT_location
	.byte	145
	.byte	0
	.long	.Linfo_string9                  @ DW_AT_name
	.byte	1                               @ DW_AT_decl_file
	.byte	19                              @ DW_AT_decl_line
	.long	266                             @ DW_AT_type
	.byte	0                               @ End Of Children Mark
	.byte	4                               @ Abbrev [4] 0x4a:0x2e DW_TAG_subprogram
	.long	.Lfunc_begin1                   @ DW_AT_low_pc
	.long	.Lfunc_end1-.Lfunc_begin1       @ DW_AT_high_pc
	.byte	1                               @ DW_AT_frame_base
	.byte	93
	.long	.Linfo_string5                  @ DW_AT_name
	.byte	1                               @ DW_AT_decl_file
	.byte	31                              @ DW_AT_decl_line
                                        @ DW_AT_prototyped
                                        @ DW_AT_external
	.byte	3                               @ Abbrev [3] 0x5b:0xe DW_TAG_formal_parameter
	.byte	2                               @ DW_AT_location
	.byte	145
	.byte	4
	.long	.Linfo_string10                 @ DW_AT_name
	.byte	1                               @ DW_AT_decl_file
	.byte	31                              @ DW_AT_decl_line
	.long	273                             @ DW_AT_type
	.byte	3                               @ Abbrev [3] 0x69:0xe DW_TAG_formal_parameter
	.byte	2                               @ DW_AT_location
	.byte	145
	.byte	0
	.long	.Linfo_string15                 @ DW_AT_name
	.byte	1                               @ DW_AT_decl_file
	.byte	31                              @ DW_AT_decl_line
	.long	266                             @ DW_AT_type
	.byte	0                               @ End Of Children Mark
	.byte	2                               @ Abbrev [2] 0x78:0x32 DW_TAG_subprogram
	.long	.Lfunc_begin2                   @ DW_AT_low_pc
	.long	.Lfunc_end2-.Lfunc_begin2       @ DW_AT_high_pc
	.byte	1                               @ DW_AT_frame_base
	.byte	93
	.long	.Linfo_string6                  @ DW_AT_name
	.byte	1                               @ DW_AT_decl_file
	.byte	43                              @ DW_AT_decl_line
                                        @ DW_AT_prototyped
	.long	266                             @ DW_AT_type
                                        @ DW_AT_external
	.byte	3                               @ Abbrev [3] 0x8d:0xe DW_TAG_formal_parameter
	.byte	2                               @ DW_AT_location
	.byte	145
	.byte	4
	.long	.Linfo_string10                 @ DW_AT_name
	.byte	1                               @ DW_AT_decl_file
	.byte	43                              @ DW_AT_decl_line
	.long	273                             @ DW_AT_type
	.byte	3                               @ Abbrev [3] 0x9b:0xe DW_TAG_formal_parameter
	.byte	2                               @ DW_AT_location
	.byte	145
	.byte	0
	.long	.Linfo_string13                 @ DW_AT_name
	.byte	1                               @ DW_AT_decl_file
	.byte	43                              @ DW_AT_decl_line
	.long	266                             @ DW_AT_type
	.byte	0                               @ End Of Children Mark
	.byte	4                               @ Abbrev [4] 0xaa:0x2e DW_TAG_subprogram
	.long	.Lfunc_begin3                   @ DW_AT_low_pc
	.long	.Lfunc_end3-.Lfunc_begin3       @ DW_AT_high_pc
	.byte	1                               @ DW_AT_frame_base
	.byte	93
	.long	.Linfo_string7                  @ DW_AT_name
	.byte	1                               @ DW_AT_decl_file
	.byte	67                              @ DW_AT_decl_line
                                        @ DW_AT_prototyped
                                        @ DW_AT_external
	.byte	3                               @ Abbrev [3] 0xbb:0xe DW_TAG_formal_parameter
	.byte	2                               @ DW_AT_location
	.byte	145
	.byte	4
	.long	.Linfo_string10                 @ DW_AT_name
	.byte	1                               @ DW_AT_decl_file
	.byte	67                              @ DW_AT_decl_line
	.long	349                             @ DW_AT_type
	.byte	3                               @ Abbrev [3] 0xc9:0xe DW_TAG_formal_parameter
	.byte	2                               @ DW_AT_location
	.byte	145
	.byte	0
	.long	.Linfo_string15                 @ DW_AT_name
	.byte	1                               @ DW_AT_decl_file
	.byte	67                              @ DW_AT_decl_line
	.long	437                             @ DW_AT_type
	.byte	0                               @ End Of Children Mark
	.byte	2                               @ Abbrev [2] 0xd8:0x32 DW_TAG_subprogram
	.long	.Lfunc_begin4                   @ DW_AT_low_pc
	.long	.Lfunc_end4-.Lfunc_begin4       @ DW_AT_high_pc
	.byte	1                               @ DW_AT_frame_base
	.byte	93
	.long	.Linfo_string8                  @ DW_AT_name
	.byte	1                               @ DW_AT_decl_file
	.byte	79                              @ DW_AT_decl_line
                                        @ DW_AT_prototyped
	.long	266                             @ DW_AT_type
                                        @ DW_AT_external
	.byte	3                               @ Abbrev [3] 0xed:0xe DW_TAG_formal_parameter
	.byte	2                               @ DW_AT_location
	.byte	145
	.byte	4
	.long	.Linfo_string10                 @ DW_AT_name
	.byte	1                               @ DW_AT_decl_file
	.byte	79                              @ DW_AT_decl_line
	.long	349                             @ DW_AT_type
	.byte	3                               @ Abbrev [3] 0xfb:0xe DW_TAG_formal_parameter
	.byte	2                               @ DW_AT_location
	.byte	145
	.byte	0
	.long	.Linfo_string13                 @ DW_AT_name
	.byte	1                               @ DW_AT_decl_file
	.byte	79                              @ DW_AT_decl_line
	.long	266                             @ DW_AT_type
	.byte	0                               @ End Of Children Mark
	.byte	5                               @ Abbrev [5] 0x10a:0x7 DW_TAG_base_type
	.long	.Linfo_string4                  @ DW_AT_name
	.byte	4                               @ DW_AT_encoding
	.byte	4                               @ DW_AT_byte_size
	.byte	6                               @ Abbrev [6] 0x111:0x5 DW_TAG_pointer_type
	.long	278                             @ DW_AT_type
	.byte	7                               @ Abbrev [7] 0x116:0xb DW_TAG_typedef
	.long	289                             @ DW_AT_type
	.long	.Linfo_string16                 @ DW_AT_name
	.byte	2                               @ DW_AT_decl_file
	.byte	36                              @ DW_AT_decl_line
	.byte	8                               @ Abbrev [8] 0x121:0x35 DW_TAG_structure_type
	.byte	16                              @ DW_AT_byte_size
	.byte	2                               @ DW_AT_decl_file
	.byte	30                              @ DW_AT_decl_line
	.byte	9                               @ Abbrev [9] 0x125:0xc DW_TAG_member
	.long	.Linfo_string11                 @ DW_AT_name
	.long	342                             @ DW_AT_type
	.byte	2                               @ DW_AT_decl_file
	.byte	32                              @ DW_AT_decl_line
	.byte	0                               @ DW_AT_data_member_location
	.byte	9                               @ Abbrev [9] 0x131:0xc DW_TAG_member
	.long	.Linfo_string13                 @ DW_AT_name
	.long	266                             @ DW_AT_type
	.byte	2                               @ DW_AT_decl_file
	.byte	33                              @ DW_AT_decl_line
	.byte	4                               @ DW_AT_data_member_location
	.byte	9                               @ Abbrev [9] 0x13d:0xc DW_TAG_member
	.long	.Linfo_string14                 @ DW_AT_name
	.long	266                             @ DW_AT_type
	.byte	2                               @ DW_AT_decl_file
	.byte	34                              @ DW_AT_decl_line
	.byte	8                               @ DW_AT_data_member_location
	.byte	9                               @ Abbrev [9] 0x149:0xc DW_TAG_member
	.long	.Linfo_string15                 @ DW_AT_name
	.long	266                             @ DW_AT_type
	.byte	2                               @ DW_AT_decl_file
	.byte	35                              @ DW_AT_decl_line
	.byte	12                              @ DW_AT_data_member_location
	.byte	0                               @ End Of Children Mark
	.byte	5                               @ Abbrev [5] 0x156:0x7 DW_TAG_base_type
	.long	.Linfo_string12                 @ DW_AT_name
	.byte	2                               @ DW_AT_encoding
	.byte	1                               @ DW_AT_byte_size
	.byte	6                               @ Abbrev [6] 0x15d:0x5 DW_TAG_pointer_type
	.long	354                             @ DW_AT_type
	.byte	7                               @ Abbrev [7] 0x162:0xb DW_TAG_typedef
	.long	365                             @ DW_AT_type
	.long	.Linfo_string18                 @ DW_AT_name
	.byte	2                               @ DW_AT_decl_file
	.byte	49                              @ DW_AT_decl_line
	.byte	8                               @ Abbrev [8] 0x16d:0x35 DW_TAG_structure_type
	.byte	32                              @ DW_AT_byte_size
	.byte	2                               @ DW_AT_decl_file
	.byte	42                              @ DW_AT_decl_line
	.byte	9                               @ Abbrev [9] 0x171:0xc DW_TAG_member
	.long	.Linfo_string11                 @ DW_AT_name
	.long	342                             @ DW_AT_type
	.byte	2                               @ DW_AT_decl_file
	.byte	44                              @ DW_AT_decl_line
	.byte	0                               @ DW_AT_data_member_location
	.byte	9                               @ Abbrev [9] 0x17d:0xc DW_TAG_member
	.long	.Linfo_string13                 @ DW_AT_name
	.long	266                             @ DW_AT_type
	.byte	2                               @ DW_AT_decl_file
	.byte	45                              @ DW_AT_decl_line
	.byte	4                               @ DW_AT_data_member_location
	.byte	9                               @ Abbrev [9] 0x189:0xc DW_TAG_member
	.long	.Linfo_string14                 @ DW_AT_name
	.long	418                             @ DW_AT_type
	.byte	2                               @ DW_AT_decl_file
	.byte	46                              @ DW_AT_decl_line
	.byte	8                               @ DW_AT_data_member_location
	.byte	9                               @ Abbrev [9] 0x195:0xc DW_TAG_member
	.long	.Linfo_string15                 @ DW_AT_name
	.long	418                             @ DW_AT_type
	.byte	2                               @ DW_AT_decl_file
	.byte	47                              @ DW_AT_decl_line
	.byte	20                              @ DW_AT_data_member_location
	.byte	0                               @ End Of Children Mark
	.byte	10                              @ Abbrev [10] 0x1a2:0xc DW_TAG_array_type
	.long	266                             @ DW_AT_type
	.byte	11                              @ Abbrev [11] 0x1a7:0x6 DW_TAG_subrange_type
	.long	430                             @ DW_AT_type
	.byte	3                               @ DW_AT_count
	.byte	0                               @ End Of Children Mark
	.byte	12                              @ Abbrev [12] 0x1ae:0x7 DW_TAG_base_type
	.long	.Linfo_string17                 @ DW_AT_name
	.byte	8                               @ DW_AT_byte_size
	.byte	7                               @ DW_AT_encoding
	.byte	6                               @ Abbrev [6] 0x1b5:0x5 DW_TAG_pointer_type
	.long	266                             @ DW_AT_type
	.byte	0                               @ End Of Children Mark
.Ldebug_info_end0:
	.section	.debug_ranges,"",%progbits
.Ldebug_ranges0:
	.long	.Lfunc_begin0
	.long	.Lfunc_end0
	.long	.Lfunc_begin1
	.long	.Lfunc_end1
	.long	.Lfunc_begin2
	.long	.Lfunc_end2
	.long	.Lfunc_begin3
	.long	.Lfunc_end3
	.long	.Lfunc_begin4
	.long	.Lfunc_end4
	.long	0
	.long	0
	.section	.debug_str,"MS",%progbits,1
.Linfo_string0:
	.asciz	"Component: Arm Compiler for Embedded 6.24 Tool: armclang [5f371800]" @ string offset=0
.Linfo_string1:
	.asciz	"../Algorithm/Src\\lpf.c"       @ string offset=68
.Linfo_string2:
	.asciz	"D:\\stm32_project\\daily_work\\new_bubing\\cod_update_2.0\\COD_H7_Template\\MDK-ARM" @ string offset=91
.Linfo_string3:
	.asciz	"sign"                          @ string offset=169
.Linfo_string4:
	.asciz	"float"                         @ string offset=174
.Linfo_string5:
	.asciz	"LowPassFilter1p_Init"          @ string offset=180
.Linfo_string6:
	.asciz	"LowPassFilter1p_Update"        @ string offset=201
.Linfo_string7:
	.asciz	"LowPassFilter2p_Init"          @ string offset=224
.Linfo_string8:
	.asciz	"LowPassFilter2p_Update"        @ string offset=245
.Linfo_string9:
	.asciz	"input"                         @ string offset=268
.Linfo_string10:
	.asciz	"LPF"                           @ string offset=274
.Linfo_string11:
	.asciz	"Initialized"                   @ string offset=278
.Linfo_string12:
	.asciz	"_Bool"                         @ string offset=290
.Linfo_string13:
	.asciz	"Input"                         @ string offset=296
.Linfo_string14:
	.asciz	"Output"                        @ string offset=302
.Linfo_string15:
	.asciz	"Alpha"                         @ string offset=309
.Linfo_string16:
	.asciz	"LowPassFilter1p_Info_TypeDef"  @ string offset=315
.Linfo_string17:
	.asciz	"__ARRAY_SIZE_TYPE__"           @ string offset=344
.Linfo_string18:
	.asciz	"LowPassFilter2p_Info_TypeDef"  @ string offset=364
	.ident	"Component: Arm Compiler for Embedded 6.24 Tool: armclang [5f371800]"
	.section	".note.GNU-stack","",%progbits
	.eabi_attribute	30, 6	@ Tag_ABI_optimization_goals
	.ARM_attribute	16, 1	@ Tag_AV_eba
	.section	.debug_line,"",%progbits
.Lline_table_start0:
