	.text
	.syntax unified
	.eabi_attribute	67, "2.09"	@ Tag_conformance
	.cpu	cortex-m7
	.eabi_attribute	6, 13	@ Tag_CPU_arch
	.eabi_attribute	7, 77	@ Tag_CPU_arch_profile
	.eabi_attribute	8, 0	@ Tag_ARM_ISA_use
	.eabi_attribute	9, 2	@ Tag_THUMB_ISA_use
	.fpu	fpv5-d16
	.eabi_attribute	36, 1	@ Tag_FP_HP_extension
	.eabi_attribute	34, 1	@ Tag_CPU_unaligned_access
	.eabi_attribute	17, 1	@ Tag_ABI_PCS_GOT_use
	.eabi_attribute	20, 2	@ Tag_ABI_FP_denormal
	.eabi_attribute	21, 0	@ Tag_ABI_FP_exceptions
	.eabi_attribute	23, 1	@ Tag_ABI_FP_number_model
	.eabi_attribute	24, 1	@ Tag_ABI_align_needed
	.eabi_attribute	25, 1	@ Tag_ABI_align_preserved
	.eabi_attribute	28, 1	@ Tag_ABI_VFP_args
	.eabi_attribute	38, 1	@ Tag_ABI_FP_16bit_format
	.eabi_attribute	18, 2	@ Tag_ABI_PCS_wchar_t
	.eabi_attribute	26, 1	@ Tag_ABI_enum_size
	.eabi_attribute	14, 0	@ Tag_ABI_PCS_R9_use
	.file	"Q_math.c"
	.section	.text.Q_sqrt,"ax",%progbits
	.hidden	Q_sqrt                          @ -- Begin function Q_sqrt
	.globl	Q_sqrt
	.p2align	3
	.type	Q_sqrt,%function
	.code	16                              @ @Q_sqrt
	.thumb_func
Q_sqrt:
.Lfunc_begin0:
	.file	1 "D:\\stm32_project\\daily_work\\new_bubing\\cod_update_2.0\\COD_H7_Template\\MDK-ARM" "../Algorithm/Src/Q_math.c"
	.loc	1 5 0                           @ ../Algorithm/Src/Q_math.c:5:0
	.fnstart
	.cfi_sections .debug_frame
	.cfi_startproc
@ %bb.0:
	.pad	#20
	sub	sp, #20
	.cfi_def_cfa_offset 20
	vstr	s0, [sp, #16]
	mov.w	r0, #1069547520
.Ltmp0:
	.loc	1 9 14 prologue_end             @ ../Algorithm/Src/Q_math.c:9:14
	str	r0, [sp]
	.loc	1 11 5                          @ ../Algorithm/Src/Q_math.c:11:5
	vldr	s0, [sp, #16]
	vmov.f32	s2, #5.000000e-01
	.loc	1 11 11 is_stmt 0               @ ../Algorithm/Src/Q_math.c:11:11
	vmul.f32	s0, s0, s2
	.loc	1 11 4                          @ ../Algorithm/Src/Q_math.c:11:4
	vstr	s0, [sp, #8]
	.loc	1 12 5 is_stmt 1                @ ../Algorithm/Src/Q_math.c:12:5
	ldr	r0, [sp, #16]
	.loc	1 12 4 is_stmt 0                @ ../Algorithm/Src/Q_math.c:12:4
	str	r0, [sp, #4]
	.loc	1 14 4 is_stmt 1                @ ../Algorithm/Src/Q_math.c:14:4
	ldr	r0, [sp, #4]
	.loc	1 14 3 is_stmt 0                @ ../Algorithm/Src/Q_math.c:14:3
	str	r0, [sp, #12]
	.loc	1 16 18 is_stmt 1               @ ../Algorithm/Src/Q_math.c:16:18
	ldr	r1, [sp, #12]
	movw	r0, #23174
	movt	r0, #24375
	.loc	1 16 15 is_stmt 0               @ ../Algorithm/Src/Q_math.c:16:15
	sub.w	r0, r0, r1, asr #1
	.loc	1 16 3                          @ ../Algorithm/Src/Q_math.c:16:3
	str	r0, [sp, #12]
	.loc	1 18 5 is_stmt 1                @ ../Algorithm/Src/Q_math.c:18:5
	ldr	r0, [sp, #12]
	.loc	1 18 4 is_stmt 0                @ ../Algorithm/Src/Q_math.c:18:4
	str	r0, [sp, #4]
	.loc	1 20 5 is_stmt 1                @ ../Algorithm/Src/Q_math.c:20:5
	vldr	s0, [sp, #4]
	.loc	1 20 18 is_stmt 0               @ ../Algorithm/Src/Q_math.c:20:18
	vldr	s2, [sp, #8]
	.loc	1 20 20                         @ ../Algorithm/Src/Q_math.c:20:20
	vmul.f32	s6, s2, s0
	vmov.f32	s2, #1.500000e+00
	.loc	1 20 15                         @ ../Algorithm/Src/Q_math.c:20:15
	vmov.f32	s4, s2
	vfms.f32	s4, s6, s0
	.loc	1 20 7                          @ ../Algorithm/Src/Q_math.c:20:7
	vmul.f32	s0, s0, s4
	.loc	1 20 4                          @ ../Algorithm/Src/Q_math.c:20:4
	vstr	s0, [sp, #4]
	.loc	1 21 5 is_stmt 1                @ ../Algorithm/Src/Q_math.c:21:5
	vldr	s0, [sp, #4]
	.loc	1 21 18 is_stmt 0               @ ../Algorithm/Src/Q_math.c:21:18
	vldr	s4, [sp, #8]
	.loc	1 21 20                         @ ../Algorithm/Src/Q_math.c:21:20
	vmul.f32	s4, s4, s0
	.loc	1 21 15                         @ ../Algorithm/Src/Q_math.c:21:15
	vfms.f32	s2, s4, s0
	.loc	1 21 7                          @ ../Algorithm/Src/Q_math.c:21:7
	vmul.f32	s0, s0, s2
	.loc	1 21 4                          @ ../Algorithm/Src/Q_math.c:21:4
	vstr	s0, [sp, #4]
	.loc	1 23 9 is_stmt 1                @ ../Algorithm/Src/Q_math.c:23:9
	vldr	s0, [sp, #16]
	.loc	1 23 16 is_stmt 0               @ ../Algorithm/Src/Q_math.c:23:16
	vldr	s2, [sp, #4]
	.loc	1 23 15                         @ ../Algorithm/Src/Q_math.c:23:15
	vmul.f32	s0, s0, s2
	.loc	1 23 2 epilogue_begin           @ ../Algorithm/Src/Q_math.c:23:2
	add	sp, #20
	bx	lr
.Ltmp1:
.Lfunc_end0:
	.size	Q_sqrt, .Lfunc_end0-Q_sqrt
	.cfi_endproc
	.cantunwind
	.fnend
                                        @ -- End function
	.section	.debug_abbrev,"",%progbits
	.byte	1                               @ Abbreviation Code
	.byte	17                              @ DW_TAG_compile_unit
	.byte	1                               @ DW_CHILDREN_yes
	.byte	37                              @ DW_AT_producer
	.byte	14                              @ DW_FORM_strp
	.byte	19                              @ DW_AT_language
	.byte	5                               @ DW_FORM_data2
	.byte	3                               @ DW_AT_name
	.byte	14                              @ DW_FORM_strp
	.byte	16                              @ DW_AT_stmt_list
	.byte	23                              @ DW_FORM_sec_offset
	.byte	27                              @ DW_AT_comp_dir
	.byte	14                              @ DW_FORM_strp
	.byte	17                              @ DW_AT_low_pc
	.byte	1                               @ DW_FORM_addr
	.byte	18                              @ DW_AT_high_pc
	.byte	6                               @ DW_FORM_data4
	.byte	0                               @ EOM(1)
	.byte	0                               @ EOM(2)
	.byte	2                               @ Abbreviation Code
	.byte	15                              @ DW_TAG_pointer_type
	.byte	0                               @ DW_CHILDREN_no
	.byte	73                              @ DW_AT_type
	.byte	19                              @ DW_FORM_ref4
	.byte	0                               @ EOM(1)
	.byte	0                               @ EOM(2)
	.byte	3                               @ Abbreviation Code
	.byte	36                              @ DW_TAG_base_type
	.byte	0                               @ DW_CHILDREN_no
	.byte	3                               @ DW_AT_name
	.byte	14                              @ DW_FORM_strp
	.byte	62                              @ DW_AT_encoding
	.byte	11                              @ DW_FORM_data1
	.byte	11                              @ DW_AT_byte_size
	.byte	11                              @ DW_FORM_data1
	.byte	0                               @ EOM(1)
	.byte	0                               @ EOM(2)
	.byte	4                               @ Abbreviation Code
	.byte	46                              @ DW_TAG_subprogram
	.byte	1                               @ DW_CHILDREN_yes
	.byte	17                              @ DW_AT_low_pc
	.byte	1                               @ DW_FORM_addr
	.byte	18                              @ DW_AT_high_pc
	.byte	6                               @ DW_FORM_data4
	.byte	64                              @ DW_AT_frame_base
	.byte	24                              @ DW_FORM_exprloc
	.byte	3                               @ DW_AT_name
	.byte	14                              @ DW_FORM_strp
	.byte	58                              @ DW_AT_decl_file
	.byte	11                              @ DW_FORM_data1
	.byte	59                              @ DW_AT_decl_line
	.byte	11                              @ DW_FORM_data1
	.byte	39                              @ DW_AT_prototyped
	.byte	25                              @ DW_FORM_flag_present
	.byte	73                              @ DW_AT_type
	.byte	19                              @ DW_FORM_ref4
	.byte	63                              @ DW_AT_external
	.byte	25                              @ DW_FORM_flag_present
	.byte	0                               @ EOM(1)
	.byte	0                               @ EOM(2)
	.byte	5                               @ Abbreviation Code
	.byte	5                               @ DW_TAG_formal_parameter
	.byte	0                               @ DW_CHILDREN_no
	.byte	2                               @ DW_AT_location
	.byte	24                              @ DW_FORM_exprloc
	.byte	3                               @ DW_AT_name
	.byte	14                              @ DW_FORM_strp
	.byte	58                              @ DW_AT_decl_file
	.byte	11                              @ DW_FORM_data1
	.byte	59                              @ DW_AT_decl_line
	.byte	11                              @ DW_FORM_data1
	.byte	73                              @ DW_AT_type
	.byte	19                              @ DW_FORM_ref4
	.byte	0                               @ EOM(1)
	.byte	0                               @ EOM(2)
	.byte	6                               @ Abbreviation Code
	.byte	52                              @ DW_TAG_variable
	.byte	0                               @ DW_CHILDREN_no
	.byte	2                               @ DW_AT_location
	.byte	24                              @ DW_FORM_exprloc
	.byte	3                               @ DW_AT_name
	.byte	14                              @ DW_FORM_strp
	.byte	58                              @ DW_AT_decl_file
	.byte	11                              @ DW_FORM_data1
	.byte	59                              @ DW_AT_decl_line
	.byte	11                              @ DW_FORM_data1
	.byte	73                              @ DW_AT_type
	.byte	19                              @ DW_FORM_ref4
	.byte	0                               @ EOM(1)
	.byte	0                               @ EOM(2)
	.byte	7                               @ Abbreviation Code
	.byte	38                              @ DW_TAG_const_type
	.byte	0                               @ DW_CHILDREN_no
	.byte	73                              @ DW_AT_type
	.byte	19                              @ DW_FORM_ref4
	.byte	0                               @ EOM(1)
	.byte	0                               @ EOM(2)
	.byte	0                               @ EOM(3)
	.section	.debug_info,"",%progbits
.Lcu_begin0:
	.long	.Ldebug_info_end0-.Ldebug_info_start0 @ Length of Unit
.Ldebug_info_start0:
	.short	4                               @ DWARF version number
	.long	.debug_abbrev                   @ Offset Into Abbrev. Section
	.byte	4                               @ Address Size (in bytes)
	.byte	1                               @ Abbrev [1] 0xb:0x95 DW_TAG_compile_unit
	.long	.Linfo_string0                  @ DW_AT_producer
	.short	12                              @ DW_AT_language
	.long	.Linfo_string1                  @ DW_AT_name
	.long	.Lline_table_start0             @ DW_AT_stmt_list
	.long	.Linfo_string2                  @ DW_AT_comp_dir
	.long	.Lfunc_begin0                   @ DW_AT_low_pc
	.long	.Lfunc_end0-.Lfunc_begin0       @ DW_AT_high_pc
	.byte	2                               @ Abbrev [2] 0x26:0x5 DW_TAG_pointer_type
	.long	43                              @ DW_AT_type
	.byte	3                               @ Abbrev [3] 0x2b:0x7 DW_TAG_base_type
	.long	.Linfo_string3                  @ DW_AT_name
	.byte	5                               @ DW_AT_encoding
	.byte	4                               @ DW_AT_byte_size
	.byte	2                               @ Abbrev [2] 0x32:0x5 DW_TAG_pointer_type
	.long	55                              @ DW_AT_type
	.byte	3                               @ Abbrev [3] 0x37:0x7 DW_TAG_base_type
	.long	.Linfo_string4                  @ DW_AT_name
	.byte	4                               @ DW_AT_encoding
	.byte	4                               @ DW_AT_byte_size
	.byte	4                               @ Abbrev [4] 0x3e:0x5c DW_TAG_subprogram
	.long	.Lfunc_begin0                   @ DW_AT_low_pc
	.long	.Lfunc_end0-.Lfunc_begin0       @ DW_AT_high_pc
	.byte	1                               @ DW_AT_frame_base
	.byte	93
	.long	.Linfo_string5                  @ DW_AT_name
	.byte	1                               @ DW_AT_decl_file
	.byte	5                               @ DW_AT_decl_line
                                        @ DW_AT_prototyped
	.long	55                              @ DW_AT_type
                                        @ DW_AT_external
	.byte	5                               @ Abbrev [5] 0x53:0xe DW_TAG_formal_parameter
	.byte	2                               @ DW_AT_location
	.byte	145
	.byte	16
	.long	.Linfo_string6                  @ DW_AT_name
	.byte	1                               @ DW_AT_decl_file
	.byte	5                               @ DW_AT_decl_line
	.long	55                              @ DW_AT_type
	.byte	6                               @ Abbrev [6] 0x61:0xe DW_TAG_variable
	.byte	2                               @ DW_AT_location
	.byte	145
	.byte	12
	.long	.Linfo_string7                  @ DW_AT_name
	.byte	1                               @ DW_AT_decl_file
	.byte	7                               @ DW_AT_decl_line
	.long	43                              @ DW_AT_type
	.byte	6                               @ Abbrev [6] 0x6f:0xe DW_TAG_variable
	.byte	2                               @ DW_AT_location
	.byte	145
	.byte	8
	.long	.Linfo_string8                  @ DW_AT_name
	.byte	1                               @ DW_AT_decl_file
	.byte	8                               @ DW_AT_decl_line
	.long	55                              @ DW_AT_type
	.byte	6                               @ Abbrev [6] 0x7d:0xe DW_TAG_variable
	.byte	2                               @ DW_AT_location
	.byte	145
	.byte	4
	.long	.Linfo_string9                  @ DW_AT_name
	.byte	1                               @ DW_AT_decl_file
	.byte	8                               @ DW_AT_decl_line
	.long	55                              @ DW_AT_type
	.byte	6                               @ Abbrev [6] 0x8b:0xe DW_TAG_variable
	.byte	2                               @ DW_AT_location
	.byte	145
	.byte	0
	.long	.Linfo_string10                 @ DW_AT_name
	.byte	1                               @ DW_AT_decl_file
	.byte	9                               @ DW_AT_decl_line
	.long	154                             @ DW_AT_type
	.byte	0                               @ End Of Children Mark
	.byte	7                               @ Abbrev [7] 0x9a:0x5 DW_TAG_const_type
	.long	55                              @ DW_AT_type
	.byte	0                               @ End Of Children Mark
.Ldebug_info_end0:
	.section	.debug_str,"MS",%progbits,1
.Linfo_string0:
	.asciz	"Component: Arm Compiler for Embedded 6.24 Tool: armclang [5f371800]" @ string offset=0
.Linfo_string1:
	.asciz	"../Algorithm/Src\\Q_math.c"    @ string offset=68
.Linfo_string2:
	.asciz	"D:\\stm32_project\\daily_work\\new_bubing\\cod_update_2.0\\COD_H7_Template\\MDK-ARM" @ string offset=94
.Linfo_string3:
	.asciz	"long"                          @ string offset=172
.Linfo_string4:
	.asciz	"float"                         @ string offset=177
.Linfo_string5:
	.asciz	"Q_sqrt"                        @ string offset=183
.Linfo_string6:
	.asciz	"number"                        @ string offset=190
.Linfo_string7:
	.asciz	"i"                             @ string offset=197
.Linfo_string8:
	.asciz	"x2"                            @ string offset=199
.Linfo_string9:
	.asciz	"y2"                            @ string offset=202
.Linfo_string10:
	.asciz	"three"                         @ string offset=205
	.ident	"Component: Arm Compiler for Embedded 6.24 Tool: armclang [5f371800]"
	.section	".note.GNU-stack","",%progbits
	.eabi_attribute	30, 6	@ Tag_ABI_optimization_goals
	.ARM_attribute	16, 1	@ Tag_AV_eba
	.section	.debug_line,"",%progbits
.Lline_table_start0:
