	.text
	.syntax unified
	.eabi_attribute	67, "2.09"	@ Tag_conformance
	.cpu	cortex-m7
	.eabi_attribute	6, 13	@ Tag_CPU_arch
	.eabi_attribute	7, 77	@ Tag_CPU_arch_profile
	.eabi_attribute	8, 0	@ Tag_ARM_ISA_use
	.eabi_attribute	9, 2	@ Tag_THUMB_ISA_use
	.fpu	fpv5-d16
	.eabi_attribute	36, 1	@ Tag_FP_HP_extension
	.eabi_attribute	34, 1	@ Tag_CPU_unaligned_access
	.eabi_attribute	17, 1	@ Tag_ABI_PCS_GOT_use
	.eabi_attribute	20, 2	@ Tag_ABI_FP_denormal
	.eabi_attribute	21, 0	@ Tag_ABI_FP_exceptions
	.eabi_attribute	23, 1	@ Tag_ABI_FP_number_model
	.eabi_attribute	24, 1	@ Tag_ABI_align_needed
	.eabi_attribute	25, 1	@ Tag_ABI_align_preserved
	.eabi_attribute	28, 1	@ Tag_ABI_VFP_args
	.eabi_attribute	38, 1	@ Tag_ABI_FP_16bit_format
	.eabi_attribute	18, 2	@ Tag_ABI_PCS_wchar_t
	.eabi_attribute	26, 1	@ Tag_ABI_enum_size
	.eabi_attribute	14, 0	@ Tag_ABI_PCS_R9_use
	.file	"ramp.c"
	.section	.text.f_Ramp_Calc,"ax",%progbits
	.hidden	f_Ramp_Calc                     @ -- Begin function f_Ramp_Calc
	.globl	f_Ramp_Calc
	.p2align	3
	.type	f_Ramp_Calc,%function
	.code	16                              @ @f_Ramp_Calc
	.thumb_func
f_Ramp_Calc:
.Lfunc_begin0:
	.file	1 "D:\\stm32_project\\daily_work\\new_bubing\\cod_update_2.0\\COD_H7_Template\\MDK-ARM" "../Algorithm/Src/ramp.c"
	.loc	1 27 0                          @ ../Algorithm/Src/ramp.c:27:0
	.fnstart
	.cfi_sections .debug_frame
	.cfi_startproc
@ %bb.0:
	.pad	#20
	sub	sp, #20
	.cfi_def_cfa_offset 20
	vstr	s0, [sp, #16]
	vstr	s1, [sp, #12]
	vstr	s2, [sp, #8]
.Ltmp0:
	.loc	1 28 17 prologue_end            @ ../Algorithm/Src/ramp.c:28:17
	vldr	s0, [sp, #12]
	.loc	1 28 26 is_stmt 0               @ ../Algorithm/Src/ramp.c:28:26
	vldr	s2, [sp, #16]
	.loc	1 28 24                         @ ../Algorithm/Src/ramp.c:28:24
	vsub.f32	s0, s0, s2
	.loc	1 28 9                          @ ../Algorithm/Src/ramp.c:28:9
	vstr	s0, [sp, #4]
	.loc	1 29 18 is_stmt 1               @ ../Algorithm/Src/ramp.c:29:18
	ldr	r0, [sp, #16]
	.loc	1 29 9 is_stmt 0                @ ../Algorithm/Src/ramp.c:29:9
	str	r0, [sp]
.Ltmp1:
	.loc	1 31 6 is_stmt 1                @ ../Algorithm/Src/ramp.c:31:6
	vldr	s0, [sp, #4]
.Ltmp2:
	.loc	1 31 6 is_stmt 0                @ ../Algorithm/Src/ramp.c:31:6
	vcmp.f32	s0, #0
	vmrs	APSR_nzcv, fpscr
	ble	.LBB0_5
	b	.LBB0_1
.LBB0_1:
.Ltmp3:
	.loc	1 32 13 is_stmt 1               @ ../Algorithm/Src/ramp.c:32:13
	vldr	s0, [sp, #4]
	.loc	1 32 21 is_stmt 0               @ ../Algorithm/Src/ramp.c:32:21
	vldr	s2, [sp, #8]
.Ltmp4:
	.loc	1 32 13                         @ ../Algorithm/Src/ramp.c:32:13
	vcmp.f32	s0, s2
	vmrs	APSR_nzcv, fpscr
	ble	.LBB0_3
	b	.LBB0_2
.LBB0_2:
.Ltmp5:
	.loc	1 32 37                         @ ../Algorithm/Src/ramp.c:32:37
	vldr	s2, [sp, #8]
	.loc	1 32 34                         @ ../Algorithm/Src/ramp.c:32:34
	vldr	s0, [sp]
	vadd.f32	s0, s0, s2
	vstr	s0, [sp]
	.loc	1 32 42                         @ ../Algorithm/Src/ramp.c:32:42
	b	.LBB0_4
.Ltmp6:
.LBB0_3:
	.loc	1 33 24 is_stmt 1               @ ../Algorithm/Src/ramp.c:33:24
	vldr	s2, [sp, #4]
	.loc	1 33 21 is_stmt 0               @ ../Algorithm/Src/ramp.c:33:21
	vldr	s0, [sp]
	vadd.f32	s0, s0, s2
	vstr	s0, [sp]
	b	.LBB0_4
.Ltmp7:
.LBB0_4:
	.loc	1 34 5 is_stmt 1                @ ../Algorithm/Src/ramp.c:34:5
	b	.LBB0_9
.Ltmp8:
.LBB0_5:
	.loc	1 35 13                         @ ../Algorithm/Src/ramp.c:35:13
	vldr	s0, [sp, #4]
	.loc	1 35 22 is_stmt 0               @ ../Algorithm/Src/ramp.c:35:22
	vldr	s2, [sp, #8]
	.loc	1 35 21                         @ ../Algorithm/Src/ramp.c:35:21
	vneg.f32	s2, s2
.Ltmp9:
	.loc	1 35 13                         @ ../Algorithm/Src/ramp.c:35:13
	vcmp.f32	s0, s2
	vmrs	APSR_nzcv, fpscr
	bge	.LBB0_7
	b	.LBB0_6
.LBB0_6:
.Ltmp10:
	.loc	1 35 39                         @ ../Algorithm/Src/ramp.c:35:39
	vldr	s2, [sp, #8]
	.loc	1 35 35                         @ ../Algorithm/Src/ramp.c:35:35
	vldr	s0, [sp]
	vsub.f32	s0, s0, s2
	vstr	s0, [sp]
	.loc	1 35 44                         @ ../Algorithm/Src/ramp.c:35:44
	b	.LBB0_8
.Ltmp11:
.LBB0_7:
	.loc	1 36 24 is_stmt 1               @ ../Algorithm/Src/ramp.c:36:24
	vldr	s2, [sp, #4]
	.loc	1 36 21 is_stmt 0               @ ../Algorithm/Src/ramp.c:36:21
	vldr	s0, [sp]
	vadd.f32	s0, s0, s2
	vstr	s0, [sp]
	b	.LBB0_8
.Ltmp12:
.LBB0_8:
	.loc	1 0 21                          @ ../Algorithm/Src/ramp.c:0:21
	b	.LBB0_9
.LBB0_9:
	.loc	1 39 12 is_stmt 1               @ ../Algorithm/Src/ramp.c:39:12
	vldr	s0, [sp]
	.loc	1 39 5 epilogue_begin is_stmt 0 @ ../Algorithm/Src/ramp.c:39:5
	add	sp, #20
	bx	lr
.Ltmp13:
.Lfunc_end0:
	.size	f_Ramp_Calc, .Lfunc_end0-f_Ramp_Calc
	.cfi_endproc
	.cantunwind
	.fnend
                                        @ -- End function
	.section	.text.MovingAverage_Init,"ax",%progbits
	.hidden	MovingAverage_Init              @ -- Begin function MovingAverage_Init
	.globl	MovingAverage_Init
	.p2align	3
	.type	MovingAverage_Init,%function
	.code	16                              @ @MovingAverage_Init
	.thumb_func
MovingAverage_Init:
.Lfunc_begin1:
	.loc	1 76 0 is_stmt 1                @ ../Algorithm/Src/ramp.c:76:0
	.fnstart
	.cfi_startproc
@ %bb.0:
	.save	{r7, lr}
	push	{r7, lr}
	.cfi_def_cfa_offset 8
	.cfi_offset lr, -4
	.cfi_offset r7, -8
	.pad	#8
	sub	sp, #8
	.cfi_def_cfa_offset 16
                                        @ kill: def $r2 killed $r1
	str	r0, [sp, #4]
	strh.w	r1, [sp, #2]
.Ltmp14:
	.loc	1 78 16 prologue_end            @ ../Algorithm/Src/ramp.c:78:16
	ldrh.w	r0, [sp, #2]
	.loc	1 78 3 is_stmt 0                @ ../Algorithm/Src/ramp.c:78:3
	ldr	r1, [sp, #4]
	.loc	1 78 14                         @ ../Algorithm/Src/ramp.c:78:14
	strh	r0, [r1, #8]
	.loc	1 80 42 is_stmt 1               @ ../Algorithm/Src/ramp.c:80:42
	ldr	r0, [sp, #4]
	.loc	1 80 46 is_stmt 0               @ ../Algorithm/Src/ramp.c:80:46
	ldrh	r0, [r0, #8]
	.loc	1 80 41                         @ ../Algorithm/Src/ramp.c:80:41
	lsls	r0, r0, #2
	.loc	1 80 21                         @ ../Algorithm/Src/ramp.c:80:21
	bl	malloc
	.loc	1 80 3                          @ ../Algorithm/Src/ramp.c:80:3
	ldr	r1, [sp, #4]
	.loc	1 80 19                         @ ../Algorithm/Src/ramp.c:80:19
	str	r0, [r1, #4]
	.loc	1 81 10 is_stmt 1               @ ../Algorithm/Src/ramp.c:81:10
	ldr	r1, [sp, #4]
	.loc	1 81 14 is_stmt 0               @ ../Algorithm/Src/ramp.c:81:14
	ldr	r0, [r1, #4]
	.loc	1 81 46                         @ ../Algorithm/Src/ramp.c:81:46
	ldrh	r1, [r1, #8]
	.loc	1 81 41                         @ ../Algorithm/Src/ramp.c:81:41
	lsls	r1, r1, #2
	.loc	1 81 3                          @ ../Algorithm/Src/ramp.c:81:3
	bl	__aeabi_memclr4
.Ltmp15:
	.loc	1 83 6 is_stmt 1                @ ../Algorithm/Src/ramp.c:83:6
	ldr	r0, [sp, #4]
	.loc	1 83 10 is_stmt 0               @ ../Algorithm/Src/ramp.c:83:10
	ldr	r0, [r0, #4]
.Ltmp16:
	.loc	1 83 6                          @ ../Algorithm/Src/ramp.c:83:6
	cbnz	r0, .LBB1_2
	b	.LBB1_1
.LBB1_1:
.Ltmp17:
	.loc	1 85 5 is_stmt 1                @ ../Algorithm/Src/ramp.c:85:5
	b	.LBB1_3
.Ltmp18:
.LBB1_2:
	.loc	1 88 3                          @ ../Algorithm/Src/ramp.c:88:3
	ldr	r1, [sp, #4]
	movs	r0, #0
	.loc	1 88 13 is_stmt 0               @ ../Algorithm/Src/ramp.c:88:13
	str	r0, [r1, #12]
	.loc	1 89 3 is_stmt 1                @ ../Algorithm/Src/ramp.c:89:3
	ldr	r1, [sp, #4]
	.loc	1 89 14 is_stmt 0               @ ../Algorithm/Src/ramp.c:89:14
	str	r0, [r1, #20]
	.loc	1 91 3 is_stmt 1                @ ../Algorithm/Src/ramp.c:91:3
	ldr	r1, [sp, #4]
	movs	r0, #1
	.loc	1 91 12 is_stmt 0               @ ../Algorithm/Src/ramp.c:91:12
	strb	r0, [r1]
	.loc	1 92 1 is_stmt 1                @ ../Algorithm/Src/ramp.c:92:1
	b	.LBB1_3
.LBB1_3:
	.loc	1 92 1 epilogue_begin is_stmt 0 @ ../Algorithm/Src/ramp.c:92:1
	add	sp, #8
	pop	{r7, pc}
.Ltmp19:
.Lfunc_end1:
	.size	MovingAverage_Init, .Lfunc_end1-MovingAverage_Init
	.cfi_endproc
	.cantunwind
	.fnend
                                        @ -- End function
	.section	.text.MovingAverage_Update,"ax",%progbits
	.hidden	MovingAverage_Update            @ -- Begin function MovingAverage_Update
	.globl	MovingAverage_Update
	.p2align	3
	.type	MovingAverage_Update,%function
	.code	16                              @ @MovingAverage_Update
	.thumb_func
MovingAverage_Update:
.Lfunc_begin2:
	.loc	1 104 0 is_stmt 1               @ ../Algorithm/Src/ramp.c:104:0
	.fnstart
	.cfi_startproc
@ %bb.0:
	.pad	#16
	sub	sp, #16
	.cfi_def_cfa_offset 16
	str	r0, [sp, #8]
	vstr	s0, [sp, #4]
.Ltmp20:
	.loc	1 105 6 prologue_end            @ ../Algorithm/Src/ramp.c:105:6
	ldr	r0, [sp, #8]
	.loc	1 105 10 is_stmt 0              @ ../Algorithm/Src/ramp.c:105:10
	ldrb	r0, [r0]
	and	r0, r0, #1
.Ltmp21:
	.loc	1 105 6                         @ ../Algorithm/Src/ramp.c:105:6
	cmp	r0, #1
	beq	.LBB2_2
	b	.LBB2_1
.LBB2_1:
	.loc	1 0 6                           @ ../Algorithm/Src/ramp.c:0:6
	movs	r0, #0
.Ltmp22:
	.loc	1 107 5 is_stmt 1               @ ../Algorithm/Src/ramp.c:107:5
	str	r0, [sp, #12]
	b	.LBB2_11
.Ltmp23:
.LBB2_2:
	.loc	1 0 5 is_stmt 0                 @ ../Algorithm/Src/ramp.c:0:5
	movs	r0, #0
.Ltmp24:
	.loc	1 111 16 is_stmt 1              @ ../Algorithm/Src/ramp.c:111:16
	strh.w	r0, [sp, #2]
	.loc	1 111 7 is_stmt 0               @ ../Algorithm/Src/ramp.c:111:7
	b	.LBB2_3
.LBB2_3:                                @ =>This Inner Loop Header: Depth=1
.Ltmp25:
	.loc	1 111 23                        @ ../Algorithm/Src/ramp.c:111:23
	ldrh.w	r0, [sp, #2]
	.loc	1 111 27                        @ ../Algorithm/Src/ramp.c:111:27
	ldr	r1, [sp, #8]
	.loc	1 111 31                        @ ../Algorithm/Src/ramp.c:111:31
	ldrh	r1, [r1, #8]
	.loc	1 111 37                        @ ../Algorithm/Src/ramp.c:111:37
	subs	r1, #1
.Ltmp26:
	.loc	1 111 3                         @ ../Algorithm/Src/ramp.c:111:3
	cmp	r0, r1
	bge	.LBB2_6
	b	.LBB2_4
.LBB2_4:                                @   in Loop: Header=BB2_3 Depth=1
.Ltmp27:
	.loc	1 113 30 is_stmt 1              @ ../Algorithm/Src/ramp.c:113:30
	ldr	r0, [sp, #8]
	.loc	1 113 34 is_stmt 0              @ ../Algorithm/Src/ramp.c:113:34
	ldr	r0, [r0, #4]
	.loc	1 113 46                        @ ../Algorithm/Src/ramp.c:113:46
	ldrh.w	r2, [sp, #2]
	.loc	1 113 30                        @ ../Algorithm/Src/ramp.c:113:30
	add.w	r1, r0, r2, lsl #2
	ldr.w	r0, [r0, r2, lsl #2]
	.loc	1 113 28                        @ ../Algorithm/Src/ramp.c:113:28
	str	r0, [r1, #4]
	.loc	1 114 3 is_stmt 1               @ ../Algorithm/Src/ramp.c:114:3
	b	.LBB2_5
.Ltmp28:
.LBB2_5:                                @   in Loop: Header=BB2_3 Depth=1
	.loc	1 111 42                        @ ../Algorithm/Src/ramp.c:111:42
	ldrh.w	r0, [sp, #2]
	adds	r0, #1
	strh.w	r0, [sp, #2]
	.loc	1 111 3 is_stmt 0               @ ../Algorithm/Src/ramp.c:111:3
	b	.LBB2_3
.Ltmp29:
.LBB2_6:
	.loc	1 117 24 is_stmt 1              @ ../Algorithm/Src/ramp.c:117:24
	ldr	r0, [sp, #4]
	.loc	1 117 3 is_stmt 0               @ ../Algorithm/Src/ramp.c:117:3
	ldr	r1, [sp, #8]
	.loc	1 117 7                         @ ../Algorithm/Src/ramp.c:117:7
	ldr	r1, [r1, #4]
	.loc	1 117 22                        @ ../Algorithm/Src/ramp.c:117:22
	str	r0, [r1]
	movs	r0, #0
.Ltmp30:
	.loc	1 120 16 is_stmt 1              @ ../Algorithm/Src/ramp.c:120:16
	strh.w	r0, [sp]
	.loc	1 120 7 is_stmt 0               @ ../Algorithm/Src/ramp.c:120:7
	b	.LBB2_7
.LBB2_7:                                @ =>This Inner Loop Header: Depth=1
.Ltmp31:
	.loc	1 120 23                        @ ../Algorithm/Src/ramp.c:120:23
	ldrh.w	r0, [sp]
	.loc	1 120 27                        @ ../Algorithm/Src/ramp.c:120:27
	ldr	r1, [sp, #8]
	.loc	1 120 31                        @ ../Algorithm/Src/ramp.c:120:31
	ldrh	r1, [r1, #8]
	.loc	1 120 37                        @ ../Algorithm/Src/ramp.c:120:37
	subs	r1, #1
.Ltmp32:
	.loc	1 120 3                         @ ../Algorithm/Src/ramp.c:120:3
	cmp	r0, r1
	bge	.LBB2_10
	b	.LBB2_8
.LBB2_8:                                @   in Loop: Header=BB2_7 Depth=1
.Ltmp33:
	.loc	1 122 18 is_stmt 1              @ ../Algorithm/Src/ramp.c:122:18
	ldr	r0, [sp, #8]
	.loc	1 122 22 is_stmt 0              @ ../Algorithm/Src/ramp.c:122:22
	ldr	r1, [r0, #4]
	.loc	1 122 34                        @ ../Algorithm/Src/ramp.c:122:34
	ldrh.w	r2, [sp]
	.loc	1 122 18                        @ ../Algorithm/Src/ramp.c:122:18
	add.w	r1, r1, r2, lsl #2
	vldr	s2, [r1]
	.loc	1 122 15                        @ ../Algorithm/Src/ramp.c:122:15
	vldr	s0, [r0, #16]
	vadd.f32	s0, s0, s2
	vstr	s0, [r0, #16]
	.loc	1 123 3 is_stmt 1               @ ../Algorithm/Src/ramp.c:123:3
	b	.LBB2_9
.Ltmp34:
.LBB2_9:                                @   in Loop: Header=BB2_7 Depth=1
	.loc	1 120 42                        @ ../Algorithm/Src/ramp.c:120:42
	ldrh.w	r0, [sp]
	adds	r0, #1
	strh.w	r0, [sp]
	.loc	1 120 3 is_stmt 0               @ ../Algorithm/Src/ramp.c:120:3
	b	.LBB2_7
.Ltmp35:
.LBB2_10:
	.loc	1 125 24 is_stmt 1              @ ../Algorithm/Src/ramp.c:125:24
	ldr	r0, [sp, #8]
	.loc	1 125 28 is_stmt 0              @ ../Algorithm/Src/ramp.c:125:28
	vldr	s0, [r0, #16]
	.loc	1 125 38                        @ ../Algorithm/Src/ramp.c:125:38
	ldrh	r1, [r0, #8]
	.loc	1 125 34                        @ ../Algorithm/Src/ramp.c:125:34
	vmov	s2, r1
	vcvt.f32.s32	s2, s2
	.loc	1 125 32                        @ ../Algorithm/Src/ramp.c:125:32
	vdiv.f32	s0, s0, s2
	.loc	1 125 14                        @ ../Algorithm/Src/ramp.c:125:14
	vstr	s0, [r0, #20]
	.loc	1 127 2 is_stmt 1               @ ../Algorithm/Src/ramp.c:127:2
	ldr	r1, [sp, #8]
	movs	r0, #0
	.loc	1 127 10 is_stmt 0              @ ../Algorithm/Src/ramp.c:127:10
	str	r0, [r1, #16]
	.loc	1 129 10 is_stmt 1              @ ../Algorithm/Src/ramp.c:129:10
	ldr	r0, [sp, #8]
	.loc	1 129 14 is_stmt 0              @ ../Algorithm/Src/ramp.c:129:14
	ldr	r0, [r0, #20]
	.loc	1 129 3                         @ ../Algorithm/Src/ramp.c:129:3
	str	r0, [sp, #12]
	b	.LBB2_11
.LBB2_11:
	.loc	1 130 1 is_stmt 1               @ ../Algorithm/Src/ramp.c:130:1
	vldr	s0, [sp, #12]
	.loc	1 130 1 epilogue_begin is_stmt 0 @ ../Algorithm/Src/ramp.c:130:1
	add	sp, #16
	bx	lr
.Ltmp36:
.Lfunc_end2:
	.size	MovingAverage_Update, .Lfunc_end2-MovingAverage_Update
	.cfi_endproc
	.cantunwind
	.fnend
                                        @ -- End function
	.file	2 "D:\\stm32_project\\daily_work\\new_bubing\\cod_update_2.0\\COD_H7_Template\\MDK-ARM" "../Algorithm/Inc\\ramp.h"
	.file	3 "D:\\keil5_app\\Keil_v5\\ARM\\ARMCLANG\\bin\\..\\include" "stdint.h"
	.section	.debug_abbrev,"",%progbits
	.byte	1                               @ Abbreviation Code
	.byte	17                              @ DW_TAG_compile_unit
	.byte	1                               @ DW_CHILDREN_yes
	.byte	37                              @ DW_AT_producer
	.byte	14                              @ DW_FORM_strp
	.byte	19                              @ DW_AT_language
	.byte	5                               @ DW_FORM_data2
	.byte	3                               @ DW_AT_name
	.byte	14                              @ DW_FORM_strp
	.byte	16                              @ DW_AT_stmt_list
	.byte	23                              @ DW_FORM_sec_offset
	.byte	27                              @ DW_AT_comp_dir
	.byte	14                              @ DW_FORM_strp
	.byte	17                              @ DW_AT_low_pc
	.byte	1                               @ DW_FORM_addr
	.byte	85                              @ DW_AT_ranges
	.byte	23                              @ DW_FORM_sec_offset
	.byte	0                               @ EOM(1)
	.byte	0                               @ EOM(2)
	.byte	2                               @ Abbreviation Code
	.byte	36                              @ DW_TAG_base_type
	.byte	0                               @ DW_CHILDREN_no
	.byte	3                               @ DW_AT_name
	.byte	14                              @ DW_FORM_strp
	.byte	62                              @ DW_AT_encoding
	.byte	11                              @ DW_FORM_data1
	.byte	11                              @ DW_AT_byte_size
	.byte	11                              @ DW_FORM_data1
	.byte	0                               @ EOM(1)
	.byte	0                               @ EOM(2)
	.byte	3                               @ Abbreviation Code
	.byte	46                              @ DW_TAG_subprogram
	.byte	1                               @ DW_CHILDREN_yes
	.byte	17                              @ DW_AT_low_pc
	.byte	1                               @ DW_FORM_addr
	.byte	18                              @ DW_AT_high_pc
	.byte	6                               @ DW_FORM_data4
	.byte	64                              @ DW_AT_frame_base
	.byte	24                              @ DW_FORM_exprloc
	.byte	3                               @ DW_AT_name
	.byte	14                              @ DW_FORM_strp
	.byte	58                              @ DW_AT_decl_file
	.byte	11                              @ DW_FORM_data1
	.byte	59                              @ DW_AT_decl_line
	.byte	11                              @ DW_FORM_data1
	.byte	39                              @ DW_AT_prototyped
	.byte	25                              @ DW_FORM_flag_present
	.byte	73                              @ DW_AT_type
	.byte	19                              @ DW_FORM_ref4
	.byte	63                              @ DW_AT_external
	.byte	25                              @ DW_FORM_flag_present
	.byte	0                               @ EOM(1)
	.byte	0                               @ EOM(2)
	.byte	4                               @ Abbreviation Code
	.byte	5                               @ DW_TAG_formal_parameter
	.byte	0                               @ DW_CHILDREN_no
	.byte	2                               @ DW_AT_location
	.byte	24                              @ DW_FORM_exprloc
	.byte	3                               @ DW_AT_name
	.byte	14                              @ DW_FORM_strp
	.byte	58                              @ DW_AT_decl_file
	.byte	11                              @ DW_FORM_data1
	.byte	59                              @ DW_AT_decl_line
	.byte	11                              @ DW_FORM_data1
	.byte	73                              @ DW_AT_type
	.byte	19                              @ DW_FORM_ref4
	.byte	0                               @ EOM(1)
	.byte	0                               @ EOM(2)
	.byte	5                               @ Abbreviation Code
	.byte	52                              @ DW_TAG_variable
	.byte	0                               @ DW_CHILDREN_no
	.byte	2                               @ DW_AT_location
	.byte	24                              @ DW_FORM_exprloc
	.byte	3                               @ DW_AT_name
	.byte	14                              @ DW_FORM_strp
	.byte	58                              @ DW_AT_decl_file
	.byte	11                              @ DW_FORM_data1
	.byte	59                              @ DW_AT_decl_line
	.byte	11                              @ DW_FORM_data1
	.byte	73                              @ DW_AT_type
	.byte	19                              @ DW_FORM_ref4
	.byte	0                               @ EOM(1)
	.byte	0                               @ EOM(2)
	.byte	6                               @ Abbreviation Code
	.byte	46                              @ DW_TAG_subprogram
	.byte	1                               @ DW_CHILDREN_yes
	.byte	17                              @ DW_AT_low_pc
	.byte	1                               @ DW_FORM_addr
	.byte	18                              @ DW_AT_high_pc
	.byte	6                               @ DW_FORM_data4
	.byte	64                              @ DW_AT_frame_base
	.byte	24                              @ DW_FORM_exprloc
	.byte	3                               @ DW_AT_name
	.byte	14                              @ DW_FORM_strp
	.byte	58                              @ DW_AT_decl_file
	.byte	11                              @ DW_FORM_data1
	.byte	59                              @ DW_AT_decl_line
	.byte	11                              @ DW_FORM_data1
	.byte	39                              @ DW_AT_prototyped
	.byte	25                              @ DW_FORM_flag_present
	.byte	63                              @ DW_AT_external
	.byte	25                              @ DW_FORM_flag_present
	.byte	0                               @ EOM(1)
	.byte	0                               @ EOM(2)
	.byte	7                               @ Abbreviation Code
	.byte	11                              @ DW_TAG_lexical_block
	.byte	1                               @ DW_CHILDREN_yes
	.byte	17                              @ DW_AT_low_pc
	.byte	1                               @ DW_FORM_addr
	.byte	18                              @ DW_AT_high_pc
	.byte	6                               @ DW_FORM_data4
	.byte	0                               @ EOM(1)
	.byte	0                               @ EOM(2)
	.byte	8                               @ Abbreviation Code
	.byte	15                              @ DW_TAG_pointer_type
	.byte	0                               @ DW_CHILDREN_no
	.byte	73                              @ DW_AT_type
	.byte	19                              @ DW_FORM_ref4
	.byte	0                               @ EOM(1)
	.byte	0                               @ EOM(2)
	.byte	9                               @ Abbreviation Code
	.byte	22                              @ DW_TAG_typedef
	.byte	0                               @ DW_CHILDREN_no
	.byte	73                              @ DW_AT_type
	.byte	19                              @ DW_FORM_ref4
	.byte	3                               @ DW_AT_name
	.byte	14                              @ DW_FORM_strp
	.byte	58                              @ DW_AT_decl_file
	.byte	11                              @ DW_FORM_data1
	.byte	59                              @ DW_AT_decl_line
	.byte	11                              @ DW_FORM_data1
	.byte	0                               @ EOM(1)
	.byte	0                               @ EOM(2)
	.byte	10                              @ Abbreviation Code
	.byte	19                              @ DW_TAG_structure_type
	.byte	1                               @ DW_CHILDREN_yes
	.byte	11                              @ DW_AT_byte_size
	.byte	11                              @ DW_FORM_data1
	.byte	58                              @ DW_AT_decl_file
	.byte	11                              @ DW_FORM_data1
	.byte	59                              @ DW_AT_decl_line
	.byte	11                              @ DW_FORM_data1
	.byte	0                               @ EOM(1)
	.byte	0                               @ EOM(2)
	.byte	11                              @ Abbreviation Code
	.byte	13                              @ DW_TAG_member
	.byte	0                               @ DW_CHILDREN_no
	.byte	3                               @ DW_AT_name
	.byte	14                              @ DW_FORM_strp
	.byte	73                              @ DW_AT_type
	.byte	19                              @ DW_FORM_ref4
	.byte	58                              @ DW_AT_decl_file
	.byte	11                              @ DW_FORM_data1
	.byte	59                              @ DW_AT_decl_line
	.byte	11                              @ DW_FORM_data1
	.byte	56                              @ DW_AT_data_member_location
	.byte	11                              @ DW_FORM_data1
	.byte	0                               @ EOM(1)
	.byte	0                               @ EOM(2)
	.byte	0                               @ EOM(3)
	.section	.debug_info,"",%progbits
.Lcu_begin0:
	.long	.Ldebug_info_end0-.Ldebug_info_start0 @ Length of Unit
.Ldebug_info_start0:
	.short	4                               @ DWARF version number
	.long	.debug_abbrev                   @ Offset Into Abbrev. Section
	.byte	4                               @ Address Size (in bytes)
	.byte	1                               @ Abbrev [1] 0xb:0x18a DW_TAG_compile_unit
	.long	.Linfo_string0                  @ DW_AT_producer
	.short	12                              @ DW_AT_language
	.long	.Linfo_string1                  @ DW_AT_name
	.long	.Lline_table_start0             @ DW_AT_stmt_list
	.long	.Linfo_string2                  @ DW_AT_comp_dir
	.long	0                               @ DW_AT_low_pc
	.long	.Ldebug_ranges0                 @ DW_AT_ranges
	.byte	2                               @ Abbrev [2] 0x26:0x7 DW_TAG_base_type
	.long	.Linfo_string3                  @ DW_AT_name
	.byte	4                               @ DW_AT_encoding
	.byte	4                               @ DW_AT_byte_size
	.byte	3                               @ Abbrev [3] 0x2d:0x5c DW_TAG_subprogram
	.long	.Lfunc_begin0                   @ DW_AT_low_pc
	.long	.Lfunc_end0-.Lfunc_begin0       @ DW_AT_high_pc
	.byte	1                               @ DW_AT_frame_base
	.byte	93
	.long	.Linfo_string4                  @ DW_AT_name
	.byte	1                               @ DW_AT_decl_file
	.byte	26                              @ DW_AT_decl_line
                                        @ DW_AT_prototyped
	.long	38                              @ DW_AT_type
                                        @ DW_AT_external
	.byte	4                               @ Abbrev [4] 0x42:0xe DW_TAG_formal_parameter
	.byte	2                               @ DW_AT_location
	.byte	145
	.byte	16
	.long	.Linfo_string7                  @ DW_AT_name
	.byte	1                               @ DW_AT_decl_file
	.byte	26                              @ DW_AT_decl_line
	.long	38                              @ DW_AT_type
	.byte	4                               @ Abbrev [4] 0x50:0xe DW_TAG_formal_parameter
	.byte	2                               @ DW_AT_location
	.byte	145
	.byte	12
	.long	.Linfo_string8                  @ DW_AT_name
	.byte	1                               @ DW_AT_decl_file
	.byte	26                              @ DW_AT_decl_line
	.long	38                              @ DW_AT_type
	.byte	4                               @ Abbrev [4] 0x5e:0xe DW_TAG_formal_parameter
	.byte	2                               @ DW_AT_location
	.byte	145
	.byte	8
	.long	.Linfo_string9                  @ DW_AT_name
	.byte	1                               @ DW_AT_decl_file
	.byte	26                              @ DW_AT_decl_line
	.long	38                              @ DW_AT_type
	.byte	5                               @ Abbrev [5] 0x6c:0xe DW_TAG_variable
	.byte	2                               @ DW_AT_location
	.byte	145
	.byte	4
	.long	.Linfo_string10                 @ DW_AT_name
	.byte	1                               @ DW_AT_decl_file
	.byte	28                              @ DW_AT_decl_line
	.long	38                              @ DW_AT_type
	.byte	5                               @ Abbrev [5] 0x7a:0xe DW_TAG_variable
	.byte	2                               @ DW_AT_location
	.byte	145
	.byte	0
	.long	.Linfo_string11                 @ DW_AT_name
	.byte	1                               @ DW_AT_decl_file
	.byte	29                              @ DW_AT_decl_line
	.long	38                              @ DW_AT_type
	.byte	0                               @ End Of Children Mark
	.byte	6                               @ Abbrev [6] 0x89:0x2e DW_TAG_subprogram
	.long	.Lfunc_begin1                   @ DW_AT_low_pc
	.long	.Lfunc_end1-.Lfunc_begin1       @ DW_AT_high_pc
	.byte	1                               @ DW_AT_frame_base
	.byte	93
	.long	.Linfo_string5                  @ DW_AT_name
	.byte	1                               @ DW_AT_decl_file
	.byte	75                              @ DW_AT_decl_line
                                        @ DW_AT_prototyped
                                        @ DW_AT_external
	.byte	4                               @ Abbrev [4] 0x9a:0xe DW_TAG_formal_parameter
	.byte	2                               @ DW_AT_location
	.byte	145
	.byte	4
	.long	.Linfo_string12                 @ DW_AT_name
	.byte	1                               @ DW_AT_decl_file
	.byte	75                              @ DW_AT_decl_line
	.long	281                             @ DW_AT_type
	.byte	4                               @ Abbrev [4] 0xa8:0xe DW_TAG_formal_parameter
	.byte	2                               @ DW_AT_location
	.byte	145
	.byte	2
	.long	.Linfo_string16                 @ DW_AT_name
	.byte	1                               @ DW_AT_decl_file
	.byte	75                              @ DW_AT_decl_line
	.long	386                             @ DW_AT_type
	.byte	0                               @ End Of Children Mark
	.byte	3                               @ Abbrev [3] 0xb7:0x62 DW_TAG_subprogram
	.long	.Lfunc_begin2                   @ DW_AT_low_pc
	.long	.Lfunc_end2-.Lfunc_begin2       @ DW_AT_high_pc
	.byte	1                               @ DW_AT_frame_base
	.byte	93
	.long	.Linfo_string6                  @ DW_AT_name
	.byte	1                               @ DW_AT_decl_file
	.byte	103                             @ DW_AT_decl_line
                                        @ DW_AT_prototyped
	.long	38                              @ DW_AT_type
                                        @ DW_AT_external
	.byte	4                               @ Abbrev [4] 0xcc:0xe DW_TAG_formal_parameter
	.byte	2                               @ DW_AT_location
	.byte	145
	.byte	8
	.long	.Linfo_string12                 @ DW_AT_name
	.byte	1                               @ DW_AT_decl_file
	.byte	103                             @ DW_AT_decl_line
	.long	281                             @ DW_AT_type
	.byte	4                               @ Abbrev [4] 0xda:0xe DW_TAG_formal_parameter
	.byte	2                               @ DW_AT_location
	.byte	145
	.byte	4
	.long	.Linfo_string7                  @ DW_AT_name
	.byte	1                               @ DW_AT_decl_file
	.byte	103                             @ DW_AT_decl_line
	.long	38                              @ DW_AT_type
	.byte	7                               @ Abbrev [7] 0xe8:0x18 DW_TAG_lexical_block
	.long	.Ltmp24                         @ DW_AT_low_pc
	.long	.Ltmp29-.Ltmp24                 @ DW_AT_high_pc
	.byte	5                               @ Abbrev [5] 0xf1:0xe DW_TAG_variable
	.byte	2                               @ DW_AT_location
	.byte	145
	.byte	2
	.long	.Linfo_string21                 @ DW_AT_name
	.byte	1                               @ DW_AT_decl_file
	.byte	111                             @ DW_AT_decl_line
	.long	386                             @ DW_AT_type
	.byte	0                               @ End Of Children Mark
	.byte	7                               @ Abbrev [7] 0x100:0x18 DW_TAG_lexical_block
	.long	.Ltmp30                         @ DW_AT_low_pc
	.long	.Ltmp35-.Ltmp30                 @ DW_AT_high_pc
	.byte	5                               @ Abbrev [5] 0x109:0xe DW_TAG_variable
	.byte	2                               @ DW_AT_location
	.byte	145
	.byte	0
	.long	.Linfo_string21                 @ DW_AT_name
	.byte	1                               @ DW_AT_decl_file
	.byte	120                             @ DW_AT_decl_line
	.long	386                             @ DW_AT_type
	.byte	0                               @ End Of Children Mark
	.byte	0                               @ End Of Children Mark
	.byte	8                               @ Abbrev [8] 0x119:0x5 DW_TAG_pointer_type
	.long	286                             @ DW_AT_type
	.byte	9                               @ Abbrev [9] 0x11e:0xb DW_TAG_typedef
	.long	297                             @ DW_AT_type
	.long	.Linfo_string20                 @ DW_AT_name
	.byte	2                               @ DW_AT_decl_file
	.byte	42                              @ DW_AT_decl_line
	.byte	10                              @ Abbrev [10] 0x129:0x4d DW_TAG_structure_type
	.byte	24                              @ DW_AT_byte_size
	.byte	2                               @ DW_AT_decl_file
	.byte	34                              @ DW_AT_decl_line
	.byte	11                              @ Abbrev [11] 0x12d:0xc DW_TAG_member
	.long	.Linfo_string13                 @ DW_AT_name
	.long	374                             @ DW_AT_type
	.byte	2                               @ DW_AT_decl_file
	.byte	36                              @ DW_AT_decl_line
	.byte	0                               @ DW_AT_data_member_location
	.byte	11                              @ Abbrev [11] 0x139:0xc DW_TAG_member
	.long	.Linfo_string15                 @ DW_AT_name
	.long	381                             @ DW_AT_type
	.byte	2                               @ DW_AT_decl_file
	.byte	37                              @ DW_AT_decl_line
	.byte	4                               @ DW_AT_data_member_location
	.byte	11                              @ Abbrev [11] 0x145:0xc DW_TAG_member
	.long	.Linfo_string16                 @ DW_AT_name
	.long	386                             @ DW_AT_type
	.byte	2                               @ DW_AT_decl_file
	.byte	38                              @ DW_AT_decl_line
	.byte	8                               @ DW_AT_data_member_location
	.byte	11                              @ Abbrev [11] 0x151:0xc DW_TAG_member
	.long	.Linfo_string7                  @ DW_AT_name
	.long	38                              @ DW_AT_type
	.byte	2                               @ DW_AT_decl_file
	.byte	39                              @ DW_AT_decl_line
	.byte	12                              @ DW_AT_data_member_location
	.byte	11                              @ Abbrev [11] 0x15d:0xc DW_TAG_member
	.long	.Linfo_string19                 @ DW_AT_name
	.long	38                              @ DW_AT_type
	.byte	2                               @ DW_AT_decl_file
	.byte	40                              @ DW_AT_decl_line
	.byte	16                              @ DW_AT_data_member_location
	.byte	11                              @ Abbrev [11] 0x169:0xc DW_TAG_member
	.long	.Linfo_string11                 @ DW_AT_name
	.long	38                              @ DW_AT_type
	.byte	2                               @ DW_AT_decl_file
	.byte	41                              @ DW_AT_decl_line
	.byte	20                              @ DW_AT_data_member_location
	.byte	0                               @ End Of Children Mark
	.byte	2                               @ Abbrev [2] 0x176:0x7 DW_TAG_base_type
	.long	.Linfo_string14                 @ DW_AT_name
	.byte	2                               @ DW_AT_encoding
	.byte	1                               @ DW_AT_byte_size
	.byte	8                               @ Abbrev [8] 0x17d:0x5 DW_TAG_pointer_type
	.long	38                              @ DW_AT_type
	.byte	9                               @ Abbrev [9] 0x182:0xb DW_TAG_typedef
	.long	397                             @ DW_AT_type
	.long	.Linfo_string18                 @ DW_AT_name
	.byte	3                               @ DW_AT_decl_file
	.byte	63                              @ DW_AT_decl_line
	.byte	2                               @ Abbrev [2] 0x18d:0x7 DW_TAG_base_type
	.long	.Linfo_string17                 @ DW_AT_name
	.byte	7                               @ DW_AT_encoding
	.byte	2                               @ DW_AT_byte_size
	.byte	0                               @ End Of Children Mark
.Ldebug_info_end0:
	.section	.debug_ranges,"",%progbits
.Ldebug_ranges0:
	.long	.Lfunc_begin0
	.long	.Lfunc_end0
	.long	.Lfunc_begin1
	.long	.Lfunc_end1
	.long	.Lfunc_begin2
	.long	.Lfunc_end2
	.long	0
	.long	0
	.section	.debug_str,"MS",%progbits,1
.Linfo_string0:
	.asciz	"Component: Arm Compiler for Embedded 6.24 Tool: armclang [5f371800]" @ string offset=0
.Linfo_string1:
	.asciz	"../Algorithm/Src\\ramp.c"      @ string offset=68
.Linfo_string2:
	.asciz	"D:\\stm32_project\\daily_work\\new_bubing\\cod_update_2.0\\COD_H7_Template\\MDK-ARM" @ string offset=92
.Linfo_string3:
	.asciz	"float"                         @ string offset=170
.Linfo_string4:
	.asciz	"f_Ramp_Calc"                   @ string offset=176
.Linfo_string5:
	.asciz	"MovingAverage_Init"            @ string offset=188
.Linfo_string6:
	.asciz	"MovingAverage_Update"          @ string offset=207
.Linfo_string7:
	.asciz	"input"                         @ string offset=228
.Linfo_string8:
	.asciz	"target"                        @ string offset=234
.Linfo_string9:
	.asciz	"ramp"                          @ string offset=241
.Linfo_string10:
	.asciz	"error"                         @ string offset=246
.Linfo_string11:
	.asciz	"output"                        @ string offset=252
.Linfo_string12:
	.asciz	"MA"                            @ string offset=259
.Linfo_string13:
	.asciz	"init"                          @ string offset=262
.Linfo_string14:
	.asciz	"_Bool"                         @ string offset=267
.Linfo_string15:
	.asciz	"filter_buff"                   @ string offset=273
.Linfo_string16:
	.asciz	"length"                        @ string offset=285
.Linfo_string17:
	.asciz	"unsigned short"                @ string offset=292
.Linfo_string18:
	.asciz	"uint16_t"                      @ string offset=307
.Linfo_string19:
	.asciz	"sum"                           @ string offset=316
.Linfo_string20:
	.asciz	"MovingAverage_Info_TypeDef"    @ string offset=320
.Linfo_string21:
	.asciz	"i"                             @ string offset=347
	.ident	"Component: Arm Compiler for Embedded 6.24 Tool: armclang [5f371800]"
	.section	".note.GNU-stack","",%progbits
	.eabi_attribute	30, 6	@ Tag_ABI_optimization_goals
	.ARM_attribute	16, 1	@ Tag_AV_eba
	.section	.debug_line,"",%progbits
.Lline_table_start0:
