	.text
	.syntax unified
	.eabi_attribute	67, "2.09"	@ Tag_conformance
	.cpu	cortex-m7
	.eabi_attribute	6, 13	@ Tag_CPU_arch
	.eabi_attribute	7, 77	@ Tag_CPU_arch_profile
	.eabi_attribute	8, 0	@ Tag_ARM_ISA_use
	.eabi_attribute	9, 2	@ Tag_THUMB_ISA_use
	.fpu	fpv5-d16
	.eabi_attribute	36, 1	@ Tag_FP_HP_extension
	.eabi_attribute	34, 1	@ Tag_CPU_unaligned_access
	.eabi_attribute	17, 1	@ Tag_ABI_PCS_GOT_use
	.eabi_attribute	20, 2	@ Tag_ABI_FP_denormal
	.eabi_attribute	21, 0	@ Tag_ABI_FP_exceptions
	.eabi_attribute	23, 1	@ Tag_ABI_FP_number_model
	.eabi_attribute	24, 1	@ Tag_ABI_align_needed
	.eabi_attribute	25, 1	@ Tag_ABI_align_preserved
	.eabi_attribute	28, 1	@ Tag_ABI_VFP_args
	.eabi_attribute	38, 1	@ Tag_ABI_FP_16bit_format
	.eabi_attribute	18, 2	@ Tag_ABI_PCS_wchar_t
	.eabi_attribute	26, 1	@ Tag_ABI_enum_size
	.eabi_attribute	14, 0	@ Tag_ABI_PCS_R9_use
	.file	"RLS.c"
	.file	1 "D:\\stm32_project\\daily_work\\new_bubing\\cod_update_2.0\\COD_H7_Template\\MDK-ARM" "../Algorithm/Src/RLS.c"
	.section	.text.RLS_validate,"ax",%progbits
	.hidden	RLS_validate                    @ -- Begin function RLS_validate
	.globl	RLS_validate
	.p2align	3
	.type	RLS_validate,%function
	.code	16                              @ @RLS_validate
	.thumb_func
RLS_validate:
.Lfunc_begin0:
	.loc	1 30 0                          @ ../Algorithm/Src/RLS.c:30:0
	.fnstart
	.cfi_sections .debug_frame
	.cfi_startproc
@ %bb.0:
	.pad	#8
	sub	sp, #8
	.cfi_def_cfa_offset 8
	str	r0, [sp]
.Ltmp0:
	.loc	1 31 9 prologue_end             @ ../Algorithm/Src/RLS.c:31:9
	ldr	r0, [sp]
.Ltmp1:
	.loc	1 31 9 is_stmt 0                @ ../Algorithm/Src/RLS.c:31:9
	cbnz	r0, .LBB0_2
	b	.LBB0_1
.LBB0_1:
	.loc	1 0 9                           @ ../Algorithm/Src/RLS.c:0:9
	movs	r0, #0
.Ltmp2:
	.loc	1 32 9 is_stmt 1                @ ../Algorithm/Src/RLS.c:32:9
	strb.w	r0, [sp, #7]
	b	.LBB0_8
.Ltmp3:
.LBB0_2:
	.loc	1 36 9                          @ ../Algorithm/Src/RLS.c:36:9
	ldr	r0, [sp]
	.loc	1 36 14 is_stmt 0               @ ../Algorithm/Src/RLS.c:36:14
	vldr	s0, [r0, #4]
	.loc	1 36 28                         @ ../Algorithm/Src/RLS.c:36:28
	vcmp.f32	s0, #0
	vmrs	APSR_nzcv, fpscr
	blt	.LBB0_4
	b	.LBB0_3
.LBB0_3:
	.loc	1 36 31                         @ ../Algorithm/Src/RLS.c:36:31
	ldr	r0, [sp]
	.loc	1 36 36                         @ ../Algorithm/Src/RLS.c:36:36
	vldr	s0, [r0, #4]
	vmov.f32	s2, #1.000000e+00
.Ltmp4:
	.loc	1 36 9                          @ ../Algorithm/Src/RLS.c:36:9
	vcmp.f32	s0, s2
	vmrs	APSR_nzcv, fpscr
	ble	.LBB0_5
	b	.LBB0_4
.LBB0_4:
	.loc	1 0 9                           @ ../Algorithm/Src/RLS.c:0:9
	movs	r0, #0
.Ltmp5:
	.loc	1 37 9 is_stmt 1                @ ../Algorithm/Src/RLS.c:37:9
	strb.w	r0, [sp, #7]
	b	.LBB0_8
.Ltmp6:
.LBB0_5:
	.loc	1 41 9                          @ ../Algorithm/Src/RLS.c:41:9
	ldr	r0, [sp]
	.loc	1 41 14 is_stmt 0               @ ../Algorithm/Src/RLS.c:41:14
	vldr	s0, [r0, #8]
.Ltmp7:
	.loc	1 41 9                          @ ../Algorithm/Src/RLS.c:41:9
	vcmp.f32	s0, #0
	vmrs	APSR_nzcv, fpscr
	bgt	.LBB0_7
	b	.LBB0_6
.LBB0_6:
	.loc	1 0 9                           @ ../Algorithm/Src/RLS.c:0:9
	movs	r0, #0
.Ltmp8:
	.loc	1 42 9 is_stmt 1                @ ../Algorithm/Src/RLS.c:42:9
	strb.w	r0, [sp, #7]
	b	.LBB0_8
.Ltmp9:
.LBB0_7:
	.loc	1 0 9 is_stmt 0                 @ ../Algorithm/Src/RLS.c:0:9
	movs	r0, #1
	.loc	1 45 5 is_stmt 1                @ ../Algorithm/Src/RLS.c:45:5
	strb.w	r0, [sp, #7]
	b	.LBB0_8
.LBB0_8:
	.loc	1 46 1                          @ ../Algorithm/Src/RLS.c:46:1
	ldrb.w	r0, [sp, #7]
	.loc	1 46 1 epilogue_begin is_stmt 0 @ ../Algorithm/Src/RLS.c:46:1
	add	sp, #8
	bx	lr
.Ltmp10:
.Lfunc_end0:
	.size	RLS_validate, .Lfunc_end0-RLS_validate
	.cfi_endproc
	.cantunwind
	.fnend
                                        @ -- End function
	.section	.text.RLS_init,"ax",%progbits
	.hidden	RLS_init                        @ -- Begin function RLS_init
	.globl	RLS_init
	.p2align	3
	.type	RLS_init,%function
	.code	16                              @ @RLS_init
	.thumb_func
RLS_init:
.Lfunc_begin1:
	.loc	1 63 0 is_stmt 1                @ ../Algorithm/Src/RLS.c:63:0
	.fnstart
	.cfi_startproc
@ %bb.0:
	.save	{r7, lr}
	push	{r7, lr}
	.cfi_def_cfa_offset 8
	.cfi_offset lr, -4
	.cfi_offset r7, -8
	.pad	#440
	sub	sp, #440
	.cfi_def_cfa_offset 448
	str	r0, [sp, #436]
	str	r1, [sp, #432]
	vstr	s0, [sp, #428]
	vstr	s1, [sp, #424]
.Ltmp11:
	.loc	1 64 9 prologue_end             @ ../Algorithm/Src/RLS.c:64:9
	ldr	r0, [sp, #436]
	.loc	1 64 21 is_stmt 0               @ ../Algorithm/Src/RLS.c:64:21
	cbz	r0, .LBB1_2
	b	.LBB1_1
.LBB1_1:
	.loc	1 64 24                         @ ../Algorithm/Src/RLS.c:64:24
	ldr	r0, [sp, #432]
.Ltmp12:
	.loc	1 64 9                          @ ../Algorithm/Src/RLS.c:64:9
	cmp	r0, #11
	blo	.LBB1_3
	b	.LBB1_2
.LBB1_2:
.Ltmp13:
	.loc	1 65 9 is_stmt 1                @ ../Algorithm/Src/RLS.c:65:9
	b	.LBB1_4
.Ltmp14:
.LBB1_3:
	.loc	1 69 22                         @ ../Algorithm/Src/RLS.c:69:22
	ldr	r0, [sp, #432]
	.loc	1 69 5 is_stmt 0                @ ../Algorithm/Src/RLS.c:69:5
	ldr	r1, [sp, #436]
	.loc	1 69 20                         @ ../Algorithm/Src/RLS.c:69:20
	str	r0, [r1]
	.loc	1 70 19 is_stmt 1               @ ../Algorithm/Src/RLS.c:70:19
	ldr	r0, [sp, #424]
	.loc	1 70 5 is_stmt 0                @ ../Algorithm/Src/RLS.c:70:5
	ldr	r1, [sp, #436]
	.loc	1 70 17                         @ ../Algorithm/Src/RLS.c:70:17
	str	r0, [r1, #4]
	.loc	1 71 18 is_stmt 1               @ ../Algorithm/Src/RLS.c:71:18
	ldr	r0, [sp, #428]
	.loc	1 71 5 is_stmt 0                @ ../Algorithm/Src/RLS.c:71:5
	ldr	r1, [sp, #436]
	.loc	1 71 16                         @ ../Algorithm/Src/RLS.c:71:16
	str	r0, [r1, #8]
	.loc	1 72 5 is_stmt 1                @ ../Algorithm/Src/RLS.c:72:5
	ldr	r1, [sp, #436]
	movs	r0, #0
	.loc	1 72 21 is_stmt 0               @ ../Algorithm/Src/RLS.c:72:21
	str	r0, [r1, #12]
	.loc	1 73 5 is_stmt 1                @ ../Algorithm/Src/RLS.c:73:5
	ldr	r1, [sp, #436]
	.loc	1 73 20 is_stmt 0               @ ../Algorithm/Src/RLS.c:73:20
	str	r0, [r1, #16]
	.loc	1 74 5 is_stmt 1                @ ../Algorithm/Src/RLS.c:74:5
	ldr	r1, [sp, #436]
	.loc	1 74 17 is_stmt 0               @ ../Algorithm/Src/RLS.c:74:17
	str.w	r0, [r1, #1684]
	.loc	1 77 18 is_stmt 1               @ ../Algorithm/Src/RLS.c:77:18
	ldr	r0, [sp, #436]
	.loc	1 77 23 is_stmt 0               @ ../Algorithm/Src/RLS.c:77:23
	adds	r0, #20
	.loc	1 77 36                         @ ../Algorithm/Src/RLS.c:77:36
	ldr	r1, [sp, #432]
	.loc	1 77 5                          @ ../Algorithm/Src/RLS.c:77:5
	bl	Matrixf_eye
	.loc	1 79 22 is_stmt 1               @ ../Algorithm/Src/RLS.c:79:22
	ldr	r1, [sp, #432]
	add	r0, sp, #8
	.loc	1 79 3 is_stmt 0                @ ../Algorithm/Src/RLS.c:79:3
	str	r0, [sp]                        @ 4-byte Spill
	bl	Matrixf_eye
	ldr	r1, [sp]                        @ 4-byte Reload
	.loc	1 80 20 is_stmt 1               @ ../Algorithm/Src/RLS.c:80:20
	ldr	r0, [sp, #436]
	.loc	1 80 25 is_stmt 0               @ ../Algorithm/Src/RLS.c:80:25
	adds	r0, #20
	.loc	1 80 46                         @ ../Algorithm/Src/RLS.c:80:46
	vldr	s0, [sp, #428]
	.loc	1 80 5                          @ ../Algorithm/Src/RLS.c:80:5
	bl	Matrixf_scale
	.loc	1 82 20 is_stmt 1               @ ../Algorithm/Src/RLS.c:82:20
	ldr	r0, [sp, #436]
	.loc	1 82 25 is_stmt 0               @ ../Algorithm/Src/RLS.c:82:25
	add.w	r0, r0, #436
	.loc	1 82 37                         @ ../Algorithm/Src/RLS.c:82:37
	ldr	r1, [sp, #432]
	movs	r2, #1
	.loc	1 82 5                          @ ../Algorithm/Src/RLS.c:82:5
	str	r2, [sp, #4]                    @ 4-byte Spill
	bl	Matrixf_zeros
	ldr	r2, [sp, #4]                    @ 4-byte Reload
	.loc	1 83 20 is_stmt 1               @ ../Algorithm/Src/RLS.c:83:20
	ldr	r0, [sp, #436]
	.loc	1 83 25 is_stmt 0               @ ../Algorithm/Src/RLS.c:83:25
	add.w	r0, r0, #852
	.loc	1 83 39                         @ ../Algorithm/Src/RLS.c:83:39
	ldr	r1, [sp, #432]
	.loc	1 83 5                          @ ../Algorithm/Src/RLS.c:83:5
	bl	Matrixf_zeros
	ldr	r2, [sp, #4]                    @ 4-byte Reload
	.loc	1 84 20 is_stmt 1               @ ../Algorithm/Src/RLS.c:84:20
	ldr	r0, [sp, #436]
	.loc	1 84 25 is_stmt 0               @ ../Algorithm/Src/RLS.c:84:25
	addw	r0, r0, #1268
	.loc	1 84 46                         @ ../Algorithm/Src/RLS.c:84:46
	ldr	r1, [sp, #432]
	.loc	1 84 5                          @ ../Algorithm/Src/RLS.c:84:5
	bl	Matrixf_zeros
	.loc	1 87 18 is_stmt 1               @ ../Algorithm/Src/RLS.c:87:18
	ldr	r0, [sp, #436]
	.loc	1 87 5 is_stmt 0                @ ../Algorithm/Src/RLS.c:87:5
	bl	RLS_validate
	.loc	1 88 1 is_stmt 1                @ ../Algorithm/Src/RLS.c:88:1
	b	.LBB1_4
.LBB1_4:
	.loc	1 88 1 epilogue_begin is_stmt 0 @ ../Algorithm/Src/RLS.c:88:1
	add	sp, #440
	pop	{r7, pc}
.Ltmp15:
.Lfunc_end1:
	.size	RLS_init, .Lfunc_end1-RLS_init
	.cfi_endproc
	.cantunwind
	.fnend
                                        @ -- End function
	.section	.text.RLS_update,"ax",%progbits
	.hidden	RLS_update                      @ -- Begin function RLS_update
	.globl	RLS_update
	.p2align	3
	.type	RLS_update,%function
	.code	16                              @ @RLS_update
	.thumb_func
RLS_update:
.Lfunc_begin2:
	.loc	1 174 0 is_stmt 1               @ ../Algorithm/Src/RLS.c:174:0
	.fnstart
	.cfi_startproc
@ %bb.0:
	.save	{r7, lr}
	push	{r7, lr}
	.cfi_def_cfa_offset 8
	.cfi_offset lr, -4
	.cfi_offset r7, -8
	.pad	#2152
	subw	sp, sp, #2152
	.cfi_def_cfa_offset 2160
	addw	r2, sp, #2136
	str	r2, [sp, #40]                   @ 4-byte Spill
	mov	r2, r0
	ldr	r0, [sp, #40]                   @ 4-byte Reload
	str.w	r2, [sp, #2144]
	str.w	r1, [sp, #2140]
	vstr	s0, [r0]
.Ltmp16:
	.loc	1 175 9 prologue_end            @ ../Algorithm/Src/RLS.c:175:9
	ldr.w	r0, [sp, #2144]
	.loc	1 175 21 is_stmt 0              @ ../Algorithm/Src/RLS.c:175:21
	cbz	r0, .LBB2_2
	b	.LBB2_1
.LBB2_1:
	.loc	1 175 24                        @ ../Algorithm/Src/RLS.c:175:24
	ldr.w	r0, [sp, #2140]
.Ltmp17:
	.loc	1 175 9                         @ ../Algorithm/Src/RLS.c:175:9
	cbnz	r0, .LBB2_3
	b	.LBB2_2
.LBB2_2:
	.loc	1 0 9                           @ ../Algorithm/Src/RLS.c:0:9
	movs	r0, #0
.Ltmp18:
	.loc	1 176 9 is_stmt 1               @ ../Algorithm/Src/RLS.c:176:9
	str.w	r0, [sp, #2148]
	b	.LBB2_6
.Ltmp19:
.LBB2_3:
	.loc	1 181 33                        @ ../Algorithm/Src/RLS.c:181:33
	ldr.w	r0, [sp, #2144]
	.loc	1 181 38 is_stmt 0              @ ../Algorithm/Src/RLS.c:181:38
	ldr	r1, [r0]
	.loc	1 181 52                        @ ../Algorithm/Src/RLS.c:181:52
	ldr.w	r3, [sp, #2140]
	add.w	r0, sp, #1720
	str	r0, [sp, #36]                   @ 4-byte Spill
	movs	r2, #1
	.loc	1 181 5                         @ ../Algorithm/Src/RLS.c:181:5
	bl	Matrixf_init
	ldr	r1, [sp, #36]                   @ 4-byte Reload
	add.w	r0, sp, #1304
	.loc	1 185 5 is_stmt 1               @ ../Algorithm/Src/RLS.c:185:5
	str	r0, [sp, #24]                   @ 4-byte Spill
	bl	Matrixf_trans
	ldr	r1, [sp, #24]                   @ 4-byte Reload
	.loc	1 189 44                        @ ../Algorithm/Src/RLS.c:189:44
	ldr.w	r0, [sp, #2144]
	.loc	1 189 49 is_stmt 0              @ ../Algorithm/Src/RLS.c:189:49
	add.w	r2, r0, #20
	add	r0, sp, #888
	.loc	1 189 5                         @ ../Algorithm/Src/RLS.c:189:5
	str	r0, [sp, #32]                   @ 4-byte Spill
	bl	Matrixf_mult
	ldr	r1, [sp, #32]                   @ 4-byte Reload
	ldr	r2, [sp, #36]                   @ 4-byte Reload
	add	r0, sp, #472
	.loc	1 190 5 is_stmt 1               @ ../Algorithm/Src/RLS.c:190:5
	str	r0, [sp, #28]                   @ 4-byte Spill
	bl	Matrixf_mult
                                        @ kill: def $r1 killed $r0
	.loc	1 193 24                        @ ../Algorithm/Src/RLS.c:193:24
	ldr	r0, [sp, #28]                   @ 4-byte Reload
	movs	r2, #0
	mov	r1, r2
	bl	Matrixf_get
	ldr	r0, [sp, #32]                   @ 4-byte Reload
	ldr	r2, [sp, #36]                   @ 4-byte Reload
	.loc	1 193 11 is_stmt 0              @ ../Algorithm/Src/RLS.c:193:11
	vstr	s0, [sp, #468]
	.loc	1 196 27 is_stmt 1              @ ../Algorithm/Src/RLS.c:196:27
	ldr.w	r1, [sp, #2144]
	.loc	1 196 32 is_stmt 0              @ ../Algorithm/Src/RLS.c:196:32
	adds	r1, #20
	.loc	1 196 5                         @ ../Algorithm/Src/RLS.c:196:5
	bl	Matrixf_mult
	.loc	1 197 25 is_stmt 1              @ ../Algorithm/Src/RLS.c:197:25
	ldr.w	r0, [sp, #2144]
	.loc	1 197 30 is_stmt 0              @ ../Algorithm/Src/RLS.c:197:30
	vldr	s0, [r0, #4]
	.loc	1 197 39                        @ ../Algorithm/Src/RLS.c:197:39
	vldr	s2, [sp, #468]
	.loc	1 197 37                        @ ../Algorithm/Src/RLS.c:197:37
	vadd.f32	s0, s0, s2
	.loc	1 197 11                        @ ../Algorithm/Src/RLS.c:197:11
	vstr	s0, [sp, #464]
.Ltmp20:
	.loc	1 199 9 is_stmt 1               @ ../Algorithm/Src/RLS.c:199:9
	vldr	s0, [sp, #464]
.Ltmp21:
	.loc	1 199 9 is_stmt 0               @ ../Algorithm/Src/RLS.c:199:9
	vcmp.f32	s0, #0
	vmrs	APSR_nzcv, fpscr
	beq	.LBB2_5
	b	.LBB2_4
.LBB2_4:
.Ltmp22:
	.loc	1 200 24 is_stmt 1              @ ../Algorithm/Src/RLS.c:200:24
	ldr.w	r0, [sp, #2144]
	.loc	1 200 29 is_stmt 0              @ ../Algorithm/Src/RLS.c:200:29
	add.w	r0, r0, #436
	.loc	1 200 56                        @ ../Algorithm/Src/RLS.c:200:56
	vldr	s2, [sp, #464]
	vmov.f32	s0, #1.000000e+00
	.loc	1 200 54                        @ ../Algorithm/Src/RLS.c:200:54
	vdiv.f32	s0, s0, s2
	add	r1, sp, #888
	.loc	1 200 9                         @ ../Algorithm/Src/RLS.c:200:9
	bl	Matrixf_scale
	.loc	1 201 5 is_stmt 1               @ ../Algorithm/Src/RLS.c:201:5
	b	.LBB2_5
.Ltmp23:
.LBB2_5:
	.loc	1 204 44                        @ ../Algorithm/Src/RLS.c:204:44
	ldr.w	r0, [sp, #2144]
	.loc	1 204 49 is_stmt 0              @ ../Algorithm/Src/RLS.c:204:49
	add.w	r2, r0, #852
	add	r0, sp, #472
	str	r0, [sp, #16]                   @ 4-byte Spill
	add.w	r1, sp, #1304
	.loc	1 204 5                         @ ../Algorithm/Src/RLS.c:204:5
	str	r1, [sp, #8]                    @ 4-byte Spill
	bl	Matrixf_mult
	ldr	r1, [sp, #40]                   @ 4-byte Reload
                                        @ kill: def $r2 killed $r0
	.loc	1 205 19 is_stmt 1              @ ../Algorithm/Src/RLS.c:205:19
	ldr	r0, [sp, #16]                   @ 4-byte Reload
	vldr	s0, [r1]
	vstr	s0, [sp, #4]                    @ 4-byte Spill
	movs	r2, #0
	.loc	1 205 34 is_stmt 0              @ ../Algorithm/Src/RLS.c:205:34
	mov	r1, r2
	bl	Matrixf_get
	vmov.f32	s2, s0
	.loc	1 205 32                        @ ../Algorithm/Src/RLS.c:205:32
	vldr	s0, [sp, #4]                    @ 4-byte Reload
	vsub.f32	s0, s0, s2
	.loc	1 205 11                        @ ../Algorithm/Src/RLS.c:205:11
	vstr	s0, [sp, #460]
	.loc	1 209 28 is_stmt 1              @ ../Algorithm/Src/RLS.c:209:28
	ldr.w	r0, [sp, #2144]
	.loc	1 209 33 is_stmt 0              @ ../Algorithm/Src/RLS.c:209:33
	add.w	r1, r0, #436
	.loc	1 209 45                        @ ../Algorithm/Src/RLS.c:209:45
	vldr	s0, [sp, #460]
	add	r0, sp, #44
	.loc	1 209 5                         @ ../Algorithm/Src/RLS.c:209:5
	str	r0, [sp, #20]                   @ 4-byte Spill
	bl	Matrixf_scale
	ldr	r2, [sp, #20]                   @ 4-byte Reload
	.loc	1 210 18 is_stmt 1              @ ../Algorithm/Src/RLS.c:210:18
	ldr.w	r0, [sp, #2144]
	.loc	1 210 23 is_stmt 0              @ ../Algorithm/Src/RLS.c:210:23
	add.w	r1, r0, #852
	.loc	1 210 5                         @ ../Algorithm/Src/RLS.c:210:5
	mov	r0, r1
	bl	Matrixf_add
	ldr	r2, [sp, #8]                    @ 4-byte Reload
	.loc	1 213 27 is_stmt 1              @ ../Algorithm/Src/RLS.c:213:27
	ldr.w	r0, [sp, #2144]
	.loc	1 213 32 is_stmt 0              @ ../Algorithm/Src/RLS.c:213:32
	add.w	r1, r0, #436
	add	r0, sp, #888
	.loc	1 213 5                         @ ../Algorithm/Src/RLS.c:213:5
	str	r0, [sp, #12]                   @ 4-byte Spill
	bl	Matrixf_mult
	ldr	r1, [sp, #12]                   @ 4-byte Reload
                                        @ kill: def $r2 killed $r0
	.loc	1 214 35 is_stmt 1              @ ../Algorithm/Src/RLS.c:214:35
	ldr	r0, [sp, #16]                   @ 4-byte Reload
	ldr.w	r2, [sp, #2144]
	.loc	1 214 40 is_stmt 0              @ ../Algorithm/Src/RLS.c:214:40
	adds	r2, #20
	.loc	1 214 5                         @ ../Algorithm/Src/RLS.c:214:5
	bl	Matrixf_mult
	ldr	r2, [sp, #16]                   @ 4-byte Reload
                                        @ kill: def $r1 killed $r0
	.loc	1 215 26 is_stmt 1              @ ../Algorithm/Src/RLS.c:215:26
	ldr	r0, [sp, #20]                   @ 4-byte Reload
	ldr.w	r1, [sp, #2144]
	.loc	1 215 31 is_stmt 0              @ ../Algorithm/Src/RLS.c:215:31
	adds	r1, #20
	.loc	1 215 5                         @ ../Algorithm/Src/RLS.c:215:5
	bl	Matrixf_sub
	ldr	r1, [sp, #20]                   @ 4-byte Reload
	.loc	1 216 20 is_stmt 1              @ ../Algorithm/Src/RLS.c:216:20
	ldr.w	r2, [sp, #2144]
	.loc	1 216 25 is_stmt 0              @ ../Algorithm/Src/RLS.c:216:25
	add.w	r0, r2, #20
	.loc	1 216 58                        @ ../Algorithm/Src/RLS.c:216:58
	vldr	s2, [r2, #4]
	vmov.f32	s0, #1.000000e+00
	.loc	1 216 51                        @ ../Algorithm/Src/RLS.c:216:51
	vdiv.f32	s0, s0, s2
	.loc	1 216 5                         @ ../Algorithm/Src/RLS.c:216:5
	bl	Matrixf_scale
	.loc	1 219 5 is_stmt 1               @ ../Algorithm/Src/RLS.c:219:5
	ldr.w	r1, [sp, #2144]
	.loc	1 219 19 is_stmt 0              @ ../Algorithm/Src/RLS.c:219:19
	ldr	r0, [r1, #16]
	adds	r0, #1
	str	r0, [r1, #16]
	.loc	1 220 23 is_stmt 1              @ ../Algorithm/Src/RLS.c:220:23
	bl	xTaskGetTickCount
	.loc	1 220 5 is_stmt 0               @ ../Algorithm/Src/RLS.c:220:5
	ldr.w	r1, [sp, #2144]
	.loc	1 220 21                        @ ../Algorithm/Src/RLS.c:220:21
	str	r0, [r1, #12]
	.loc	1 223 19 is_stmt 1              @ ../Algorithm/Src/RLS.c:223:19
	ldr.w	r0, [sp, #2136]
	.loc	1 223 5 is_stmt 0               @ ../Algorithm/Src/RLS.c:223:5
	ldr.w	r1, [sp, #2144]
	.loc	1 223 17                        @ ../Algorithm/Src/RLS.c:223:17
	str.w	r0, [r1, #1684]
	.loc	1 225 13 is_stmt 1              @ ../Algorithm/Src/RLS.c:225:13
	ldr.w	r0, [sp, #2144]
	.loc	1 225 18 is_stmt 0              @ ../Algorithm/Src/RLS.c:225:18
	add.w	r0, r0, #852
	.loc	1 225 5                         @ ../Algorithm/Src/RLS.c:225:5
	str.w	r0, [sp, #2148]
	b	.LBB2_6
.LBB2_6:
	.loc	1 226 1 is_stmt 1               @ ../Algorithm/Src/RLS.c:226:1
	ldr.w	r0, [sp, #2148]
	.loc	1 226 1 epilogue_begin is_stmt 0 @ ../Algorithm/Src/RLS.c:226:1
	addw	sp, sp, #2152
	pop	{r7, pc}
.Ltmp24:
.Lfunc_end2:
	.size	RLS_update, .Lfunc_end2-RLS_update
	.cfi_endproc
	.cantunwind
	.fnend
                                        @ -- End function
	.section	.text.RLS_setParamVector,"ax",%progbits
	.hidden	RLS_setParamVector              @ -- Begin function RLS_setParamVector
	.globl	RLS_setParamVector
	.p2align	3
	.type	RLS_setParamVector,%function
	.code	16                              @ @RLS_setParamVector
	.thumb_func
RLS_setParamVector:
.Lfunc_begin3:
	.loc	1 239 0 is_stmt 1               @ ../Algorithm/Src/RLS.c:239:0
	.fnstart
	.cfi_startproc
@ %bb.0:
	.save	{r7, lr}
	push	{r7, lr}
	.cfi_def_cfa_offset 8
	.cfi_offset lr, -4
	.cfi_offset r7, -8
	.pad	#16
	sub	sp, #16
	.cfi_def_cfa_offset 24
	str	r0, [sp, #12]
	str	r1, [sp, #8]
.Ltmp25:
	.loc	1 240 9 prologue_end            @ ../Algorithm/Src/RLS.c:240:9
	ldr	r0, [sp, #12]
	.loc	1 240 21 is_stmt 0              @ ../Algorithm/Src/RLS.c:240:21
	cbz	r0, .LBB3_2
	b	.LBB3_1
.LBB3_1:
	.loc	1 240 24                        @ ../Algorithm/Src/RLS.c:240:24
	ldr	r0, [sp, #8]
.Ltmp26:
	.loc	1 240 9                         @ ../Algorithm/Src/RLS.c:240:9
	cbnz	r0, .LBB3_3
	b	.LBB3_2
.LBB3_2:
.Ltmp27:
	.loc	1 241 9 is_stmt 1               @ ../Algorithm/Src/RLS.c:241:9
	b	.LBB3_7
.Ltmp28:
.LBB3_3:
	.loc	1 0 9 is_stmt 0                 @ ../Algorithm/Src/RLS.c:0:9
	movs	r0, #0
.Ltmp29:
	.loc	1 245 19 is_stmt 1              @ ../Algorithm/Src/RLS.c:245:19
	str	r0, [sp, #4]
	.loc	1 245 10 is_stmt 0              @ ../Algorithm/Src/RLS.c:245:10
	b	.LBB3_4
.LBB3_4:                                @ =>This Inner Loop Header: Depth=1
.Ltmp30:
	.loc	1 245 26                        @ ../Algorithm/Src/RLS.c:245:26
	ldr	r0, [sp, #4]
	.loc	1 245 30                        @ ../Algorithm/Src/RLS.c:245:30
	ldr	r1, [sp, #12]
	.loc	1 245 35                        @ ../Algorithm/Src/RLS.c:245:35
	ldr	r1, [r1]
.Ltmp31:
	.loc	1 245 5                         @ ../Algorithm/Src/RLS.c:245:5
	cmp	r0, r1
	bhs	.LBB3_7
	b	.LBB3_5
.LBB3_5:                                @   in Loop: Header=BB3_4 Depth=1
.Ltmp32:
	.loc	1 246 22 is_stmt 1              @ ../Algorithm/Src/RLS.c:246:22
	ldr	r0, [sp, #12]
	.loc	1 246 27 is_stmt 0              @ ../Algorithm/Src/RLS.c:246:27
	add.w	r0, r0, #852
	.loc	1 246 41                        @ ../Algorithm/Src/RLS.c:246:41
	ldr	r1, [sp, #4]
	.loc	1 246 47                        @ ../Algorithm/Src/RLS.c:246:47
	ldr	r2, [sp, #8]
	add.w	r2, r2, r1, lsl #2
	vldr	s0, [r2]
	movs	r2, #0
	.loc	1 246 9                         @ ../Algorithm/Src/RLS.c:246:9
	str	r2, [sp]                        @ 4-byte Spill
	bl	Matrixf_set
	ldr	r2, [sp]                        @ 4-byte Reload
	.loc	1 247 22 is_stmt 1              @ ../Algorithm/Src/RLS.c:247:22
	ldr	r0, [sp, #12]
	.loc	1 247 27 is_stmt 0              @ ../Algorithm/Src/RLS.c:247:27
	addw	r0, r0, #1268
	.loc	1 247 48                        @ ../Algorithm/Src/RLS.c:247:48
	ldr	r1, [sp, #4]
	.loc	1 247 54                        @ ../Algorithm/Src/RLS.c:247:54
	ldr	r3, [sp, #8]
	add.w	r3, r3, r1, lsl #2
	vldr	s0, [r3]
	.loc	1 247 9                         @ ../Algorithm/Src/RLS.c:247:9
	bl	Matrixf_set
	.loc	1 248 5 is_stmt 1               @ ../Algorithm/Src/RLS.c:248:5
	b	.LBB3_6
.Ltmp33:
.LBB3_6:                                @   in Loop: Header=BB3_4 Depth=1
	.loc	1 245 47                        @ ../Algorithm/Src/RLS.c:245:47
	ldr	r0, [sp, #4]
	adds	r0, #1
	str	r0, [sp, #4]
	.loc	1 245 5 is_stmt 0               @ ../Algorithm/Src/RLS.c:245:5
	b	.LBB3_4
.Ltmp34:
.LBB3_7:
	.loc	1 249 1 epilogue_begin is_stmt 1 @ ../Algorithm/Src/RLS.c:249:1
	add	sp, #16
	pop	{r7, pc}
.Ltmp35:
.Lfunc_end3:
	.size	RLS_setParamVector, .Lfunc_end3-RLS_setParamVector
	.cfi_endproc
	.cantunwind
	.fnend
                                        @ -- End function
	.hidden	k_pram                          @ @k_pram
	.type	k_pram,%object
	.section	.bss.k_pram,"aw",%nobits
	.globl	k_pram
	.p2align	2, 0x0
k_pram:
	.zero	8
	.size	k_pram, 8

	.file	2 "D:\\keil5_app\\Keil_v5\\ARM\\ARMCLANG\\bin\\..\\include" "stdint.h"
	.file	3 "D:\\stm32_project\\daily_work\\new_bubing\\cod_update_2.0\\COD_H7_Template\\MDK-ARM" "../Algorithm/Inc\\Matrix.h"
	.file	4 "D:\\stm32_project\\daily_work\\new_bubing\\cod_update_2.0\\COD_H7_Template\\MDK-ARM" "../Algorithm/Inc\\arm_math.h"
	.file	5 "D:\\stm32_project\\daily_work\\new_bubing\\cod_update_2.0\\COD_H7_Template\\MDK-ARM" "../Algorithm/Inc\\RLS.h"
	.file	6 "D:\\stm32_project\\daily_work\\new_bubing\\cod_update_2.0\\COD_H7_Template\\MDK-ARM" "../Middlewares/Third_Party/FreeRTOS/Source/portable/RVDS/ARM_CM4F\\portmacro.h"
	.section	.debug_abbrev,"",%progbits
	.byte	1                               @ Abbreviation Code
	.byte	17                              @ DW_TAG_compile_unit
	.byte	1                               @ DW_CHILDREN_yes
	.byte	37                              @ DW_AT_producer
	.byte	14                              @ DW_FORM_strp
	.byte	19                              @ DW_AT_language
	.byte	5                               @ DW_FORM_data2
	.byte	3                               @ DW_AT_name
	.byte	14                              @ DW_FORM_strp
	.byte	16                              @ DW_AT_stmt_list
	.byte	23                              @ DW_FORM_sec_offset
	.byte	27                              @ DW_AT_comp_dir
	.byte	14                              @ DW_FORM_strp
	.byte	17                              @ DW_AT_low_pc
	.byte	1                               @ DW_FORM_addr
	.byte	85                              @ DW_AT_ranges
	.byte	23                              @ DW_FORM_sec_offset
	.byte	0                               @ EOM(1)
	.byte	0                               @ EOM(2)
	.byte	2                               @ Abbreviation Code
	.byte	52                              @ DW_TAG_variable
	.byte	0                               @ DW_CHILDREN_no
	.byte	3                               @ DW_AT_name
	.byte	14                              @ DW_FORM_strp
	.byte	73                              @ DW_AT_type
	.byte	19                              @ DW_FORM_ref4
	.byte	63                              @ DW_AT_external
	.byte	25                              @ DW_FORM_flag_present
	.byte	58                              @ DW_AT_decl_file
	.byte	11                              @ DW_FORM_data1
	.byte	59                              @ DW_AT_decl_line
	.byte	11                              @ DW_FORM_data1
	.byte	2                               @ DW_AT_location
	.byte	24                              @ DW_FORM_exprloc
	.byte	0                               @ EOM(1)
	.byte	0                               @ EOM(2)
	.byte	3                               @ Abbreviation Code
	.byte	1                               @ DW_TAG_array_type
	.byte	1                               @ DW_CHILDREN_yes
	.byte	73                              @ DW_AT_type
	.byte	19                              @ DW_FORM_ref4
	.byte	0                               @ EOM(1)
	.byte	0                               @ EOM(2)
	.byte	4                               @ Abbreviation Code
	.byte	33                              @ DW_TAG_subrange_type
	.byte	0                               @ DW_CHILDREN_no
	.byte	73                              @ DW_AT_type
	.byte	19                              @ DW_FORM_ref4
	.byte	55                              @ DW_AT_count
	.byte	11                              @ DW_FORM_data1
	.byte	0                               @ EOM(1)
	.byte	0                               @ EOM(2)
	.byte	5                               @ Abbreviation Code
	.byte	36                              @ DW_TAG_base_type
	.byte	0                               @ DW_CHILDREN_no
	.byte	3                               @ DW_AT_name
	.byte	14                              @ DW_FORM_strp
	.byte	62                              @ DW_AT_encoding
	.byte	11                              @ DW_FORM_data1
	.byte	11                              @ DW_AT_byte_size
	.byte	11                              @ DW_FORM_data1
	.byte	0                               @ EOM(1)
	.byte	0                               @ EOM(2)
	.byte	6                               @ Abbreviation Code
	.byte	36                              @ DW_TAG_base_type
	.byte	0                               @ DW_CHILDREN_no
	.byte	3                               @ DW_AT_name
	.byte	14                              @ DW_FORM_strp
	.byte	11                              @ DW_AT_byte_size
	.byte	11                              @ DW_FORM_data1
	.byte	62                              @ DW_AT_encoding
	.byte	11                              @ DW_FORM_data1
	.byte	0                               @ EOM(1)
	.byte	0                               @ EOM(2)
	.byte	7                               @ Abbreviation Code
	.byte	46                              @ DW_TAG_subprogram
	.byte	1                               @ DW_CHILDREN_yes
	.byte	17                              @ DW_AT_low_pc
	.byte	1                               @ DW_FORM_addr
	.byte	18                              @ DW_AT_high_pc
	.byte	6                               @ DW_FORM_data4
	.byte	64                              @ DW_AT_frame_base
	.byte	24                              @ DW_FORM_exprloc
	.byte	3                               @ DW_AT_name
	.byte	14                              @ DW_FORM_strp
	.byte	58                              @ DW_AT_decl_file
	.byte	11                              @ DW_FORM_data1
	.byte	59                              @ DW_AT_decl_line
	.byte	11                              @ DW_FORM_data1
	.byte	39                              @ DW_AT_prototyped
	.byte	25                              @ DW_FORM_flag_present
	.byte	73                              @ DW_AT_type
	.byte	19                              @ DW_FORM_ref4
	.byte	63                              @ DW_AT_external
	.byte	25                              @ DW_FORM_flag_present
	.byte	0                               @ EOM(1)
	.byte	0                               @ EOM(2)
	.byte	8                               @ Abbreviation Code
	.byte	5                               @ DW_TAG_formal_parameter
	.byte	0                               @ DW_CHILDREN_no
	.byte	2                               @ DW_AT_location
	.byte	24                              @ DW_FORM_exprloc
	.byte	3                               @ DW_AT_name
	.byte	14                              @ DW_FORM_strp
	.byte	58                              @ DW_AT_decl_file
	.byte	11                              @ DW_FORM_data1
	.byte	59                              @ DW_AT_decl_line
	.byte	11                              @ DW_FORM_data1
	.byte	73                              @ DW_AT_type
	.byte	19                              @ DW_FORM_ref4
	.byte	0                               @ EOM(1)
	.byte	0                               @ EOM(2)
	.byte	9                               @ Abbreviation Code
	.byte	46                              @ DW_TAG_subprogram
	.byte	1                               @ DW_CHILDREN_yes
	.byte	17                              @ DW_AT_low_pc
	.byte	1                               @ DW_FORM_addr
	.byte	18                              @ DW_AT_high_pc
	.byte	6                               @ DW_FORM_data4
	.byte	64                              @ DW_AT_frame_base
	.byte	24                              @ DW_FORM_exprloc
	.byte	3                               @ DW_AT_name
	.byte	14                              @ DW_FORM_strp
	.byte	58                              @ DW_AT_decl_file
	.byte	11                              @ DW_FORM_data1
	.byte	59                              @ DW_AT_decl_line
	.byte	11                              @ DW_FORM_data1
	.byte	39                              @ DW_AT_prototyped
	.byte	25                              @ DW_FORM_flag_present
	.byte	63                              @ DW_AT_external
	.byte	25                              @ DW_FORM_flag_present
	.byte	0                               @ EOM(1)
	.byte	0                               @ EOM(2)
	.byte	10                              @ Abbreviation Code
	.byte	52                              @ DW_TAG_variable
	.byte	0                               @ DW_CHILDREN_no
	.byte	2                               @ DW_AT_location
	.byte	24                              @ DW_FORM_exprloc
	.byte	3                               @ DW_AT_name
	.byte	14                              @ DW_FORM_strp
	.byte	58                              @ DW_AT_decl_file
	.byte	11                              @ DW_FORM_data1
	.byte	59                              @ DW_AT_decl_line
	.byte	11                              @ DW_FORM_data1
	.byte	73                              @ DW_AT_type
	.byte	19                              @ DW_FORM_ref4
	.byte	0                               @ EOM(1)
	.byte	0                               @ EOM(2)
	.byte	11                              @ Abbreviation Code
	.byte	11                              @ DW_TAG_lexical_block
	.byte	1                               @ DW_CHILDREN_yes
	.byte	17                              @ DW_AT_low_pc
	.byte	1                               @ DW_FORM_addr
	.byte	18                              @ DW_AT_high_pc
	.byte	6                               @ DW_FORM_data4
	.byte	0                               @ EOM(1)
	.byte	0                               @ EOM(2)
	.byte	12                              @ Abbreviation Code
	.byte	15                              @ DW_TAG_pointer_type
	.byte	0                               @ DW_CHILDREN_no
	.byte	73                              @ DW_AT_type
	.byte	19                              @ DW_FORM_ref4
	.byte	0                               @ EOM(1)
	.byte	0                               @ EOM(2)
	.byte	13                              @ Abbreviation Code
	.byte	38                              @ DW_TAG_const_type
	.byte	0                               @ DW_CHILDREN_no
	.byte	73                              @ DW_AT_type
	.byte	19                              @ DW_FORM_ref4
	.byte	0                               @ EOM(1)
	.byte	0                               @ EOM(2)
	.byte	14                              @ Abbreviation Code
	.byte	22                              @ DW_TAG_typedef
	.byte	0                               @ DW_CHILDREN_no
	.byte	73                              @ DW_AT_type
	.byte	19                              @ DW_FORM_ref4
	.byte	3                               @ DW_AT_name
	.byte	14                              @ DW_FORM_strp
	.byte	58                              @ DW_AT_decl_file
	.byte	11                              @ DW_FORM_data1
	.byte	59                              @ DW_AT_decl_line
	.byte	11                              @ DW_FORM_data1
	.byte	0                               @ EOM(1)
	.byte	0                               @ EOM(2)
	.byte	15                              @ Abbreviation Code
	.byte	19                              @ DW_TAG_structure_type
	.byte	1                               @ DW_CHILDREN_yes
	.byte	11                              @ DW_AT_byte_size
	.byte	5                               @ DW_FORM_data2
	.byte	58                              @ DW_AT_decl_file
	.byte	11                              @ DW_FORM_data1
	.byte	59                              @ DW_AT_decl_line
	.byte	11                              @ DW_FORM_data1
	.byte	0                               @ EOM(1)
	.byte	0                               @ EOM(2)
	.byte	16                              @ Abbreviation Code
	.byte	13                              @ DW_TAG_member
	.byte	0                               @ DW_CHILDREN_no
	.byte	3                               @ DW_AT_name
	.byte	14                              @ DW_FORM_strp
	.byte	73                              @ DW_AT_type
	.byte	19                              @ DW_FORM_ref4
	.byte	58                              @ DW_AT_decl_file
	.byte	11                              @ DW_FORM_data1
	.byte	59                              @ DW_AT_decl_line
	.byte	11                              @ DW_FORM_data1
	.byte	56                              @ DW_AT_data_member_location
	.byte	11                              @ DW_FORM_data1
	.byte	0                               @ EOM(1)
	.byte	0                               @ EOM(2)
	.byte	17                              @ Abbreviation Code
	.byte	13                              @ DW_TAG_member
	.byte	0                               @ DW_CHILDREN_no
	.byte	3                               @ DW_AT_name
	.byte	14                              @ DW_FORM_strp
	.byte	73                              @ DW_AT_type
	.byte	19                              @ DW_FORM_ref4
	.byte	58                              @ DW_AT_decl_file
	.byte	11                              @ DW_FORM_data1
	.byte	59                              @ DW_AT_decl_line
	.byte	11                              @ DW_FORM_data1
	.byte	56                              @ DW_AT_data_member_location
	.byte	5                               @ DW_FORM_data2
	.byte	0                               @ EOM(1)
	.byte	0                               @ EOM(2)
	.byte	18                              @ Abbreviation Code
	.byte	22                              @ DW_TAG_typedef
	.byte	0                               @ DW_CHILDREN_no
	.byte	73                              @ DW_AT_type
	.byte	19                              @ DW_FORM_ref4
	.byte	3                               @ DW_AT_name
	.byte	14                              @ DW_FORM_strp
	.byte	58                              @ DW_AT_decl_file
	.byte	11                              @ DW_FORM_data1
	.byte	59                              @ DW_AT_decl_line
	.byte	5                               @ DW_FORM_data2
	.byte	0                               @ EOM(1)
	.byte	0                               @ EOM(2)
	.byte	19                              @ Abbreviation Code
	.byte	19                              @ DW_TAG_structure_type
	.byte	1                               @ DW_CHILDREN_yes
	.byte	11                              @ DW_AT_byte_size
	.byte	11                              @ DW_FORM_data1
	.byte	58                              @ DW_AT_decl_file
	.byte	11                              @ DW_FORM_data1
	.byte	59                              @ DW_AT_decl_line
	.byte	5                               @ DW_FORM_data2
	.byte	0                               @ EOM(1)
	.byte	0                               @ EOM(2)
	.byte	20                              @ Abbreviation Code
	.byte	13                              @ DW_TAG_member
	.byte	0                               @ DW_CHILDREN_no
	.byte	3                               @ DW_AT_name
	.byte	14                              @ DW_FORM_strp
	.byte	73                              @ DW_AT_type
	.byte	19                              @ DW_FORM_ref4
	.byte	58                              @ DW_AT_decl_file
	.byte	11                              @ DW_FORM_data1
	.byte	59                              @ DW_AT_decl_line
	.byte	5                               @ DW_FORM_data2
	.byte	56                              @ DW_AT_data_member_location
	.byte	11                              @ DW_FORM_data1
	.byte	0                               @ EOM(1)
	.byte	0                               @ EOM(2)
	.byte	0                               @ EOM(3)
	.section	.debug_info,"",%progbits
.Lcu_begin0:
	.long	.Ldebug_info_end0-.Ldebug_info_start0 @ Length of Unit
.Ldebug_info_start0:
	.short	4                               @ DWARF version number
	.long	.debug_abbrev                   @ Offset Into Abbrev. Section
	.byte	4                               @ Address Size (in bytes)
	.byte	1                               @ Abbrev [1] 0xb:0x345 DW_TAG_compile_unit
	.long	.Linfo_string0                  @ DW_AT_producer
	.short	12                              @ DW_AT_language
	.long	.Linfo_string1                  @ DW_AT_name
	.long	.Lline_table_start0             @ DW_AT_stmt_list
	.long	.Linfo_string2                  @ DW_AT_comp_dir
	.long	0                               @ DW_AT_low_pc
	.long	.Ldebug_ranges0                 @ DW_AT_ranges
	.byte	2                               @ Abbrev [2] 0x26:0x11 DW_TAG_variable
	.long	.Linfo_string3                  @ DW_AT_name
	.long	55                              @ DW_AT_type
                                        @ DW_AT_external
	.byte	1                               @ DW_AT_decl_file
	.byte	18                              @ DW_AT_decl_line
	.byte	5                               @ DW_AT_location
	.byte	3
	.long	k_pram
	.byte	3                               @ Abbrev [3] 0x37:0xc DW_TAG_array_type
	.long	67                              @ DW_AT_type
	.byte	4                               @ Abbrev [4] 0x3c:0x6 DW_TAG_subrange_type
	.long	74                              @ DW_AT_type
	.byte	2                               @ DW_AT_count
	.byte	0                               @ End Of Children Mark
	.byte	5                               @ Abbrev [5] 0x43:0x7 DW_TAG_base_type
	.long	.Linfo_string4                  @ DW_AT_name
	.byte	4                               @ DW_AT_encoding
	.byte	4                               @ DW_AT_byte_size
	.byte	6                               @ Abbrev [6] 0x4a:0x7 DW_TAG_base_type
	.long	.Linfo_string5                  @ DW_AT_name
	.byte	8                               @ DW_AT_byte_size
	.byte	7                               @ DW_AT_encoding
	.byte	7                               @ Abbrev [7] 0x51:0x24 DW_TAG_subprogram
	.long	.Lfunc_begin0                   @ DW_AT_low_pc
	.long	.Lfunc_end0-.Lfunc_begin0       @ DW_AT_high_pc
	.byte	1                               @ DW_AT_frame_base
	.byte	93
	.long	.Linfo_string6                  @ DW_AT_name
	.byte	1                               @ DW_AT_decl_file
	.byte	30                              @ DW_AT_decl_line
                                        @ DW_AT_prototyped
	.long	465                             @ DW_AT_type
                                        @ DW_AT_external
	.byte	8                               @ Abbrev [8] 0x66:0xe DW_TAG_formal_parameter
	.byte	2                               @ DW_AT_location
	.byte	145
	.byte	0
	.long	.Linfo_string25                 @ DW_AT_name
	.byte	1                               @ DW_AT_decl_file
	.byte	30                              @ DW_AT_decl_line
	.long	670                             @ DW_AT_type
	.byte	0                               @ End Of Children Mark
	.byte	9                               @ Abbrev [9] 0x75:0x5c DW_TAG_subprogram
	.long	.Lfunc_begin1                   @ DW_AT_low_pc
	.long	.Lfunc_end1-.Lfunc_begin1       @ DW_AT_high_pc
	.byte	1                               @ DW_AT_frame_base
	.byte	93
	.long	.Linfo_string8                  @ DW_AT_name
	.byte	1                               @ DW_AT_decl_file
	.byte	63                              @ DW_AT_decl_line
                                        @ DW_AT_prototyped
                                        @ DW_AT_external
	.byte	8                               @ Abbrev [8] 0x86:0xf DW_TAG_formal_parameter
	.byte	3                               @ DW_AT_location
	.byte	145
	.ascii	"\264\003"
	.long	.Linfo_string25                 @ DW_AT_name
	.byte	1                               @ DW_AT_decl_file
	.byte	63                              @ DW_AT_decl_line
	.long	832                             @ DW_AT_type
	.byte	8                               @ Abbrev [8] 0x95:0xf DW_TAG_formal_parameter
	.byte	3                               @ DW_AT_location
	.byte	145
	.ascii	"\260\003"
	.long	.Linfo_string26                 @ DW_AT_name
	.byte	1                               @ DW_AT_decl_file
	.byte	63                              @ DW_AT_decl_line
	.long	548                             @ DW_AT_type
	.byte	8                               @ Abbrev [8] 0xa4:0xf DW_TAG_formal_parameter
	.byte	3                               @ DW_AT_location
	.byte	145
	.ascii	"\254\003"
	.long	.Linfo_string28                 @ DW_AT_name
	.byte	1                               @ DW_AT_decl_file
	.byte	63                              @ DW_AT_decl_line
	.long	67                              @ DW_AT_type
	.byte	8                               @ Abbrev [8] 0xb3:0xf DW_TAG_formal_parameter
	.byte	3                               @ DW_AT_location
	.byte	145
	.ascii	"\250\003"
	.long	.Linfo_string27                 @ DW_AT_name
	.byte	1                               @ DW_AT_decl_file
	.byte	63                              @ DW_AT_decl_line
	.long	67                              @ DW_AT_type
	.byte	10                              @ Abbrev [10] 0xc2:0xe DW_TAG_variable
	.byte	2                               @ DW_AT_location
	.byte	145
	.byte	8
	.long	.Linfo_string38                 @ DW_AT_name
	.byte	1                               @ DW_AT_decl_file
	.byte	78                              @ DW_AT_decl_line
	.long	482                             @ DW_AT_type
	.byte	0                               @ End Of Children Mark
	.byte	7                               @ Abbrev [7] 0xd1:0xba DW_TAG_subprogram
	.long	.Lfunc_begin2                   @ DW_AT_low_pc
	.long	.Lfunc_end2-.Lfunc_begin2       @ DW_AT_high_pc
	.byte	1                               @ DW_AT_frame_base
	.byte	93
	.long	.Linfo_string9                  @ DW_AT_name
	.byte	1                               @ DW_AT_decl_file
	.byte	174                             @ DW_AT_decl_line
                                        @ DW_AT_prototyped
	.long	472                             @ DW_AT_type
                                        @ DW_AT_external
	.byte	8                               @ Abbrev [8] 0xe6:0xf DW_TAG_formal_parameter
	.byte	3                               @ DW_AT_location
	.byte	145
	.ascii	"\340\020"
	.long	.Linfo_string25                 @ DW_AT_name
	.byte	1                               @ DW_AT_decl_file
	.byte	174                             @ DW_AT_decl_line
	.long	832                             @ DW_AT_type
	.byte	8                               @ Abbrev [8] 0xf5:0xf DW_TAG_formal_parameter
	.byte	3                               @ DW_AT_location
	.byte	145
	.ascii	"\334\020"
	.long	.Linfo_string39                 @ DW_AT_name
	.byte	1                               @ DW_AT_decl_file
	.byte	174                             @ DW_AT_decl_line
	.long	837                             @ DW_AT_type
	.byte	8                               @ Abbrev [8] 0x104:0xf DW_TAG_formal_parameter
	.byte	3                               @ DW_AT_location
	.byte	145
	.ascii	"\330\020"
	.long	.Linfo_string40                 @ DW_AT_name
	.byte	1                               @ DW_AT_decl_file
	.byte	174                             @ DW_AT_decl_line
	.long	67                              @ DW_AT_type
	.byte	10                              @ Abbrev [10] 0x113:0xf DW_TAG_variable
	.byte	3                               @ DW_AT_location
	.byte	145
	.ascii	"\270\r"
	.long	.Linfo_string41                 @ DW_AT_name
	.byte	1                               @ DW_AT_decl_file
	.byte	180                             @ DW_AT_decl_line
	.long	482                             @ DW_AT_type
	.byte	10                              @ Abbrev [10] 0x122:0xf DW_TAG_variable
	.byte	3                               @ DW_AT_location
	.byte	145
	.ascii	"\230\n"
	.long	.Linfo_string42                 @ DW_AT_name
	.byte	1                               @ DW_AT_decl_file
	.byte	184                             @ DW_AT_decl_line
	.long	482                             @ DW_AT_type
	.byte	10                              @ Abbrev [10] 0x131:0xf DW_TAG_variable
	.byte	3                               @ DW_AT_location
	.byte	145
	.ascii	"\370\006"
	.long	.Linfo_string43                 @ DW_AT_name
	.byte	1                               @ DW_AT_decl_file
	.byte	188                             @ DW_AT_decl_line
	.long	482                             @ DW_AT_type
	.byte	10                              @ Abbrev [10] 0x140:0xf DW_TAG_variable
	.byte	3                               @ DW_AT_location
	.byte	145
	.ascii	"\330\003"
	.long	.Linfo_string44                 @ DW_AT_name
	.byte	1                               @ DW_AT_decl_file
	.byte	188                             @ DW_AT_decl_line
	.long	482                             @ DW_AT_type
	.byte	10                              @ Abbrev [10] 0x14f:0xf DW_TAG_variable
	.byte	3                               @ DW_AT_location
	.byte	145
	.ascii	"\324\003"
	.long	.Linfo_string45                 @ DW_AT_name
	.byte	1                               @ DW_AT_decl_file
	.byte	193                             @ DW_AT_decl_line
	.long	67                              @ DW_AT_type
	.byte	10                              @ Abbrev [10] 0x15e:0xf DW_TAG_variable
	.byte	3                               @ DW_AT_location
	.byte	145
	.ascii	"\320\003"
	.long	.Linfo_string46                 @ DW_AT_name
	.byte	1                               @ DW_AT_decl_file
	.byte	197                             @ DW_AT_decl_line
	.long	67                              @ DW_AT_type
	.byte	10                              @ Abbrev [10] 0x16d:0xf DW_TAG_variable
	.byte	3                               @ DW_AT_location
	.byte	145
	.ascii	"\314\003"
	.long	.Linfo_string47                 @ DW_AT_name
	.byte	1                               @ DW_AT_decl_file
	.byte	205                             @ DW_AT_decl_line
	.long	67                              @ DW_AT_type
	.byte	10                              @ Abbrev [10] 0x17c:0xe DW_TAG_variable
	.byte	2                               @ DW_AT_location
	.byte	145
	.byte	44
	.long	.Linfo_string48                 @ DW_AT_name
	.byte	1                               @ DW_AT_decl_file
	.byte	208                             @ DW_AT_decl_line
	.long	482                             @ DW_AT_type
	.byte	0                               @ End Of Children Mark
	.byte	9                               @ Abbrev [9] 0x18b:0x46 DW_TAG_subprogram
	.long	.Lfunc_begin3                   @ DW_AT_low_pc
	.long	.Lfunc_end3-.Lfunc_begin3       @ DW_AT_high_pc
	.byte	1                               @ DW_AT_frame_base
	.byte	93
	.long	.Linfo_string24                 @ DW_AT_name
	.byte	1                               @ DW_AT_decl_file
	.byte	239                             @ DW_AT_decl_line
                                        @ DW_AT_prototyped
                                        @ DW_AT_external
	.byte	8                               @ Abbrev [8] 0x19c:0xe DW_TAG_formal_parameter
	.byte	2                               @ DW_AT_location
	.byte	145
	.byte	12
	.long	.Linfo_string25                 @ DW_AT_name
	.byte	1                               @ DW_AT_decl_file
	.byte	239                             @ DW_AT_decl_line
	.long	832                             @ DW_AT_type
	.byte	8                               @ Abbrev [8] 0x1aa:0xe DW_TAG_formal_parameter
	.byte	2                               @ DW_AT_location
	.byte	145
	.byte	8
	.long	.Linfo_string49                 @ DW_AT_name
	.byte	1                               @ DW_AT_decl_file
	.byte	239                             @ DW_AT_decl_line
	.long	837                             @ DW_AT_type
	.byte	11                              @ Abbrev [11] 0x1b8:0x18 DW_TAG_lexical_block
	.long	.Ltmp29                         @ DW_AT_low_pc
	.long	.Ltmp34-.Ltmp29                 @ DW_AT_high_pc
	.byte	10                              @ Abbrev [10] 0x1c1:0xe DW_TAG_variable
	.byte	2                               @ DW_AT_location
	.byte	145
	.byte	4
	.long	.Linfo_string50                 @ DW_AT_name
	.byte	1                               @ DW_AT_decl_file
	.byte	245                             @ DW_AT_decl_line
	.long	548                             @ DW_AT_type
	.byte	0                               @ End Of Children Mark
	.byte	0                               @ End Of Children Mark
	.byte	5                               @ Abbrev [5] 0x1d1:0x7 DW_TAG_base_type
	.long	.Linfo_string7                  @ DW_AT_name
	.byte	2                               @ DW_AT_encoding
	.byte	1                               @ DW_AT_byte_size
	.byte	12                              @ Abbrev [12] 0x1d8:0x5 DW_TAG_pointer_type
	.long	477                             @ DW_AT_type
	.byte	13                              @ Abbrev [13] 0x1dd:0x5 DW_TAG_const_type
	.long	482                             @ DW_AT_type
	.byte	14                              @ Abbrev [14] 0x1e2:0xb DW_TAG_typedef
	.long	493                             @ DW_AT_type
	.long	.Linfo_string23                 @ DW_AT_name
	.byte	3                               @ DW_AT_decl_file
	.byte	35                              @ DW_AT_decl_line
	.byte	15                              @ Abbrev [15] 0x1ed:0x37 DW_TAG_structure_type
	.short	416                             @ DW_AT_byte_size
	.byte	3                               @ DW_AT_decl_file
	.byte	30                              @ DW_AT_decl_line
	.byte	16                              @ Abbrev [16] 0x1f2:0xc DW_TAG_member
	.long	.Linfo_string10                 @ DW_AT_name
	.long	548                             @ DW_AT_type
	.byte	3                               @ DW_AT_decl_file
	.byte	31                              @ DW_AT_decl_line
	.byte	0                               @ DW_AT_data_member_location
	.byte	16                              @ Abbrev [16] 0x1fe:0xc DW_TAG_member
	.long	.Linfo_string13                 @ DW_AT_name
	.long	548                             @ DW_AT_type
	.byte	3                               @ DW_AT_decl_file
	.byte	32                              @ DW_AT_decl_line
	.byte	4                               @ DW_AT_data_member_location
	.byte	16                              @ Abbrev [16] 0x20a:0xc DW_TAG_member
	.long	.Linfo_string14                 @ DW_AT_name
	.long	566                             @ DW_AT_type
	.byte	3                               @ DW_AT_decl_file
	.byte	33                              @ DW_AT_decl_line
	.byte	8                               @ DW_AT_data_member_location
	.byte	17                              @ Abbrev [17] 0x216:0xd DW_TAG_member
	.long	.Linfo_string15                 @ DW_AT_name
	.long	578                             @ DW_AT_type
	.byte	3                               @ DW_AT_decl_file
	.byte	34                              @ DW_AT_decl_line
	.short	408                             @ DW_AT_data_member_location
	.byte	0                               @ End Of Children Mark
	.byte	14                              @ Abbrev [14] 0x224:0xb DW_TAG_typedef
	.long	559                             @ DW_AT_type
	.long	.Linfo_string12                 @ DW_AT_name
	.byte	2                               @ DW_AT_decl_file
	.byte	64                              @ DW_AT_decl_line
	.byte	5                               @ Abbrev [5] 0x22f:0x7 DW_TAG_base_type
	.long	.Linfo_string11                 @ DW_AT_name
	.byte	7                               @ DW_AT_encoding
	.byte	4                               @ DW_AT_byte_size
	.byte	3                               @ Abbrev [3] 0x236:0xc DW_TAG_array_type
	.long	67                              @ DW_AT_type
	.byte	4                               @ Abbrev [4] 0x23b:0x6 DW_TAG_subrange_type
	.long	74                              @ DW_AT_type
	.byte	100                             @ DW_AT_count
	.byte	0                               @ End Of Children Mark
	.byte	18                              @ Abbrev [18] 0x242:0xc DW_TAG_typedef
	.long	590                             @ DW_AT_type
	.long	.Linfo_string22                 @ DW_AT_name
	.byte	4                               @ DW_AT_decl_file
	.short	2403                            @ DW_AT_decl_line
	.byte	19                              @ Abbrev [19] 0x24e:0x2d DW_TAG_structure_type
	.byte	8                               @ DW_AT_byte_size
	.byte	4                               @ DW_AT_decl_file
	.short	2398                            @ DW_AT_decl_line
	.byte	20                              @ Abbrev [20] 0x253:0xd DW_TAG_member
	.long	.Linfo_string16                 @ DW_AT_name
	.long	635                             @ DW_AT_type
	.byte	4                               @ DW_AT_decl_file
	.short	2400                            @ DW_AT_decl_line
	.byte	0                               @ DW_AT_data_member_location
	.byte	20                              @ Abbrev [20] 0x260:0xd DW_TAG_member
	.long	.Linfo_string19                 @ DW_AT_name
	.long	635                             @ DW_AT_type
	.byte	4                               @ DW_AT_decl_file
	.short	2401                            @ DW_AT_decl_line
	.byte	2                               @ DW_AT_data_member_location
	.byte	20                              @ Abbrev [20] 0x26d:0xd DW_TAG_member
	.long	.Linfo_string20                 @ DW_AT_name
	.long	653                             @ DW_AT_type
	.byte	4                               @ DW_AT_decl_file
	.short	2402                            @ DW_AT_decl_line
	.byte	4                               @ DW_AT_data_member_location
	.byte	0                               @ End Of Children Mark
	.byte	14                              @ Abbrev [14] 0x27b:0xb DW_TAG_typedef
	.long	646                             @ DW_AT_type
	.long	.Linfo_string18                 @ DW_AT_name
	.byte	2                               @ DW_AT_decl_file
	.byte	63                              @ DW_AT_decl_line
	.byte	5                               @ Abbrev [5] 0x286:0x7 DW_TAG_base_type
	.long	.Linfo_string17                 @ DW_AT_name
	.byte	7                               @ DW_AT_encoding
	.byte	2                               @ DW_AT_byte_size
	.byte	12                              @ Abbrev [12] 0x28d:0x5 DW_TAG_pointer_type
	.long	658                             @ DW_AT_type
	.byte	18                              @ Abbrev [18] 0x292:0xc DW_TAG_typedef
	.long	67                              @ DW_AT_type
	.long	.Linfo_string21                 @ DW_AT_name
	.byte	4                               @ DW_AT_decl_file
	.short	541                             @ DW_AT_decl_line
	.byte	12                              @ Abbrev [12] 0x29e:0x5 DW_TAG_pointer_type
	.long	675                             @ DW_AT_type
	.byte	13                              @ Abbrev [13] 0x2a3:0x5 DW_TAG_const_type
	.long	680                             @ DW_AT_type
	.byte	14                              @ Abbrev [14] 0x2a8:0xb DW_TAG_typedef
	.long	691                             @ DW_AT_type
	.long	.Linfo_string37                 @ DW_AT_name
	.byte	5                               @ DW_AT_decl_file
	.byte	49                              @ DW_AT_decl_line
	.byte	15                              @ Abbrev [15] 0x2b3:0x82 DW_TAG_structure_type
	.short	1688                            @ DW_AT_byte_size
	.byte	5                               @ DW_AT_decl_file
	.byte	32                              @ DW_AT_decl_line
	.byte	16                              @ Abbrev [16] 0x2b8:0xc DW_TAG_member
	.long	.Linfo_string26                 @ DW_AT_name
	.long	548                             @ DW_AT_type
	.byte	5                               @ DW_AT_decl_file
	.byte	33                              @ DW_AT_decl_line
	.byte	0                               @ DW_AT_data_member_location
	.byte	16                              @ Abbrev [16] 0x2c4:0xc DW_TAG_member
	.long	.Linfo_string27                 @ DW_AT_name
	.long	67                              @ DW_AT_type
	.byte	5                               @ DW_AT_decl_file
	.byte	34                              @ DW_AT_decl_line
	.byte	4                               @ DW_AT_data_member_location
	.byte	16                              @ Abbrev [16] 0x2d0:0xc DW_TAG_member
	.long	.Linfo_string28                 @ DW_AT_name
	.long	67                              @ DW_AT_type
	.byte	5                               @ DW_AT_decl_file
	.byte	36                              @ DW_AT_decl_line
	.byte	8                               @ DW_AT_data_member_location
	.byte	16                              @ Abbrev [16] 0x2dc:0xc DW_TAG_member
	.long	.Linfo_string29                 @ DW_AT_name
	.long	821                             @ DW_AT_type
	.byte	5                               @ DW_AT_decl_file
	.byte	37                              @ DW_AT_decl_line
	.byte	12                              @ DW_AT_data_member_location
	.byte	16                              @ Abbrev [16] 0x2e8:0xc DW_TAG_member
	.long	.Linfo_string31                 @ DW_AT_name
	.long	548                             @ DW_AT_type
	.byte	5                               @ DW_AT_decl_file
	.byte	38                              @ DW_AT_decl_line
	.byte	16                              @ DW_AT_data_member_location
	.byte	16                              @ Abbrev [16] 0x2f4:0xc DW_TAG_member
	.long	.Linfo_string32                 @ DW_AT_name
	.long	482                             @ DW_AT_type
	.byte	5                               @ DW_AT_decl_file
	.byte	41                              @ DW_AT_decl_line
	.byte	20                              @ DW_AT_data_member_location
	.byte	17                              @ Abbrev [17] 0x300:0xd DW_TAG_member
	.long	.Linfo_string33                 @ DW_AT_name
	.long	482                             @ DW_AT_type
	.byte	5                               @ DW_AT_decl_file
	.byte	43                              @ DW_AT_decl_line
	.short	436                             @ DW_AT_data_member_location
	.byte	17                              @ Abbrev [17] 0x30d:0xd DW_TAG_member
	.long	.Linfo_string34                 @ DW_AT_name
	.long	482                             @ DW_AT_type
	.byte	5                               @ DW_AT_decl_file
	.byte	45                              @ DW_AT_decl_line
	.short	852                             @ DW_AT_data_member_location
	.byte	17                              @ Abbrev [17] 0x31a:0xd DW_TAG_member
	.long	.Linfo_string35                 @ DW_AT_name
	.long	482                             @ DW_AT_type
	.byte	5                               @ DW_AT_decl_file
	.byte	47                              @ DW_AT_decl_line
	.short	1268                            @ DW_AT_data_member_location
	.byte	17                              @ Abbrev [17] 0x327:0xd DW_TAG_member
	.long	.Linfo_string36                 @ DW_AT_name
	.long	67                              @ DW_AT_type
	.byte	5                               @ DW_AT_decl_file
	.byte	48                              @ DW_AT_decl_line
	.short	1684                            @ DW_AT_data_member_location
	.byte	0                               @ End Of Children Mark
	.byte	14                              @ Abbrev [14] 0x335:0xb DW_TAG_typedef
	.long	548                             @ DW_AT_type
	.long	.Linfo_string30                 @ DW_AT_name
	.byte	6                               @ DW_AT_decl_file
	.byte	63                              @ DW_AT_decl_line
	.byte	12                              @ Abbrev [12] 0x340:0x5 DW_TAG_pointer_type
	.long	680                             @ DW_AT_type
	.byte	12                              @ Abbrev [12] 0x345:0x5 DW_TAG_pointer_type
	.long	842                             @ DW_AT_type
	.byte	13                              @ Abbrev [13] 0x34a:0x5 DW_TAG_const_type
	.long	67                              @ DW_AT_type
	.byte	0                               @ End Of Children Mark
.Ldebug_info_end0:
	.section	.debug_ranges,"",%progbits
.Ldebug_ranges0:
	.long	.Lfunc_begin0
	.long	.Lfunc_end0
	.long	.Lfunc_begin1
	.long	.Lfunc_end1
	.long	.Lfunc_begin2
	.long	.Lfunc_end2
	.long	.Lfunc_begin3
	.long	.Lfunc_end3
	.long	0
	.long	0
	.section	.debug_str,"MS",%progbits,1
.Linfo_string0:
	.asciz	"Component: Arm Compiler for Embedded 6.24 Tool: armclang [5f371800]" @ string offset=0
.Linfo_string1:
	.asciz	"../Algorithm/Src\\RLS.c"       @ string offset=68
.Linfo_string2:
	.asciz	"D:\\stm32_project\\daily_work\\new_bubing\\cod_update_2.0\\COD_H7_Template\\MDK-ARM" @ string offset=91
.Linfo_string3:
	.asciz	"k_pram"                        @ string offset=169
.Linfo_string4:
	.asciz	"float"                         @ string offset=176
.Linfo_string5:
	.asciz	"__ARRAY_SIZE_TYPE__"           @ string offset=182
.Linfo_string6:
	.asciz	"RLS_validate"                  @ string offset=202
.Linfo_string7:
	.asciz	"_Bool"                         @ string offset=215
.Linfo_string8:
	.asciz	"RLS_init"                      @ string offset=221
.Linfo_string9:
	.asciz	"RLS_update"                    @ string offset=230
.Linfo_string10:
	.asciz	"rows"                          @ string offset=241
.Linfo_string11:
	.asciz	"unsigned int"                  @ string offset=246
.Linfo_string12:
	.asciz	"uint32_t"                      @ string offset=259
.Linfo_string13:
	.asciz	"cols"                          @ string offset=268
.Linfo_string14:
	.asciz	"data"                          @ string offset=273
.Linfo_string15:
	.asciz	"arm_mat"                       @ string offset=278
.Linfo_string16:
	.asciz	"numRows"                       @ string offset=286
.Linfo_string17:
	.asciz	"unsigned short"                @ string offset=294
.Linfo_string18:
	.asciz	"uint16_t"                      @ string offset=309
.Linfo_string19:
	.asciz	"numCols"                       @ string offset=318
.Linfo_string20:
	.asciz	"pData"                         @ string offset=326
.Linfo_string21:
	.asciz	"float32_t"                     @ string offset=332
.Linfo_string22:
	.asciz	"arm_matrix_instance_f32"       @ string offset=342
.Linfo_string23:
	.asciz	"Matrixf"                       @ string offset=366
.Linfo_string24:
	.asciz	"RLS_setParamVector"            @ string offset=374
.Linfo_string25:
	.asciz	"rls"                           @ string offset=393
.Linfo_string26:
	.asciz	"dimension"                     @ string offset=397
.Linfo_string27:
	.asciz	"lambda"                        @ string offset=407
.Linfo_string28:
	.asciz	"delta"                         @ string offset=414
.Linfo_string29:
	.asciz	"lastUpdate"                    @ string offset=420
.Linfo_string30:
	.asciz	"TickType_t"                    @ string offset=431
.Linfo_string31:
	.asciz	"updateCnt"                     @ string offset=442
.Linfo_string32:
	.asciz	"transMatrix"                   @ string offset=452
.Linfo_string33:
	.asciz	"gainVector"                    @ string offset=464
.Linfo_string34:
	.asciz	"paramsVector"                  @ string offset=475
.Linfo_string35:
	.asciz	"defaultParamsVector"           @ string offset=488
.Linfo_string36:
	.asciz	"output"                        @ string offset=508
.Linfo_string37:
	.asciz	"RLS"                           @ string offset=515
.Linfo_string38:
	.asciz	"temp4"                         @ string offset=519
.Linfo_string39:
	.asciz	"sampleVector"                  @ string offset=525
.Linfo_string40:
	.asciz	"actualOutput"                  @ string offset=538
.Linfo_string41:
	.asciz	"sampleVecMat"                  @ string offset=551
.Linfo_string42:
	.asciz	"sampleVecTrans"                @ string offset=564
.Linfo_string43:
	.asciz	"temp1"                         @ string offset=579
.Linfo_string44:
	.asciz	"temp2"                         @ string offset=585
.Linfo_string45:
	.asciz	"tempScalar"                    @ string offset=591
.Linfo_string46:
	.asciz	"denominator"                   @ string offset=602
.Linfo_string47:
	.asciz	"error"                         @ string offset=614
.Linfo_string48:
	.asciz	"temp3"                         @ string offset=620
.Linfo_string49:
	.asciz	"updatedParams"                 @ string offset=626
.Linfo_string50:
	.asciz	"i"                             @ string offset=640
	.ident	"Component: Arm Compiler for Embedded 6.24 Tool: armclang [5f371800]"
	.section	".note.GNU-stack","",%progbits
	.eabi_attribute	30, 6	@ Tag_ABI_optimization_goals
	.ARM_attribute	16, 1	@ Tag_AV_eba
	.section	.debug_line,"",%progbits
.Lline_table_start0:
