	.text
	.syntax unified
	.eabi_attribute	67, "2.09"	@ Tag_conformance
	.cpu	cortex-m7
	.eabi_attribute	6, 13	@ Tag_CPU_arch
	.eabi_attribute	7, 77	@ Tag_CPU_arch_profile
	.eabi_attribute	8, 0	@ Tag_ARM_ISA_use
	.eabi_attribute	9, 2	@ Tag_THUMB_ISA_use
	.fpu	fpv5-d16
	.eabi_attribute	36, 1	@ Tag_FP_HP_extension
	.eabi_attribute	34, 1	@ Tag_CPU_unaligned_access
	.eabi_attribute	17, 1	@ Tag_ABI_PCS_GOT_use
	.eabi_attribute	20, 2	@ Tag_ABI_FP_denormal
	.eabi_attribute	21, 0	@ Tag_ABI_FP_exceptions
	.eabi_attribute	23, 1	@ Tag_ABI_FP_number_model
	.eabi_attribute	24, 1	@ Tag_ABI_align_needed
	.eabi_attribute	25, 1	@ Tag_ABI_align_preserved
	.eabi_attribute	28, 1	@ Tag_ABI_VFP_args
	.eabi_attribute	38, 1	@ Tag_ABI_FP_16bit_format
	.eabi_attribute	18, 2	@ Tag_ABI_PCS_wchar_t
	.eabi_attribute	26, 1	@ Tag_ABI_enum_size
	.eabi_attribute	14, 0	@ Tag_ABI_PCS_R9_use
	.file	"stm32h7xx_hal_msp.c"
	.file	1 "D:\\stm32_project\\daily_work\\new_bubing\\cod_update_2.0\\COD_H7_Template\\MDK-ARM" "../Drivers/CMSIS/Device/ST/STM32H7xx/Include\\stm32h723xx.h"
	.file	2 "D:\\keil5_app\\Keil_v5\\ARM\\ARMCLANG\\bin\\..\\include" "stdint.h"
	.section	.text.HAL_MspInit,"ax",%progbits
	.hidden	HAL_MspInit                     @ -- Begin function HAL_MspInit
	.globl	HAL_MspInit
	.p2align	3
	.type	HAL_MspInit,%function
	.code	16                              @ @HAL_MspInit
	.thumb_func
HAL_MspInit:
.Lfunc_begin0:
	.file	3 "D:\\stm32_project\\daily_work\\new_bubing\\cod_update_2.0\\COD_H7_Template\\MDK-ARM" "../Core/Src/stm32h7xx_hal_msp.c"
	.loc	3 64 0                          @ ../Core/Src/stm32h7xx_hal_msp.c:64:0
	.fnstart
	.cfi_sections .debug_frame
	.cfi_startproc
@ %bb.0:
	.save	{r7, lr}
	push	{r7, lr}
	.cfi_def_cfa_offset 8
	.cfi_offset lr, -4
	.cfi_offset r7, -8
	.pad	#8
	sub	sp, #8
	.cfi_def_cfa_offset 16
.Ltmp0:
	.loc	3 70 3 prologue_end             @ ../Core/Src/stm32h7xx_hal_msp.c:70:3
	b	.LBB0_1
.LBB0_1:
	.loc	3 0 3 is_stmt 0                 @ ../Core/Src/stm32h7xx_hal_msp.c:0:3
	movw	r0, #17652
	movt	r0, #22530
.Ltmp1:
	.loc	3 70 3                          @ ../Core/Src/stm32h7xx_hal_msp.c:70:3
	ldr	r1, [r0]
	orr	r1, r1, #2
	str	r1, [r0]
	ldr	r0, [r0]
	and	r0, r0, #2
	str	r0, [sp, #4]
	ldr	r0, [sp, #4]
	b	.LBB0_2
.Ltmp2:
.LBB0_2:
	.loc	3 0 3                           @ ../Core/Src/stm32h7xx_hal_msp.c:0:3
	mvn	r0, #1
	movs	r1, #15
	movs	r2, #0
	.loc	3 74 3 is_stmt 1                @ ../Core/Src/stm32h7xx_hal_msp.c:74:3
	bl	HAL_NVIC_SetPriority
	.loc	3 79 1 epilogue_begin           @ ../Core/Src/stm32h7xx_hal_msp.c:79:1
	add	sp, #8
	pop	{r7, pc}
.Ltmp3:
.Lfunc_end0:
	.size	HAL_MspInit, .Lfunc_end0-HAL_MspInit
	.cfi_endproc
	.cantunwind
	.fnend
                                        @ -- End function
	.section	.debug_abbrev,"",%progbits
	.byte	1                               @ Abbreviation Code
	.byte	17                              @ DW_TAG_compile_unit
	.byte	1                               @ DW_CHILDREN_yes
	.byte	37                              @ DW_AT_producer
	.byte	14                              @ DW_FORM_strp
	.byte	19                              @ DW_AT_language
	.byte	5                               @ DW_FORM_data2
	.byte	3                               @ DW_AT_name
	.byte	14                              @ DW_FORM_strp
	.byte	16                              @ DW_AT_stmt_list
	.byte	23                              @ DW_FORM_sec_offset
	.byte	27                              @ DW_AT_comp_dir
	.byte	14                              @ DW_FORM_strp
	.byte	17                              @ DW_AT_low_pc
	.byte	1                               @ DW_FORM_addr
	.byte	18                              @ DW_AT_high_pc
	.byte	6                               @ DW_FORM_data4
	.byte	0                               @ EOM(1)
	.byte	0                               @ EOM(2)
	.byte	2                               @ Abbreviation Code
	.byte	4                               @ DW_TAG_enumeration_type
	.byte	1                               @ DW_CHILDREN_yes
	.byte	73                              @ DW_AT_type
	.byte	19                              @ DW_FORM_ref4
	.byte	11                              @ DW_AT_byte_size
	.byte	11                              @ DW_FORM_data1
	.byte	58                              @ DW_AT_decl_file
	.byte	11                              @ DW_FORM_data1
	.byte	59                              @ DW_AT_decl_line
	.byte	11                              @ DW_FORM_data1
	.byte	0                               @ EOM(1)
	.byte	0                               @ EOM(2)
	.byte	3                               @ Abbreviation Code
	.byte	40                              @ DW_TAG_enumerator
	.byte	0                               @ DW_CHILDREN_no
	.byte	3                               @ DW_AT_name
	.byte	14                              @ DW_FORM_strp
	.byte	28                              @ DW_AT_const_value
	.byte	13                              @ DW_FORM_sdata
	.byte	0                               @ EOM(1)
	.byte	0                               @ EOM(2)
	.byte	4                               @ Abbreviation Code
	.byte	36                              @ DW_TAG_base_type
	.byte	0                               @ DW_CHILDREN_no
	.byte	3                               @ DW_AT_name
	.byte	14                              @ DW_FORM_strp
	.byte	62                              @ DW_AT_encoding
	.byte	11                              @ DW_FORM_data1
	.byte	11                              @ DW_AT_byte_size
	.byte	11                              @ DW_FORM_data1
	.byte	0                               @ EOM(1)
	.byte	0                               @ EOM(2)
	.byte	5                               @ Abbreviation Code
	.byte	15                              @ DW_TAG_pointer_type
	.byte	0                               @ DW_CHILDREN_no
	.byte	73                              @ DW_AT_type
	.byte	19                              @ DW_FORM_ref4
	.byte	0                               @ EOM(1)
	.byte	0                               @ EOM(2)
	.byte	6                               @ Abbreviation Code
	.byte	22                              @ DW_TAG_typedef
	.byte	0                               @ DW_CHILDREN_no
	.byte	73                              @ DW_AT_type
	.byte	19                              @ DW_FORM_ref4
	.byte	3                               @ DW_AT_name
	.byte	14                              @ DW_FORM_strp
	.byte	58                              @ DW_AT_decl_file
	.byte	11                              @ DW_FORM_data1
	.byte	59                              @ DW_AT_decl_line
	.byte	5                               @ DW_FORM_data2
	.byte	0                               @ EOM(1)
	.byte	0                               @ EOM(2)
	.byte	7                               @ Abbreviation Code
	.byte	19                              @ DW_TAG_structure_type
	.byte	1                               @ DW_CHILDREN_yes
	.byte	11                              @ DW_AT_byte_size
	.byte	5                               @ DW_FORM_data2
	.byte	58                              @ DW_AT_decl_file
	.byte	11                              @ DW_FORM_data1
	.byte	59                              @ DW_AT_decl_line
	.byte	5                               @ DW_FORM_data2
	.byte	0                               @ EOM(1)
	.byte	0                               @ EOM(2)
	.byte	8                               @ Abbreviation Code
	.byte	13                              @ DW_TAG_member
	.byte	0                               @ DW_CHILDREN_no
	.byte	3                               @ DW_AT_name
	.byte	14                              @ DW_FORM_strp
	.byte	73                              @ DW_AT_type
	.byte	19                              @ DW_FORM_ref4
	.byte	58                              @ DW_AT_decl_file
	.byte	11                              @ DW_FORM_data1
	.byte	59                              @ DW_AT_decl_line
	.byte	5                               @ DW_FORM_data2
	.byte	56                              @ DW_AT_data_member_location
	.byte	11                              @ DW_FORM_data1
	.byte	0                               @ EOM(1)
	.byte	0                               @ EOM(2)
	.byte	9                               @ Abbreviation Code
	.byte	13                              @ DW_TAG_member
	.byte	0                               @ DW_CHILDREN_no
	.byte	3                               @ DW_AT_name
	.byte	14                              @ DW_FORM_strp
	.byte	73                              @ DW_AT_type
	.byte	19                              @ DW_FORM_ref4
	.byte	58                              @ DW_AT_decl_file
	.byte	11                              @ DW_FORM_data1
	.byte	59                              @ DW_AT_decl_line
	.byte	5                               @ DW_FORM_data2
	.byte	56                              @ DW_AT_data_member_location
	.byte	5                               @ DW_FORM_data2
	.byte	0                               @ EOM(1)
	.byte	0                               @ EOM(2)
	.byte	10                              @ Abbreviation Code
	.byte	53                              @ DW_TAG_volatile_type
	.byte	0                               @ DW_CHILDREN_no
	.byte	73                              @ DW_AT_type
	.byte	19                              @ DW_FORM_ref4
	.byte	0                               @ EOM(1)
	.byte	0                               @ EOM(2)
	.byte	11                              @ Abbreviation Code
	.byte	22                              @ DW_TAG_typedef
	.byte	0                               @ DW_CHILDREN_no
	.byte	73                              @ DW_AT_type
	.byte	19                              @ DW_FORM_ref4
	.byte	3                               @ DW_AT_name
	.byte	14                              @ DW_FORM_strp
	.byte	58                              @ DW_AT_decl_file
	.byte	11                              @ DW_FORM_data1
	.byte	59                              @ DW_AT_decl_line
	.byte	11                              @ DW_FORM_data1
	.byte	0                               @ EOM(1)
	.byte	0                               @ EOM(2)
	.byte	12                              @ Abbreviation Code
	.byte	1                               @ DW_TAG_array_type
	.byte	1                               @ DW_CHILDREN_yes
	.byte	73                              @ DW_AT_type
	.byte	19                              @ DW_FORM_ref4
	.byte	0                               @ EOM(1)
	.byte	0                               @ EOM(2)
	.byte	13                              @ Abbreviation Code
	.byte	33                              @ DW_TAG_subrange_type
	.byte	0                               @ DW_CHILDREN_no
	.byte	73                              @ DW_AT_type
	.byte	19                              @ DW_FORM_ref4
	.byte	55                              @ DW_AT_count
	.byte	11                              @ DW_FORM_data1
	.byte	0                               @ EOM(1)
	.byte	0                               @ EOM(2)
	.byte	14                              @ Abbreviation Code
	.byte	36                              @ DW_TAG_base_type
	.byte	0                               @ DW_CHILDREN_no
	.byte	3                               @ DW_AT_name
	.byte	14                              @ DW_FORM_strp
	.byte	11                              @ DW_AT_byte_size
	.byte	11                              @ DW_FORM_data1
	.byte	62                              @ DW_AT_encoding
	.byte	11                              @ DW_FORM_data1
	.byte	0                               @ EOM(1)
	.byte	0                               @ EOM(2)
	.byte	15                              @ Abbreviation Code
	.byte	46                              @ DW_TAG_subprogram
	.byte	1                               @ DW_CHILDREN_yes
	.byte	17                              @ DW_AT_low_pc
	.byte	1                               @ DW_FORM_addr
	.byte	18                              @ DW_AT_high_pc
	.byte	6                               @ DW_FORM_data4
	.byte	64                              @ DW_AT_frame_base
	.byte	24                              @ DW_FORM_exprloc
	.byte	3                               @ DW_AT_name
	.byte	14                              @ DW_FORM_strp
	.byte	58                              @ DW_AT_decl_file
	.byte	11                              @ DW_FORM_data1
	.byte	59                              @ DW_AT_decl_line
	.byte	11                              @ DW_FORM_data1
	.byte	39                              @ DW_AT_prototyped
	.byte	25                              @ DW_FORM_flag_present
	.byte	63                              @ DW_AT_external
	.byte	25                              @ DW_FORM_flag_present
	.byte	0                               @ EOM(1)
	.byte	0                               @ EOM(2)
	.byte	16                              @ Abbreviation Code
	.byte	11                              @ DW_TAG_lexical_block
	.byte	1                               @ DW_CHILDREN_yes
	.byte	17                              @ DW_AT_low_pc
	.byte	1                               @ DW_FORM_addr
	.byte	18                              @ DW_AT_high_pc
	.byte	6                               @ DW_FORM_data4
	.byte	0                               @ EOM(1)
	.byte	0                               @ EOM(2)
	.byte	17                              @ Abbreviation Code
	.byte	52                              @ DW_TAG_variable
	.byte	0                               @ DW_CHILDREN_no
	.byte	2                               @ DW_AT_location
	.byte	24                              @ DW_FORM_exprloc
	.byte	3                               @ DW_AT_name
	.byte	14                              @ DW_FORM_strp
	.byte	58                              @ DW_AT_decl_file
	.byte	11                              @ DW_FORM_data1
	.byte	59                              @ DW_AT_decl_line
	.byte	11                              @ DW_FORM_data1
	.byte	73                              @ DW_AT_type
	.byte	19                              @ DW_FORM_ref4
	.byte	0                               @ EOM(1)
	.byte	0                               @ EOM(2)
	.byte	0                               @ EOM(3)
	.section	.debug_info,"",%progbits
.Lcu_begin0:
	.long	.Ldebug_info_end0-.Ldebug_info_start0 @ Length of Unit
.Ldebug_info_start0:
	.short	4                               @ DWARF version number
	.long	.debug_abbrev                   @ Offset Into Abbrev. Section
	.byte	4                               @ Address Size (in bytes)
	.byte	1                               @ Abbrev [1] 0xb:0x7b0 DW_TAG_compile_unit
	.long	.Linfo_string0                  @ DW_AT_producer
	.short	12                              @ DW_AT_language
	.long	.Linfo_string1                  @ DW_AT_name
	.long	.Lline_table_start0             @ DW_AT_stmt_list
	.long	.Linfo_string2                  @ DW_AT_comp_dir
	.long	.Lfunc_begin0                   @ DW_AT_low_pc
	.long	.Lfunc_end0-.Lfunc_begin0       @ DW_AT_high_pc
	.byte	2                               @ Abbrev [2] 0x26:0x3bf DW_TAG_enumeration_type
	.long	997                             @ DW_AT_type
	.byte	2                               @ DW_AT_byte_size
	.byte	1                               @ DW_AT_decl_file
	.byte	48                              @ DW_AT_decl_line
	.byte	3                               @ Abbrev [3] 0x2e:0x6 DW_TAG_enumerator
	.long	.Linfo_string4                  @ DW_AT_name
	.byte	114                             @ DW_AT_const_value
	.byte	3                               @ Abbrev [3] 0x34:0x6 DW_TAG_enumerator
	.long	.Linfo_string5                  @ DW_AT_name
	.byte	115                             @ DW_AT_const_value
	.byte	3                               @ Abbrev [3] 0x3a:0x6 DW_TAG_enumerator
	.long	.Linfo_string6                  @ DW_AT_name
	.byte	116                             @ DW_AT_const_value
	.byte	3                               @ Abbrev [3] 0x40:0x6 DW_TAG_enumerator
	.long	.Linfo_string7                  @ DW_AT_name
	.byte	117                             @ DW_AT_const_value
	.byte	3                               @ Abbrev [3] 0x46:0x6 DW_TAG_enumerator
	.long	.Linfo_string8                  @ DW_AT_name
	.byte	118                             @ DW_AT_const_value
	.byte	3                               @ Abbrev [3] 0x4c:0x6 DW_TAG_enumerator
	.long	.Linfo_string9                  @ DW_AT_name
	.byte	123                             @ DW_AT_const_value
	.byte	3                               @ Abbrev [3] 0x52:0x6 DW_TAG_enumerator
	.long	.Linfo_string10                 @ DW_AT_name
	.byte	124                             @ DW_AT_const_value
	.byte	3                               @ Abbrev [3] 0x58:0x6 DW_TAG_enumerator
	.long	.Linfo_string11                 @ DW_AT_name
	.byte	126                             @ DW_AT_const_value
	.byte	3                               @ Abbrev [3] 0x5e:0x6 DW_TAG_enumerator
	.long	.Linfo_string12                 @ DW_AT_name
	.byte	127                             @ DW_AT_const_value
	.byte	3                               @ Abbrev [3] 0x64:0x6 DW_TAG_enumerator
	.long	.Linfo_string13                 @ DW_AT_name
	.byte	0                               @ DW_AT_const_value
	.byte	3                               @ Abbrev [3] 0x6a:0x6 DW_TAG_enumerator
	.long	.Linfo_string14                 @ DW_AT_name
	.byte	1                               @ DW_AT_const_value
	.byte	3                               @ Abbrev [3] 0x70:0x6 DW_TAG_enumerator
	.long	.Linfo_string15                 @ DW_AT_name
	.byte	2                               @ DW_AT_const_value
	.byte	3                               @ Abbrev [3] 0x76:0x6 DW_TAG_enumerator
	.long	.Linfo_string16                 @ DW_AT_name
	.byte	3                               @ DW_AT_const_value
	.byte	3                               @ Abbrev [3] 0x7c:0x6 DW_TAG_enumerator
	.long	.Linfo_string17                 @ DW_AT_name
	.byte	4                               @ DW_AT_const_value
	.byte	3                               @ Abbrev [3] 0x82:0x6 DW_TAG_enumerator
	.long	.Linfo_string18                 @ DW_AT_name
	.byte	5                               @ DW_AT_const_value
	.byte	3                               @ Abbrev [3] 0x88:0x6 DW_TAG_enumerator
	.long	.Linfo_string19                 @ DW_AT_name
	.byte	6                               @ DW_AT_const_value
	.byte	3                               @ Abbrev [3] 0x8e:0x6 DW_TAG_enumerator
	.long	.Linfo_string20                 @ DW_AT_name
	.byte	7                               @ DW_AT_const_value
	.byte	3                               @ Abbrev [3] 0x94:0x6 DW_TAG_enumerator
	.long	.Linfo_string21                 @ DW_AT_name
	.byte	8                               @ DW_AT_const_value
	.byte	3                               @ Abbrev [3] 0x9a:0x6 DW_TAG_enumerator
	.long	.Linfo_string22                 @ DW_AT_name
	.byte	9                               @ DW_AT_const_value
	.byte	3                               @ Abbrev [3] 0xa0:0x6 DW_TAG_enumerator
	.long	.Linfo_string23                 @ DW_AT_name
	.byte	10                              @ DW_AT_const_value
	.byte	3                               @ Abbrev [3] 0xa6:0x6 DW_TAG_enumerator
	.long	.Linfo_string24                 @ DW_AT_name
	.byte	11                              @ DW_AT_const_value
	.byte	3                               @ Abbrev [3] 0xac:0x6 DW_TAG_enumerator
	.long	.Linfo_string25                 @ DW_AT_name
	.byte	12                              @ DW_AT_const_value
	.byte	3                               @ Abbrev [3] 0xb2:0x6 DW_TAG_enumerator
	.long	.Linfo_string26                 @ DW_AT_name
	.byte	13                              @ DW_AT_const_value
	.byte	3                               @ Abbrev [3] 0xb8:0x6 DW_TAG_enumerator
	.long	.Linfo_string27                 @ DW_AT_name
	.byte	14                              @ DW_AT_const_value
	.byte	3                               @ Abbrev [3] 0xbe:0x6 DW_TAG_enumerator
	.long	.Linfo_string28                 @ DW_AT_name
	.byte	15                              @ DW_AT_const_value
	.byte	3                               @ Abbrev [3] 0xc4:0x6 DW_TAG_enumerator
	.long	.Linfo_string29                 @ DW_AT_name
	.byte	16                              @ DW_AT_const_value
	.byte	3                               @ Abbrev [3] 0xca:0x6 DW_TAG_enumerator
	.long	.Linfo_string30                 @ DW_AT_name
	.byte	17                              @ DW_AT_const_value
	.byte	3                               @ Abbrev [3] 0xd0:0x6 DW_TAG_enumerator
	.long	.Linfo_string31                 @ DW_AT_name
	.byte	18                              @ DW_AT_const_value
	.byte	3                               @ Abbrev [3] 0xd6:0x6 DW_TAG_enumerator
	.long	.Linfo_string32                 @ DW_AT_name
	.byte	19                              @ DW_AT_const_value
	.byte	3                               @ Abbrev [3] 0xdc:0x6 DW_TAG_enumerator
	.long	.Linfo_string33                 @ DW_AT_name
	.byte	20                              @ DW_AT_const_value
	.byte	3                               @ Abbrev [3] 0xe2:0x6 DW_TAG_enumerator
	.long	.Linfo_string34                 @ DW_AT_name
	.byte	21                              @ DW_AT_const_value
	.byte	3                               @ Abbrev [3] 0xe8:0x6 DW_TAG_enumerator
	.long	.Linfo_string35                 @ DW_AT_name
	.byte	22                              @ DW_AT_const_value
	.byte	3                               @ Abbrev [3] 0xee:0x6 DW_TAG_enumerator
	.long	.Linfo_string36                 @ DW_AT_name
	.byte	23                              @ DW_AT_const_value
	.byte	3                               @ Abbrev [3] 0xf4:0x6 DW_TAG_enumerator
	.long	.Linfo_string37                 @ DW_AT_name
	.byte	24                              @ DW_AT_const_value
	.byte	3                               @ Abbrev [3] 0xfa:0x6 DW_TAG_enumerator
	.long	.Linfo_string38                 @ DW_AT_name
	.byte	25                              @ DW_AT_const_value
	.byte	3                               @ Abbrev [3] 0x100:0x6 DW_TAG_enumerator
	.long	.Linfo_string39                 @ DW_AT_name
	.byte	26                              @ DW_AT_const_value
	.byte	3                               @ Abbrev [3] 0x106:0x6 DW_TAG_enumerator
	.long	.Linfo_string40                 @ DW_AT_name
	.byte	27                              @ DW_AT_const_value
	.byte	3                               @ Abbrev [3] 0x10c:0x6 DW_TAG_enumerator
	.long	.Linfo_string41                 @ DW_AT_name
	.byte	28                              @ DW_AT_const_value
	.byte	3                               @ Abbrev [3] 0x112:0x6 DW_TAG_enumerator
	.long	.Linfo_string42                 @ DW_AT_name
	.byte	29                              @ DW_AT_const_value
	.byte	3                               @ Abbrev [3] 0x118:0x6 DW_TAG_enumerator
	.long	.Linfo_string43                 @ DW_AT_name
	.byte	30                              @ DW_AT_const_value
	.byte	3                               @ Abbrev [3] 0x11e:0x6 DW_TAG_enumerator
	.long	.Linfo_string44                 @ DW_AT_name
	.byte	31                              @ DW_AT_const_value
	.byte	3                               @ Abbrev [3] 0x124:0x6 DW_TAG_enumerator
	.long	.Linfo_string45                 @ DW_AT_name
	.byte	32                              @ DW_AT_const_value
	.byte	3                               @ Abbrev [3] 0x12a:0x6 DW_TAG_enumerator
	.long	.Linfo_string46                 @ DW_AT_name
	.byte	33                              @ DW_AT_const_value
	.byte	3                               @ Abbrev [3] 0x130:0x6 DW_TAG_enumerator
	.long	.Linfo_string47                 @ DW_AT_name
	.byte	34                              @ DW_AT_const_value
	.byte	3                               @ Abbrev [3] 0x136:0x6 DW_TAG_enumerator
	.long	.Linfo_string48                 @ DW_AT_name
	.byte	35                              @ DW_AT_const_value
	.byte	3                               @ Abbrev [3] 0x13c:0x6 DW_TAG_enumerator
	.long	.Linfo_string49                 @ DW_AT_name
	.byte	36                              @ DW_AT_const_value
	.byte	3                               @ Abbrev [3] 0x142:0x6 DW_TAG_enumerator
	.long	.Linfo_string50                 @ DW_AT_name
	.byte	37                              @ DW_AT_const_value
	.byte	3                               @ Abbrev [3] 0x148:0x6 DW_TAG_enumerator
	.long	.Linfo_string51                 @ DW_AT_name
	.byte	38                              @ DW_AT_const_value
	.byte	3                               @ Abbrev [3] 0x14e:0x6 DW_TAG_enumerator
	.long	.Linfo_string52                 @ DW_AT_name
	.byte	39                              @ DW_AT_const_value
	.byte	3                               @ Abbrev [3] 0x154:0x6 DW_TAG_enumerator
	.long	.Linfo_string53                 @ DW_AT_name
	.byte	40                              @ DW_AT_const_value
	.byte	3                               @ Abbrev [3] 0x15a:0x6 DW_TAG_enumerator
	.long	.Linfo_string54                 @ DW_AT_name
	.byte	41                              @ DW_AT_const_value
	.byte	3                               @ Abbrev [3] 0x160:0x6 DW_TAG_enumerator
	.long	.Linfo_string55                 @ DW_AT_name
	.byte	43                              @ DW_AT_const_value
	.byte	3                               @ Abbrev [3] 0x166:0x6 DW_TAG_enumerator
	.long	.Linfo_string56                 @ DW_AT_name
	.byte	44                              @ DW_AT_const_value
	.byte	3                               @ Abbrev [3] 0x16c:0x6 DW_TAG_enumerator
	.long	.Linfo_string57                 @ DW_AT_name
	.byte	45                              @ DW_AT_const_value
	.byte	3                               @ Abbrev [3] 0x172:0x6 DW_TAG_enumerator
	.long	.Linfo_string58                 @ DW_AT_name
	.byte	46                              @ DW_AT_const_value
	.byte	3                               @ Abbrev [3] 0x178:0x6 DW_TAG_enumerator
	.long	.Linfo_string59                 @ DW_AT_name
	.byte	47                              @ DW_AT_const_value
	.byte	3                               @ Abbrev [3] 0x17e:0x6 DW_TAG_enumerator
	.long	.Linfo_string60                 @ DW_AT_name
	.byte	48                              @ DW_AT_const_value
	.byte	3                               @ Abbrev [3] 0x184:0x6 DW_TAG_enumerator
	.long	.Linfo_string61                 @ DW_AT_name
	.byte	49                              @ DW_AT_const_value
	.byte	3                               @ Abbrev [3] 0x18a:0x6 DW_TAG_enumerator
	.long	.Linfo_string62                 @ DW_AT_name
	.byte	50                              @ DW_AT_const_value
	.byte	3                               @ Abbrev [3] 0x190:0x6 DW_TAG_enumerator
	.long	.Linfo_string63                 @ DW_AT_name
	.byte	51                              @ DW_AT_const_value
	.byte	3                               @ Abbrev [3] 0x196:0x6 DW_TAG_enumerator
	.long	.Linfo_string64                 @ DW_AT_name
	.byte	52                              @ DW_AT_const_value
	.byte	3                               @ Abbrev [3] 0x19c:0x6 DW_TAG_enumerator
	.long	.Linfo_string65                 @ DW_AT_name
	.byte	53                              @ DW_AT_const_value
	.byte	3                               @ Abbrev [3] 0x1a2:0x6 DW_TAG_enumerator
	.long	.Linfo_string66                 @ DW_AT_name
	.byte	54                              @ DW_AT_const_value
	.byte	3                               @ Abbrev [3] 0x1a8:0x6 DW_TAG_enumerator
	.long	.Linfo_string67                 @ DW_AT_name
	.byte	55                              @ DW_AT_const_value
	.byte	3                               @ Abbrev [3] 0x1ae:0x6 DW_TAG_enumerator
	.long	.Linfo_string68                 @ DW_AT_name
	.byte	56                              @ DW_AT_const_value
	.byte	3                               @ Abbrev [3] 0x1b4:0x6 DW_TAG_enumerator
	.long	.Linfo_string69                 @ DW_AT_name
	.byte	57                              @ DW_AT_const_value
	.byte	3                               @ Abbrev [3] 0x1ba:0x6 DW_TAG_enumerator
	.long	.Linfo_string70                 @ DW_AT_name
	.byte	58                              @ DW_AT_const_value
	.byte	3                               @ Abbrev [3] 0x1c0:0x6 DW_TAG_enumerator
	.long	.Linfo_string71                 @ DW_AT_name
	.byte	59                              @ DW_AT_const_value
	.byte	3                               @ Abbrev [3] 0x1c6:0x6 DW_TAG_enumerator
	.long	.Linfo_string72                 @ DW_AT_name
	.byte	60                              @ DW_AT_const_value
	.byte	3                               @ Abbrev [3] 0x1cc:0x6 DW_TAG_enumerator
	.long	.Linfo_string73                 @ DW_AT_name
	.byte	61                              @ DW_AT_const_value
	.byte	3                               @ Abbrev [3] 0x1d2:0x6 DW_TAG_enumerator
	.long	.Linfo_string74                 @ DW_AT_name
	.byte	62                              @ DW_AT_const_value
	.byte	3                               @ Abbrev [3] 0x1d8:0x6 DW_TAG_enumerator
	.long	.Linfo_string75                 @ DW_AT_name
	.byte	63                              @ DW_AT_const_value
	.byte	3                               @ Abbrev [3] 0x1de:0x7 DW_TAG_enumerator
	.long	.Linfo_string76                 @ DW_AT_name
	.asciz	"\304"                          @ DW_AT_const_value
	.byte	3                               @ Abbrev [3] 0x1e5:0x7 DW_TAG_enumerator
	.long	.Linfo_string77                 @ DW_AT_name
	.asciz	"\305"                          @ DW_AT_const_value
	.byte	3                               @ Abbrev [3] 0x1ec:0x7 DW_TAG_enumerator
	.long	.Linfo_string78                 @ DW_AT_name
	.asciz	"\306"                          @ DW_AT_const_value
	.byte	3                               @ Abbrev [3] 0x1f3:0x7 DW_TAG_enumerator
	.long	.Linfo_string79                 @ DW_AT_name
	.asciz	"\307"                          @ DW_AT_const_value
	.byte	3                               @ Abbrev [3] 0x1fa:0x7 DW_TAG_enumerator
	.long	.Linfo_string80                 @ DW_AT_name
	.asciz	"\310"                          @ DW_AT_const_value
	.byte	3                               @ Abbrev [3] 0x201:0x7 DW_TAG_enumerator
	.long	.Linfo_string81                 @ DW_AT_name
	.asciz	"\311"                          @ DW_AT_const_value
	.byte	3                               @ Abbrev [3] 0x208:0x7 DW_TAG_enumerator
	.long	.Linfo_string82                 @ DW_AT_name
	.asciz	"\312"                          @ DW_AT_const_value
	.byte	3                               @ Abbrev [3] 0x20f:0x7 DW_TAG_enumerator
	.long	.Linfo_string83                 @ DW_AT_name
	.asciz	"\313"                          @ DW_AT_const_value
	.byte	3                               @ Abbrev [3] 0x216:0x7 DW_TAG_enumerator
	.long	.Linfo_string84                 @ DW_AT_name
	.asciz	"\314"                          @ DW_AT_const_value
	.byte	3                               @ Abbrev [3] 0x21d:0x7 DW_TAG_enumerator
	.long	.Linfo_string85                 @ DW_AT_name
	.asciz	"\315"                          @ DW_AT_const_value
	.byte	3                               @ Abbrev [3] 0x224:0x7 DW_TAG_enumerator
	.long	.Linfo_string86                 @ DW_AT_name
	.asciz	"\316"                          @ DW_AT_const_value
	.byte	3                               @ Abbrev [3] 0x22b:0x7 DW_TAG_enumerator
	.long	.Linfo_string87                 @ DW_AT_name
	.asciz	"\320"                          @ DW_AT_const_value
	.byte	3                               @ Abbrev [3] 0x232:0x7 DW_TAG_enumerator
	.long	.Linfo_string88                 @ DW_AT_name
	.asciz	"\321"                          @ DW_AT_const_value
	.byte	3                               @ Abbrev [3] 0x239:0x7 DW_TAG_enumerator
	.long	.Linfo_string89                 @ DW_AT_name
	.asciz	"\322"                          @ DW_AT_const_value
	.byte	3                               @ Abbrev [3] 0x240:0x7 DW_TAG_enumerator
	.long	.Linfo_string90                 @ DW_AT_name
	.asciz	"\323"                          @ DW_AT_const_value
	.byte	3                               @ Abbrev [3] 0x247:0x7 DW_TAG_enumerator
	.long	.Linfo_string91                 @ DW_AT_name
	.asciz	"\324"                          @ DW_AT_const_value
	.byte	3                               @ Abbrev [3] 0x24e:0x7 DW_TAG_enumerator
	.long	.Linfo_string92                 @ DW_AT_name
	.asciz	"\325"                          @ DW_AT_const_value
	.byte	3                               @ Abbrev [3] 0x255:0x7 DW_TAG_enumerator
	.long	.Linfo_string93                 @ DW_AT_name
	.asciz	"\326"                          @ DW_AT_const_value
	.byte	3                               @ Abbrev [3] 0x25c:0x7 DW_TAG_enumerator
	.long	.Linfo_string94                 @ DW_AT_name
	.asciz	"\327"                          @ DW_AT_const_value
	.byte	3                               @ Abbrev [3] 0x263:0x7 DW_TAG_enumerator
	.long	.Linfo_string95                 @ DW_AT_name
	.asciz	"\330"                          @ DW_AT_const_value
	.byte	3                               @ Abbrev [3] 0x26a:0x7 DW_TAG_enumerator
	.long	.Linfo_string96                 @ DW_AT_name
	.asciz	"\331"                          @ DW_AT_const_value
	.byte	3                               @ Abbrev [3] 0x271:0x7 DW_TAG_enumerator
	.long	.Linfo_string97                 @ DW_AT_name
	.asciz	"\332"                          @ DW_AT_const_value
	.byte	3                               @ Abbrev [3] 0x278:0x7 DW_TAG_enumerator
	.long	.Linfo_string98                 @ DW_AT_name
	.asciz	"\334"                          @ DW_AT_const_value
	.byte	3                               @ Abbrev [3] 0x27f:0x7 DW_TAG_enumerator
	.long	.Linfo_string99                 @ DW_AT_name
	.asciz	"\335"                          @ DW_AT_const_value
	.byte	3                               @ Abbrev [3] 0x286:0x7 DW_TAG_enumerator
	.long	.Linfo_string100                @ DW_AT_name
	.asciz	"\336"                          @ DW_AT_const_value
	.byte	3                               @ Abbrev [3] 0x28d:0x7 DW_TAG_enumerator
	.long	.Linfo_string101                @ DW_AT_name
	.asciz	"\337"                          @ DW_AT_const_value
	.byte	3                               @ Abbrev [3] 0x294:0x7 DW_TAG_enumerator
	.long	.Linfo_string102                @ DW_AT_name
	.asciz	"\340"                          @ DW_AT_const_value
	.byte	3                               @ Abbrev [3] 0x29b:0x7 DW_TAG_enumerator
	.long	.Linfo_string103                @ DW_AT_name
	.asciz	"\341"                          @ DW_AT_const_value
	.byte	3                               @ Abbrev [3] 0x2a2:0x7 DW_TAG_enumerator
	.long	.Linfo_string104                @ DW_AT_name
	.asciz	"\346"                          @ DW_AT_const_value
	.byte	3                               @ Abbrev [3] 0x2a9:0x7 DW_TAG_enumerator
	.long	.Linfo_string105                @ DW_AT_name
	.asciz	"\356"                          @ DW_AT_const_value
	.byte	3                               @ Abbrev [3] 0x2b0:0x7 DW_TAG_enumerator
	.long	.Linfo_string106                @ DW_AT_name
	.asciz	"\357"                          @ DW_AT_const_value
	.byte	3                               @ Abbrev [3] 0x2b7:0x7 DW_TAG_enumerator
	.long	.Linfo_string107                @ DW_AT_name
	.asciz	"\360"                          @ DW_AT_const_value
	.byte	3                               @ Abbrev [3] 0x2be:0x7 DW_TAG_enumerator
	.long	.Linfo_string108                @ DW_AT_name
	.asciz	"\361"                          @ DW_AT_const_value
	.byte	3                               @ Abbrev [3] 0x2c5:0x7 DW_TAG_enumerator
	.long	.Linfo_string109                @ DW_AT_name
	.asciz	"\363"                          @ DW_AT_const_value
	.byte	3                               @ Abbrev [3] 0x2cc:0x7 DW_TAG_enumerator
	.long	.Linfo_string110                @ DW_AT_name
	.asciz	"\364"                          @ DW_AT_const_value
	.byte	3                               @ Abbrev [3] 0x2d3:0x7 DW_TAG_enumerator
	.long	.Linfo_string111                @ DW_AT_name
	.asciz	"\365"                          @ DW_AT_const_value
	.byte	3                               @ Abbrev [3] 0x2da:0x7 DW_TAG_enumerator
	.long	.Linfo_string112                @ DW_AT_name
	.asciz	"\366"                          @ DW_AT_const_value
	.byte	3                               @ Abbrev [3] 0x2e1:0x7 DW_TAG_enumerator
	.long	.Linfo_string113                @ DW_AT_name
	.asciz	"\367"                          @ DW_AT_const_value
	.byte	3                               @ Abbrev [3] 0x2e8:0x7 DW_TAG_enumerator
	.long	.Linfo_string114                @ DW_AT_name
	.asciz	"\370"                          @ DW_AT_const_value
	.byte	3                               @ Abbrev [3] 0x2ef:0x7 DW_TAG_enumerator
	.long	.Linfo_string115                @ DW_AT_name
	.asciz	"\372"                          @ DW_AT_const_value
	.byte	3                               @ Abbrev [3] 0x2f6:0x7 DW_TAG_enumerator
	.long	.Linfo_string116                @ DW_AT_name
	.asciz	"\374"                          @ DW_AT_const_value
	.byte	3                               @ Abbrev [3] 0x2fd:0x7 DW_TAG_enumerator
	.long	.Linfo_string117                @ DW_AT_name
	.asciz	"\375"                          @ DW_AT_const_value
	.byte	3                               @ Abbrev [3] 0x304:0x7 DW_TAG_enumerator
	.long	.Linfo_string118                @ DW_AT_name
	.asciz	"\377"                          @ DW_AT_const_value
	.byte	3                               @ Abbrev [3] 0x30b:0x7 DW_TAG_enumerator
	.long	.Linfo_string119                @ DW_AT_name
	.ascii	"\200\001"                      @ DW_AT_const_value
	.byte	3                               @ Abbrev [3] 0x312:0x7 DW_TAG_enumerator
	.long	.Linfo_string120                @ DW_AT_name
	.ascii	"\201\001"                      @ DW_AT_const_value
	.byte	3                               @ Abbrev [3] 0x319:0x7 DW_TAG_enumerator
	.long	.Linfo_string121                @ DW_AT_name
	.ascii	"\202\001"                      @ DW_AT_const_value
	.byte	3                               @ Abbrev [3] 0x320:0x7 DW_TAG_enumerator
	.long	.Linfo_string122                @ DW_AT_name
	.ascii	"\203\001"                      @ DW_AT_const_value
	.byte	3                               @ Abbrev [3] 0x327:0x7 DW_TAG_enumerator
	.long	.Linfo_string123                @ DW_AT_name
	.ascii	"\204\001"                      @ DW_AT_const_value
	.byte	3                               @ Abbrev [3] 0x32e:0x7 DW_TAG_enumerator
	.long	.Linfo_string124                @ DW_AT_name
	.ascii	"\205\001"                      @ DW_AT_const_value
	.byte	3                               @ Abbrev [3] 0x335:0x7 DW_TAG_enumerator
	.long	.Linfo_string125                @ DW_AT_name
	.ascii	"\206\001"                      @ DW_AT_const_value
	.byte	3                               @ Abbrev [3] 0x33c:0x7 DW_TAG_enumerator
	.long	.Linfo_string126                @ DW_AT_name
	.ascii	"\207\001"                      @ DW_AT_const_value
	.byte	3                               @ Abbrev [3] 0x343:0x7 DW_TAG_enumerator
	.long	.Linfo_string127                @ DW_AT_name
	.ascii	"\210\001"                      @ DW_AT_const_value
	.byte	3                               @ Abbrev [3] 0x34a:0x7 DW_TAG_enumerator
	.long	.Linfo_string128                @ DW_AT_name
	.ascii	"\211\001"                      @ DW_AT_const_value
	.byte	3                               @ Abbrev [3] 0x351:0x7 DW_TAG_enumerator
	.long	.Linfo_string129                @ DW_AT_name
	.ascii	"\212\001"                      @ DW_AT_const_value
	.byte	3                               @ Abbrev [3] 0x358:0x7 DW_TAG_enumerator
	.long	.Linfo_string130                @ DW_AT_name
	.ascii	"\213\001"                      @ DW_AT_const_value
	.byte	3                               @ Abbrev [3] 0x35f:0x7 DW_TAG_enumerator
	.long	.Linfo_string131                @ DW_AT_name
	.ascii	"\214\001"                      @ DW_AT_const_value
	.byte	3                               @ Abbrev [3] 0x366:0x7 DW_TAG_enumerator
	.long	.Linfo_string132                @ DW_AT_name
	.ascii	"\215\001"                      @ DW_AT_const_value
	.byte	3                               @ Abbrev [3] 0x36d:0x7 DW_TAG_enumerator
	.long	.Linfo_string133                @ DW_AT_name
	.ascii	"\216\001"                      @ DW_AT_const_value
	.byte	3                               @ Abbrev [3] 0x374:0x7 DW_TAG_enumerator
	.long	.Linfo_string134                @ DW_AT_name
	.ascii	"\220\001"                      @ DW_AT_const_value
	.byte	3                               @ Abbrev [3] 0x37b:0x7 DW_TAG_enumerator
	.long	.Linfo_string135                @ DW_AT_name
	.ascii	"\221\001"                      @ DW_AT_const_value
	.byte	3                               @ Abbrev [3] 0x382:0x7 DW_TAG_enumerator
	.long	.Linfo_string136                @ DW_AT_name
	.ascii	"\222\001"                      @ DW_AT_const_value
	.byte	3                               @ Abbrev [3] 0x389:0x7 DW_TAG_enumerator
	.long	.Linfo_string137                @ DW_AT_name
	.ascii	"\223\001"                      @ DW_AT_const_value
	.byte	3                               @ Abbrev [3] 0x390:0x7 DW_TAG_enumerator
	.long	.Linfo_string138                @ DW_AT_name
	.ascii	"\225\001"                      @ DW_AT_const_value
	.byte	3                               @ Abbrev [3] 0x397:0x7 DW_TAG_enumerator
	.long	.Linfo_string139                @ DW_AT_name
	.ascii	"\226\001"                      @ DW_AT_const_value
	.byte	3                               @ Abbrev [3] 0x39e:0x7 DW_TAG_enumerator
	.long	.Linfo_string140                @ DW_AT_name
	.ascii	"\231\001"                      @ DW_AT_const_value
	.byte	3                               @ Abbrev [3] 0x3a5:0x7 DW_TAG_enumerator
	.long	.Linfo_string141                @ DW_AT_name
	.ascii	"\232\001"                      @ DW_AT_const_value
	.byte	3                               @ Abbrev [3] 0x3ac:0x7 DW_TAG_enumerator
	.long	.Linfo_string142                @ DW_AT_name
	.ascii	"\233\001"                      @ DW_AT_const_value
	.byte	3                               @ Abbrev [3] 0x3b3:0x7 DW_TAG_enumerator
	.long	.Linfo_string143                @ DW_AT_name
	.ascii	"\234\001"                      @ DW_AT_const_value
	.byte	3                               @ Abbrev [3] 0x3ba:0x7 DW_TAG_enumerator
	.long	.Linfo_string144                @ DW_AT_name
	.ascii	"\235\001"                      @ DW_AT_const_value
	.byte	3                               @ Abbrev [3] 0x3c1:0x7 DW_TAG_enumerator
	.long	.Linfo_string145                @ DW_AT_name
	.ascii	"\236\001"                      @ DW_AT_const_value
	.byte	3                               @ Abbrev [3] 0x3c8:0x7 DW_TAG_enumerator
	.long	.Linfo_string146                @ DW_AT_name
	.ascii	"\237\001"                      @ DW_AT_const_value
	.byte	3                               @ Abbrev [3] 0x3cf:0x7 DW_TAG_enumerator
	.long	.Linfo_string147                @ DW_AT_name
	.ascii	"\240\001"                      @ DW_AT_const_value
	.byte	3                               @ Abbrev [3] 0x3d6:0x7 DW_TAG_enumerator
	.long	.Linfo_string148                @ DW_AT_name
	.ascii	"\241\001"                      @ DW_AT_const_value
	.byte	3                               @ Abbrev [3] 0x3dd:0x7 DW_TAG_enumerator
	.long	.Linfo_string149                @ DW_AT_name
	.ascii	"\242\001"                      @ DW_AT_const_value
	.byte	0                               @ End Of Children Mark
	.byte	4                               @ Abbrev [4] 0x3e5:0x7 DW_TAG_base_type
	.long	.Linfo_string3                  @ DW_AT_name
	.byte	5                               @ DW_AT_encoding
	.byte	2                               @ DW_AT_byte_size
	.byte	5                               @ Abbrev [5] 0x3ec:0x5 DW_TAG_pointer_type
	.long	1009                            @ DW_AT_type
	.byte	6                               @ Abbrev [6] 0x3f1:0xc DW_TAG_typedef
	.long	1021                            @ DW_AT_type
	.long	.Linfo_string218                @ DW_AT_name
	.byte	1                               @ DW_AT_decl_file
	.short	1300                            @ DW_AT_decl_line
	.byte	7                               @ Abbrev [7] 0x3fd:0x35d DW_TAG_structure_type
	.short	304                             @ DW_AT_byte_size
	.byte	1                               @ DW_AT_decl_file
	.short	1232                            @ DW_AT_decl_line
	.byte	8                               @ Abbrev [8] 0x403:0xd DW_TAG_member
	.long	.Linfo_string150                @ DW_AT_name
	.long	1882                            @ DW_AT_type
	.byte	1                               @ DW_AT_decl_file
	.short	1234                            @ DW_AT_decl_line
	.byte	0                               @ DW_AT_data_member_location
	.byte	8                               @ Abbrev [8] 0x410:0xd DW_TAG_member
	.long	.Linfo_string153                @ DW_AT_name
	.long	1882                            @ DW_AT_type
	.byte	1                               @ DW_AT_decl_file
	.short	1235                            @ DW_AT_decl_line
	.byte	4                               @ DW_AT_data_member_location
	.byte	8                               @ Abbrev [8] 0x41d:0xd DW_TAG_member
	.long	.Linfo_string154                @ DW_AT_name
	.long	1882                            @ DW_AT_type
	.byte	1                               @ DW_AT_decl_file
	.short	1236                            @ DW_AT_decl_line
	.byte	8                               @ DW_AT_data_member_location
	.byte	8                               @ Abbrev [8] 0x42a:0xd DW_TAG_member
	.long	.Linfo_string155                @ DW_AT_name
	.long	1882                            @ DW_AT_type
	.byte	1                               @ DW_AT_decl_file
	.short	1237                            @ DW_AT_decl_line
	.byte	12                              @ DW_AT_data_member_location
	.byte	8                               @ Abbrev [8] 0x437:0xd DW_TAG_member
	.long	.Linfo_string156                @ DW_AT_name
	.long	1882                            @ DW_AT_type
	.byte	1                               @ DW_AT_decl_file
	.short	1238                            @ DW_AT_decl_line
	.byte	16                              @ DW_AT_data_member_location
	.byte	8                               @ Abbrev [8] 0x444:0xd DW_TAG_member
	.long	.Linfo_string157                @ DW_AT_name
	.long	1887                            @ DW_AT_type
	.byte	1                               @ DW_AT_decl_file
	.short	1239                            @ DW_AT_decl_line
	.byte	20                              @ DW_AT_data_member_location
	.byte	8                               @ Abbrev [8] 0x451:0xd DW_TAG_member
	.long	.Linfo_string158                @ DW_AT_name
	.long	1882                            @ DW_AT_type
	.byte	1                               @ DW_AT_decl_file
	.short	1240                            @ DW_AT_decl_line
	.byte	24                              @ DW_AT_data_member_location
	.byte	8                               @ Abbrev [8] 0x45e:0xd DW_TAG_member
	.long	.Linfo_string159                @ DW_AT_name
	.long	1882                            @ DW_AT_type
	.byte	1                               @ DW_AT_decl_file
	.short	1241                            @ DW_AT_decl_line
	.byte	28                              @ DW_AT_data_member_location
	.byte	8                               @ Abbrev [8] 0x46b:0xd DW_TAG_member
	.long	.Linfo_string160                @ DW_AT_name
	.long	1882                            @ DW_AT_type
	.byte	1                               @ DW_AT_decl_file
	.short	1242                            @ DW_AT_decl_line
	.byte	32                              @ DW_AT_data_member_location
	.byte	8                               @ Abbrev [8] 0x478:0xd DW_TAG_member
	.long	.Linfo_string161                @ DW_AT_name
	.long	1887                            @ DW_AT_type
	.byte	1                               @ DW_AT_decl_file
	.short	1243                            @ DW_AT_decl_line
	.byte	36                              @ DW_AT_data_member_location
	.byte	8                               @ Abbrev [8] 0x485:0xd DW_TAG_member
	.long	.Linfo_string162                @ DW_AT_name
	.long	1882                            @ DW_AT_type
	.byte	1                               @ DW_AT_decl_file
	.short	1244                            @ DW_AT_decl_line
	.byte	40                              @ DW_AT_data_member_location
	.byte	8                               @ Abbrev [8] 0x492:0xd DW_TAG_member
	.long	.Linfo_string163                @ DW_AT_name
	.long	1882                            @ DW_AT_type
	.byte	1                               @ DW_AT_decl_file
	.short	1245                            @ DW_AT_decl_line
	.byte	44                              @ DW_AT_data_member_location
	.byte	8                               @ Abbrev [8] 0x49f:0xd DW_TAG_member
	.long	.Linfo_string164                @ DW_AT_name
	.long	1882                            @ DW_AT_type
	.byte	1                               @ DW_AT_decl_file
	.short	1246                            @ DW_AT_decl_line
	.byte	48                              @ DW_AT_data_member_location
	.byte	8                               @ Abbrev [8] 0x4ac:0xd DW_TAG_member
	.long	.Linfo_string165                @ DW_AT_name
	.long	1882                            @ DW_AT_type
	.byte	1                               @ DW_AT_decl_file
	.short	1247                            @ DW_AT_decl_line
	.byte	52                              @ DW_AT_data_member_location
	.byte	8                               @ Abbrev [8] 0x4b9:0xd DW_TAG_member
	.long	.Linfo_string166                @ DW_AT_name
	.long	1882                            @ DW_AT_type
	.byte	1                               @ DW_AT_decl_file
	.short	1248                            @ DW_AT_decl_line
	.byte	56                              @ DW_AT_data_member_location
	.byte	8                               @ Abbrev [8] 0x4c6:0xd DW_TAG_member
	.long	.Linfo_string167                @ DW_AT_name
	.long	1882                            @ DW_AT_type
	.byte	1                               @ DW_AT_decl_file
	.short	1249                            @ DW_AT_decl_line
	.byte	60                              @ DW_AT_data_member_location
	.byte	8                               @ Abbrev [8] 0x4d3:0xd DW_TAG_member
	.long	.Linfo_string168                @ DW_AT_name
	.long	1882                            @ DW_AT_type
	.byte	1                               @ DW_AT_decl_file
	.short	1250                            @ DW_AT_decl_line
	.byte	64                              @ DW_AT_data_member_location
	.byte	8                               @ Abbrev [8] 0x4e0:0xd DW_TAG_member
	.long	.Linfo_string169                @ DW_AT_name
	.long	1882                            @ DW_AT_type
	.byte	1                               @ DW_AT_decl_file
	.short	1251                            @ DW_AT_decl_line
	.byte	68                              @ DW_AT_data_member_location
	.byte	8                               @ Abbrev [8] 0x4ed:0xd DW_TAG_member
	.long	.Linfo_string170                @ DW_AT_name
	.long	1887                            @ DW_AT_type
	.byte	1                               @ DW_AT_decl_file
	.short	1252                            @ DW_AT_decl_line
	.byte	72                              @ DW_AT_data_member_location
	.byte	8                               @ Abbrev [8] 0x4fa:0xd DW_TAG_member
	.long	.Linfo_string171                @ DW_AT_name
	.long	1882                            @ DW_AT_type
	.byte	1                               @ DW_AT_decl_file
	.short	1253                            @ DW_AT_decl_line
	.byte	76                              @ DW_AT_data_member_location
	.byte	8                               @ Abbrev [8] 0x507:0xd DW_TAG_member
	.long	.Linfo_string172                @ DW_AT_name
	.long	1882                            @ DW_AT_type
	.byte	1                               @ DW_AT_decl_file
	.short	1254                            @ DW_AT_decl_line
	.byte	80                              @ DW_AT_data_member_location
	.byte	8                               @ Abbrev [8] 0x514:0xd DW_TAG_member
	.long	.Linfo_string173                @ DW_AT_name
	.long	1882                            @ DW_AT_type
	.byte	1                               @ DW_AT_decl_file
	.short	1255                            @ DW_AT_decl_line
	.byte	84                              @ DW_AT_data_member_location
	.byte	8                               @ Abbrev [8] 0x521:0xd DW_TAG_member
	.long	.Linfo_string174                @ DW_AT_name
	.long	1882                            @ DW_AT_type
	.byte	1                               @ DW_AT_decl_file
	.short	1256                            @ DW_AT_decl_line
	.byte	88                              @ DW_AT_data_member_location
	.byte	8                               @ Abbrev [8] 0x52e:0xd DW_TAG_member
	.long	.Linfo_string175                @ DW_AT_name
	.long	1887                            @ DW_AT_type
	.byte	1                               @ DW_AT_decl_file
	.short	1257                            @ DW_AT_decl_line
	.byte	92                              @ DW_AT_data_member_location
	.byte	8                               @ Abbrev [8] 0x53b:0xd DW_TAG_member
	.long	.Linfo_string176                @ DW_AT_name
	.long	1882                            @ DW_AT_type
	.byte	1                               @ DW_AT_decl_file
	.short	1258                            @ DW_AT_decl_line
	.byte	96                              @ DW_AT_data_member_location
	.byte	8                               @ Abbrev [8] 0x548:0xd DW_TAG_member
	.long	.Linfo_string177                @ DW_AT_name
	.long	1882                            @ DW_AT_type
	.byte	1                               @ DW_AT_decl_file
	.short	1259                            @ DW_AT_decl_line
	.byte	100                             @ DW_AT_data_member_location
	.byte	8                               @ Abbrev [8] 0x555:0xd DW_TAG_member
	.long	.Linfo_string178                @ DW_AT_name
	.long	1882                            @ DW_AT_type
	.byte	1                               @ DW_AT_decl_file
	.short	1260                            @ DW_AT_decl_line
	.byte	104                             @ DW_AT_data_member_location
	.byte	8                               @ Abbrev [8] 0x562:0xd DW_TAG_member
	.long	.Linfo_string179                @ DW_AT_name
	.long	1887                            @ DW_AT_type
	.byte	1                               @ DW_AT_decl_file
	.short	1261                            @ DW_AT_decl_line
	.byte	108                             @ DW_AT_data_member_location
	.byte	8                               @ Abbrev [8] 0x56f:0xd DW_TAG_member
	.long	.Linfo_string180                @ DW_AT_name
	.long	1882                            @ DW_AT_type
	.byte	1                               @ DW_AT_decl_file
	.short	1262                            @ DW_AT_decl_line
	.byte	112                             @ DW_AT_data_member_location
	.byte	8                               @ Abbrev [8] 0x57c:0xd DW_TAG_member
	.long	.Linfo_string181                @ DW_AT_name
	.long	1882                            @ DW_AT_type
	.byte	1                               @ DW_AT_decl_file
	.short	1263                            @ DW_AT_decl_line
	.byte	116                             @ DW_AT_data_member_location
	.byte	8                               @ Abbrev [8] 0x589:0xd DW_TAG_member
	.long	.Linfo_string182                @ DW_AT_name
	.long	1887                            @ DW_AT_type
	.byte	1                               @ DW_AT_decl_file
	.short	1264                            @ DW_AT_decl_line
	.byte	120                             @ DW_AT_data_member_location
	.byte	8                               @ Abbrev [8] 0x596:0xd DW_TAG_member
	.long	.Linfo_string183                @ DW_AT_name
	.long	1882                            @ DW_AT_type
	.byte	1                               @ DW_AT_decl_file
	.short	1265                            @ DW_AT_decl_line
	.byte	124                             @ DW_AT_data_member_location
	.byte	8                               @ Abbrev [8] 0x5a3:0xd DW_TAG_member
	.long	.Linfo_string184                @ DW_AT_name
	.long	1882                            @ DW_AT_type
	.byte	1                               @ DW_AT_decl_file
	.short	1266                            @ DW_AT_decl_line
	.byte	128                             @ DW_AT_data_member_location
	.byte	8                               @ Abbrev [8] 0x5b0:0xd DW_TAG_member
	.long	.Linfo_string185                @ DW_AT_name
	.long	1882                            @ DW_AT_type
	.byte	1                               @ DW_AT_decl_file
	.short	1267                            @ DW_AT_decl_line
	.byte	132                             @ DW_AT_data_member_location
	.byte	8                               @ Abbrev [8] 0x5bd:0xd DW_TAG_member
	.long	.Linfo_string186                @ DW_AT_name
	.long	1882                            @ DW_AT_type
	.byte	1                               @ DW_AT_decl_file
	.short	1268                            @ DW_AT_decl_line
	.byte	136                             @ DW_AT_data_member_location
	.byte	8                               @ Abbrev [8] 0x5ca:0xd DW_TAG_member
	.long	.Linfo_string187                @ DW_AT_name
	.long	1882                            @ DW_AT_type
	.byte	1                               @ DW_AT_decl_file
	.short	1269                            @ DW_AT_decl_line
	.byte	140                             @ DW_AT_data_member_location
	.byte	8                               @ Abbrev [8] 0x5d7:0xd DW_TAG_member
	.long	.Linfo_string188                @ DW_AT_name
	.long	1882                            @ DW_AT_type
	.byte	1                               @ DW_AT_decl_file
	.short	1270                            @ DW_AT_decl_line
	.byte	144                             @ DW_AT_data_member_location
	.byte	8                               @ Abbrev [8] 0x5e4:0xd DW_TAG_member
	.long	.Linfo_string189                @ DW_AT_name
	.long	1882                            @ DW_AT_type
	.byte	1                               @ DW_AT_decl_file
	.short	1271                            @ DW_AT_decl_line
	.byte	148                             @ DW_AT_data_member_location
	.byte	8                               @ Abbrev [8] 0x5f1:0xd DW_TAG_member
	.long	.Linfo_string190                @ DW_AT_name
	.long	1882                            @ DW_AT_type
	.byte	1                               @ DW_AT_decl_file
	.short	1272                            @ DW_AT_decl_line
	.byte	152                             @ DW_AT_data_member_location
	.byte	8                               @ Abbrev [8] 0x5fe:0xd DW_TAG_member
	.long	.Linfo_string191                @ DW_AT_name
	.long	1882                            @ DW_AT_type
	.byte	1                               @ DW_AT_decl_file
	.short	1273                            @ DW_AT_decl_line
	.byte	156                             @ DW_AT_data_member_location
	.byte	8                               @ Abbrev [8] 0x60b:0xd DW_TAG_member
	.long	.Linfo_string192                @ DW_AT_name
	.long	1882                            @ DW_AT_type
	.byte	1                               @ DW_AT_decl_file
	.short	1274                            @ DW_AT_decl_line
	.byte	160                             @ DW_AT_data_member_location
	.byte	8                               @ Abbrev [8] 0x618:0xd DW_TAG_member
	.long	.Linfo_string193                @ DW_AT_name
	.long	1887                            @ DW_AT_type
	.byte	1                               @ DW_AT_decl_file
	.short	1275                            @ DW_AT_decl_line
	.byte	164                             @ DW_AT_data_member_location
	.byte	8                               @ Abbrev [8] 0x625:0xd DW_TAG_member
	.long	.Linfo_string194                @ DW_AT_name
	.long	1882                            @ DW_AT_type
	.byte	1                               @ DW_AT_decl_file
	.short	1276                            @ DW_AT_decl_line
	.byte	168                             @ DW_AT_data_member_location
	.byte	8                               @ Abbrev [8] 0x632:0xd DW_TAG_member
	.long	.Linfo_string195                @ DW_AT_name
	.long	1905                            @ DW_AT_type
	.byte	1                               @ DW_AT_decl_file
	.short	1277                            @ DW_AT_decl_line
	.byte	172                             @ DW_AT_data_member_location
	.byte	8                               @ Abbrev [8] 0x63f:0xd DW_TAG_member
	.long	.Linfo_string197                @ DW_AT_name
	.long	1882                            @ DW_AT_type
	.byte	1                               @ DW_AT_decl_file
	.short	1278                            @ DW_AT_decl_line
	.byte	208                             @ DW_AT_data_member_location
	.byte	8                               @ Abbrev [8] 0x64c:0xd DW_TAG_member
	.long	.Linfo_string198                @ DW_AT_name
	.long	1882                            @ DW_AT_type
	.byte	1                               @ DW_AT_decl_file
	.short	1279                            @ DW_AT_decl_line
	.byte	212                             @ DW_AT_data_member_location
	.byte	8                               @ Abbrev [8] 0x659:0xd DW_TAG_member
	.long	.Linfo_string199                @ DW_AT_name
	.long	1882                            @ DW_AT_type
	.byte	1                               @ DW_AT_decl_file
	.short	1280                            @ DW_AT_decl_line
	.byte	216                             @ DW_AT_data_member_location
	.byte	8                               @ Abbrev [8] 0x666:0xd DW_TAG_member
	.long	.Linfo_string200                @ DW_AT_name
	.long	1882                            @ DW_AT_type
	.byte	1                               @ DW_AT_decl_file
	.short	1281                            @ DW_AT_decl_line
	.byte	220                             @ DW_AT_data_member_location
	.byte	8                               @ Abbrev [8] 0x673:0xd DW_TAG_member
	.long	.Linfo_string201                @ DW_AT_name
	.long	1882                            @ DW_AT_type
	.byte	1                               @ DW_AT_decl_file
	.short	1282                            @ DW_AT_decl_line
	.byte	224                             @ DW_AT_data_member_location
	.byte	8                               @ Abbrev [8] 0x680:0xd DW_TAG_member
	.long	.Linfo_string202                @ DW_AT_name
	.long	1882                            @ DW_AT_type
	.byte	1                               @ DW_AT_decl_file
	.short	1283                            @ DW_AT_decl_line
	.byte	228                             @ DW_AT_data_member_location
	.byte	8                               @ Abbrev [8] 0x68d:0xd DW_TAG_member
	.long	.Linfo_string203                @ DW_AT_name
	.long	1882                            @ DW_AT_type
	.byte	1                               @ DW_AT_decl_file
	.short	1284                            @ DW_AT_decl_line
	.byte	232                             @ DW_AT_data_member_location
	.byte	8                               @ Abbrev [8] 0x69a:0xd DW_TAG_member
	.long	.Linfo_string204                @ DW_AT_name
	.long	1882                            @ DW_AT_type
	.byte	1                               @ DW_AT_decl_file
	.short	1285                            @ DW_AT_decl_line
	.byte	236                             @ DW_AT_data_member_location
	.byte	8                               @ Abbrev [8] 0x6a7:0xd DW_TAG_member
	.long	.Linfo_string205                @ DW_AT_name
	.long	1882                            @ DW_AT_type
	.byte	1                               @ DW_AT_decl_file
	.short	1286                            @ DW_AT_decl_line
	.byte	240                             @ DW_AT_data_member_location
	.byte	8                               @ Abbrev [8] 0x6b4:0xd DW_TAG_member
	.long	.Linfo_string206                @ DW_AT_name
	.long	1882                            @ DW_AT_type
	.byte	1                               @ DW_AT_decl_file
	.short	1287                            @ DW_AT_decl_line
	.byte	244                             @ DW_AT_data_member_location
	.byte	8                               @ Abbrev [8] 0x6c1:0xd DW_TAG_member
	.long	.Linfo_string207                @ DW_AT_name
	.long	1887                            @ DW_AT_type
	.byte	1                               @ DW_AT_decl_file
	.short	1288                            @ DW_AT_decl_line
	.byte	248                             @ DW_AT_data_member_location
	.byte	8                               @ Abbrev [8] 0x6ce:0xd DW_TAG_member
	.long	.Linfo_string208                @ DW_AT_name
	.long	1882                            @ DW_AT_type
	.byte	1                               @ DW_AT_decl_file
	.short	1289                            @ DW_AT_decl_line
	.byte	252                             @ DW_AT_data_member_location
	.byte	9                               @ Abbrev [9] 0x6db:0xe DW_TAG_member
	.long	.Linfo_string209                @ DW_AT_name
	.long	1882                            @ DW_AT_type
	.byte	1                               @ DW_AT_decl_file
	.short	1290                            @ DW_AT_decl_line
	.short	256                             @ DW_AT_data_member_location
	.byte	9                               @ Abbrev [9] 0x6e9:0xe DW_TAG_member
	.long	.Linfo_string210                @ DW_AT_name
	.long	1882                            @ DW_AT_type
	.byte	1                               @ DW_AT_decl_file
	.short	1291                            @ DW_AT_decl_line
	.short	260                             @ DW_AT_data_member_location
	.byte	9                               @ Abbrev [9] 0x6f7:0xe DW_TAG_member
	.long	.Linfo_string211                @ DW_AT_name
	.long	1882                            @ DW_AT_type
	.byte	1                               @ DW_AT_decl_file
	.short	1292                            @ DW_AT_decl_line
	.short	264                             @ DW_AT_data_member_location
	.byte	9                               @ Abbrev [9] 0x705:0xe DW_TAG_member
	.long	.Linfo_string212                @ DW_AT_name
	.long	1882                            @ DW_AT_type
	.byte	1                               @ DW_AT_decl_file
	.short	1293                            @ DW_AT_decl_line
	.short	268                             @ DW_AT_data_member_location
	.byte	9                               @ Abbrev [9] 0x713:0xe DW_TAG_member
	.long	.Linfo_string213                @ DW_AT_name
	.long	1882                            @ DW_AT_type
	.byte	1                               @ DW_AT_decl_file
	.short	1294                            @ DW_AT_decl_line
	.short	272                             @ DW_AT_data_member_location
	.byte	9                               @ Abbrev [9] 0x721:0xe DW_TAG_member
	.long	.Linfo_string214                @ DW_AT_name
	.long	1882                            @ DW_AT_type
	.byte	1                               @ DW_AT_decl_file
	.short	1295                            @ DW_AT_decl_line
	.short	276                             @ DW_AT_data_member_location
	.byte	9                               @ Abbrev [9] 0x72f:0xe DW_TAG_member
	.long	.Linfo_string215                @ DW_AT_name
	.long	1882                            @ DW_AT_type
	.byte	1                               @ DW_AT_decl_file
	.short	1296                            @ DW_AT_decl_line
	.short	280                             @ DW_AT_data_member_location
	.byte	9                               @ Abbrev [9] 0x73d:0xe DW_TAG_member
	.long	.Linfo_string216                @ DW_AT_name
	.long	1882                            @ DW_AT_type
	.byte	1                               @ DW_AT_decl_file
	.short	1297                            @ DW_AT_decl_line
	.short	284                             @ DW_AT_data_member_location
	.byte	9                               @ Abbrev [9] 0x74b:0xe DW_TAG_member
	.long	.Linfo_string217                @ DW_AT_name
	.long	1924                            @ DW_AT_type
	.byte	1                               @ DW_AT_decl_file
	.short	1298                            @ DW_AT_decl_line
	.short	288                             @ DW_AT_data_member_location
	.byte	0                               @ End Of Children Mark
	.byte	10                              @ Abbrev [10] 0x75a:0x5 DW_TAG_volatile_type
	.long	1887                            @ DW_AT_type
	.byte	11                              @ Abbrev [11] 0x75f:0xb DW_TAG_typedef
	.long	1898                            @ DW_AT_type
	.long	.Linfo_string152                @ DW_AT_name
	.byte	2                               @ DW_AT_decl_file
	.byte	64                              @ DW_AT_decl_line
	.byte	4                               @ Abbrev [4] 0x76a:0x7 DW_TAG_base_type
	.long	.Linfo_string151                @ DW_AT_name
	.byte	7                               @ DW_AT_encoding
	.byte	4                               @ DW_AT_byte_size
	.byte	12                              @ Abbrev [12] 0x771:0xc DW_TAG_array_type
	.long	1887                            @ DW_AT_type
	.byte	13                              @ Abbrev [13] 0x776:0x6 DW_TAG_subrange_type
	.long	1917                            @ DW_AT_type
	.byte	9                               @ DW_AT_count
	.byte	0                               @ End Of Children Mark
	.byte	14                              @ Abbrev [14] 0x77d:0x7 DW_TAG_base_type
	.long	.Linfo_string196                @ DW_AT_name
	.byte	8                               @ DW_AT_byte_size
	.byte	7                               @ DW_AT_encoding
	.byte	12                              @ Abbrev [12] 0x784:0xc DW_TAG_array_type
	.long	1887                            @ DW_AT_type
	.byte	13                              @ Abbrev [13] 0x789:0x6 DW_TAG_subrange_type
	.long	1917                            @ DW_AT_type
	.byte	4                               @ DW_AT_count
	.byte	0                               @ End Of Children Mark
	.byte	15                              @ Abbrev [15] 0x790:0x2a DW_TAG_subprogram
	.long	.Lfunc_begin0                   @ DW_AT_low_pc
	.long	.Lfunc_end0-.Lfunc_begin0       @ DW_AT_high_pc
	.byte	1                               @ DW_AT_frame_base
	.byte	93
	.long	.Linfo_string219                @ DW_AT_name
	.byte	3                               @ DW_AT_decl_file
	.byte	63                              @ DW_AT_decl_line
                                        @ DW_AT_prototyped
                                        @ DW_AT_external
	.byte	16                              @ Abbrev [16] 0x7a1:0x18 DW_TAG_lexical_block
	.long	.Ltmp1                          @ DW_AT_low_pc
	.long	.Ltmp2-.Ltmp1                   @ DW_AT_high_pc
	.byte	17                              @ Abbrev [17] 0x7aa:0xe DW_TAG_variable
	.byte	2                               @ DW_AT_location
	.byte	145
	.byte	4
	.long	.Linfo_string220                @ DW_AT_name
	.byte	3                               @ DW_AT_decl_file
	.byte	70                              @ DW_AT_decl_line
	.long	1882                            @ DW_AT_type
	.byte	0                               @ End Of Children Mark
	.byte	0                               @ End Of Children Mark
	.byte	0                               @ End Of Children Mark
.Ldebug_info_end0:
	.section	.debug_str,"MS",%progbits,1
.Linfo_string0:
	.asciz	"Component: Arm Compiler for Embedded 6.24 Tool: armclang [5f371800]" @ string offset=0
.Linfo_string1:
	.asciz	"../Core/Src\\stm32h7xx_hal_msp.c" @ string offset=68
.Linfo_string2:
	.asciz	"D:\\stm32_project\\daily_work\\new_bubing\\cod_update_2.0\\COD_H7_Template\\MDK-ARM" @ string offset=100
.Linfo_string3:
	.asciz	"short"                         @ string offset=178
.Linfo_string4:
	.asciz	"NonMaskableInt_IRQn"           @ string offset=184
.Linfo_string5:
	.asciz	"HardFault_IRQn"                @ string offset=204
.Linfo_string6:
	.asciz	"MemoryManagement_IRQn"         @ string offset=219
.Linfo_string7:
	.asciz	"BusFault_IRQn"                 @ string offset=241
.Linfo_string8:
	.asciz	"UsageFault_IRQn"               @ string offset=255
.Linfo_string9:
	.asciz	"SVCall_IRQn"                   @ string offset=271
.Linfo_string10:
	.asciz	"DebugMonitor_IRQn"             @ string offset=283
.Linfo_string11:
	.asciz	"PendSV_IRQn"                   @ string offset=301
.Linfo_string12:
	.asciz	"SysTick_IRQn"                  @ string offset=313
.Linfo_string13:
	.asciz	"WWDG_IRQn"                     @ string offset=326
.Linfo_string14:
	.asciz	"PVD_AVD_IRQn"                  @ string offset=336
.Linfo_string15:
	.asciz	"TAMP_STAMP_IRQn"               @ string offset=349
.Linfo_string16:
	.asciz	"RTC_WKUP_IRQn"                 @ string offset=365
.Linfo_string17:
	.asciz	"FLASH_IRQn"                    @ string offset=379
.Linfo_string18:
	.asciz	"RCC_IRQn"                      @ string offset=390
.Linfo_string19:
	.asciz	"EXTI0_IRQn"                    @ string offset=399
.Linfo_string20:
	.asciz	"EXTI1_IRQn"                    @ string offset=410
.Linfo_string21:
	.asciz	"EXTI2_IRQn"                    @ string offset=421
.Linfo_string22:
	.asciz	"EXTI3_IRQn"                    @ string offset=432
.Linfo_string23:
	.asciz	"EXTI4_IRQn"                    @ string offset=443
.Linfo_string24:
	.asciz	"DMA1_Stream0_IRQn"             @ string offset=454
.Linfo_string25:
	.asciz	"DMA1_Stream1_IRQn"             @ string offset=472
.Linfo_string26:
	.asciz	"DMA1_Stream2_IRQn"             @ string offset=490
.Linfo_string27:
	.asciz	"DMA1_Stream3_IRQn"             @ string offset=508
.Linfo_string28:
	.asciz	"DMA1_Stream4_IRQn"             @ string offset=526
.Linfo_string29:
	.asciz	"DMA1_Stream5_IRQn"             @ string offset=544
.Linfo_string30:
	.asciz	"DMA1_Stream6_IRQn"             @ string offset=562
.Linfo_string31:
	.asciz	"ADC_IRQn"                      @ string offset=580
.Linfo_string32:
	.asciz	"FDCAN1_IT0_IRQn"               @ string offset=589
.Linfo_string33:
	.asciz	"FDCAN2_IT0_IRQn"               @ string offset=605
.Linfo_string34:
	.asciz	"FDCAN1_IT1_IRQn"               @ string offset=621
.Linfo_string35:
	.asciz	"FDCAN2_IT1_IRQn"               @ string offset=637
.Linfo_string36:
	.asciz	"EXTI9_5_IRQn"                  @ string offset=653
.Linfo_string37:
	.asciz	"TIM1_BRK_IRQn"                 @ string offset=666
.Linfo_string38:
	.asciz	"TIM1_UP_IRQn"                  @ string offset=680
.Linfo_string39:
	.asciz	"TIM1_TRG_COM_IRQn"             @ string offset=693
.Linfo_string40:
	.asciz	"TIM1_CC_IRQn"                  @ string offset=711
.Linfo_string41:
	.asciz	"TIM2_IRQn"                     @ string offset=724
.Linfo_string42:
	.asciz	"TIM3_IRQn"                     @ string offset=734
.Linfo_string43:
	.asciz	"TIM4_IRQn"                     @ string offset=744
.Linfo_string44:
	.asciz	"I2C1_EV_IRQn"                  @ string offset=754
.Linfo_string45:
	.asciz	"I2C1_ER_IRQn"                  @ string offset=767
.Linfo_string46:
	.asciz	"I2C2_EV_IRQn"                  @ string offset=780
.Linfo_string47:
	.asciz	"I2C2_ER_IRQn"                  @ string offset=793
.Linfo_string48:
	.asciz	"SPI1_IRQn"                     @ string offset=806
.Linfo_string49:
	.asciz	"SPI2_IRQn"                     @ string offset=816
.Linfo_string50:
	.asciz	"USART1_IRQn"                   @ string offset=826
.Linfo_string51:
	.asciz	"USART2_IRQn"                   @ string offset=838
.Linfo_string52:
	.asciz	"USART3_IRQn"                   @ string offset=850
.Linfo_string53:
	.asciz	"EXTI15_10_IRQn"                @ string offset=862
.Linfo_string54:
	.asciz	"RTC_Alarm_IRQn"                @ string offset=877
.Linfo_string55:
	.asciz	"TIM8_BRK_TIM12_IRQn"           @ string offset=892
.Linfo_string56:
	.asciz	"TIM8_UP_TIM13_IRQn"            @ string offset=912
.Linfo_string57:
	.asciz	"TIM8_TRG_COM_TIM14_IRQn"       @ string offset=931
.Linfo_string58:
	.asciz	"TIM8_CC_IRQn"                  @ string offset=955
.Linfo_string59:
	.asciz	"DMA1_Stream7_IRQn"             @ string offset=968
.Linfo_string60:
	.asciz	"FMC_IRQn"                      @ string offset=986
.Linfo_string61:
	.asciz	"SDMMC1_IRQn"                   @ string offset=995
.Linfo_string62:
	.asciz	"TIM5_IRQn"                     @ string offset=1007
.Linfo_string63:
	.asciz	"SPI3_IRQn"                     @ string offset=1017
.Linfo_string64:
	.asciz	"UART4_IRQn"                    @ string offset=1027
.Linfo_string65:
	.asciz	"UART5_IRQn"                    @ string offset=1038
.Linfo_string66:
	.asciz	"TIM6_DAC_IRQn"                 @ string offset=1049
.Linfo_string67:
	.asciz	"TIM7_IRQn"                     @ string offset=1063
.Linfo_string68:
	.asciz	"DMA2_Stream0_IRQn"             @ string offset=1073
.Linfo_string69:
	.asciz	"DMA2_Stream1_IRQn"             @ string offset=1091
.Linfo_string70:
	.asciz	"DMA2_Stream2_IRQn"             @ string offset=1109
.Linfo_string71:
	.asciz	"DMA2_Stream3_IRQn"             @ string offset=1127
.Linfo_string72:
	.asciz	"DMA2_Stream4_IRQn"             @ string offset=1145
.Linfo_string73:
	.asciz	"ETH_IRQn"                      @ string offset=1163
.Linfo_string74:
	.asciz	"ETH_WKUP_IRQn"                 @ string offset=1172
.Linfo_string75:
	.asciz	"FDCAN_CAL_IRQn"                @ string offset=1186
.Linfo_string76:
	.asciz	"DMA2_Stream5_IRQn"             @ string offset=1201
.Linfo_string77:
	.asciz	"DMA2_Stream6_IRQn"             @ string offset=1219
.Linfo_string78:
	.asciz	"DMA2_Stream7_IRQn"             @ string offset=1237
.Linfo_string79:
	.asciz	"USART6_IRQn"                   @ string offset=1255
.Linfo_string80:
	.asciz	"I2C3_EV_IRQn"                  @ string offset=1267
.Linfo_string81:
	.asciz	"I2C3_ER_IRQn"                  @ string offset=1280
.Linfo_string82:
	.asciz	"OTG_HS_EP1_OUT_IRQn"           @ string offset=1293
.Linfo_string83:
	.asciz	"OTG_HS_EP1_IN_IRQn"            @ string offset=1313
.Linfo_string84:
	.asciz	"OTG_HS_WKUP_IRQn"              @ string offset=1332
.Linfo_string85:
	.asciz	"OTG_HS_IRQn"                   @ string offset=1349
.Linfo_string86:
	.asciz	"DCMI_PSSI_IRQn"                @ string offset=1361
.Linfo_string87:
	.asciz	"RNG_IRQn"                      @ string offset=1376
.Linfo_string88:
	.asciz	"FPU_IRQn"                      @ string offset=1385
.Linfo_string89:
	.asciz	"UART7_IRQn"                    @ string offset=1394
.Linfo_string90:
	.asciz	"UART8_IRQn"                    @ string offset=1405
.Linfo_string91:
	.asciz	"SPI4_IRQn"                     @ string offset=1416
.Linfo_string92:
	.asciz	"SPI5_IRQn"                     @ string offset=1426
.Linfo_string93:
	.asciz	"SPI6_IRQn"                     @ string offset=1436
.Linfo_string94:
	.asciz	"SAI1_IRQn"                     @ string offset=1446
.Linfo_string95:
	.asciz	"LTDC_IRQn"                     @ string offset=1456
.Linfo_string96:
	.asciz	"LTDC_ER_IRQn"                  @ string offset=1466
.Linfo_string97:
	.asciz	"DMA2D_IRQn"                    @ string offset=1479
.Linfo_string98:
	.asciz	"OCTOSPI1_IRQn"                 @ string offset=1490
.Linfo_string99:
	.asciz	"LPTIM1_IRQn"                   @ string offset=1504
.Linfo_string100:
	.asciz	"CEC_IRQn"                      @ string offset=1516
.Linfo_string101:
	.asciz	"I2C4_EV_IRQn"                  @ string offset=1525
.Linfo_string102:
	.asciz	"I2C4_ER_IRQn"                  @ string offset=1538
.Linfo_string103:
	.asciz	"SPDIF_RX_IRQn"                 @ string offset=1551
.Linfo_string104:
	.asciz	"DMAMUX1_OVR_IRQn"              @ string offset=1565
.Linfo_string105:
	.asciz	"DFSDM1_FLT0_IRQn"              @ string offset=1582
.Linfo_string106:
	.asciz	"DFSDM1_FLT1_IRQn"              @ string offset=1599
.Linfo_string107:
	.asciz	"DFSDM1_FLT2_IRQn"              @ string offset=1616
.Linfo_string108:
	.asciz	"DFSDM1_FLT3_IRQn"              @ string offset=1633
.Linfo_string109:
	.asciz	"SWPMI1_IRQn"                   @ string offset=1650
.Linfo_string110:
	.asciz	"TIM15_IRQn"                    @ string offset=1662
.Linfo_string111:
	.asciz	"TIM16_IRQn"                    @ string offset=1673
.Linfo_string112:
	.asciz	"TIM17_IRQn"                    @ string offset=1684
.Linfo_string113:
	.asciz	"MDIOS_WKUP_IRQn"               @ string offset=1695
.Linfo_string114:
	.asciz	"MDIOS_IRQn"                    @ string offset=1711
.Linfo_string115:
	.asciz	"MDMA_IRQn"                     @ string offset=1722
.Linfo_string116:
	.asciz	"SDMMC2_IRQn"                   @ string offset=1732
.Linfo_string117:
	.asciz	"HSEM1_IRQn"                    @ string offset=1744
.Linfo_string118:
	.asciz	"ADC3_IRQn"                     @ string offset=1755
.Linfo_string119:
	.asciz	"DMAMUX2_OVR_IRQn"              @ string offset=1765
.Linfo_string120:
	.asciz	"BDMA_Channel0_IRQn"            @ string offset=1782
.Linfo_string121:
	.asciz	"BDMA_Channel1_IRQn"            @ string offset=1801
.Linfo_string122:
	.asciz	"BDMA_Channel2_IRQn"            @ string offset=1820
.Linfo_string123:
	.asciz	"BDMA_Channel3_IRQn"            @ string offset=1839
.Linfo_string124:
	.asciz	"BDMA_Channel4_IRQn"            @ string offset=1858
.Linfo_string125:
	.asciz	"BDMA_Channel5_IRQn"            @ string offset=1877
.Linfo_string126:
	.asciz	"BDMA_Channel6_IRQn"            @ string offset=1896
.Linfo_string127:
	.asciz	"BDMA_Channel7_IRQn"            @ string offset=1915
.Linfo_string128:
	.asciz	"COMP_IRQn"                     @ string offset=1934
.Linfo_string129:
	.asciz	"LPTIM2_IRQn"                   @ string offset=1944
.Linfo_string130:
	.asciz	"LPTIM3_IRQn"                   @ string offset=1956
.Linfo_string131:
	.asciz	"LPTIM4_IRQn"                   @ string offset=1968
.Linfo_string132:
	.asciz	"LPTIM5_IRQn"                   @ string offset=1980
.Linfo_string133:
	.asciz	"LPUART1_IRQn"                  @ string offset=1992
.Linfo_string134:
	.asciz	"CRS_IRQn"                      @ string offset=2005
.Linfo_string135:
	.asciz	"ECC_IRQn"                      @ string offset=2014
.Linfo_string136:
	.asciz	"SAI4_IRQn"                     @ string offset=2023
.Linfo_string137:
	.asciz	"DTS_IRQn"                      @ string offset=2033
.Linfo_string138:
	.asciz	"WAKEUP_PIN_IRQn"               @ string offset=2042
.Linfo_string139:
	.asciz	"OCTOSPI2_IRQn"                 @ string offset=2058
.Linfo_string140:
	.asciz	"FMAC_IRQn"                     @ string offset=2072
.Linfo_string141:
	.asciz	"CORDIC_IRQn"                   @ string offset=2082
.Linfo_string142:
	.asciz	"UART9_IRQn"                    @ string offset=2094
.Linfo_string143:
	.asciz	"USART10_IRQn"                  @ string offset=2105
.Linfo_string144:
	.asciz	"I2C5_EV_IRQn"                  @ string offset=2118
.Linfo_string145:
	.asciz	"I2C5_ER_IRQn"                  @ string offset=2131
.Linfo_string146:
	.asciz	"FDCAN3_IT0_IRQn"               @ string offset=2144
.Linfo_string147:
	.asciz	"FDCAN3_IT1_IRQn"               @ string offset=2160
.Linfo_string148:
	.asciz	"TIM23_IRQn"                    @ string offset=2176
.Linfo_string149:
	.asciz	"TIM24_IRQn"                    @ string offset=2187
.Linfo_string150:
	.asciz	"CR"                            @ string offset=2198
.Linfo_string151:
	.asciz	"unsigned int"                  @ string offset=2201
.Linfo_string152:
	.asciz	"uint32_t"                      @ string offset=2214
.Linfo_string153:
	.asciz	"HSICFGR"                       @ string offset=2223
.Linfo_string154:
	.asciz	"CRRCR"                         @ string offset=2231
.Linfo_string155:
	.asciz	"CSICFGR"                       @ string offset=2237
.Linfo_string156:
	.asciz	"CFGR"                          @ string offset=2245
.Linfo_string157:
	.asciz	"RESERVED1"                     @ string offset=2250
.Linfo_string158:
	.asciz	"D1CFGR"                        @ string offset=2260
.Linfo_string159:
	.asciz	"D2CFGR"                        @ string offset=2267
.Linfo_string160:
	.asciz	"D3CFGR"                        @ string offset=2274
.Linfo_string161:
	.asciz	"RESERVED2"                     @ string offset=2281
.Linfo_string162:
	.asciz	"PLLCKSELR"                     @ string offset=2291
.Linfo_string163:
	.asciz	"PLLCFGR"                       @ string offset=2301
.Linfo_string164:
	.asciz	"PLL1DIVR"                      @ string offset=2309
.Linfo_string165:
	.asciz	"PLL1FRACR"                     @ string offset=2318
.Linfo_string166:
	.asciz	"PLL2DIVR"                      @ string offset=2328
.Linfo_string167:
	.asciz	"PLL2FRACR"                     @ string offset=2337
.Linfo_string168:
	.asciz	"PLL3DIVR"                      @ string offset=2347
.Linfo_string169:
	.asciz	"PLL3FRACR"                     @ string offset=2356
.Linfo_string170:
	.asciz	"RESERVED3"                     @ string offset=2366
.Linfo_string171:
	.asciz	"D1CCIPR"                       @ string offset=2376
.Linfo_string172:
	.asciz	"D2CCIP1R"                      @ string offset=2384
.Linfo_string173:
	.asciz	"D2CCIP2R"                      @ string offset=2393
.Linfo_string174:
	.asciz	"D3CCIPR"                       @ string offset=2402
.Linfo_string175:
	.asciz	"RESERVED4"                     @ string offset=2410
.Linfo_string176:
	.asciz	"CIER"                          @ string offset=2420
.Linfo_string177:
	.asciz	"CIFR"                          @ string offset=2425
.Linfo_string178:
	.asciz	"CICR"                          @ string offset=2430
.Linfo_string179:
	.asciz	"RESERVED5"                     @ string offset=2435
.Linfo_string180:
	.asciz	"BDCR"                          @ string offset=2445
.Linfo_string181:
	.asciz	"CSR"                           @ string offset=2450
.Linfo_string182:
	.asciz	"RESERVED6"                     @ string offset=2454
.Linfo_string183:
	.asciz	"AHB3RSTR"                      @ string offset=2464
.Linfo_string184:
	.asciz	"AHB1RSTR"                      @ string offset=2473
.Linfo_string185:
	.asciz	"AHB2RSTR"                      @ string offset=2482
.Linfo_string186:
	.asciz	"AHB4RSTR"                      @ string offset=2491
.Linfo_string187:
	.asciz	"APB3RSTR"                      @ string offset=2500
.Linfo_string188:
	.asciz	"APB1LRSTR"                     @ string offset=2509
.Linfo_string189:
	.asciz	"APB1HRSTR"                     @ string offset=2519
.Linfo_string190:
	.asciz	"APB2RSTR"                      @ string offset=2529
.Linfo_string191:
	.asciz	"APB4RSTR"                      @ string offset=2538
.Linfo_string192:
	.asciz	"GCR"                           @ string offset=2547
.Linfo_string193:
	.asciz	"RESERVED8"                     @ string offset=2551
.Linfo_string194:
	.asciz	"D3AMR"                         @ string offset=2561
.Linfo_string195:
	.asciz	"RESERVED11"                    @ string offset=2567
.Linfo_string196:
	.asciz	"__ARRAY_SIZE_TYPE__"           @ string offset=2578
.Linfo_string197:
	.asciz	"RSR"                           @ string offset=2598
.Linfo_string198:
	.asciz	"AHB3ENR"                       @ string offset=2602
.Linfo_string199:
	.asciz	"AHB1ENR"                       @ string offset=2610
.Linfo_string200:
	.asciz	"AHB2ENR"                       @ string offset=2618
.Linfo_string201:
	.asciz	"AHB4ENR"                       @ string offset=2626
.Linfo_string202:
	.asciz	"APB3ENR"                       @ string offset=2634
.Linfo_string203:
	.asciz	"APB1LENR"                      @ string offset=2642
.Linfo_string204:
	.asciz	"APB1HENR"                      @ string offset=2651
.Linfo_string205:
	.asciz	"APB2ENR"                       @ string offset=2660
.Linfo_string206:
	.asciz	"APB4ENR"                       @ string offset=2668
.Linfo_string207:
	.asciz	"RESERVED12"                    @ string offset=2676
.Linfo_string208:
	.asciz	"AHB3LPENR"                     @ string offset=2687
.Linfo_string209:
	.asciz	"AHB1LPENR"                     @ string offset=2697
.Linfo_string210:
	.asciz	"AHB2LPENR"                     @ string offset=2707
.Linfo_string211:
	.asciz	"AHB4LPENR"                     @ string offset=2717
.Linfo_string212:
	.asciz	"APB3LPENR"                     @ string offset=2727
.Linfo_string213:
	.asciz	"APB1LLPENR"                    @ string offset=2737
.Linfo_string214:
	.asciz	"APB1HLPENR"                    @ string offset=2748
.Linfo_string215:
	.asciz	"APB2LPENR"                     @ string offset=2759
.Linfo_string216:
	.asciz	"APB4LPENR"                     @ string offset=2769
.Linfo_string217:
	.asciz	"RESERVED13"                    @ string offset=2779
.Linfo_string218:
	.asciz	"RCC_TypeDef"                   @ string offset=2790
.Linfo_string219:
	.asciz	"HAL_MspInit"                   @ string offset=2802
.Linfo_string220:
	.asciz	"tmpreg"                        @ string offset=2814
	.ident	"Component: Arm Compiler for Embedded 6.24 Tool: armclang [5f371800]"
	.section	".note.GNU-stack","",%progbits
	.eabi_attribute	30, 6	@ Tag_ABI_optimization_goals
	.ARM_attribute	16, 1	@ Tag_AV_eba
	.section	.debug_line,"",%progbits
.Lline_table_start0:
