	.text
	.syntax unified
	.eabi_attribute	67, "2.09"	@ Tag_conformance
	.cpu	cortex-m7
	.eabi_attribute	6, 13	@ Tag_CPU_arch
	.eabi_attribute	7, 77	@ Tag_CPU_arch_profile
	.eabi_attribute	8, 0	@ Tag_ARM_ISA_use
	.eabi_attribute	9, 2	@ Tag_THUMB_ISA_use
	.fpu	fpv5-d16
	.eabi_attribute	36, 1	@ Tag_FP_HP_extension
	.eabi_attribute	34, 1	@ Tag_CPU_unaligned_access
	.eabi_attribute	17, 1	@ Tag_ABI_PCS_GOT_use
	.eabi_attribute	20, 2	@ Tag_ABI_FP_denormal
	.eabi_attribute	21, 0	@ Tag_ABI_FP_exceptions
	.eabi_attribute	23, 1	@ Tag_ABI_FP_number_model
	.eabi_attribute	24, 1	@ Tag_ABI_align_needed
	.eabi_attribute	25, 1	@ Tag_ABI_align_preserved
	.eabi_attribute	28, 1	@ Tag_ABI_VFP_args
	.eabi_attribute	38, 1	@ Tag_ABI_FP_16bit_format
	.eabi_attribute	18, 2	@ Tag_ABI_PCS_wchar_t
	.eabi_attribute	26, 1	@ Tag_ABI_enum_size
	.eabi_attribute	14, 0	@ Tag_ABI_PCS_R9_use
	.file	"stm32h7xx_it.c"
	.file	1 "D:\\keil5_app\\Keil_v5\\ARM\\ARMCLANG\\bin\\..\\include" "stdint.h"
	.section	.text.NMI_Handler,"ax",%progbits
	.hidden	NMI_Handler                     @ -- Begin function NMI_Handler
	.globl	NMI_Handler
	.p2align	3
	.type	NMI_Handler,%function
	.code	16                              @ @NMI_Handler
	.thumb_func
NMI_Handler:
.Lfunc_begin0:
	.fnstart
	.cfi_sections .debug_frame
	.cfi_startproc
@ %bb.0:
	.file	2 "D:\\stm32_project\\daily_work\\new_bubing\\cod_update_2.0\\COD_H7_Template\\MDK-ARM" "../Core/Src/stm32h7xx_it.c"
	.loc	2 99 4 prologue_end             @ ../Core/Src/stm32h7xx_it.c:99:4
	b	.LBB0_1
.LBB0_1:                                @ =>This Inner Loop Header: Depth=1
	b	.LBB0_1
.Ltmp0:
.Lfunc_end0:
	.size	NMI_Handler, .Lfunc_end0-NMI_Handler
	.cfi_endproc
	.cantunwind
	.fnend
                                        @ -- End function
	.section	.text.HardFault_Handler,"ax",%progbits
	.hidden	HardFault_Handler               @ -- Begin function HardFault_Handler
	.globl	HardFault_Handler
	.p2align	3
	.type	HardFault_Handler,%function
	.code	16                              @ @HardFault_Handler
	.thumb_func
HardFault_Handler:
.Lfunc_begin1:
	.fnstart
	.cfi_startproc
@ %bb.0:
	.loc	2 113 3 prologue_end            @ ../Core/Src/stm32h7xx_it.c:113:3
	b	.LBB1_1
.LBB1_1:                                @ =>This Inner Loop Header: Depth=1
	b	.LBB1_1
.Ltmp1:
.Lfunc_end1:
	.size	HardFault_Handler, .Lfunc_end1-HardFault_Handler
	.cfi_endproc
	.cantunwind
	.fnend
                                        @ -- End function
	.section	.text.MemManage_Handler,"ax",%progbits
	.hidden	MemManage_Handler               @ -- Begin function MemManage_Handler
	.globl	MemManage_Handler
	.p2align	3
	.type	MemManage_Handler,%function
	.code	16                              @ @MemManage_Handler
	.thumb_func
MemManage_Handler:
.Lfunc_begin2:
	.fnstart
	.cfi_startproc
@ %bb.0:
	.loc	2 128 3 prologue_end            @ ../Core/Src/stm32h7xx_it.c:128:3
	b	.LBB2_1
.LBB2_1:                                @ =>This Inner Loop Header: Depth=1
	b	.LBB2_1
.Ltmp2:
.Lfunc_end2:
	.size	MemManage_Handler, .Lfunc_end2-MemManage_Handler
	.cfi_endproc
	.cantunwind
	.fnend
                                        @ -- End function
	.section	.text.BusFault_Handler,"ax",%progbits
	.hidden	BusFault_Handler                @ -- Begin function BusFault_Handler
	.globl	BusFault_Handler
	.p2align	3
	.type	BusFault_Handler,%function
	.code	16                              @ @BusFault_Handler
	.thumb_func
BusFault_Handler:
.Lfunc_begin3:
	.fnstart
	.cfi_startproc
@ %bb.0:
	.loc	2 143 3 prologue_end            @ ../Core/Src/stm32h7xx_it.c:143:3
	b	.LBB3_1
.LBB3_1:                                @ =>This Inner Loop Header: Depth=1
	b	.LBB3_1
.Ltmp3:
.Lfunc_end3:
	.size	BusFault_Handler, .Lfunc_end3-BusFault_Handler
	.cfi_endproc
	.cantunwind
	.fnend
                                        @ -- End function
	.section	.text.UsageFault_Handler,"ax",%progbits
	.hidden	UsageFault_Handler              @ -- Begin function UsageFault_Handler
	.globl	UsageFault_Handler
	.p2align	3
	.type	UsageFault_Handler,%function
	.code	16                              @ @UsageFault_Handler
	.thumb_func
UsageFault_Handler:
.Lfunc_begin4:
	.fnstart
	.cfi_startproc
@ %bb.0:
	.loc	2 158 3 prologue_end            @ ../Core/Src/stm32h7xx_it.c:158:3
	b	.LBB4_1
.LBB4_1:                                @ =>This Inner Loop Header: Depth=1
	b	.LBB4_1
.Ltmp4:
.Lfunc_end4:
	.size	UsageFault_Handler, .Lfunc_end4-UsageFault_Handler
	.cfi_endproc
	.cantunwind
	.fnend
                                        @ -- End function
	.section	.text.DebugMon_Handler,"ax",%progbits
	.hidden	DebugMon_Handler                @ -- Begin function DebugMon_Handler
	.globl	DebugMon_Handler
	.p2align	3
	.type	DebugMon_Handler,%function
	.code	16                              @ @DebugMon_Handler
	.thumb_func
DebugMon_Handler:
.Lfunc_begin5:
	.fnstart
	.cfi_startproc
@ %bb.0:
	.loc	2 176 1 prologue_end            @ ../Core/Src/stm32h7xx_it.c:176:1
	bx	lr
.Ltmp5:
.Lfunc_end5:
	.size	DebugMon_Handler, .Lfunc_end5-DebugMon_Handler
	.cfi_endproc
	.cantunwind
	.fnend
                                        @ -- End function
	.section	.text.EXTI0_IRQHandler,"ax",%progbits
	.hidden	EXTI0_IRQHandler                @ -- Begin function EXTI0_IRQHandler
	.globl	EXTI0_IRQHandler
	.p2align	3
	.type	EXTI0_IRQHandler,%function
	.code	16                              @ @EXTI0_IRQHandler
	.thumb_func
EXTI0_IRQHandler:
.Lfunc_begin6:
	.loc	2 189 0                         @ ../Core/Src/stm32h7xx_it.c:189:0
	.fnstart
	.cfi_startproc
@ %bb.0:
	.save	{r7, lr}
	push	{r7, lr}
	.cfi_def_cfa_offset 8
	.cfi_offset lr, -4
	.cfi_offset r7, -8
	movs	r0, #1
.Ltmp6:
	.loc	2 193 3 prologue_end            @ ../Core/Src/stm32h7xx_it.c:193:3
	bl	HAL_GPIO_EXTI_IRQHandler
	.loc	2 197 1 epilogue_begin          @ ../Core/Src/stm32h7xx_it.c:197:1
	pop	{r7, pc}
.Ltmp7:
.Lfunc_end6:
	.size	EXTI0_IRQHandler, .Lfunc_end6-EXTI0_IRQHandler
	.cfi_endproc
	.cantunwind
	.fnend
                                        @ -- End function
	.section	.text.EXTI2_IRQHandler,"ax",%progbits
	.hidden	EXTI2_IRQHandler                @ -- Begin function EXTI2_IRQHandler
	.globl	EXTI2_IRQHandler
	.p2align	3
	.type	EXTI2_IRQHandler,%function
	.code	16                              @ @EXTI2_IRQHandler
	.thumb_func
EXTI2_IRQHandler:
.Lfunc_begin7:
	.loc	2 203 0                         @ ../Core/Src/stm32h7xx_it.c:203:0
	.fnstart
	.cfi_startproc
@ %bb.0:
	.save	{r7, lr}
	push	{r7, lr}
	.cfi_def_cfa_offset 8
	.cfi_offset lr, -4
	.cfi_offset r7, -8
	movs	r0, #4
.Ltmp8:
	.loc	2 207 3 prologue_end            @ ../Core/Src/stm32h7xx_it.c:207:3
	bl	HAL_GPIO_EXTI_IRQHandler
	.loc	2 211 1 epilogue_begin          @ ../Core/Src/stm32h7xx_it.c:211:1
	pop	{r7, pc}
.Ltmp9:
.Lfunc_end7:
	.size	EXTI2_IRQHandler, .Lfunc_end7-EXTI2_IRQHandler
	.cfi_endproc
	.cantunwind
	.fnend
                                        @ -- End function
	.section	.text.DMA1_Stream0_IRQHandler,"ax",%progbits
	.hidden	DMA1_Stream0_IRQHandler         @ -- Begin function DMA1_Stream0_IRQHandler
	.globl	DMA1_Stream0_IRQHandler
	.p2align	3
	.type	DMA1_Stream0_IRQHandler,%function
	.code	16                              @ @DMA1_Stream0_IRQHandler
	.thumb_func
DMA1_Stream0_IRQHandler:
.Lfunc_begin8:
	.loc	2 217 0                         @ ../Core/Src/stm32h7xx_it.c:217:0
	.fnstart
	.cfi_startproc
@ %bb.0:
	.save	{r7, lr}
	push	{r7, lr}
	.cfi_def_cfa_offset 8
	.cfi_offset lr, -4
	.cfi_offset r7, -8
.Ltmp10:
	.loc	2 221 3 prologue_end            @ ../Core/Src/stm32h7xx_it.c:221:3
	movw	r0, :lower16:hdma_adc1
	movt	r0, :upper16:hdma_adc1
	bl	HAL_DMA_IRQHandler
	.loc	2 225 1 epilogue_begin          @ ../Core/Src/stm32h7xx_it.c:225:1
	pop	{r7, pc}
.Ltmp11:
.Lfunc_end8:
	.size	DMA1_Stream0_IRQHandler, .Lfunc_end8-DMA1_Stream0_IRQHandler
	.cfi_endproc
	.cantunwind
	.fnend
                                        @ -- End function
	.section	.text.DMA1_Stream1_IRQHandler,"ax",%progbits
	.hidden	DMA1_Stream1_IRQHandler         @ -- Begin function DMA1_Stream1_IRQHandler
	.globl	DMA1_Stream1_IRQHandler
	.p2align	3
	.type	DMA1_Stream1_IRQHandler,%function
	.code	16                              @ @DMA1_Stream1_IRQHandler
	.thumb_func
DMA1_Stream1_IRQHandler:
.Lfunc_begin9:
	.loc	2 231 0                         @ ../Core/Src/stm32h7xx_it.c:231:0
	.fnstart
	.cfi_startproc
@ %bb.0:
	.save	{r7, lr}
	push	{r7, lr}
	.cfi_def_cfa_offset 8
	.cfi_offset lr, -4
	.cfi_offset r7, -8
.Ltmp12:
	.loc	2 235 3 prologue_end            @ ../Core/Src/stm32h7xx_it.c:235:3
	movw	r0, :lower16:hdma_spi2_rx
	movt	r0, :upper16:hdma_spi2_rx
	bl	HAL_DMA_IRQHandler
	.loc	2 239 1 epilogue_begin          @ ../Core/Src/stm32h7xx_it.c:239:1
	pop	{r7, pc}
.Ltmp13:
.Lfunc_end9:
	.size	DMA1_Stream1_IRQHandler, .Lfunc_end9-DMA1_Stream1_IRQHandler
	.cfi_endproc
	.cantunwind
	.fnend
                                        @ -- End function
	.section	.text.DMA1_Stream2_IRQHandler,"ax",%progbits
	.hidden	DMA1_Stream2_IRQHandler         @ -- Begin function DMA1_Stream2_IRQHandler
	.globl	DMA1_Stream2_IRQHandler
	.p2align	3
	.type	DMA1_Stream2_IRQHandler,%function
	.code	16                              @ @DMA1_Stream2_IRQHandler
	.thumb_func
DMA1_Stream2_IRQHandler:
.Lfunc_begin10:
	.loc	2 245 0                         @ ../Core/Src/stm32h7xx_it.c:245:0
	.fnstart
	.cfi_startproc
@ %bb.0:
	.save	{r7, lr}
	push	{r7, lr}
	.cfi_def_cfa_offset 8
	.cfi_offset lr, -4
	.cfi_offset r7, -8
.Ltmp14:
	.loc	2 249 3 prologue_end            @ ../Core/Src/stm32h7xx_it.c:249:3
	movw	r0, :lower16:hdma_spi2_tx
	movt	r0, :upper16:hdma_spi2_tx
	bl	HAL_DMA_IRQHandler
	.loc	2 253 1 epilogue_begin          @ ../Core/Src/stm32h7xx_it.c:253:1
	pop	{r7, pc}
.Ltmp15:
.Lfunc_end10:
	.size	DMA1_Stream2_IRQHandler, .Lfunc_end10-DMA1_Stream2_IRQHandler
	.cfi_endproc
	.cantunwind
	.fnend
                                        @ -- End function
	.section	.text.DMA1_Stream3_IRQHandler,"ax",%progbits
	.hidden	DMA1_Stream3_IRQHandler         @ -- Begin function DMA1_Stream3_IRQHandler
	.globl	DMA1_Stream3_IRQHandler
	.p2align	3
	.type	DMA1_Stream3_IRQHandler,%function
	.code	16                              @ @DMA1_Stream3_IRQHandler
	.thumb_func
DMA1_Stream3_IRQHandler:
.Lfunc_begin11:
	.loc	2 259 0                         @ ../Core/Src/stm32h7xx_it.c:259:0
	.fnstart
	.cfi_startproc
@ %bb.0:
	.save	{r7, lr}
	push	{r7, lr}
	.cfi_def_cfa_offset 8
	.cfi_offset lr, -4
	.cfi_offset r7, -8
.Ltmp16:
	.loc	2 263 3 prologue_end            @ ../Core/Src/stm32h7xx_it.c:263:3
	movw	r0, :lower16:hdma_usart10_rx
	movt	r0, :upper16:hdma_usart10_rx
	bl	HAL_DMA_IRQHandler
	.loc	2 267 1 epilogue_begin          @ ../Core/Src/stm32h7xx_it.c:267:1
	pop	{r7, pc}
.Ltmp17:
.Lfunc_end11:
	.size	DMA1_Stream3_IRQHandler, .Lfunc_end11-DMA1_Stream3_IRQHandler
	.cfi_endproc
	.cantunwind
	.fnend
                                        @ -- End function
	.section	.text.DMA1_Stream4_IRQHandler,"ax",%progbits
	.hidden	DMA1_Stream4_IRQHandler         @ -- Begin function DMA1_Stream4_IRQHandler
	.globl	DMA1_Stream4_IRQHandler
	.p2align	3
	.type	DMA1_Stream4_IRQHandler,%function
	.code	16                              @ @DMA1_Stream4_IRQHandler
	.thumb_func
DMA1_Stream4_IRQHandler:
.Lfunc_begin12:
	.loc	2 273 0                         @ ../Core/Src/stm32h7xx_it.c:273:0
	.fnstart
	.cfi_startproc
@ %bb.0:
	.save	{r7, lr}
	push	{r7, lr}
	.cfi_def_cfa_offset 8
	.cfi_offset lr, -4
	.cfi_offset r7, -8
.Ltmp18:
	.loc	2 277 3 prologue_end            @ ../Core/Src/stm32h7xx_it.c:277:3
	movw	r0, :lower16:hdma_usart1_tx
	movt	r0, :upper16:hdma_usart1_tx
	bl	HAL_DMA_IRQHandler
	.loc	2 281 1 epilogue_begin          @ ../Core/Src/stm32h7xx_it.c:281:1
	pop	{r7, pc}
.Ltmp19:
.Lfunc_end12:
	.size	DMA1_Stream4_IRQHandler, .Lfunc_end12-DMA1_Stream4_IRQHandler
	.cfi_endproc
	.cantunwind
	.fnend
                                        @ -- End function
	.section	.text.DMA1_Stream5_IRQHandler,"ax",%progbits
	.hidden	DMA1_Stream5_IRQHandler         @ -- Begin function DMA1_Stream5_IRQHandler
	.globl	DMA1_Stream5_IRQHandler
	.p2align	3
	.type	DMA1_Stream5_IRQHandler,%function
	.code	16                              @ @DMA1_Stream5_IRQHandler
	.thumb_func
DMA1_Stream5_IRQHandler:
.Lfunc_begin13:
	.loc	2 287 0                         @ ../Core/Src/stm32h7xx_it.c:287:0
	.fnstart
	.cfi_startproc
@ %bb.0:
	.save	{r7, lr}
	push	{r7, lr}
	.cfi_def_cfa_offset 8
	.cfi_offset lr, -4
	.cfi_offset r7, -8
.Ltmp20:
	.loc	2 291 3 prologue_end            @ ../Core/Src/stm32h7xx_it.c:291:3
	movw	r0, :lower16:hdma_usart1_rx
	movt	r0, :upper16:hdma_usart1_rx
	bl	HAL_DMA_IRQHandler
	.loc	2 295 1 epilogue_begin          @ ../Core/Src/stm32h7xx_it.c:295:1
	pop	{r7, pc}
.Ltmp21:
.Lfunc_end13:
	.size	DMA1_Stream5_IRQHandler, .Lfunc_end13-DMA1_Stream5_IRQHandler
	.cfi_endproc
	.cantunwind
	.fnend
                                        @ -- End function
	.section	.text.DMA1_Stream6_IRQHandler,"ax",%progbits
	.hidden	DMA1_Stream6_IRQHandler         @ -- Begin function DMA1_Stream6_IRQHandler
	.globl	DMA1_Stream6_IRQHandler
	.p2align	3
	.type	DMA1_Stream6_IRQHandler,%function
	.code	16                              @ @DMA1_Stream6_IRQHandler
	.thumb_func
DMA1_Stream6_IRQHandler:
.Lfunc_begin14:
	.loc	2 301 0                         @ ../Core/Src/stm32h7xx_it.c:301:0
	.fnstart
	.cfi_startproc
@ %bb.0:
	.save	{r7, lr}
	push	{r7, lr}
	.cfi_def_cfa_offset 8
	.cfi_offset lr, -4
	.cfi_offset r7, -8
.Ltmp22:
	.loc	2 305 3 prologue_end            @ ../Core/Src/stm32h7xx_it.c:305:3
	movw	r0, :lower16:hdma_usart10_tx
	movt	r0, :upper16:hdma_usart10_tx
	bl	HAL_DMA_IRQHandler
	.loc	2 309 1 epilogue_begin          @ ../Core/Src/stm32h7xx_it.c:309:1
	pop	{r7, pc}
.Ltmp23:
.Lfunc_end14:
	.size	DMA1_Stream6_IRQHandler, .Lfunc_end14-DMA1_Stream6_IRQHandler
	.cfi_endproc
	.cantunwind
	.fnend
                                        @ -- End function
	.section	.text.ADC_IRQHandler,"ax",%progbits
	.hidden	ADC_IRQHandler                  @ -- Begin function ADC_IRQHandler
	.globl	ADC_IRQHandler
	.p2align	3
	.type	ADC_IRQHandler,%function
	.code	16                              @ @ADC_IRQHandler
	.thumb_func
ADC_IRQHandler:
.Lfunc_begin15:
	.loc	2 315 0                         @ ../Core/Src/stm32h7xx_it.c:315:0
	.fnstart
	.cfi_startproc
@ %bb.0:
	.save	{r7, lr}
	push	{r7, lr}
	.cfi_def_cfa_offset 8
	.cfi_offset lr, -4
	.cfi_offset r7, -8
.Ltmp24:
	.loc	2 319 3 prologue_end            @ ../Core/Src/stm32h7xx_it.c:319:3
	movw	r0, :lower16:hadc1
	movt	r0, :upper16:hadc1
	bl	HAL_ADC_IRQHandler
	.loc	2 323 1 epilogue_begin          @ ../Core/Src/stm32h7xx_it.c:323:1
	pop	{r7, pc}
.Ltmp25:
.Lfunc_end15:
	.size	ADC_IRQHandler, .Lfunc_end15-ADC_IRQHandler
	.cfi_endproc
	.cantunwind
	.fnend
                                        @ -- End function
	.section	.text.FDCAN1_IT0_IRQHandler,"ax",%progbits
	.hidden	FDCAN1_IT0_IRQHandler           @ -- Begin function FDCAN1_IT0_IRQHandler
	.globl	FDCAN1_IT0_IRQHandler
	.p2align	3
	.type	FDCAN1_IT0_IRQHandler,%function
	.code	16                              @ @FDCAN1_IT0_IRQHandler
	.thumb_func
FDCAN1_IT0_IRQHandler:
.Lfunc_begin16:
	.loc	2 329 0                         @ ../Core/Src/stm32h7xx_it.c:329:0
	.fnstart
	.cfi_startproc
@ %bb.0:
	.save	{r7, lr}
	push	{r7, lr}
	.cfi_def_cfa_offset 8
	.cfi_offset lr, -4
	.cfi_offset r7, -8
.Ltmp26:
	.loc	2 333 3 prologue_end            @ ../Core/Src/stm32h7xx_it.c:333:3
	movw	r0, :lower16:hfdcan1
	movt	r0, :upper16:hfdcan1
	bl	HAL_FDCAN_IRQHandler
	.loc	2 337 1 epilogue_begin          @ ../Core/Src/stm32h7xx_it.c:337:1
	pop	{r7, pc}
.Ltmp27:
.Lfunc_end16:
	.size	FDCAN1_IT0_IRQHandler, .Lfunc_end16-FDCAN1_IT0_IRQHandler
	.cfi_endproc
	.cantunwind
	.fnend
                                        @ -- End function
	.section	.text.FDCAN2_IT0_IRQHandler,"ax",%progbits
	.hidden	FDCAN2_IT0_IRQHandler           @ -- Begin function FDCAN2_IT0_IRQHandler
	.globl	FDCAN2_IT0_IRQHandler
	.p2align	3
	.type	FDCAN2_IT0_IRQHandler,%function
	.code	16                              @ @FDCAN2_IT0_IRQHandler
	.thumb_func
FDCAN2_IT0_IRQHandler:
.Lfunc_begin17:
	.loc	2 343 0                         @ ../Core/Src/stm32h7xx_it.c:343:0
	.fnstart
	.cfi_startproc
@ %bb.0:
	.save	{r7, lr}
	push	{r7, lr}
	.cfi_def_cfa_offset 8
	.cfi_offset lr, -4
	.cfi_offset r7, -8
.Ltmp28:
	.loc	2 347 3 prologue_end            @ ../Core/Src/stm32h7xx_it.c:347:3
	movw	r0, :lower16:hfdcan2
	movt	r0, :upper16:hfdcan2
	bl	HAL_FDCAN_IRQHandler
	.loc	2 351 1 epilogue_begin          @ ../Core/Src/stm32h7xx_it.c:351:1
	pop	{r7, pc}
.Ltmp29:
.Lfunc_end17:
	.size	FDCAN2_IT0_IRQHandler, .Lfunc_end17-FDCAN2_IT0_IRQHandler
	.cfi_endproc
	.cantunwind
	.fnend
                                        @ -- End function
	.section	.text.FDCAN1_IT1_IRQHandler,"ax",%progbits
	.hidden	FDCAN1_IT1_IRQHandler           @ -- Begin function FDCAN1_IT1_IRQHandler
	.globl	FDCAN1_IT1_IRQHandler
	.p2align	3
	.type	FDCAN1_IT1_IRQHandler,%function
	.code	16                              @ @FDCAN1_IT1_IRQHandler
	.thumb_func
FDCAN1_IT1_IRQHandler:
.Lfunc_begin18:
	.loc	2 357 0                         @ ../Core/Src/stm32h7xx_it.c:357:0
	.fnstart
	.cfi_startproc
@ %bb.0:
	.save	{r7, lr}
	push	{r7, lr}
	.cfi_def_cfa_offset 8
	.cfi_offset lr, -4
	.cfi_offset r7, -8
.Ltmp30:
	.loc	2 361 3 prologue_end            @ ../Core/Src/stm32h7xx_it.c:361:3
	movw	r0, :lower16:hfdcan1
	movt	r0, :upper16:hfdcan1
	bl	HAL_FDCAN_IRQHandler
	.loc	2 365 1 epilogue_begin          @ ../Core/Src/stm32h7xx_it.c:365:1
	pop	{r7, pc}
.Ltmp31:
.Lfunc_end18:
	.size	FDCAN1_IT1_IRQHandler, .Lfunc_end18-FDCAN1_IT1_IRQHandler
	.cfi_endproc
	.cantunwind
	.fnend
                                        @ -- End function
	.section	.text.FDCAN2_IT1_IRQHandler,"ax",%progbits
	.hidden	FDCAN2_IT1_IRQHandler           @ -- Begin function FDCAN2_IT1_IRQHandler
	.globl	FDCAN2_IT1_IRQHandler
	.p2align	3
	.type	FDCAN2_IT1_IRQHandler,%function
	.code	16                              @ @FDCAN2_IT1_IRQHandler
	.thumb_func
FDCAN2_IT1_IRQHandler:
.Lfunc_begin19:
	.loc	2 371 0                         @ ../Core/Src/stm32h7xx_it.c:371:0
	.fnstart
	.cfi_startproc
@ %bb.0:
	.save	{r7, lr}
	push	{r7, lr}
	.cfi_def_cfa_offset 8
	.cfi_offset lr, -4
	.cfi_offset r7, -8
.Ltmp32:
	.loc	2 375 3 prologue_end            @ ../Core/Src/stm32h7xx_it.c:375:3
	movw	r0, :lower16:hfdcan2
	movt	r0, :upper16:hfdcan2
	bl	HAL_FDCAN_IRQHandler
	.loc	2 379 1 epilogue_begin          @ ../Core/Src/stm32h7xx_it.c:379:1
	pop	{r7, pc}
.Ltmp33:
.Lfunc_end19:
	.size	FDCAN2_IT1_IRQHandler, .Lfunc_end19-FDCAN2_IT1_IRQHandler
	.cfi_endproc
	.cantunwind
	.fnend
                                        @ -- End function
	.section	.text.EXTI9_5_IRQHandler,"ax",%progbits
	.hidden	EXTI9_5_IRQHandler              @ -- Begin function EXTI9_5_IRQHandler
	.globl	EXTI9_5_IRQHandler
	.p2align	3
	.type	EXTI9_5_IRQHandler,%function
	.code	16                              @ @EXTI9_5_IRQHandler
	.thumb_func
EXTI9_5_IRQHandler:
.Lfunc_begin20:
	.loc	2 385 0                         @ ../Core/Src/stm32h7xx_it.c:385:0
	.fnstart
	.cfi_startproc
@ %bb.0:
	.save	{r7, lr}
	push	{r7, lr}
	.cfi_def_cfa_offset 8
	.cfi_offset lr, -4
	.cfi_offset r7, -8
	mov.w	r0, #512
.Ltmp34:
	.loc	2 389 3 prologue_end            @ ../Core/Src/stm32h7xx_it.c:389:3
	bl	HAL_GPIO_EXTI_IRQHandler
	.loc	2 393 1 epilogue_begin          @ ../Core/Src/stm32h7xx_it.c:393:1
	pop	{r7, pc}
.Ltmp35:
.Lfunc_end20:
	.size	EXTI9_5_IRQHandler, .Lfunc_end20-EXTI9_5_IRQHandler
	.cfi_endproc
	.cantunwind
	.fnend
                                        @ -- End function
	.section	.text.TIM2_IRQHandler,"ax",%progbits
	.hidden	TIM2_IRQHandler                 @ -- Begin function TIM2_IRQHandler
	.globl	TIM2_IRQHandler
	.p2align	3
	.type	TIM2_IRQHandler,%function
	.code	16                              @ @TIM2_IRQHandler
	.thumb_func
TIM2_IRQHandler:
.Lfunc_begin21:
	.loc	2 399 0                         @ ../Core/Src/stm32h7xx_it.c:399:0
	.fnstart
	.cfi_startproc
@ %bb.0:
	.save	{r7, lr}
	push	{r7, lr}
	.cfi_def_cfa_offset 8
	.cfi_offset lr, -4
	.cfi_offset r7, -8
.Ltmp36:
	.loc	2 403 3 prologue_end            @ ../Core/Src/stm32h7xx_it.c:403:3
	movw	r0, :lower16:htim2
	movt	r0, :upper16:htim2
	bl	HAL_TIM_IRQHandler
	.loc	2 407 1 epilogue_begin          @ ../Core/Src/stm32h7xx_it.c:407:1
	pop	{r7, pc}
.Ltmp37:
.Lfunc_end21:
	.size	TIM2_IRQHandler, .Lfunc_end21-TIM2_IRQHandler
	.cfi_endproc
	.cantunwind
	.fnend
                                        @ -- End function
	.section	.text.SPI2_IRQHandler,"ax",%progbits
	.hidden	SPI2_IRQHandler                 @ -- Begin function SPI2_IRQHandler
	.globl	SPI2_IRQHandler
	.p2align	3
	.type	SPI2_IRQHandler,%function
	.code	16                              @ @SPI2_IRQHandler
	.thumb_func
SPI2_IRQHandler:
.Lfunc_begin22:
	.loc	2 413 0                         @ ../Core/Src/stm32h7xx_it.c:413:0
	.fnstart
	.cfi_startproc
@ %bb.0:
	.save	{r7, lr}
	push	{r7, lr}
	.cfi_def_cfa_offset 8
	.cfi_offset lr, -4
	.cfi_offset r7, -8
.Ltmp38:
	.loc	2 417 3 prologue_end            @ ../Core/Src/stm32h7xx_it.c:417:3
	movw	r0, :lower16:hspi2
	movt	r0, :upper16:hspi2
	bl	HAL_SPI_IRQHandler
	.loc	2 421 1 epilogue_begin          @ ../Core/Src/stm32h7xx_it.c:421:1
	pop	{r7, pc}
.Ltmp39:
.Lfunc_end22:
	.size	SPI2_IRQHandler, .Lfunc_end22-SPI2_IRQHandler
	.cfi_endproc
	.cantunwind
	.fnend
                                        @ -- End function
	.section	.text.USART1_IRQHandler,"ax",%progbits
	.hidden	USART1_IRQHandler               @ -- Begin function USART1_IRQHandler
	.globl	USART1_IRQHandler
	.p2align	3
	.type	USART1_IRQHandler,%function
	.code	16                              @ @USART1_IRQHandler
	.thumb_func
USART1_IRQHandler:
.Lfunc_begin23:
	.loc	2 427 0                         @ ../Core/Src/stm32h7xx_it.c:427:0
	.fnstart
	.cfi_startproc
@ %bb.0:
	.save	{r7, lr}
	push	{r7, lr}
	.cfi_def_cfa_offset 8
	.cfi_offset lr, -4
	.cfi_offset r7, -8
.Ltmp40:
	.loc	2 431 3 prologue_end            @ ../Core/Src/stm32h7xx_it.c:431:3
	movw	r0, :lower16:huart1
	movt	r0, :upper16:huart1
	bl	HAL_UART_IRQHandler
	.loc	2 435 1 epilogue_begin          @ ../Core/Src/stm32h7xx_it.c:435:1
	pop	{r7, pc}
.Ltmp41:
.Lfunc_end23:
	.size	USART1_IRQHandler, .Lfunc_end23-USART1_IRQHandler
	.cfi_endproc
	.cantunwind
	.fnend
                                        @ -- End function
	.section	.text.USART3_IRQHandler,"ax",%progbits
	.hidden	USART3_IRQHandler               @ -- Begin function USART3_IRQHandler
	.globl	USART3_IRQHandler
	.p2align	3
	.type	USART3_IRQHandler,%function
	.code	16                              @ @USART3_IRQHandler
	.thumb_func
USART3_IRQHandler:
.Lfunc_begin24:
	.loc	2 441 0                         @ ../Core/Src/stm32h7xx_it.c:441:0
	.fnstart
	.cfi_startproc
@ %bb.0:
	.save	{r7, lr}
	push	{r7, lr}
	.cfi_def_cfa_offset 8
	.cfi_offset lr, -4
	.cfi_offset r7, -8
.Ltmp42:
	.loc	2 445 3 prologue_end            @ ../Core/Src/stm32h7xx_it.c:445:3
	movw	r0, :lower16:huart3
	movt	r0, :upper16:huart3
	bl	HAL_UART_IRQHandler
	.loc	2 449 1 epilogue_begin          @ ../Core/Src/stm32h7xx_it.c:449:1
	pop	{r7, pc}
.Ltmp43:
.Lfunc_end24:
	.size	USART3_IRQHandler, .Lfunc_end24-USART3_IRQHandler
	.cfi_endproc
	.cantunwind
	.fnend
                                        @ -- End function
	.section	.text.EXTI15_10_IRQHandler,"ax",%progbits
	.hidden	EXTI15_10_IRQHandler            @ -- Begin function EXTI15_10_IRQHandler
	.globl	EXTI15_10_IRQHandler
	.p2align	3
	.type	EXTI15_10_IRQHandler,%function
	.code	16                              @ @EXTI15_10_IRQHandler
	.thumb_func
EXTI15_10_IRQHandler:
.Lfunc_begin25:
	.loc	2 455 0                         @ ../Core/Src/stm32h7xx_it.c:455:0
	.fnstart
	.cfi_startproc
@ %bb.0:
	.save	{r7, lr}
	push	{r7, lr}
	.cfi_def_cfa_offset 8
	.cfi_offset lr, -4
	.cfi_offset r7, -8
	mov.w	r0, #1024
.Ltmp44:
	.loc	2 459 3 prologue_end            @ ../Core/Src/stm32h7xx_it.c:459:3
	bl	HAL_GPIO_EXTI_IRQHandler
	mov.w	r0, #4096
	.loc	2 460 3                         @ ../Core/Src/stm32h7xx_it.c:460:3
	bl	HAL_GPIO_EXTI_IRQHandler
	mov.w	r0, #8192
	.loc	2 461 3                         @ ../Core/Src/stm32h7xx_it.c:461:3
	bl	HAL_GPIO_EXTI_IRQHandler
	.loc	2 465 1 epilogue_begin          @ ../Core/Src/stm32h7xx_it.c:465:1
	pop	{r7, pc}
.Ltmp45:
.Lfunc_end25:
	.size	EXTI15_10_IRQHandler, .Lfunc_end25-EXTI15_10_IRQHandler
	.cfi_endproc
	.cantunwind
	.fnend
                                        @ -- End function
	.section	.text.UART5_IRQHandler,"ax",%progbits
	.hidden	UART5_IRQHandler                @ -- Begin function UART5_IRQHandler
	.globl	UART5_IRQHandler
	.p2align	3
	.type	UART5_IRQHandler,%function
	.code	16                              @ @UART5_IRQHandler
	.thumb_func
UART5_IRQHandler:
.Lfunc_begin26:
	.loc	2 471 0                         @ ../Core/Src/stm32h7xx_it.c:471:0
	.fnstart
	.cfi_startproc
@ %bb.0:
	.save	{r7, lr}
	push	{r7, lr}
	.cfi_def_cfa_offset 8
	.cfi_offset lr, -4
	.cfi_offset r7, -8
.Ltmp46:
	.loc	2 475 3 prologue_end            @ ../Core/Src/stm32h7xx_it.c:475:3
	movw	r0, :lower16:huart5
	movt	r0, :upper16:huart5
	bl	HAL_UART_IRQHandler
	.loc	2 478 1 epilogue_begin          @ ../Core/Src/stm32h7xx_it.c:478:1
	pop	{r7, pc}
.Ltmp47:
.Lfunc_end26:
	.size	UART5_IRQHandler, .Lfunc_end26-UART5_IRQHandler
	.cfi_endproc
	.cantunwind
	.fnend
                                        @ -- End function
	.section	.text.DMA2_Stream0_IRQHandler,"ax",%progbits
	.hidden	DMA2_Stream0_IRQHandler         @ -- Begin function DMA2_Stream0_IRQHandler
	.globl	DMA2_Stream0_IRQHandler
	.p2align	3
	.type	DMA2_Stream0_IRQHandler,%function
	.code	16                              @ @DMA2_Stream0_IRQHandler
	.thumb_func
DMA2_Stream0_IRQHandler:
.Lfunc_begin27:
	.loc	2 484 0                         @ ../Core/Src/stm32h7xx_it.c:484:0
	.fnstart
	.cfi_startproc
@ %bb.0:
	.save	{r7, lr}
	push	{r7, lr}
	.cfi_def_cfa_offset 8
	.cfi_offset lr, -4
	.cfi_offset r7, -8
.Ltmp48:
	.loc	2 488 3 prologue_end            @ ../Core/Src/stm32h7xx_it.c:488:3
	movw	r0, :lower16:hdma_uart5_rx
	movt	r0, :upper16:hdma_uart5_rx
	bl	HAL_DMA_IRQHandler
	.loc	2 492 1 epilogue_begin          @ ../Core/Src/stm32h7xx_it.c:492:1
	pop	{r7, pc}
.Ltmp49:
.Lfunc_end27:
	.size	DMA2_Stream0_IRQHandler, .Lfunc_end27-DMA2_Stream0_IRQHandler
	.cfi_endproc
	.cantunwind
	.fnend
                                        @ -- End function
	.section	.text.DMA2_Stream1_IRQHandler,"ax",%progbits
	.hidden	DMA2_Stream1_IRQHandler         @ -- Begin function DMA2_Stream1_IRQHandler
	.globl	DMA2_Stream1_IRQHandler
	.p2align	3
	.type	DMA2_Stream1_IRQHandler,%function
	.code	16                              @ @DMA2_Stream1_IRQHandler
	.thumb_func
DMA2_Stream1_IRQHandler:
.Lfunc_begin28:
	.loc	2 498 0                         @ ../Core/Src/stm32h7xx_it.c:498:0
	.fnstart
	.cfi_startproc
@ %bb.0:
	.save	{r7, lr}
	push	{r7, lr}
	.cfi_def_cfa_offset 8
	.cfi_offset lr, -4
	.cfi_offset r7, -8
.Ltmp50:
	.loc	2 502 3 prologue_end            @ ../Core/Src/stm32h7xx_it.c:502:3
	movw	r0, :lower16:hdma_usart3_rx
	movt	r0, :upper16:hdma_usart3_rx
	bl	HAL_DMA_IRQHandler
	.loc	2 506 1 epilogue_begin          @ ../Core/Src/stm32h7xx_it.c:506:1
	pop	{r7, pc}
.Ltmp51:
.Lfunc_end28:
	.size	DMA2_Stream1_IRQHandler, .Lfunc_end28-DMA2_Stream1_IRQHandler
	.cfi_endproc
	.cantunwind
	.fnend
                                        @ -- End function
	.section	.text.DMA2_Stream2_IRQHandler,"ax",%progbits
	.hidden	DMA2_Stream2_IRQHandler         @ -- Begin function DMA2_Stream2_IRQHandler
	.globl	DMA2_Stream2_IRQHandler
	.p2align	3
	.type	DMA2_Stream2_IRQHandler,%function
	.code	16                              @ @DMA2_Stream2_IRQHandler
	.thumb_func
DMA2_Stream2_IRQHandler:
.Lfunc_begin29:
	.loc	2 512 0                         @ ../Core/Src/stm32h7xx_it.c:512:0
	.fnstart
	.cfi_startproc
@ %bb.0:
	.save	{r7, lr}
	push	{r7, lr}
	.cfi_def_cfa_offset 8
	.cfi_offset lr, -4
	.cfi_offset r7, -8
.Ltmp52:
	.loc	2 516 3 prologue_end            @ ../Core/Src/stm32h7xx_it.c:516:3
	movw	r0, :lower16:hdma_usart3_tx
	movt	r0, :upper16:hdma_usart3_tx
	bl	HAL_DMA_IRQHandler
	.loc	2 520 1 epilogue_begin          @ ../Core/Src/stm32h7xx_it.c:520:1
	pop	{r7, pc}
.Ltmp53:
.Lfunc_end29:
	.size	DMA2_Stream2_IRQHandler, .Lfunc_end29-DMA2_Stream2_IRQHandler
	.cfi_endproc
	.cantunwind
	.fnend
                                        @ -- End function
	.section	.text.UART8_IRQHandler,"ax",%progbits
	.hidden	UART8_IRQHandler                @ -- Begin function UART8_IRQHandler
	.globl	UART8_IRQHandler
	.p2align	3
	.type	UART8_IRQHandler,%function
	.code	16                              @ @UART8_IRQHandler
	.thumb_func
UART8_IRQHandler:
.Lfunc_begin30:
	.loc	2 526 0                         @ ../Core/Src/stm32h7xx_it.c:526:0
	.fnstart
	.cfi_startproc
@ %bb.0:
	.save	{r7, lr}
	push	{r7, lr}
	.cfi_def_cfa_offset 8
	.cfi_offset lr, -4
	.cfi_offset r7, -8
.Ltmp54:
	.loc	2 530 3 prologue_end            @ ../Core/Src/stm32h7xx_it.c:530:3
	movw	r0, :lower16:huart8
	movt	r0, :upper16:huart8
	bl	HAL_UART_IRQHandler
	.loc	2 534 1 epilogue_begin          @ ../Core/Src/stm32h7xx_it.c:534:1
	pop	{r7, pc}
.Ltmp55:
.Lfunc_end30:
	.size	UART8_IRQHandler, .Lfunc_end30-UART8_IRQHandler
	.cfi_endproc
	.cantunwind
	.fnend
                                        @ -- End function
	.section	.text.UART9_IRQHandler,"ax",%progbits
	.hidden	UART9_IRQHandler                @ -- Begin function UART9_IRQHandler
	.globl	UART9_IRQHandler
	.p2align	3
	.type	UART9_IRQHandler,%function
	.code	16                              @ @UART9_IRQHandler
	.thumb_func
UART9_IRQHandler:
.Lfunc_begin31:
	.loc	2 540 0                         @ ../Core/Src/stm32h7xx_it.c:540:0
	.fnstart
	.cfi_startproc
@ %bb.0:
	.save	{r7, lr}
	push	{r7, lr}
	.cfi_def_cfa_offset 8
	.cfi_offset lr, -4
	.cfi_offset r7, -8
.Ltmp56:
	.loc	2 544 3 prologue_end            @ ../Core/Src/stm32h7xx_it.c:544:3
	movw	r0, :lower16:huart9
	movt	r0, :upper16:huart9
	bl	HAL_UART_IRQHandler
	.loc	2 548 1 epilogue_begin          @ ../Core/Src/stm32h7xx_it.c:548:1
	pop	{r7, pc}
.Ltmp57:
.Lfunc_end31:
	.size	UART9_IRQHandler, .Lfunc_end31-UART9_IRQHandler
	.cfi_endproc
	.cantunwind
	.fnend
                                        @ -- End function
	.section	.text.USART10_IRQHandler,"ax",%progbits
	.hidden	USART10_IRQHandler              @ -- Begin function USART10_IRQHandler
	.globl	USART10_IRQHandler
	.p2align	3
	.type	USART10_IRQHandler,%function
	.code	16                              @ @USART10_IRQHandler
	.thumb_func
USART10_IRQHandler:
.Lfunc_begin32:
	.loc	2 554 0                         @ ../Core/Src/stm32h7xx_it.c:554:0
	.fnstart
	.cfi_startproc
@ %bb.0:
	.save	{r7, lr}
	push	{r7, lr}
	.cfi_def_cfa_offset 8
	.cfi_offset lr, -4
	.cfi_offset r7, -8
.Ltmp58:
	.loc	2 558 3 prologue_end            @ ../Core/Src/stm32h7xx_it.c:558:3
	movw	r0, :lower16:huart10
	movt	r0, :upper16:huart10
	bl	HAL_UART_IRQHandler
	.loc	2 562 1 epilogue_begin          @ ../Core/Src/stm32h7xx_it.c:562:1
	pop	{r7, pc}
.Ltmp59:
.Lfunc_end32:
	.size	USART10_IRQHandler, .Lfunc_end32-USART10_IRQHandler
	.cfi_endproc
	.cantunwind
	.fnend
                                        @ -- End function
	.section	.text.FDCAN3_IT0_IRQHandler,"ax",%progbits
	.hidden	FDCAN3_IT0_IRQHandler           @ -- Begin function FDCAN3_IT0_IRQHandler
	.globl	FDCAN3_IT0_IRQHandler
	.p2align	3
	.type	FDCAN3_IT0_IRQHandler,%function
	.code	16                              @ @FDCAN3_IT0_IRQHandler
	.thumb_func
FDCAN3_IT0_IRQHandler:
.Lfunc_begin33:
	.loc	2 568 0                         @ ../Core/Src/stm32h7xx_it.c:568:0
	.fnstart
	.cfi_startproc
@ %bb.0:
	.save	{r7, lr}
	push	{r7, lr}
	.cfi_def_cfa_offset 8
	.cfi_offset lr, -4
	.cfi_offset r7, -8
.Ltmp60:
	.loc	2 572 3 prologue_end            @ ../Core/Src/stm32h7xx_it.c:572:3
	movw	r0, :lower16:hfdcan3
	movt	r0, :upper16:hfdcan3
	bl	HAL_FDCAN_IRQHandler
	.loc	2 576 1 epilogue_begin          @ ../Core/Src/stm32h7xx_it.c:576:1
	pop	{r7, pc}
.Ltmp61:
.Lfunc_end33:
	.size	FDCAN3_IT0_IRQHandler, .Lfunc_end33-FDCAN3_IT0_IRQHandler
	.cfi_endproc
	.cantunwind
	.fnend
                                        @ -- End function
	.section	.text.FDCAN3_IT1_IRQHandler,"ax",%progbits
	.hidden	FDCAN3_IT1_IRQHandler           @ -- Begin function FDCAN3_IT1_IRQHandler
	.globl	FDCAN3_IT1_IRQHandler
	.p2align	3
	.type	FDCAN3_IT1_IRQHandler,%function
	.code	16                              @ @FDCAN3_IT1_IRQHandler
	.thumb_func
FDCAN3_IT1_IRQHandler:
.Lfunc_begin34:
	.loc	2 582 0                         @ ../Core/Src/stm32h7xx_it.c:582:0
	.fnstart
	.cfi_startproc
@ %bb.0:
	.save	{r7, lr}
	push	{r7, lr}
	.cfi_def_cfa_offset 8
	.cfi_offset lr, -4
	.cfi_offset r7, -8
.Ltmp62:
	.loc	2 586 3 prologue_end            @ ../Core/Src/stm32h7xx_it.c:586:3
	movw	r0, :lower16:hfdcan3
	movt	r0, :upper16:hfdcan3
	bl	HAL_FDCAN_IRQHandler
	.loc	2 590 1 epilogue_begin          @ ../Core/Src/stm32h7xx_it.c:590:1
	pop	{r7, pc}
.Ltmp63:
.Lfunc_end34:
	.size	FDCAN3_IT1_IRQHandler, .Lfunc_end34-FDCAN3_IT1_IRQHandler
	.cfi_endproc
	.cantunwind
	.fnend
                                        @ -- End function
	.section	.debug_abbrev,"",%progbits
	.byte	1                               @ Abbreviation Code
	.byte	17                              @ DW_TAG_compile_unit
	.byte	1                               @ DW_CHILDREN_yes
	.byte	37                              @ DW_AT_producer
	.byte	14                              @ DW_FORM_strp
	.byte	19                              @ DW_AT_language
	.byte	5                               @ DW_FORM_data2
	.byte	3                               @ DW_AT_name
	.byte	14                              @ DW_FORM_strp
	.byte	16                              @ DW_AT_stmt_list
	.byte	23                              @ DW_FORM_sec_offset
	.byte	27                              @ DW_AT_comp_dir
	.byte	14                              @ DW_FORM_strp
	.byte	17                              @ DW_AT_low_pc
	.byte	1                               @ DW_FORM_addr
	.byte	85                              @ DW_AT_ranges
	.byte	23                              @ DW_FORM_sec_offset
	.byte	0                               @ EOM(1)
	.byte	0                               @ EOM(2)
	.byte	2                               @ Abbreviation Code
	.byte	22                              @ DW_TAG_typedef
	.byte	0                               @ DW_CHILDREN_no
	.byte	73                              @ DW_AT_type
	.byte	19                              @ DW_FORM_ref4
	.byte	3                               @ DW_AT_name
	.byte	14                              @ DW_FORM_strp
	.byte	58                              @ DW_AT_decl_file
	.byte	11                              @ DW_FORM_data1
	.byte	59                              @ DW_AT_decl_line
	.byte	11                              @ DW_FORM_data1
	.byte	0                               @ EOM(1)
	.byte	0                               @ EOM(2)
	.byte	3                               @ Abbreviation Code
	.byte	36                              @ DW_TAG_base_type
	.byte	0                               @ DW_CHILDREN_no
	.byte	3                               @ DW_AT_name
	.byte	14                              @ DW_FORM_strp
	.byte	62                              @ DW_AT_encoding
	.byte	11                              @ DW_FORM_data1
	.byte	11                              @ DW_AT_byte_size
	.byte	11                              @ DW_FORM_data1
	.byte	0                               @ EOM(1)
	.byte	0                               @ EOM(2)
	.byte	4                               @ Abbreviation Code
	.byte	46                              @ DW_TAG_subprogram
	.byte	0                               @ DW_CHILDREN_no
	.byte	17                              @ DW_AT_low_pc
	.byte	1                               @ DW_FORM_addr
	.byte	18                              @ DW_AT_high_pc
	.byte	6                               @ DW_FORM_data4
	.byte	64                              @ DW_AT_frame_base
	.byte	24                              @ DW_FORM_exprloc
	.byte	3                               @ DW_AT_name
	.byte	14                              @ DW_FORM_strp
	.byte	58                              @ DW_AT_decl_file
	.byte	11                              @ DW_FORM_data1
	.byte	59                              @ DW_AT_decl_line
	.byte	11                              @ DW_FORM_data1
	.byte	39                              @ DW_AT_prototyped
	.byte	25                              @ DW_FORM_flag_present
	.byte	63                              @ DW_AT_external
	.byte	25                              @ DW_FORM_flag_present
	.byte	0                               @ EOM(1)
	.byte	0                               @ EOM(2)
	.byte	5                               @ Abbreviation Code
	.byte	46                              @ DW_TAG_subprogram
	.byte	0                               @ DW_CHILDREN_no
	.byte	17                              @ DW_AT_low_pc
	.byte	1                               @ DW_FORM_addr
	.byte	18                              @ DW_AT_high_pc
	.byte	6                               @ DW_FORM_data4
	.byte	64                              @ DW_AT_frame_base
	.byte	24                              @ DW_FORM_exprloc
	.byte	3                               @ DW_AT_name
	.byte	14                              @ DW_FORM_strp
	.byte	58                              @ DW_AT_decl_file
	.byte	11                              @ DW_FORM_data1
	.byte	59                              @ DW_AT_decl_line
	.byte	5                               @ DW_FORM_data2
	.byte	39                              @ DW_AT_prototyped
	.byte	25                              @ DW_FORM_flag_present
	.byte	63                              @ DW_AT_external
	.byte	25                              @ DW_FORM_flag_present
	.byte	0                               @ EOM(1)
	.byte	0                               @ EOM(2)
	.byte	0                               @ EOM(3)
	.section	.debug_info,"",%progbits
.Lcu_begin0:
	.long	.Ldebug_info_end0-.Ldebug_info_start0 @ Length of Unit
.Ldebug_info_start0:
	.short	4                               @ DWARF version number
	.long	.debug_abbrev                   @ Offset Into Abbrev. Section
	.byte	4                               @ Address Size (in bytes)
	.byte	1                               @ Abbrev [1] 0xb:0x299 DW_TAG_compile_unit
	.long	.Linfo_string0                  @ DW_AT_producer
	.short	12                              @ DW_AT_language
	.long	.Linfo_string1                  @ DW_AT_name
	.long	.Lline_table_start0             @ DW_AT_stmt_list
	.long	.Linfo_string2                  @ DW_AT_comp_dir
	.long	0                               @ DW_AT_low_pc
	.long	.Ldebug_ranges0                 @ DW_AT_ranges
	.byte	2                               @ Abbrev [2] 0x26:0xb DW_TAG_typedef
	.long	49                              @ DW_AT_type
	.long	.Linfo_string4                  @ DW_AT_name
	.byte	1                               @ DW_AT_decl_file
	.byte	63                              @ DW_AT_decl_line
	.byte	3                               @ Abbrev [3] 0x31:0x7 DW_TAG_base_type
	.long	.Linfo_string3                  @ DW_AT_name
	.byte	7                               @ DW_AT_encoding
	.byte	2                               @ DW_AT_byte_size
	.byte	4                               @ Abbrev [4] 0x38:0x11 DW_TAG_subprogram
	.long	.Lfunc_begin0                   @ DW_AT_low_pc
	.long	.Lfunc_end0-.Lfunc_begin0       @ DW_AT_high_pc
	.byte	1                               @ DW_AT_frame_base
	.byte	93
	.long	.Linfo_string5                  @ DW_AT_name
	.byte	2                               @ DW_AT_decl_file
	.byte	93                              @ DW_AT_decl_line
                                        @ DW_AT_prototyped
                                        @ DW_AT_external
	.byte	4                               @ Abbrev [4] 0x49:0x11 DW_TAG_subprogram
	.long	.Lfunc_begin1                   @ DW_AT_low_pc
	.long	.Lfunc_end1-.Lfunc_begin1       @ DW_AT_high_pc
	.byte	1                               @ DW_AT_frame_base
	.byte	93
	.long	.Linfo_string6                  @ DW_AT_name
	.byte	2                               @ DW_AT_decl_file
	.byte	108                             @ DW_AT_decl_line
                                        @ DW_AT_prototyped
                                        @ DW_AT_external
	.byte	4                               @ Abbrev [4] 0x5a:0x11 DW_TAG_subprogram
	.long	.Lfunc_begin2                   @ DW_AT_low_pc
	.long	.Lfunc_end2-.Lfunc_begin2       @ DW_AT_high_pc
	.byte	1                               @ DW_AT_frame_base
	.byte	93
	.long	.Linfo_string7                  @ DW_AT_name
	.byte	2                               @ DW_AT_decl_file
	.byte	123                             @ DW_AT_decl_line
                                        @ DW_AT_prototyped
                                        @ DW_AT_external
	.byte	4                               @ Abbrev [4] 0x6b:0x11 DW_TAG_subprogram
	.long	.Lfunc_begin3                   @ DW_AT_low_pc
	.long	.Lfunc_end3-.Lfunc_begin3       @ DW_AT_high_pc
	.byte	1                               @ DW_AT_frame_base
	.byte	93
	.long	.Linfo_string8                  @ DW_AT_name
	.byte	2                               @ DW_AT_decl_file
	.byte	138                             @ DW_AT_decl_line
                                        @ DW_AT_prototyped
                                        @ DW_AT_external
	.byte	4                               @ Abbrev [4] 0x7c:0x11 DW_TAG_subprogram
	.long	.Lfunc_begin4                   @ DW_AT_low_pc
	.long	.Lfunc_end4-.Lfunc_begin4       @ DW_AT_high_pc
	.byte	1                               @ DW_AT_frame_base
	.byte	93
	.long	.Linfo_string9                  @ DW_AT_name
	.byte	2                               @ DW_AT_decl_file
	.byte	153                             @ DW_AT_decl_line
                                        @ DW_AT_prototyped
                                        @ DW_AT_external
	.byte	4                               @ Abbrev [4] 0x8d:0x11 DW_TAG_subprogram
	.long	.Lfunc_begin5                   @ DW_AT_low_pc
	.long	.Lfunc_end5-.Lfunc_begin5       @ DW_AT_high_pc
	.byte	1                               @ DW_AT_frame_base
	.byte	93
	.long	.Linfo_string10                 @ DW_AT_name
	.byte	2                               @ DW_AT_decl_file
	.byte	168                             @ DW_AT_decl_line
                                        @ DW_AT_prototyped
                                        @ DW_AT_external
	.byte	4                               @ Abbrev [4] 0x9e:0x11 DW_TAG_subprogram
	.long	.Lfunc_begin6                   @ DW_AT_low_pc
	.long	.Lfunc_end6-.Lfunc_begin6       @ DW_AT_high_pc
	.byte	1                               @ DW_AT_frame_base
	.byte	93
	.long	.Linfo_string11                 @ DW_AT_name
	.byte	2                               @ DW_AT_decl_file
	.byte	188                             @ DW_AT_decl_line
                                        @ DW_AT_prototyped
                                        @ DW_AT_external
	.byte	4                               @ Abbrev [4] 0xaf:0x11 DW_TAG_subprogram
	.long	.Lfunc_begin7                   @ DW_AT_low_pc
	.long	.Lfunc_end7-.Lfunc_begin7       @ DW_AT_high_pc
	.byte	1                               @ DW_AT_frame_base
	.byte	93
	.long	.Linfo_string12                 @ DW_AT_name
	.byte	2                               @ DW_AT_decl_file
	.byte	202                             @ DW_AT_decl_line
                                        @ DW_AT_prototyped
                                        @ DW_AT_external
	.byte	4                               @ Abbrev [4] 0xc0:0x11 DW_TAG_subprogram
	.long	.Lfunc_begin8                   @ DW_AT_low_pc
	.long	.Lfunc_end8-.Lfunc_begin8       @ DW_AT_high_pc
	.byte	1                               @ DW_AT_frame_base
	.byte	93
	.long	.Linfo_string13                 @ DW_AT_name
	.byte	2                               @ DW_AT_decl_file
	.byte	216                             @ DW_AT_decl_line
                                        @ DW_AT_prototyped
                                        @ DW_AT_external
	.byte	4                               @ Abbrev [4] 0xd1:0x11 DW_TAG_subprogram
	.long	.Lfunc_begin9                   @ DW_AT_low_pc
	.long	.Lfunc_end9-.Lfunc_begin9       @ DW_AT_high_pc
	.byte	1                               @ DW_AT_frame_base
	.byte	93
	.long	.Linfo_string14                 @ DW_AT_name
	.byte	2                               @ DW_AT_decl_file
	.byte	230                             @ DW_AT_decl_line
                                        @ DW_AT_prototyped
                                        @ DW_AT_external
	.byte	4                               @ Abbrev [4] 0xe2:0x11 DW_TAG_subprogram
	.long	.Lfunc_begin10                  @ DW_AT_low_pc
	.long	.Lfunc_end10-.Lfunc_begin10     @ DW_AT_high_pc
	.byte	1                               @ DW_AT_frame_base
	.byte	93
	.long	.Linfo_string15                 @ DW_AT_name
	.byte	2                               @ DW_AT_decl_file
	.byte	244                             @ DW_AT_decl_line
                                        @ DW_AT_prototyped
                                        @ DW_AT_external
	.byte	5                               @ Abbrev [5] 0xf3:0x12 DW_TAG_subprogram
	.long	.Lfunc_begin11                  @ DW_AT_low_pc
	.long	.Lfunc_end11-.Lfunc_begin11     @ DW_AT_high_pc
	.byte	1                               @ DW_AT_frame_base
	.byte	93
	.long	.Linfo_string16                 @ DW_AT_name
	.byte	2                               @ DW_AT_decl_file
	.short	258                             @ DW_AT_decl_line
                                        @ DW_AT_prototyped
                                        @ DW_AT_external
	.byte	5                               @ Abbrev [5] 0x105:0x12 DW_TAG_subprogram
	.long	.Lfunc_begin12                  @ DW_AT_low_pc
	.long	.Lfunc_end12-.Lfunc_begin12     @ DW_AT_high_pc
	.byte	1                               @ DW_AT_frame_base
	.byte	93
	.long	.Linfo_string17                 @ DW_AT_name
	.byte	2                               @ DW_AT_decl_file
	.short	272                             @ DW_AT_decl_line
                                        @ DW_AT_prototyped
                                        @ DW_AT_external
	.byte	5                               @ Abbrev [5] 0x117:0x12 DW_TAG_subprogram
	.long	.Lfunc_begin13                  @ DW_AT_low_pc
	.long	.Lfunc_end13-.Lfunc_begin13     @ DW_AT_high_pc
	.byte	1                               @ DW_AT_frame_base
	.byte	93
	.long	.Linfo_string18                 @ DW_AT_name
	.byte	2                               @ DW_AT_decl_file
	.short	286                             @ DW_AT_decl_line
                                        @ DW_AT_prototyped
                                        @ DW_AT_external
	.byte	5                               @ Abbrev [5] 0x129:0x12 DW_TAG_subprogram
	.long	.Lfunc_begin14                  @ DW_AT_low_pc
	.long	.Lfunc_end14-.Lfunc_begin14     @ DW_AT_high_pc
	.byte	1                               @ DW_AT_frame_base
	.byte	93
	.long	.Linfo_string19                 @ DW_AT_name
	.byte	2                               @ DW_AT_decl_file
	.short	300                             @ DW_AT_decl_line
                                        @ DW_AT_prototyped
                                        @ DW_AT_external
	.byte	5                               @ Abbrev [5] 0x13b:0x12 DW_TAG_subprogram
	.long	.Lfunc_begin15                  @ DW_AT_low_pc
	.long	.Lfunc_end15-.Lfunc_begin15     @ DW_AT_high_pc
	.byte	1                               @ DW_AT_frame_base
	.byte	93
	.long	.Linfo_string20                 @ DW_AT_name
	.byte	2                               @ DW_AT_decl_file
	.short	314                             @ DW_AT_decl_line
                                        @ DW_AT_prototyped
                                        @ DW_AT_external
	.byte	5                               @ Abbrev [5] 0x14d:0x12 DW_TAG_subprogram
	.long	.Lfunc_begin16                  @ DW_AT_low_pc
	.long	.Lfunc_end16-.Lfunc_begin16     @ DW_AT_high_pc
	.byte	1                               @ DW_AT_frame_base
	.byte	93
	.long	.Linfo_string21                 @ DW_AT_name
	.byte	2                               @ DW_AT_decl_file
	.short	328                             @ DW_AT_decl_line
                                        @ DW_AT_prototyped
                                        @ DW_AT_external
	.byte	5                               @ Abbrev [5] 0x15f:0x12 DW_TAG_subprogram
	.long	.Lfunc_begin17                  @ DW_AT_low_pc
	.long	.Lfunc_end17-.Lfunc_begin17     @ DW_AT_high_pc
	.byte	1                               @ DW_AT_frame_base
	.byte	93
	.long	.Linfo_string22                 @ DW_AT_name
	.byte	2                               @ DW_AT_decl_file
	.short	342                             @ DW_AT_decl_line
                                        @ DW_AT_prototyped
                                        @ DW_AT_external
	.byte	5                               @ Abbrev [5] 0x171:0x12 DW_TAG_subprogram
	.long	.Lfunc_begin18                  @ DW_AT_low_pc
	.long	.Lfunc_end18-.Lfunc_begin18     @ DW_AT_high_pc
	.byte	1                               @ DW_AT_frame_base
	.byte	93
	.long	.Linfo_string23                 @ DW_AT_name
	.byte	2                               @ DW_AT_decl_file
	.short	356                             @ DW_AT_decl_line
                                        @ DW_AT_prototyped
                                        @ DW_AT_external
	.byte	5                               @ Abbrev [5] 0x183:0x12 DW_TAG_subprogram
	.long	.Lfunc_begin19                  @ DW_AT_low_pc
	.long	.Lfunc_end19-.Lfunc_begin19     @ DW_AT_high_pc
	.byte	1                               @ DW_AT_frame_base
	.byte	93
	.long	.Linfo_string24                 @ DW_AT_name
	.byte	2                               @ DW_AT_decl_file
	.short	370                             @ DW_AT_decl_line
                                        @ DW_AT_prototyped
                                        @ DW_AT_external
	.byte	5                               @ Abbrev [5] 0x195:0x12 DW_TAG_subprogram
	.long	.Lfunc_begin20                  @ DW_AT_low_pc
	.long	.Lfunc_end20-.Lfunc_begin20     @ DW_AT_high_pc
	.byte	1                               @ DW_AT_frame_base
	.byte	93
	.long	.Linfo_string25                 @ DW_AT_name
	.byte	2                               @ DW_AT_decl_file
	.short	384                             @ DW_AT_decl_line
                                        @ DW_AT_prototyped
                                        @ DW_AT_external
	.byte	5                               @ Abbrev [5] 0x1a7:0x12 DW_TAG_subprogram
	.long	.Lfunc_begin21                  @ DW_AT_low_pc
	.long	.Lfunc_end21-.Lfunc_begin21     @ DW_AT_high_pc
	.byte	1                               @ DW_AT_frame_base
	.byte	93
	.long	.Linfo_string26                 @ DW_AT_name
	.byte	2                               @ DW_AT_decl_file
	.short	398                             @ DW_AT_decl_line
                                        @ DW_AT_prototyped
                                        @ DW_AT_external
	.byte	5                               @ Abbrev [5] 0x1b9:0x12 DW_TAG_subprogram
	.long	.Lfunc_begin22                  @ DW_AT_low_pc
	.long	.Lfunc_end22-.Lfunc_begin22     @ DW_AT_high_pc
	.byte	1                               @ DW_AT_frame_base
	.byte	93
	.long	.Linfo_string27                 @ DW_AT_name
	.byte	2                               @ DW_AT_decl_file
	.short	412                             @ DW_AT_decl_line
                                        @ DW_AT_prototyped
                                        @ DW_AT_external
	.byte	5                               @ Abbrev [5] 0x1cb:0x12 DW_TAG_subprogram
	.long	.Lfunc_begin23                  @ DW_AT_low_pc
	.long	.Lfunc_end23-.Lfunc_begin23     @ DW_AT_high_pc
	.byte	1                               @ DW_AT_frame_base
	.byte	93
	.long	.Linfo_string28                 @ DW_AT_name
	.byte	2                               @ DW_AT_decl_file
	.short	426                             @ DW_AT_decl_line
                                        @ DW_AT_prototyped
                                        @ DW_AT_external
	.byte	5                               @ Abbrev [5] 0x1dd:0x12 DW_TAG_subprogram
	.long	.Lfunc_begin24                  @ DW_AT_low_pc
	.long	.Lfunc_end24-.Lfunc_begin24     @ DW_AT_high_pc
	.byte	1                               @ DW_AT_frame_base
	.byte	93
	.long	.Linfo_string29                 @ DW_AT_name
	.byte	2                               @ DW_AT_decl_file
	.short	440                             @ DW_AT_decl_line
                                        @ DW_AT_prototyped
                                        @ DW_AT_external
	.byte	5                               @ Abbrev [5] 0x1ef:0x12 DW_TAG_subprogram
	.long	.Lfunc_begin25                  @ DW_AT_low_pc
	.long	.Lfunc_end25-.Lfunc_begin25     @ DW_AT_high_pc
	.byte	1                               @ DW_AT_frame_base
	.byte	93
	.long	.Linfo_string30                 @ DW_AT_name
	.byte	2                               @ DW_AT_decl_file
	.short	454                             @ DW_AT_decl_line
                                        @ DW_AT_prototyped
                                        @ DW_AT_external
	.byte	5                               @ Abbrev [5] 0x201:0x12 DW_TAG_subprogram
	.long	.Lfunc_begin26                  @ DW_AT_low_pc
	.long	.Lfunc_end26-.Lfunc_begin26     @ DW_AT_high_pc
	.byte	1                               @ DW_AT_frame_base
	.byte	93
	.long	.Linfo_string31                 @ DW_AT_name
	.byte	2                               @ DW_AT_decl_file
	.short	470                             @ DW_AT_decl_line
                                        @ DW_AT_prototyped
                                        @ DW_AT_external
	.byte	5                               @ Abbrev [5] 0x213:0x12 DW_TAG_subprogram
	.long	.Lfunc_begin27                  @ DW_AT_low_pc
	.long	.Lfunc_end27-.Lfunc_begin27     @ DW_AT_high_pc
	.byte	1                               @ DW_AT_frame_base
	.byte	93
	.long	.Linfo_string32                 @ DW_AT_name
	.byte	2                               @ DW_AT_decl_file
	.short	483                             @ DW_AT_decl_line
                                        @ DW_AT_prototyped
                                        @ DW_AT_external
	.byte	5                               @ Abbrev [5] 0x225:0x12 DW_TAG_subprogram
	.long	.Lfunc_begin28                  @ DW_AT_low_pc
	.long	.Lfunc_end28-.Lfunc_begin28     @ DW_AT_high_pc
	.byte	1                               @ DW_AT_frame_base
	.byte	93
	.long	.Linfo_string33                 @ DW_AT_name
	.byte	2                               @ DW_AT_decl_file
	.short	497                             @ DW_AT_decl_line
                                        @ DW_AT_prototyped
                                        @ DW_AT_external
	.byte	5                               @ Abbrev [5] 0x237:0x12 DW_TAG_subprogram
	.long	.Lfunc_begin29                  @ DW_AT_low_pc
	.long	.Lfunc_end29-.Lfunc_begin29     @ DW_AT_high_pc
	.byte	1                               @ DW_AT_frame_base
	.byte	93
	.long	.Linfo_string34                 @ DW_AT_name
	.byte	2                               @ DW_AT_decl_file
	.short	511                             @ DW_AT_decl_line
                                        @ DW_AT_prototyped
                                        @ DW_AT_external
	.byte	5                               @ Abbrev [5] 0x249:0x12 DW_TAG_subprogram
	.long	.Lfunc_begin30                  @ DW_AT_low_pc
	.long	.Lfunc_end30-.Lfunc_begin30     @ DW_AT_high_pc
	.byte	1                               @ DW_AT_frame_base
	.byte	93
	.long	.Linfo_string35                 @ DW_AT_name
	.byte	2                               @ DW_AT_decl_file
	.short	525                             @ DW_AT_decl_line
                                        @ DW_AT_prototyped
                                        @ DW_AT_external
	.byte	5                               @ Abbrev [5] 0x25b:0x12 DW_TAG_subprogram
	.long	.Lfunc_begin31                  @ DW_AT_low_pc
	.long	.Lfunc_end31-.Lfunc_begin31     @ DW_AT_high_pc
	.byte	1                               @ DW_AT_frame_base
	.byte	93
	.long	.Linfo_string36                 @ DW_AT_name
	.byte	2                               @ DW_AT_decl_file
	.short	539                             @ DW_AT_decl_line
                                        @ DW_AT_prototyped
                                        @ DW_AT_external
	.byte	5                               @ Abbrev [5] 0x26d:0x12 DW_TAG_subprogram
	.long	.Lfunc_begin32                  @ DW_AT_low_pc
	.long	.Lfunc_end32-.Lfunc_begin32     @ DW_AT_high_pc
	.byte	1                               @ DW_AT_frame_base
	.byte	93
	.long	.Linfo_string37                 @ DW_AT_name
	.byte	2                               @ DW_AT_decl_file
	.short	553                             @ DW_AT_decl_line
                                        @ DW_AT_prototyped
                                        @ DW_AT_external
	.byte	5                               @ Abbrev [5] 0x27f:0x12 DW_TAG_subprogram
	.long	.Lfunc_begin33                  @ DW_AT_low_pc
	.long	.Lfunc_end33-.Lfunc_begin33     @ DW_AT_high_pc
	.byte	1                               @ DW_AT_frame_base
	.byte	93
	.long	.Linfo_string38                 @ DW_AT_name
	.byte	2                               @ DW_AT_decl_file
	.short	567                             @ DW_AT_decl_line
                                        @ DW_AT_prototyped
                                        @ DW_AT_external
	.byte	5                               @ Abbrev [5] 0x291:0x12 DW_TAG_subprogram
	.long	.Lfunc_begin34                  @ DW_AT_low_pc
	.long	.Lfunc_end34-.Lfunc_begin34     @ DW_AT_high_pc
	.byte	1                               @ DW_AT_frame_base
	.byte	93
	.long	.Linfo_string39                 @ DW_AT_name
	.byte	2                               @ DW_AT_decl_file
	.short	581                             @ DW_AT_decl_line
                                        @ DW_AT_prototyped
                                        @ DW_AT_external
	.byte	0                               @ End Of Children Mark
.Ldebug_info_end0:
	.section	.debug_ranges,"",%progbits
.Ldebug_ranges0:
	.long	.Lfunc_begin0
	.long	.Lfunc_end0
	.long	.Lfunc_begin1
	.long	.Lfunc_end1
	.long	.Lfunc_begin2
	.long	.Lfunc_end2
	.long	.Lfunc_begin3
	.long	.Lfunc_end3
	.long	.Lfunc_begin4
	.long	.Lfunc_end4
	.long	.Lfunc_begin5
	.long	.Lfunc_end5
	.long	.Lfunc_begin6
	.long	.Lfunc_end6
	.long	.Lfunc_begin7
	.long	.Lfunc_end7
	.long	.Lfunc_begin8
	.long	.Lfunc_end8
	.long	.Lfunc_begin9
	.long	.Lfunc_end9
	.long	.Lfunc_begin10
	.long	.Lfunc_end10
	.long	.Lfunc_begin11
	.long	.Lfunc_end11
	.long	.Lfunc_begin12
	.long	.Lfunc_end12
	.long	.Lfunc_begin13
	.long	.Lfunc_end13
	.long	.Lfunc_begin14
	.long	.Lfunc_end14
	.long	.Lfunc_begin15
	.long	.Lfunc_end15
	.long	.Lfunc_begin16
	.long	.Lfunc_end16
	.long	.Lfunc_begin17
	.long	.Lfunc_end17
	.long	.Lfunc_begin18
	.long	.Lfunc_end18
	.long	.Lfunc_begin19
	.long	.Lfunc_end19
	.long	.Lfunc_begin20
	.long	.Lfunc_end20
	.long	.Lfunc_begin21
	.long	.Lfunc_end21
	.long	.Lfunc_begin22
	.long	.Lfunc_end22
	.long	.Lfunc_begin23
	.long	.Lfunc_end23
	.long	.Lfunc_begin24
	.long	.Lfunc_end24
	.long	.Lfunc_begin25
	.long	.Lfunc_end25
	.long	.Lfunc_begin26
	.long	.Lfunc_end26
	.long	.Lfunc_begin27
	.long	.Lfunc_end27
	.long	.Lfunc_begin28
	.long	.Lfunc_end28
	.long	.Lfunc_begin29
	.long	.Lfunc_end29
	.long	.Lfunc_begin30
	.long	.Lfunc_end30
	.long	.Lfunc_begin31
	.long	.Lfunc_end31
	.long	.Lfunc_begin32
	.long	.Lfunc_end32
	.long	.Lfunc_begin33
	.long	.Lfunc_end33
	.long	.Lfunc_begin34
	.long	.Lfunc_end34
	.long	0
	.long	0
	.section	.debug_str,"MS",%progbits,1
.Linfo_string0:
	.asciz	"Component: Arm Compiler for Embedded 6.24 Tool: armclang [5f371800]" @ string offset=0
.Linfo_string1:
	.asciz	"../Core/Src\\stm32h7xx_it.c"   @ string offset=68
.Linfo_string2:
	.asciz	"D:\\stm32_project\\daily_work\\new_bubing\\cod_update_2.0\\COD_H7_Template\\MDK-ARM" @ string offset=95
.Linfo_string3:
	.asciz	"unsigned short"                @ string offset=173
.Linfo_string4:
	.asciz	"uint16_t"                      @ string offset=188
.Linfo_string5:
	.asciz	"NMI_Handler"                   @ string offset=197
.Linfo_string6:
	.asciz	"HardFault_Handler"             @ string offset=209
.Linfo_string7:
	.asciz	"MemManage_Handler"             @ string offset=227
.Linfo_string8:
	.asciz	"BusFault_Handler"              @ string offset=245
.Linfo_string9:
	.asciz	"UsageFault_Handler"            @ string offset=262
.Linfo_string10:
	.asciz	"DebugMon_Handler"              @ string offset=281
.Linfo_string11:
	.asciz	"EXTI0_IRQHandler"              @ string offset=298
.Linfo_string12:
	.asciz	"EXTI2_IRQHandler"              @ string offset=315
.Linfo_string13:
	.asciz	"DMA1_Stream0_IRQHandler"       @ string offset=332
.Linfo_string14:
	.asciz	"DMA1_Stream1_IRQHandler"       @ string offset=356
.Linfo_string15:
	.asciz	"DMA1_Stream2_IRQHandler"       @ string offset=380
.Linfo_string16:
	.asciz	"DMA1_Stream3_IRQHandler"       @ string offset=404
.Linfo_string17:
	.asciz	"DMA1_Stream4_IRQHandler"       @ string offset=428
.Linfo_string18:
	.asciz	"DMA1_Stream5_IRQHandler"       @ string offset=452
.Linfo_string19:
	.asciz	"DMA1_Stream6_IRQHandler"       @ string offset=476
.Linfo_string20:
	.asciz	"ADC_IRQHandler"                @ string offset=500
.Linfo_string21:
	.asciz	"FDCAN1_IT0_IRQHandler"         @ string offset=515
.Linfo_string22:
	.asciz	"FDCAN2_IT0_IRQHandler"         @ string offset=537
.Linfo_string23:
	.asciz	"FDCAN1_IT1_IRQHandler"         @ string offset=559
.Linfo_string24:
	.asciz	"FDCAN2_IT1_IRQHandler"         @ string offset=581
.Linfo_string25:
	.asciz	"EXTI9_5_IRQHandler"            @ string offset=603
.Linfo_string26:
	.asciz	"TIM2_IRQHandler"               @ string offset=622
.Linfo_string27:
	.asciz	"SPI2_IRQHandler"               @ string offset=638
.Linfo_string28:
	.asciz	"USART1_IRQHandler"             @ string offset=654
.Linfo_string29:
	.asciz	"USART3_IRQHandler"             @ string offset=672
.Linfo_string30:
	.asciz	"EXTI15_10_IRQHandler"          @ string offset=690
.Linfo_string31:
	.asciz	"UART5_IRQHandler"              @ string offset=711
.Linfo_string32:
	.asciz	"DMA2_Stream0_IRQHandler"       @ string offset=728
.Linfo_string33:
	.asciz	"DMA2_Stream1_IRQHandler"       @ string offset=752
.Linfo_string34:
	.asciz	"DMA2_Stream2_IRQHandler"       @ string offset=776
.Linfo_string35:
	.asciz	"UART8_IRQHandler"              @ string offset=800
.Linfo_string36:
	.asciz	"UART9_IRQHandler"              @ string offset=817
.Linfo_string37:
	.asciz	"USART10_IRQHandler"            @ string offset=834
.Linfo_string38:
	.asciz	"FDCAN3_IT0_IRQHandler"         @ string offset=853
.Linfo_string39:
	.asciz	"FDCAN3_IT1_IRQHandler"         @ string offset=875
	.ident	"Component: Arm Compiler for Embedded 6.24 Tool: armclang [5f371800]"
	.section	".note.GNU-stack","",%progbits
	.eabi_attribute	30, 6	@ Tag_ABI_optimization_goals
	.ARM_attribute	16, 1	@ Tag_AV_eba
	.section	.debug_line,"",%progbits
.Lline_table_start0:
